Command line invocation:
    /Applications/Xcode.app/Contents/Developer/usr/bin/xcodebuild -project TradeFly.xcodeproj -scheme TradeFly -sdk iphonesimulator -destination "platform=iOS Simulator,id=970290EE-D1D1-4E19-AD7D-9DD8D70C51E5" clean build

Build settings from command line:
    SDKROOT = iphonesimulator26.1

Resolve Package Graph


Resolved source packages:
  swift-asn1: https://github.com/apple/swift-asn1.git @ 1.5.0
  swift-clocks: https://github.com/pointfreeco/swift-clocks @ 1.0.6
  swift-http-types: https://github.com/apple/swift-http-types.git @ 1.5.1
  xctest-dynamic-overlay: https://github.com/pointfreeco/xctest-dynamic-overlay @ 1.7.0
  Supabase: https://github.com/supabase/supabase-swift @ 2.37.0
  swift-crypto: https://github.com/apple/swift-crypto.git @ 4.2.0
  swift-concurrency-extras: https://github.com/pointfreeco/swift-concurrency-extras @ 1.3.2

2025-12-04 00:32:48.453 xcodebuild[44677:7890111] [MT] IDERunDestination: Supported platforms for the buildables in the current scheme is empty.
CreateBuildRequest

SendProjectDescription

CreateBuildOperation

** CLEAN SUCCEEDED **

ComputePackagePrebuildTargetDependencyGraph

Prepare packages

CreateBuildRequest

SendProjectDescription

CreateBuildOperation

ComputeTargetDependencyGraph
note: Building targets in dependency order
note: Target dependency graph (23 targets)
    Target 'TradeFly' in project 'TradeFly'
        ➜ Explicit dependency on target 'Supabase' in project 'Supabase'
    Target 'Supabase' in project 'Supabase'
        ➜ Explicit dependency on target 'Supabase' in project 'Supabase'
        ➜ Explicit dependency on target 'Functions' in project 'Supabase'
        ➜ Explicit dependency on target 'PostgREST' in project 'Supabase'
        ➜ Explicit dependency on target 'Auth' in project 'Supabase'
        ➜ Explicit dependency on target 'Realtime' in project 'Supabase'
        ➜ Explicit dependency on target 'Storage' in project 'Supabase'
        ➜ Explicit dependency on target 'Helpers' in project 'Supabase'
        ➜ Explicit dependency on target 'ConcurrencyExtras' in project 'swift-concurrency-extras'
        ➜ Explicit dependency on target 'HTTPTypes' in project 'swift-http-types'
        ➜ Explicit dependency on target 'Clocks' in project 'swift-clocks'
        ➜ Explicit dependency on target 'XCTestDynamicOverlay' in project 'xctest-dynamic-overlay'
        ➜ Explicit dependency on target 'Crypto' in project 'swift-crypto'
        ➜ Explicit dependency on target 'IssueReporting' in project 'xctest-dynamic-overlay'
    Target 'Supabase' in project 'Supabase'
        ➜ Explicit dependency on target 'Helpers' in project 'Supabase'
        ➜ Explicit dependency on target 'Auth' in project 'Supabase'
        ➜ Explicit dependency on target 'Functions' in project 'Supabase'
        ➜ Explicit dependency on target 'PostgREST' in project 'Supabase'
        ➜ Explicit dependency on target 'Realtime' in project 'Supabase'
        ➜ Explicit dependency on target 'Storage' in project 'Supabase'
        ➜ Explicit dependency on target 'ConcurrencyExtras' in project 'swift-concurrency-extras'
        ➜ Explicit dependency on target 'HTTPTypes' in project 'swift-http-types'
        ➜ Explicit dependency on target 'Clocks' in project 'swift-clocks'
        ➜ Explicit dependency on target 'XCTestDynamicOverlay' in project 'xctest-dynamic-overlay'
        ➜ Explicit dependency on target 'Crypto' in project 'swift-crypto'
        ➜ Explicit dependency on target 'IssueReporting' in project 'xctest-dynamic-overlay'
    Target 'Storage' in project 'Supabase'
        ➜ Explicit dependency on target 'Helpers' in project 'Supabase'
        ➜ Explicit dependency on target 'ConcurrencyExtras' in project 'swift-concurrency-extras'
        ➜ Explicit dependency on target 'HTTPTypes' in project 'swift-http-types'
        ➜ Explicit dependency on target 'Clocks' in project 'swift-clocks'
        ➜ Explicit dependency on target 'XCTestDynamicOverlay' in project 'xctest-dynamic-overlay'
    Target 'Realtime' in project 'Supabase'
        ➜ Explicit dependency on target 'Helpers' in project 'Supabase'
        ➜ Explicit dependency on target 'ConcurrencyExtras' in project 'swift-concurrency-extras'
        ➜ Explicit dependency on target 'HTTPTypes' in project 'swift-http-types'
        ➜ Explicit dependency on target 'Clocks' in project 'swift-clocks'
        ➜ Explicit dependency on target 'XCTestDynamicOverlay' in project 'xctest-dynamic-overlay'
        ➜ Explicit dependency on target 'IssueReporting' in project 'xctest-dynamic-overlay'
    Target 'PostgREST' in project 'Supabase'
        ➜ Explicit dependency on target 'Helpers' in project 'Supabase'
        ➜ Explicit dependency on target 'ConcurrencyExtras' in project 'swift-concurrency-extras'
        ➜ Explicit dependency on target 'HTTPTypes' in project 'swift-http-types'
        ➜ Explicit dependency on target 'Clocks' in project 'swift-clocks'
        ➜ Explicit dependency on target 'XCTestDynamicOverlay' in project 'xctest-dynamic-overlay'
    Target 'Functions' in project 'Supabase'
        ➜ Explicit dependency on target 'Helpers' in project 'Supabase'
        ➜ Explicit dependency on target 'ConcurrencyExtras' in project 'swift-concurrency-extras'
        ➜ Explicit dependency on target 'HTTPTypes' in project 'swift-http-types'
        ➜ Explicit dependency on target 'Clocks' in project 'swift-clocks'
        ➜ Explicit dependency on target 'XCTestDynamicOverlay' in project 'xctest-dynamic-overlay'
    Target 'Auth' in project 'Supabase'
        ➜ Explicit dependency on target 'Helpers' in project 'Supabase'
        ➜ Explicit dependency on target 'ConcurrencyExtras' in project 'swift-concurrency-extras'
        ➜ Explicit dependency on target 'HTTPTypes' in project 'swift-http-types'
        ➜ Explicit dependency on target 'Clocks' in project 'swift-clocks'
        ➜ Explicit dependency on target 'XCTestDynamicOverlay' in project 'xctest-dynamic-overlay'
        ➜ Explicit dependency on target 'Crypto' in project 'swift-crypto'
    Target 'Crypto' in project 'swift-crypto'
        ➜ Explicit dependency on target 'Crypto' in project 'swift-crypto'
        ➜ Explicit dependency on target 'swift-crypto_Crypto' in project 'swift-crypto'
    Target 'Crypto' in project 'swift-crypto'
        ➜ Explicit dependency on target 'swift-crypto_Crypto' in project 'swift-crypto'
    Target 'swift-crypto_Crypto' in project 'swift-crypto' (no dependencies)
    Target 'Helpers' in project 'Supabase'
        ➜ Explicit dependency on target 'ConcurrencyExtras' in project 'swift-concurrency-extras'
        ➜ Explicit dependency on target 'HTTPTypes' in project 'swift-http-types'
        ➜ Explicit dependency on target 'Clocks' in project 'swift-clocks'
        ➜ Explicit dependency on target 'XCTestDynamicOverlay' in project 'xctest-dynamic-overlay'
    Target 'XCTestDynamicOverlay' in project 'xctest-dynamic-overlay'
        ➜ Explicit dependency on target 'XCTestDynamicOverlay' in project 'xctest-dynamic-overlay'
        ➜ Explicit dependency on target 'IssueReportingPackageSupport' in project 'xctest-dynamic-overlay'
        ➜ Explicit dependency on target 'IssueReporting' in project 'xctest-dynamic-overlay'
    Target 'XCTestDynamicOverlay' in project 'xctest-dynamic-overlay'
        ➜ Explicit dependency on target 'IssueReportingPackageSupport' in project 'xctest-dynamic-overlay'
        ➜ Explicit dependency on target 'IssueReporting' in project 'xctest-dynamic-overlay'
    Target 'Clocks' in project 'swift-clocks'
        ➜ Explicit dependency on target 'Clocks' in project 'swift-clocks'
        ➜ Explicit dependency on target 'ConcurrencyExtras' in project 'swift-concurrency-extras'
        ➜ Explicit dependency on target 'IssueReporting' in project 'xctest-dynamic-overlay'
    Target 'Clocks' in project 'swift-clocks'
        ➜ Explicit dependency on target 'ConcurrencyExtras' in project 'swift-concurrency-extras'
        ➜ Explicit dependency on target 'IssueReporting' in project 'xctest-dynamic-overlay'
    Target 'IssueReporting' in project 'xctest-dynamic-overlay'
        ➜ Explicit dependency on target 'IssueReporting' in project 'xctest-dynamic-overlay'
        ➜ Explicit dependency on target 'IssueReportingPackageSupport' in project 'xctest-dynamic-overlay'
    Target 'IssueReporting' in project 'xctest-dynamic-overlay'
        ➜ Explicit dependency on target 'IssueReportingPackageSupport' in project 'xctest-dynamic-overlay'
    Target 'IssueReportingPackageSupport' in project 'xctest-dynamic-overlay' (no dependencies)
    Target 'HTTPTypes' in project 'swift-http-types'
        ➜ Explicit dependency on target 'HTTPTypes' in project 'swift-http-types'
    Target 'HTTPTypes' in project 'swift-http-types' (no dependencies)
    Target 'ConcurrencyExtras' in project 'swift-concurrency-extras'
        ➜ Explicit dependency on target 'ConcurrencyExtras' in project 'swift-concurrency-extras'
    Target 'ConcurrencyExtras' in project 'swift-concurrency-extras' (no dependencies)

GatherProvisioningInputs

CreateBuildDescription

ExecuteExternalTool /Applications/Xcode.app/Contents/Developer/Toolchains/XcodeDefault.xctoolchain/usr/bin/swiftc --version

ExecuteExternalTool /Applications/Xcode.app/Contents/Developer/Toolchains/XcodeDefault.xctoolchain/usr/bin/clang -v -E -dM -isysroot /Applications/Xcode.app/Contents/Developer/Platforms/iPhoneSimulator.platform/Developer/SDKs/iPhoneSimulator26.1.sdk -x c -c /dev/null

ExecuteExternalTool /Applications/Xcode.app/Contents/Developer/usr/bin/actool --print-asset-tag-combinations --output-format xml1 /Users/rioallen/Documents/DropFly-OS-App-Builder/DropFly-PROJECTS/TradeFly-iOS/TradeFly/Resources/Assets.xcassets

ExecuteExternalTool /Applications/Xcode.app/Contents/Developer/Toolchains/XcodeDefault.xctoolchain/usr/bin/ld -version_details

ReadFileContents /Applications/Xcode.app/Contents/Developer/Toolchains/XcodeDefault.xctoolchain/usr/share/docc/features.json

ExecuteExternalTool /Applications/Xcode.app/Contents/Developer/usr/bin/actool --version --output-format xml1

Build description signature: 8720895692aeb69096dc1ef45647a26e
Build description path: /Users/rioallen/Library/Developer/Xcode/DerivedData/TradeFly-cjeitwgqikminlegqmjwowkwbezn/Build/Intermediates.noindex/XCBuildData/8720895692aeb69096dc1ef45647a26e.xcbuilddata
ClangStatCache /Applications/Xcode.app/Contents/Developer/Toolchains/XcodeDefault.xctoolchain/usr/bin/clang-stat-cache /Applications/Xcode.app/Contents/Developer/Platforms/iPhoneSimulator.platform/Developer/SDKs/iPhoneSimulator26.1.sdk /Users/rioallen/Library/Developer/Xcode/DerivedData/SDKStatCaches.noindex/iphonesimulator26.1-23B77-90cf18a4295e390e64c810bc6bd7acbc.sdkstatcache
    cd /Users/rioallen/Documents/DropFly-OS-App-Builder/DropFly-PROJECTS/TradeFly-iOS/TradeFly.xcodeproj
    /Applications/Xcode.app/Contents/Developer/Toolchains/XcodeDefault.xctoolchain/usr/bin/clang-stat-cache /Applications/Xcode.app/Contents/Developer/Platforms/iPhoneSimulator.platform/Developer/SDKs/iPhoneSimulator26.1.sdk -o /Users/rioallen/Library/Developer/Xcode/DerivedData/SDKStatCaches.noindex/iphonesimulator26.1-23B77-90cf18a4295e390e64c810bc6bd7acbc.sdkstatcache

CreateBuildDirectory /Users/rioallen/Library/Developer/Xcode/DerivedData/TradeFly-cjeitwgqikminlegqmjwowkwbezn/Build/Products
    cd /Users/rioallen/Documents/DropFly-OS-App-Builder/DropFly-PROJECTS/TradeFly-iOS/TradeFly.xcodeproj
    builtin-create-build-directory /Users/rioallen/Library/Developer/Xcode/DerivedData/TradeFly-cjeitwgqikminlegqmjwowkwbezn/Build/Products

CreateBuildDirectory /Users/rioallen/Library/Developer/Xcode/DerivedData/TradeFly-cjeitwgqikminlegqmjwowkwbezn/Build/Intermediates.noindex
    cd /Users/rioallen/Documents/DropFly-OS-App-Builder/DropFly-PROJECTS/TradeFly-iOS/TradeFly.xcodeproj
    builtin-create-build-directory /Users/rioallen/Library/Developer/Xcode/DerivedData/TradeFly-cjeitwgqikminlegqmjwowkwbezn/Build/Intermediates.noindex

CreateBuildDirectory /Users/rioallen/Library/Developer/Xcode/DerivedData/TradeFly-cjeitwgqikminlegqmjwowkwbezn/Build/Intermediates.noindex/SwiftExplicitPrecompiledModules
    cd /Users/rioallen/Documents/DropFly-OS-App-Builder/DropFly-PROJECTS/TradeFly-iOS/TradeFly.xcodeproj
    builtin-create-build-directory /Users/rioallen/Library/Developer/Xcode/DerivedData/TradeFly-cjeitwgqikminlegqmjwowkwbezn/Build/Intermediates.noindex/SwiftExplicitPrecompiledModules

CreateBuildDirectory /Users/rioallen/Library/Developer/Xcode/DerivedData/TradeFly-cjeitwgqikminlegqmjwowkwbezn/Build/Products/Debug-iphonesimulator
    cd /Users/rioallen/Documents/DropFly-OS-App-Builder/DropFly-PROJECTS/TradeFly-iOS/TradeFly.xcodeproj
    builtin-create-build-directory /Users/rioallen/Library/Developer/Xcode/DerivedData/TradeFly-cjeitwgqikminlegqmjwowkwbezn/Build/Products/Debug-iphonesimulator

CreateBuildDirectory /Users/rioallen/Library/Developer/Xcode/DerivedData/TradeFly-cjeitwgqikminlegqmjwowkwbezn/Build/Intermediates.noindex/ExplicitPrecompiledModules
    cd /Users/rioallen/Documents/DropFly-OS-App-Builder/DropFly-PROJECTS/TradeFly-iOS/TradeFly.xcodeproj
    builtin-create-build-directory /Users/rioallen/Library/Developer/Xcode/DerivedData/TradeFly-cjeitwgqikminlegqmjwowkwbezn/Build/Intermediates.noindex/ExplicitPrecompiledModules

CreateBuildDirectory /Users/rioallen/Library/Developer/Xcode/DerivedData/TradeFly-cjeitwgqikminlegqmjwowkwbezn/Build/Intermediates.noindex/EagerLinkingTBDs/Debug-iphonesimulator
    cd /Users/rioallen/Documents/DropFly-OS-App-Builder/DropFly-PROJECTS/TradeFly-iOS/TradeFly.xcodeproj
    builtin-create-build-directory /Users/rioallen/Library/Developer/Xcode/DerivedData/TradeFly-cjeitwgqikminlegqmjwowkwbezn/Build/Intermediates.noindex/EagerLinkingTBDs/Debug-iphonesimulator

WriteAuxiliaryFile /Users/rioallen/Library/Developer/Xcode/DerivedData/TradeFly-cjeitwgqikminlegqmjwowkwbezn/Build/Intermediates.noindex/TradeFly.build/Debug-iphonesimulator/TradeFly-3dcd57b2f90878239de327cebf0dd120-VFS-iphonesimulator/all-product-headers.yaml
    cd /Users/rioallen/Documents/DropFly-OS-App-Builder/DropFly-PROJECTS/TradeFly-iOS/TradeFly.xcodeproj
    write-file /Users/rioallen/Library/Developer/Xcode/DerivedData/TradeFly-cjeitwgqikminlegqmjwowkwbezn/Build/Intermediates.noindex/TradeFly.build/Debug-iphonesimulator/TradeFly-3dcd57b2f90878239de327cebf0dd120-VFS-iphonesimulator/all-product-headers.yaml

CreateBuildDirectory /Users/rioallen/Library/Developer/Xcode/DerivedData/TradeFly-cjeitwgqikminlegqmjwowkwbezn/Build/Products/Debug-iphonesimulator/PackageFrameworks
    cd /Users/rioallen/Documents/DropFly-OS-App-Builder/DropFly-PROJECTS/TradeFly-iOS/TradeFly.xcodeproj
    builtin-create-build-directory /Users/rioallen/Library/Developer/Xcode/DerivedData/TradeFly-cjeitwgqikminlegqmjwowkwbezn/Build/Products/Debug-iphonesimulator/PackageFrameworks

MkDir /Users/rioallen/Library/Developer/Xcode/DerivedData/TradeFly-cjeitwgqikminlegqmjwowkwbezn/Build/Products/Debug-iphonesimulator/swift-crypto_Crypto.bundle (in target 'swift-crypto_Crypto' from project 'swift-crypto')
    cd /Users/rioallen/Library/Developer/Xcode/DerivedData/TradeFly-cjeitwgqikminlegqmjwowkwbezn/SourcePackages/checkouts/swift-crypto
    /bin/mkdir -p /Users/rioallen/Library/Developer/Xcode/DerivedData/TradeFly-cjeitwgqikminlegqmjwowkwbezn/Build/Products/Debug-iphonesimulator/swift-crypto_Crypto.bundle

WriteAuxiliaryFile /Users/rioallen/Library/Developer/Xcode/DerivedData/TradeFly-cjeitwgqikminlegqmjwowkwbezn/Build/Intermediates.noindex/TradeFly.build/Debug-iphonesimulator/TradeFly.build/empty-TradeFly.plist (in target 'TradeFly' from project 'TradeFly')
    cd /Users/rioallen/Documents/DropFly-OS-App-Builder/DropFly-PROJECTS/TradeFly-iOS
    write-file /Users/rioallen/Library/Developer/Xcode/DerivedData/TradeFly-cjeitwgqikminlegqmjwowkwbezn/Build/Intermediates.noindex/TradeFly.build/Debug-iphonesimulator/TradeFly.build/empty-TradeFly.plist

WriteAuxiliaryFile /Users/rioallen/Library/Developer/Xcode/DerivedData/TradeFly-cjeitwgqikminlegqmjwowkwbezn/Build/Intermediates.noindex/xctest-dynamic-overlay.build/Debug-iphonesimulator/XCTestDynamicOverlay.build/XCTestDynamicOverlay.DependencyStaticMetadataFileList (in target 'XCTestDynamicOverlay' from project 'xctest-dynamic-overlay')
    cd /Users/rioallen/Library/Developer/Xcode/DerivedData/TradeFly-cjeitwgqikminlegqmjwowkwbezn/SourcePackages/checkouts/xctest-dynamic-overlay
    write-file /Users/rioallen/Library/Developer/Xcode/DerivedData/TradeFly-cjeitwgqikminlegqmjwowkwbezn/Build/Intermediates.noindex/xctest-dynamic-overlay.build/Debug-iphonesimulator/XCTestDynamicOverlay.build/XCTestDynamicOverlay.DependencyStaticMetadataFileList

WriteAuxiliaryFile /Users/rioallen/Library/Developer/Xcode/DerivedData/TradeFly-cjeitwgqikminlegqmjwowkwbezn/Build/Intermediates.noindex/xctest-dynamic-overlay.build/Debug-iphonesimulator/XCTestDynamicOverlay.build/XCTestDynamicOverlay.DependencyMetadataFileList (in target 'XCTestDynamicOverlay' from project 'xctest-dynamic-overlay')
    cd /Users/rioallen/Library/Developer/Xcode/DerivedData/TradeFly-cjeitwgqikminlegqmjwowkwbezn/SourcePackages/checkouts/xctest-dynamic-overlay
    write-file /Users/rioallen/Library/Developer/Xcode/DerivedData/TradeFly-cjeitwgqikminlegqmjwowkwbezn/Build/Intermediates.noindex/xctest-dynamic-overlay.build/Debug-iphonesimulator/XCTestDynamicOverlay.build/XCTestDynamicOverlay.DependencyMetadataFileList

WriteAuxiliaryFile /Users/rioallen/Library/Developer/Xcode/DerivedData/TradeFly-cjeitwgqikminlegqmjwowkwbezn/Build/Intermediates.noindex/xctest-dynamic-overlay.build/Debug-iphonesimulator/XCTestDynamicOverlay.build/XCTestDynamicOverlay.modulemap (in target 'XCTestDynamicOverlay' from project 'xctest-dynamic-overlay')
    cd /Users/rioallen/Library/Developer/Xcode/DerivedData/TradeFly-cjeitwgqikminlegqmjwowkwbezn/SourcePackages/checkouts/xctest-dynamic-overlay
    write-file /Users/rioallen/Library/Developer/Xcode/DerivedData/TradeFly-cjeitwgqikminlegqmjwowkwbezn/Build/Intermediates.noindex/xctest-dynamic-overlay.build/Debug-iphonesimulator/XCTestDynamicOverlay.build/XCTestDynamicOverlay.modulemap

WriteAuxiliaryFile /Users/rioallen/Library/Developer/Xcode/DerivedData/TradeFly-cjeitwgqikminlegqmjwowkwbezn/Build/Intermediates.noindex/swift-crypto.build/Debug-iphonesimulator/swift-crypto_Crypto.build/empty-swift-crypto_Crypto.plist (in target 'swift-crypto_Crypto' from project 'swift-crypto')
    cd /Users/rioallen/Library/Developer/Xcode/DerivedData/TradeFly-cjeitwgqikminlegqmjwowkwbezn/SourcePackages/checkouts/swift-crypto
    write-file /Users/rioallen/Library/Developer/Xcode/DerivedData/TradeFly-cjeitwgqikminlegqmjwowkwbezn/Build/Intermediates.noindex/swift-crypto.build/Debug-iphonesimulator/swift-crypto_Crypto.build/empty-swift-crypto_Crypto.plist

WriteAuxiliaryFile /Users/rioallen/Library/Developer/Xcode/DerivedData/TradeFly-cjeitwgqikminlegqmjwowkwbezn/Build/Intermediates.noindex/TradeFly.build/Debug-iphonesimulator/TradeFly.build/TradeFly.hmap (in target 'TradeFly' from project 'TradeFly')
    cd /Users/rioallen/Documents/DropFly-OS-App-Builder/DropFly-PROJECTS/TradeFly-iOS
    write-file /Users/rioallen/Library/Developer/Xcode/DerivedData/TradeFly-cjeitwgqikminlegqmjwowkwbezn/Build/Intermediates.noindex/TradeFly.build/Debug-iphonesimulator/TradeFly.build/TradeFly.hmap

WriteAuxiliaryFile /Users/rioallen/Library/Developer/Xcode/DerivedData/TradeFly-cjeitwgqikminlegqmjwowkwbezn/Build/Intermediates.noindex/swift-crypto.build/Debug-iphonesimulator/swift-crypto_Crypto.build/swift-crypto_Crypto.DependencyStaticMetadataFileList (in target 'swift-crypto_Crypto' from project 'swift-crypto')
    cd /Users/rioallen/Library/Developer/Xcode/DerivedData/TradeFly-cjeitwgqikminlegqmjwowkwbezn/SourcePackages/checkouts/swift-crypto
    write-file /Users/rioallen/Library/Developer/Xcode/DerivedData/TradeFly-cjeitwgqikminlegqmjwowkwbezn/Build/Intermediates.noindex/swift-crypto.build/Debug-iphonesimulator/swift-crypto_Crypto.build/swift-crypto_Crypto.DependencyStaticMetadataFileList

WriteAuxiliaryFile /Users/rioallen/Library/Developer/Xcode/DerivedData/TradeFly-cjeitwgqikminlegqmjwowkwbezn/Build/Intermediates.noindex/swift-crypto.build/Debug-iphonesimulator/swift-crypto_Crypto.build/swift-crypto_Crypto.DependencyMetadataFileList (in target 'swift-crypto_Crypto' from project 'swift-crypto')
    cd /Users/rioallen/Library/Developer/Xcode/DerivedData/TradeFly-cjeitwgqikminlegqmjwowkwbezn/SourcePackages/checkouts/swift-crypto
    write-file /Users/rioallen/Library/Developer/Xcode/DerivedData/TradeFly-cjeitwgqikminlegqmjwowkwbezn/Build/Intermediates.noindex/swift-crypto.build/Debug-iphonesimulator/swift-crypto_Crypto.build/swift-crypto_Crypto.DependencyMetadataFileList

WriteAuxiliaryFile /Users/rioallen/Library/Developer/Xcode/DerivedData/TradeFly-cjeitwgqikminlegqmjwowkwbezn/Build/Intermediates.noindex/xctest-dynamic-overlay.build/Debug-iphonesimulator/XCTestDynamicOverlay.build/Objects-normal/arm64/XCTestDynamicOverlay.SwiftConstValuesFileList (in target 'XCTestDynamicOverlay' from project 'xctest-dynamic-overlay')
    cd /Users/rioallen/Library/Developer/Xcode/DerivedData/TradeFly-cjeitwgqikminlegqmjwowkwbezn/SourcePackages/checkouts/xctest-dynamic-overlay
    write-file /Users/rioallen/Library/Developer/Xcode/DerivedData/TradeFly-cjeitwgqikminlegqmjwowkwbezn/Build/Intermediates.noindex/xctest-dynamic-overlay.build/Debug-iphonesimulator/XCTestDynamicOverlay.build/Objects-normal/arm64/XCTestDynamicOverlay.SwiftConstValuesFileList

WriteAuxiliaryFile /Users/rioallen/Library/Developer/Xcode/DerivedData/TradeFly-cjeitwgqikminlegqmjwowkwbezn/Build/Intermediates.noindex/xctest-dynamic-overlay.build/Debug-iphonesimulator/XCTestDynamicOverlay.build/Objects-normal/arm64/XCTestDynamicOverlay.LinkFileList (in target 'XCTestDynamicOverlay' from project 'xctest-dynamic-overlay')
    cd /Users/rioallen/Library/Developer/Xcode/DerivedData/TradeFly-cjeitwgqikminlegqmjwowkwbezn/SourcePackages/checkouts/xctest-dynamic-overlay
    write-file /Users/rioallen/Library/Developer/Xcode/DerivedData/TradeFly-cjeitwgqikminlegqmjwowkwbezn/Build/Intermediates.noindex/xctest-dynamic-overlay.build/Debug-iphonesimulator/XCTestDynamicOverlay.build/Objects-normal/arm64/XCTestDynamicOverlay.LinkFileList

WriteAuxiliaryFile /Users/rioallen/Library/Developer/Xcode/DerivedData/TradeFly-cjeitwgqikminlegqmjwowkwbezn/Build/Intermediates.noindex/xctest-dynamic-overlay.build/Debug-iphonesimulator/XCTestDynamicOverlay.build/Objects-normal/arm64/XCTestDynamicOverlay.SwiftFileList (in target 'XCTestDynamicOverlay' from project 'xctest-dynamic-overlay')
    cd /Users/rioallen/Library/Developer/Xcode/DerivedData/TradeFly-cjeitwgqikminlegqmjwowkwbezn/SourcePackages/checkouts/xctest-dynamic-overlay
    write-file /Users/rioallen/Library/Developer/Xcode/DerivedData/TradeFly-cjeitwgqikminlegqmjwowkwbezn/Build/Intermediates.noindex/xctest-dynamic-overlay.build/Debug-iphonesimulator/XCTestDynamicOverlay.build/Objects-normal/arm64/XCTestDynamicOverlay.SwiftFileList

WriteAuxiliaryFile /Users/rioallen/Library/Developer/Xcode/DerivedData/TradeFly-cjeitwgqikminlegqmjwowkwbezn/Build/Intermediates.noindex/xctest-dynamic-overlay.build/Debug-iphonesimulator/XCTestDynamicOverlay.build/Objects-normal/arm64/XCTestDynamicOverlay-OutputFileMap.json (in target 'XCTestDynamicOverlay' from project 'xctest-dynamic-overlay')
    cd /Users/rioallen/Library/Developer/Xcode/DerivedData/TradeFly-cjeitwgqikminlegqmjwowkwbezn/SourcePackages/checkouts/xctest-dynamic-overlay
    write-file /Users/rioallen/Library/Developer/Xcode/DerivedData/TradeFly-cjeitwgqikminlegqmjwowkwbezn/Build/Intermediates.noindex/xctest-dynamic-overlay.build/Debug-iphonesimulator/XCTestDynamicOverlay.build/Objects-normal/arm64/XCTestDynamicOverlay-OutputFileMap.json

WriteAuxiliaryFile /Users/rioallen/Library/Developer/Xcode/DerivedData/TradeFly-cjeitwgqikminlegqmjwowkwbezn/Build/Intermediates.noindex/xctest-dynamic-overlay.build/Debug-iphonesimulator/XCTestDynamicOverlay.build/Objects-normal/arm64/XCTestDynamicOverlay_const_extract_protocols.json (in target 'XCTestDynamicOverlay' from project 'xctest-dynamic-overlay')
    cd /Users/rioallen/Library/Developer/Xcode/DerivedData/TradeFly-cjeitwgqikminlegqmjwowkwbezn/SourcePackages/checkouts/xctest-dynamic-overlay
    write-file /Users/rioallen/Library/Developer/Xcode/DerivedData/TradeFly-cjeitwgqikminlegqmjwowkwbezn/Build/Intermediates.noindex/xctest-dynamic-overlay.build/Debug-iphonesimulator/XCTestDynamicOverlay.build/Objects-normal/arm64/XCTestDynamicOverlay_const_extract_protocols.json

WriteAuxiliaryFile /Users/rioallen/Library/Developer/Xcode/DerivedData/TradeFly-cjeitwgqikminlegqmjwowkwbezn/Build/Intermediates.noindex/TradeFly.build/Debug-iphonesimulator/TradeFly.build/TradeFly.DependencyStaticMetadataFileList (in target 'TradeFly' from project 'TradeFly')
    cd /Users/rioallen/Documents/DropFly-OS-App-Builder/DropFly-PROJECTS/TradeFly-iOS
    write-file /Users/rioallen/Library/Developer/Xcode/DerivedData/TradeFly-cjeitwgqikminlegqmjwowkwbezn/Build/Intermediates.noindex/TradeFly.build/Debug-iphonesimulator/TradeFly.build/TradeFly.DependencyStaticMetadataFileList

WriteAuxiliaryFile /Users/rioallen/Library/Developer/Xcode/DerivedData/TradeFly-cjeitwgqikminlegqmjwowkwbezn/Build/Intermediates.noindex/TradeFly.build/Debug-iphonesimulator/TradeFly.build/TradeFly.DependencyMetadataFileList (in target 'TradeFly' from project 'TradeFly')
    cd /Users/rioallen/Documents/DropFly-OS-App-Builder/DropFly-PROJECTS/TradeFly-iOS
    write-file /Users/rioallen/Library/Developer/Xcode/DerivedData/TradeFly-cjeitwgqikminlegqmjwowkwbezn/Build/Intermediates.noindex/TradeFly.build/Debug-iphonesimulator/TradeFly.build/TradeFly.DependencyMetadataFileList

WriteAuxiliaryFile /Users/rioallen/Library/Developer/Xcode/DerivedData/TradeFly-cjeitwgqikminlegqmjwowkwbezn/Build/Intermediates.noindex/TradeFly.build/Debug-iphonesimulator/TradeFly.build/TradeFly-project-headers.hmap (in target 'TradeFly' from project 'TradeFly')
    cd /Users/rioallen/Documents/DropFly-OS-App-Builder/DropFly-PROJECTS/TradeFly-iOS
    write-file /Users/rioallen/Library/Developer/Xcode/DerivedData/TradeFly-cjeitwgqikminlegqmjwowkwbezn/Build/Intermediates.noindex/TradeFly.build/Debug-iphonesimulator/TradeFly.build/TradeFly-project-headers.hmap

WriteAuxiliaryFile /Users/rioallen/Library/Developer/Xcode/DerivedData/TradeFly-cjeitwgqikminlegqmjwowkwbezn/Build/Intermediates.noindex/TradeFly.build/Debug-iphonesimulator/TradeFly.build/TradeFly-generated-files.hmap (in target 'TradeFly' from project 'TradeFly')
    cd /Users/rioallen/Documents/DropFly-OS-App-Builder/DropFly-PROJECTS/TradeFly-iOS
    write-file /Users/rioallen/Library/Developer/Xcode/DerivedData/TradeFly-cjeitwgqikminlegqmjwowkwbezn/Build/Intermediates.noindex/TradeFly.build/Debug-iphonesimulator/TradeFly.build/TradeFly-generated-files.hmap

WriteAuxiliaryFile /Users/rioallen/Library/Developer/Xcode/DerivedData/TradeFly-cjeitwgqikminlegqmjwowkwbezn/Build/Intermediates.noindex/TradeFly.build/Debug-iphonesimulator/TradeFly.build/TradeFly-own-target-headers.hmap (in target 'TradeFly' from project 'TradeFly')
    cd /Users/rioallen/Documents/DropFly-OS-App-Builder/DropFly-PROJECTS/TradeFly-iOS
    write-file /Users/rioallen/Library/Developer/Xcode/DerivedData/TradeFly-cjeitwgqikminlegqmjwowkwbezn/Build/Intermediates.noindex/TradeFly.build/Debug-iphonesimulator/TradeFly.build/TradeFly-own-target-headers.hmap

WriteAuxiliaryFile /Users/rioallen/Library/Developer/Xcode/DerivedData/TradeFly-cjeitwgqikminlegqmjwowkwbezn/Build/Intermediates.noindex/TradeFly.build/Debug-iphonesimulator/TradeFly.build/TradeFly-DebugDylibInstallName-normal-arm64.txt (in target 'TradeFly' from project 'TradeFly')
    cd /Users/rioallen/Documents/DropFly-OS-App-Builder/DropFly-PROJECTS/TradeFly-iOS
    write-file /Users/rioallen/Library/Developer/Xcode/DerivedData/TradeFly-cjeitwgqikminlegqmjwowkwbezn/Build/Intermediates.noindex/TradeFly.build/Debug-iphonesimulator/TradeFly.build/TradeFly-DebugDylibInstallName-normal-arm64.txt

WriteAuxiliaryFile /Users/rioallen/Library/Developer/Xcode/DerivedData/TradeFly-cjeitwgqikminlegqmjwowkwbezn/Build/Intermediates.noindex/TradeFly.build/Debug-iphonesimulator/TradeFly.build/TradeFly-DebugDylibPath-normal-arm64.txt (in target 'TradeFly' from project 'TradeFly')
    cd /Users/rioallen/Documents/DropFly-OS-App-Builder/DropFly-PROJECTS/TradeFly-iOS
    write-file /Users/rioallen/Library/Developer/Xcode/DerivedData/TradeFly-cjeitwgqikminlegqmjwowkwbezn/Build/Intermediates.noindex/TradeFly.build/Debug-iphonesimulator/TradeFly.build/TradeFly-DebugDylibPath-normal-arm64.txt

WriteAuxiliaryFile /Users/rioallen/Library/Developer/Xcode/DerivedData/TradeFly-cjeitwgqikminlegqmjwowkwbezn/Build/Intermediates.noindex/TradeFly.build/Debug-iphonesimulator/TradeFly.build/TradeFly-all-non-framework-target-headers.hmap (in target 'TradeFly' from project 'TradeFly')
    cd /Users/rioallen/Documents/DropFly-OS-App-Builder/DropFly-PROJECTS/TradeFly-iOS
    write-file /Users/rioallen/Library/Developer/Xcode/DerivedData/TradeFly-cjeitwgqikminlegqmjwowkwbezn/Build/Intermediates.noindex/TradeFly.build/Debug-iphonesimulator/TradeFly.build/TradeFly-all-non-framework-target-headers.hmap

WriteAuxiliaryFile /Users/rioallen/Library/Developer/Xcode/DerivedData/TradeFly-cjeitwgqikminlegqmjwowkwbezn/Build/Intermediates.noindex/TradeFly.build/Debug-iphonesimulator/TradeFly.build/TradeFly-all-target-headers.hmap (in target 'TradeFly' from project 'TradeFly')
    cd /Users/rioallen/Documents/DropFly-OS-App-Builder/DropFly-PROJECTS/TradeFly-iOS
    write-file /Users/rioallen/Library/Developer/Xcode/DerivedData/TradeFly-cjeitwgqikminlegqmjwowkwbezn/Build/Intermediates.noindex/TradeFly.build/Debug-iphonesimulator/TradeFly.build/TradeFly-all-target-headers.hmap

WriteAuxiliaryFile /Users/rioallen/Library/Developer/Xcode/DerivedData/TradeFly-cjeitwgqikminlegqmjwowkwbezn/Build/Intermediates.noindex/TradeFly.build/Debug-iphonesimulator/TradeFly.build/DerivedSources/Entitlements-Simulated.plist (in target 'TradeFly' from project 'TradeFly')
    cd /Users/rioallen/Documents/DropFly-OS-App-Builder/DropFly-PROJECTS/TradeFly-iOS
    write-file /Users/rioallen/Library/Developer/Xcode/DerivedData/TradeFly-cjeitwgqikminlegqmjwowkwbezn/Build/Intermediates.noindex/TradeFly.build/Debug-iphonesimulator/TradeFly.build/DerivedSources/Entitlements-Simulated.plist

WriteAuxiliaryFile /Users/rioallen/Library/Developer/Xcode/DerivedData/TradeFly-cjeitwgqikminlegqmjwowkwbezn/Build/Intermediates.noindex/TradeFly.build/Debug-iphonesimulator/TradeFly.build/Objects-normal/arm64/TradeFly.SwiftFileList (in target 'TradeFly' from project 'TradeFly')
    cd /Users/rioallen/Documents/DropFly-OS-App-Builder/DropFly-PROJECTS/TradeFly-iOS
    write-file /Users/rioallen/Library/Developer/Xcode/DerivedData/TradeFly-cjeitwgqikminlegqmjwowkwbezn/Build/Intermediates.noindex/TradeFly.build/Debug-iphonesimulator/TradeFly.build/Objects-normal/arm64/TradeFly.SwiftFileList

WriteAuxiliaryFile /Users/rioallen/Library/Developer/Xcode/DerivedData/TradeFly-cjeitwgqikminlegqmjwowkwbezn/Build/Intermediates.noindex/TradeFly.build/Debug-iphonesimulator/TradeFly.build/Objects-normal/arm64/TradeFly.SwiftConstValuesFileList (in target 'TradeFly' from project 'TradeFly')
    cd /Users/rioallen/Documents/DropFly-OS-App-Builder/DropFly-PROJECTS/TradeFly-iOS
    write-file /Users/rioallen/Library/Developer/Xcode/DerivedData/TradeFly-cjeitwgqikminlegqmjwowkwbezn/Build/Intermediates.noindex/TradeFly.build/Debug-iphonesimulator/TradeFly.build/Objects-normal/arm64/TradeFly.SwiftConstValuesFileList

WriteAuxiliaryFile /Users/rioallen/Library/Developer/Xcode/DerivedData/TradeFly-cjeitwgqikminlegqmjwowkwbezn/Build/Intermediates.noindex/TradeFly.build/Debug-iphonesimulator/TradeFly.build/Objects-normal/arm64/TradeFly_const_extract_protocols.json (in target 'TradeFly' from project 'TradeFly')
    cd /Users/rioallen/Documents/DropFly-OS-App-Builder/DropFly-PROJECTS/TradeFly-iOS
    write-file /Users/rioallen/Library/Developer/Xcode/DerivedData/TradeFly-cjeitwgqikminlegqmjwowkwbezn/Build/Intermediates.noindex/TradeFly.build/Debug-iphonesimulator/TradeFly.build/Objects-normal/arm64/TradeFly_const_extract_protocols.json

WriteAuxiliaryFile /Users/rioallen/Library/Developer/Xcode/DerivedData/TradeFly-cjeitwgqikminlegqmjwowkwbezn/Build/Intermediates.noindex/TradeFly.build/Debug-iphonesimulator/TradeFly.build/Objects-normal/arm64/TradeFly-OutputFileMap.json (in target 'TradeFly' from project 'TradeFly')
    cd /Users/rioallen/Documents/DropFly-OS-App-Builder/DropFly-PROJECTS/TradeFly-iOS
    write-file /Users/rioallen/Library/Developer/Xcode/DerivedData/TradeFly-cjeitwgqikminlegqmjwowkwbezn/Build/Intermediates.noindex/TradeFly.build/Debug-iphonesimulator/TradeFly.build/Objects-normal/arm64/TradeFly-OutputFileMap.json

WriteAuxiliaryFile /Users/rioallen/Library/Developer/Xcode/DerivedData/TradeFly-cjeitwgqikminlegqmjwowkwbezn/Build/Intermediates.noindex/TradeFly.build/Debug-iphonesimulator/TradeFly.build/Objects-normal/arm64/TradeFly.LinkFileList (in target 'TradeFly' from project 'TradeFly')
    cd /Users/rioallen/Documents/DropFly-OS-App-Builder/DropFly-PROJECTS/TradeFly-iOS
    write-file /Users/rioallen/Library/Developer/Xcode/DerivedData/TradeFly-cjeitwgqikminlegqmjwowkwbezn/Build/Intermediates.noindex/TradeFly.build/Debug-iphonesimulator/TradeFly.build/Objects-normal/arm64/TradeFly.LinkFileList

Copy /Users/rioallen/Library/Developer/Xcode/DerivedData/TradeFly-cjeitwgqikminlegqmjwowkwbezn/Build/Intermediates.noindex/GeneratedModuleMaps-iphonesimulator/XCTestDynamicOverlay.modulemap /Users/rioallen/Library/Developer/Xcode/DerivedData/TradeFly-cjeitwgqikminlegqmjwowkwbezn/Build/Intermediates.noindex/xctest-dynamic-overlay.build/Debug-iphonesimulator/XCTestDynamicOverlay.build/XCTestDynamicOverlay.modulemap (in target 'XCTestDynamicOverlay' from project 'xctest-dynamic-overlay')
    cd /Users/rioallen/Library/Developer/Xcode/DerivedData/TradeFly-cjeitwgqikminlegqmjwowkwbezn/SourcePackages/checkouts/xctest-dynamic-overlay
    builtin-copy -exclude .DS_Store -exclude CVS -exclude .svn -exclude .git -exclude .hg -resolve-src-symlinks /Users/rioallen/Library/Developer/Xcode/DerivedData/TradeFly-cjeitwgqikminlegqmjwowkwbezn/Build/Intermediates.noindex/xctest-dynamic-overlay.build/Debug-iphonesimulator/XCTestDynamicOverlay.build/XCTestDynamicOverlay.modulemap /Users/rioallen/Library/Developer/Xcode/DerivedData/TradeFly-cjeitwgqikminlegqmjwowkwbezn/Build/Intermediates.noindex/GeneratedModuleMaps-iphonesimulator

WriteAuxiliaryFile /Users/rioallen/Library/Developer/Xcode/DerivedData/TradeFly-cjeitwgqikminlegqmjwowkwbezn/Build/Intermediates.noindex/Supabase.build/Debug-iphonesimulator/Supabase.build/Supabase.modulemap (in target 'Supabase' from project 'Supabase')
    cd /Users/rioallen/Library/Developer/Xcode/DerivedData/TradeFly-cjeitwgqikminlegqmjwowkwbezn/SourcePackages/checkouts/supabase-swift
    write-file /Users/rioallen/Library/Developer/Xcode/DerivedData/TradeFly-cjeitwgqikminlegqmjwowkwbezn/Build/Intermediates.noindex/Supabase.build/Debug-iphonesimulator/Supabase.build/Supabase.modulemap

WriteAuxiliaryFile /Users/rioallen/Library/Developer/Xcode/DerivedData/TradeFly-cjeitwgqikminlegqmjwowkwbezn/Build/Intermediates.noindex/Supabase.build/Debug-iphonesimulator/Supabase.build/Supabase.DependencyStaticMetadataFileList (in target 'Supabase' from project 'Supabase')
    cd /Users/rioallen/Library/Developer/Xcode/DerivedData/TradeFly-cjeitwgqikminlegqmjwowkwbezn/SourcePackages/checkouts/supabase-swift
    write-file /Users/rioallen/Library/Developer/Xcode/DerivedData/TradeFly-cjeitwgqikminlegqmjwowkwbezn/Build/Intermediates.noindex/Supabase.build/Debug-iphonesimulator/Supabase.build/Supabase.DependencyStaticMetadataFileList

WriteAuxiliaryFile /Users/rioallen/Library/Developer/Xcode/DerivedData/TradeFly-cjeitwgqikminlegqmjwowkwbezn/Build/Intermediates.noindex/Supabase.build/Debug-iphonesimulator/Supabase.build/Supabase.DependencyMetadataFileList (in target 'Supabase' from project 'Supabase')
    cd /Users/rioallen/Library/Developer/Xcode/DerivedData/TradeFly-cjeitwgqikminlegqmjwowkwbezn/SourcePackages/checkouts/supabase-swift
    write-file /Users/rioallen/Library/Developer/Xcode/DerivedData/TradeFly-cjeitwgqikminlegqmjwowkwbezn/Build/Intermediates.noindex/Supabase.build/Debug-iphonesimulator/Supabase.build/Supabase.DependencyMetadataFileList

WriteAuxiliaryFile /Users/rioallen/Library/Developer/Xcode/DerivedData/TradeFly-cjeitwgqikminlegqmjwowkwbezn/Build/Intermediates.noindex/Supabase.build/Debug-iphonesimulator/Supabase.build/Objects-normal/arm64/Supabase.LinkFileList (in target 'Supabase' from project 'Supabase')
    cd /Users/rioallen/Library/Developer/Xcode/DerivedData/TradeFly-cjeitwgqikminlegqmjwowkwbezn/SourcePackages/checkouts/supabase-swift
    write-file /Users/rioallen/Library/Developer/Xcode/DerivedData/TradeFly-cjeitwgqikminlegqmjwowkwbezn/Build/Intermediates.noindex/Supabase.build/Debug-iphonesimulator/Supabase.build/Objects-normal/arm64/Supabase.LinkFileList

WriteAuxiliaryFile /Users/rioallen/Library/Developer/Xcode/DerivedData/TradeFly-cjeitwgqikminlegqmjwowkwbezn/Build/Intermediates.noindex/Supabase.build/Debug-iphonesimulator/Supabase.build/Objects-normal/arm64/Supabase.SwiftConstValuesFileList (in target 'Supabase' from project 'Supabase')
    cd /Users/rioallen/Library/Developer/Xcode/DerivedData/TradeFly-cjeitwgqikminlegqmjwowkwbezn/SourcePackages/checkouts/supabase-swift
    write-file /Users/rioallen/Library/Developer/Xcode/DerivedData/TradeFly-cjeitwgqikminlegqmjwowkwbezn/Build/Intermediates.noindex/Supabase.build/Debug-iphonesimulator/Supabase.build/Objects-normal/arm64/Supabase.SwiftConstValuesFileList

WriteAuxiliaryFile /Users/rioallen/Library/Developer/Xcode/DerivedData/TradeFly-cjeitwgqikminlegqmjwowkwbezn/Build/Intermediates.noindex/Supabase.build/Debug-iphonesimulator/Supabase.build/Objects-normal/arm64/Supabase_const_extract_protocols.json (in target 'Supabase' from project 'Supabase')
    cd /Users/rioallen/Library/Developer/Xcode/DerivedData/TradeFly-cjeitwgqikminlegqmjwowkwbezn/SourcePackages/checkouts/supabase-swift
    write-file /Users/rioallen/Library/Developer/Xcode/DerivedData/TradeFly-cjeitwgqikminlegqmjwowkwbezn/Build/Intermediates.noindex/Supabase.build/Debug-iphonesimulator/Supabase.build/Objects-normal/arm64/Supabase_const_extract_protocols.json

WriteAuxiliaryFile /Users/rioallen/Library/Developer/Xcode/DerivedData/TradeFly-cjeitwgqikminlegqmjwowkwbezn/Build/Intermediates.noindex/Supabase.build/Debug-iphonesimulator/Supabase.build/Objects-normal/arm64/Supabase.SwiftFileList (in target 'Supabase' from project 'Supabase')
    cd /Users/rioallen/Library/Developer/Xcode/DerivedData/TradeFly-cjeitwgqikminlegqmjwowkwbezn/SourcePackages/checkouts/supabase-swift
    write-file /Users/rioallen/Library/Developer/Xcode/DerivedData/TradeFly-cjeitwgqikminlegqmjwowkwbezn/Build/Intermediates.noindex/Supabase.build/Debug-iphonesimulator/Supabase.build/Objects-normal/arm64/Supabase.SwiftFileList

WriteAuxiliaryFile /Users/rioallen/Library/Developer/Xcode/DerivedData/TradeFly-cjeitwgqikminlegqmjwowkwbezn/Build/Intermediates.noindex/Supabase.build/Debug-iphonesimulator/Supabase.build/Objects-normal/arm64/Supabase-OutputFileMap.json (in target 'Supabase' from project 'Supabase')
    cd /Users/rioallen/Library/Developer/Xcode/DerivedData/TradeFly-cjeitwgqikminlegqmjwowkwbezn/SourcePackages/checkouts/supabase-swift
    write-file /Users/rioallen/Library/Developer/Xcode/DerivedData/TradeFly-cjeitwgqikminlegqmjwowkwbezn/Build/Intermediates.noindex/Supabase.build/Debug-iphonesimulator/Supabase.build/Objects-normal/arm64/Supabase-OutputFileMap.json

WriteAuxiliaryFile /Users/rioallen/Library/Developer/Xcode/DerivedData/TradeFly-cjeitwgqikminlegqmjwowkwbezn/Build/Intermediates.noindex/Supabase.build/Debug-iphonesimulator/Storage.build/Storage.DependencyStaticMetadataFileList (in target 'Storage' from project 'Supabase')
    cd /Users/rioallen/Library/Developer/Xcode/DerivedData/TradeFly-cjeitwgqikminlegqmjwowkwbezn/SourcePackages/checkouts/supabase-swift
    write-file /Users/rioallen/Library/Developer/Xcode/DerivedData/TradeFly-cjeitwgqikminlegqmjwowkwbezn/Build/Intermediates.noindex/Supabase.build/Debug-iphonesimulator/Storage.build/Storage.DependencyStaticMetadataFileList

WriteAuxiliaryFile /Users/rioallen/Library/Developer/Xcode/DerivedData/TradeFly-cjeitwgqikminlegqmjwowkwbezn/Build/Intermediates.noindex/Supabase.build/Debug-iphonesimulator/Storage.build/Storage.DependencyMetadataFileList (in target 'Storage' from project 'Supabase')
    cd /Users/rioallen/Library/Developer/Xcode/DerivedData/TradeFly-cjeitwgqikminlegqmjwowkwbezn/SourcePackages/checkouts/supabase-swift
    write-file /Users/rioallen/Library/Developer/Xcode/DerivedData/TradeFly-cjeitwgqikminlegqmjwowkwbezn/Build/Intermediates.noindex/Supabase.build/Debug-iphonesimulator/Storage.build/Storage.DependencyMetadataFileList

WriteAuxiliaryFile /Users/rioallen/Library/Developer/Xcode/DerivedData/TradeFly-cjeitwgqikminlegqmjwowkwbezn/Build/Intermediates.noindex/Supabase.build/Debug-iphonesimulator/Storage.build/Storage.modulemap (in target 'Storage' from project 'Supabase')
    cd /Users/rioallen/Library/Developer/Xcode/DerivedData/TradeFly-cjeitwgqikminlegqmjwowkwbezn/SourcePackages/checkouts/supabase-swift
    write-file /Users/rioallen/Library/Developer/Xcode/DerivedData/TradeFly-cjeitwgqikminlegqmjwowkwbezn/Build/Intermediates.noindex/Supabase.build/Debug-iphonesimulator/Storage.build/Storage.modulemap

WriteAuxiliaryFile /Users/rioallen/Library/Developer/Xcode/DerivedData/TradeFly-cjeitwgqikminlegqmjwowkwbezn/Build/Intermediates.noindex/Supabase.build/Debug-iphonesimulator/Storage.build/Objects-normal/arm64/Storage.SwiftFileList (in target 'Storage' from project 'Supabase')
    cd /Users/rioallen/Library/Developer/Xcode/DerivedData/TradeFly-cjeitwgqikminlegqmjwowkwbezn/SourcePackages/checkouts/supabase-swift
    write-file /Users/rioallen/Library/Developer/Xcode/DerivedData/TradeFly-cjeitwgqikminlegqmjwowkwbezn/Build/Intermediates.noindex/Supabase.build/Debug-iphonesimulator/Storage.build/Objects-normal/arm64/Storage.SwiftFileList

WriteAuxiliaryFile /Users/rioallen/Library/Developer/Xcode/DerivedData/TradeFly-cjeitwgqikminlegqmjwowkwbezn/Build/Intermediates.noindex/Supabase.build/Debug-iphonesimulator/Storage.build/Objects-normal/arm64/Storage_const_extract_protocols.json (in target 'Storage' from project 'Supabase')
    cd /Users/rioallen/Library/Developer/Xcode/DerivedData/TradeFly-cjeitwgqikminlegqmjwowkwbezn/SourcePackages/checkouts/supabase-swift
    write-file /Users/rioallen/Library/Developer/Xcode/DerivedData/TradeFly-cjeitwgqikminlegqmjwowkwbezn/Build/Intermediates.noindex/Supabase.build/Debug-iphonesimulator/Storage.build/Objects-normal/arm64/Storage_const_extract_protocols.json

WriteAuxiliaryFile /Users/rioallen/Library/Developer/Xcode/DerivedData/TradeFly-cjeitwgqikminlegqmjwowkwbezn/Build/Intermediates.noindex/Supabase.build/Debug-iphonesimulator/Storage.build/Objects-normal/arm64/Storage.SwiftConstValuesFileList (in target 'Storage' from project 'Supabase')
    cd /Users/rioallen/Library/Developer/Xcode/DerivedData/TradeFly-cjeitwgqikminlegqmjwowkwbezn/SourcePackages/checkouts/supabase-swift
    write-file /Users/rioallen/Library/Developer/Xcode/DerivedData/TradeFly-cjeitwgqikminlegqmjwowkwbezn/Build/Intermediates.noindex/Supabase.build/Debug-iphonesimulator/Storage.build/Objects-normal/arm64/Storage.SwiftConstValuesFileList

WriteAuxiliaryFile /Users/rioallen/Library/Developer/Xcode/DerivedData/TradeFly-cjeitwgqikminlegqmjwowkwbezn/Build/Intermediates.noindex/Supabase.build/Debug-iphonesimulator/Storage.build/Objects-normal/arm64/Storage.LinkFileList (in target 'Storage' from project 'Supabase')
    cd /Users/rioallen/Library/Developer/Xcode/DerivedData/TradeFly-cjeitwgqikminlegqmjwowkwbezn/SourcePackages/checkouts/supabase-swift
    write-file /Users/rioallen/Library/Developer/Xcode/DerivedData/TradeFly-cjeitwgqikminlegqmjwowkwbezn/Build/Intermediates.noindex/Supabase.build/Debug-iphonesimulator/Storage.build/Objects-normal/arm64/Storage.LinkFileList

Copy /Users/rioallen/Library/Developer/Xcode/DerivedData/TradeFly-cjeitwgqikminlegqmjwowkwbezn/Build/Intermediates.noindex/GeneratedModuleMaps-iphonesimulator/Supabase.modulemap /Users/rioallen/Library/Developer/Xcode/DerivedData/TradeFly-cjeitwgqikminlegqmjwowkwbezn/Build/Intermediates.noindex/Supabase.build/Debug-iphonesimulator/Supabase.build/Supabase.modulemap (in target 'Supabase' from project 'Supabase')
    cd /Users/rioallen/Library/Developer/Xcode/DerivedData/TradeFly-cjeitwgqikminlegqmjwowkwbezn/SourcePackages/checkouts/supabase-swift
    builtin-copy -exclude .DS_Store -exclude CVS -exclude .svn -exclude .git -exclude .hg -resolve-src-symlinks /Users/rioallen/Library/Developer/Xcode/DerivedData/TradeFly-cjeitwgqikminlegqmjwowkwbezn/Build/Intermediates.noindex/Supabase.build/Debug-iphonesimulator/Supabase.build/Supabase.modulemap /Users/rioallen/Library/Developer/Xcode/DerivedData/TradeFly-cjeitwgqikminlegqmjwowkwbezn/Build/Intermediates.noindex/GeneratedModuleMaps-iphonesimulator

WriteAuxiliaryFile /Users/rioallen/Library/Developer/Xcode/DerivedData/TradeFly-cjeitwgqikminlegqmjwowkwbezn/Build/Intermediates.noindex/Supabase.build/Debug-iphonesimulator/Storage.build/Objects-normal/arm64/Storage-OutputFileMap.json (in target 'Storage' from project 'Supabase')
    cd /Users/rioallen/Library/Developer/Xcode/DerivedData/TradeFly-cjeitwgqikminlegqmjwowkwbezn/SourcePackages/checkouts/supabase-swift
    write-file /Users/rioallen/Library/Developer/Xcode/DerivedData/TradeFly-cjeitwgqikminlegqmjwowkwbezn/Build/Intermediates.noindex/Supabase.build/Debug-iphonesimulator/Storage.build/Objects-normal/arm64/Storage-OutputFileMap.json

WriteAuxiliaryFile /Users/rioallen/Library/Developer/Xcode/DerivedData/TradeFly-cjeitwgqikminlegqmjwowkwbezn/Build/Intermediates.noindex/Supabase.build/Debug-iphonesimulator/Realtime.build/Realtime.modulemap (in target 'Realtime' from project 'Supabase')
    cd /Users/rioallen/Library/Developer/Xcode/DerivedData/TradeFly-cjeitwgqikminlegqmjwowkwbezn/SourcePackages/checkouts/supabase-swift
    write-file /Users/rioallen/Library/Developer/Xcode/DerivedData/TradeFly-cjeitwgqikminlegqmjwowkwbezn/Build/Intermediates.noindex/Supabase.build/Debug-iphonesimulator/Realtime.build/Realtime.modulemap

WriteAuxiliaryFile /Users/rioallen/Library/Developer/Xcode/DerivedData/TradeFly-cjeitwgqikminlegqmjwowkwbezn/Build/Intermediates.noindex/Supabase.build/Debug-iphonesimulator/Realtime.build/Realtime.DependencyMetadataFileList (in target 'Realtime' from project 'Supabase')
    cd /Users/rioallen/Library/Developer/Xcode/DerivedData/TradeFly-cjeitwgqikminlegqmjwowkwbezn/SourcePackages/checkouts/supabase-swift
    write-file /Users/rioallen/Library/Developer/Xcode/DerivedData/TradeFly-cjeitwgqikminlegqmjwowkwbezn/Build/Intermediates.noindex/Supabase.build/Debug-iphonesimulator/Realtime.build/Realtime.DependencyMetadataFileList

WriteAuxiliaryFile /Users/rioallen/Library/Developer/Xcode/DerivedData/TradeFly-cjeitwgqikminlegqmjwowkwbezn/Build/Intermediates.noindex/Supabase.build/Debug-iphonesimulator/Realtime.build/Realtime.DependencyStaticMetadataFileList (in target 'Realtime' from project 'Supabase')
    cd /Users/rioallen/Library/Developer/Xcode/DerivedData/TradeFly-cjeitwgqikminlegqmjwowkwbezn/SourcePackages/checkouts/supabase-swift
    write-file /Users/rioallen/Library/Developer/Xcode/DerivedData/TradeFly-cjeitwgqikminlegqmjwowkwbezn/Build/Intermediates.noindex/Supabase.build/Debug-iphonesimulator/Realtime.build/Realtime.DependencyStaticMetadataFileList

WriteAuxiliaryFile /Users/rioallen/Library/Developer/Xcode/DerivedData/TradeFly-cjeitwgqikminlegqmjwowkwbezn/Build/Intermediates.noindex/Supabase.build/Debug-iphonesimulator/Realtime.build/Objects-normal/arm64/Realtime.SwiftConstValuesFileList (in target 'Realtime' from project 'Supabase')
    cd /Users/rioallen/Library/Developer/Xcode/DerivedData/TradeFly-cjeitwgqikminlegqmjwowkwbezn/SourcePackages/checkouts/supabase-swift
    write-file /Users/rioallen/Library/Developer/Xcode/DerivedData/TradeFly-cjeitwgqikminlegqmjwowkwbezn/Build/Intermediates.noindex/Supabase.build/Debug-iphonesimulator/Realtime.build/Objects-normal/arm64/Realtime.SwiftConstValuesFileList

WriteAuxiliaryFile /Users/rioallen/Library/Developer/Xcode/DerivedData/TradeFly-cjeitwgqikminlegqmjwowkwbezn/Build/Intermediates.noindex/Supabase.build/Debug-iphonesimulator/Realtime.build/Objects-normal/arm64/Realtime_const_extract_protocols.json (in target 'Realtime' from project 'Supabase')
    cd /Users/rioallen/Library/Developer/Xcode/DerivedData/TradeFly-cjeitwgqikminlegqmjwowkwbezn/SourcePackages/checkouts/supabase-swift
    write-file /Users/rioallen/Library/Developer/Xcode/DerivedData/TradeFly-cjeitwgqikminlegqmjwowkwbezn/Build/Intermediates.noindex/Supabase.build/Debug-iphonesimulator/Realtime.build/Objects-normal/arm64/Realtime_const_extract_protocols.json

WriteAuxiliaryFile /Users/rioallen/Library/Developer/Xcode/DerivedData/TradeFly-cjeitwgqikminlegqmjwowkwbezn/Build/Intermediates.noindex/Supabase.build/Debug-iphonesimulator/Realtime.build/Objects-normal/arm64/Realtime.LinkFileList (in target 'Realtime' from project 'Supabase')
    cd /Users/rioallen/Library/Developer/Xcode/DerivedData/TradeFly-cjeitwgqikminlegqmjwowkwbezn/SourcePackages/checkouts/supabase-swift
    write-file /Users/rioallen/Library/Developer/Xcode/DerivedData/TradeFly-cjeitwgqikminlegqmjwowkwbezn/Build/Intermediates.noindex/Supabase.build/Debug-iphonesimulator/Realtime.build/Objects-normal/arm64/Realtime.LinkFileList

WriteAuxiliaryFile /Users/rioallen/Library/Developer/Xcode/DerivedData/TradeFly-cjeitwgqikminlegqmjwowkwbezn/Build/Intermediates.noindex/Supabase.build/Debug-iphonesimulator/Realtime.build/Objects-normal/arm64/Realtime.SwiftFileList (in target 'Realtime' from project 'Supabase')
    cd /Users/rioallen/Library/Developer/Xcode/DerivedData/TradeFly-cjeitwgqikminlegqmjwowkwbezn/SourcePackages/checkouts/supabase-swift
    write-file /Users/rioallen/Library/Developer/Xcode/DerivedData/TradeFly-cjeitwgqikminlegqmjwowkwbezn/Build/Intermediates.noindex/Supabase.build/Debug-iphonesimulator/Realtime.build/Objects-normal/arm64/Realtime.SwiftFileList

WriteAuxiliaryFile /Users/rioallen/Library/Developer/Xcode/DerivedData/TradeFly-cjeitwgqikminlegqmjwowkwbezn/Build/Intermediates.noindex/Supabase.build/Debug-iphonesimulator/Realtime.build/Objects-normal/arm64/Realtime-OutputFileMap.json (in target 'Realtime' from project 'Supabase')
    cd /Users/rioallen/Library/Developer/Xcode/DerivedData/TradeFly-cjeitwgqikminlegqmjwowkwbezn/SourcePackages/checkouts/supabase-swift
    write-file /Users/rioallen/Library/Developer/Xcode/DerivedData/TradeFly-cjeitwgqikminlegqmjwowkwbezn/Build/Intermediates.noindex/Supabase.build/Debug-iphonesimulator/Realtime.build/Objects-normal/arm64/Realtime-OutputFileMap.json

WriteAuxiliaryFile /Users/rioallen/Library/Developer/Xcode/DerivedData/TradeFly-cjeitwgqikminlegqmjwowkwbezn/Build/Intermediates.noindex/Supabase.build/Debug-iphonesimulator/PostgREST.build/PostgREST.modulemap (in target 'PostgREST' from project 'Supabase')
    cd /Users/rioallen/Library/Developer/Xcode/DerivedData/TradeFly-cjeitwgqikminlegqmjwowkwbezn/SourcePackages/checkouts/supabase-swift
    write-file /Users/rioallen/Library/Developer/Xcode/DerivedData/TradeFly-cjeitwgqikminlegqmjwowkwbezn/Build/Intermediates.noindex/Supabase.build/Debug-iphonesimulator/PostgREST.build/PostgREST.modulemap

Copy /Users/rioallen/Library/Developer/Xcode/DerivedData/TradeFly-cjeitwgqikminlegqmjwowkwbezn/Build/Intermediates.noindex/GeneratedModuleMaps-iphonesimulator/Storage.modulemap /Users/rioallen/Library/Developer/Xcode/DerivedData/TradeFly-cjeitwgqikminlegqmjwowkwbezn/Build/Intermediates.noindex/Supabase.build/Debug-iphonesimulator/Storage.build/Storage.modulemap (in target 'Storage' from project 'Supabase')
    cd /Users/rioallen/Library/Developer/Xcode/DerivedData/TradeFly-cjeitwgqikminlegqmjwowkwbezn/SourcePackages/checkouts/supabase-swift
    builtin-copy -exclude .DS_Store -exclude CVS -exclude .svn -exclude .git -exclude .hg -resolve-src-symlinks /Users/rioallen/Library/Developer/Xcode/DerivedData/TradeFly-cjeitwgqikminlegqmjwowkwbezn/Build/Intermediates.noindex/Supabase.build/Debug-iphonesimulator/Storage.build/Storage.modulemap /Users/rioallen/Library/Developer/Xcode/DerivedData/TradeFly-cjeitwgqikminlegqmjwowkwbezn/Build/Intermediates.noindex/GeneratedModuleMaps-iphonesimulator

WriteAuxiliaryFile /Users/rioallen/Library/Developer/Xcode/DerivedData/TradeFly-cjeitwgqikminlegqmjwowkwbezn/Build/Intermediates.noindex/Supabase.build/Debug-iphonesimulator/PostgREST.build/PostgREST.DependencyStaticMetadataFileList (in target 'PostgREST' from project 'Supabase')
    cd /Users/rioallen/Library/Developer/Xcode/DerivedData/TradeFly-cjeitwgqikminlegqmjwowkwbezn/SourcePackages/checkouts/supabase-swift
    write-file /Users/rioallen/Library/Developer/Xcode/DerivedData/TradeFly-cjeitwgqikminlegqmjwowkwbezn/Build/Intermediates.noindex/Supabase.build/Debug-iphonesimulator/PostgREST.build/PostgREST.DependencyStaticMetadataFileList

WriteAuxiliaryFile /Users/rioallen/Library/Developer/Xcode/DerivedData/TradeFly-cjeitwgqikminlegqmjwowkwbezn/Build/Intermediates.noindex/Supabase.build/Debug-iphonesimulator/PostgREST.build/PostgREST.DependencyMetadataFileList (in target 'PostgREST' from project 'Supabase')
    cd /Users/rioallen/Library/Developer/Xcode/DerivedData/TradeFly-cjeitwgqikminlegqmjwowkwbezn/SourcePackages/checkouts/supabase-swift
    write-file /Users/rioallen/Library/Developer/Xcode/DerivedData/TradeFly-cjeitwgqikminlegqmjwowkwbezn/Build/Intermediates.noindex/Supabase.build/Debug-iphonesimulator/PostgREST.build/PostgREST.DependencyMetadataFileList

WriteAuxiliaryFile /Users/rioallen/Library/Developer/Xcode/DerivedData/TradeFly-cjeitwgqikminlegqmjwowkwbezn/Build/Intermediates.noindex/Supabase.build/Debug-iphonesimulator/PostgREST.build/Objects-normal/arm64/PostgREST_const_extract_protocols.json (in target 'PostgREST' from project 'Supabase')
    cd /Users/rioallen/Library/Developer/Xcode/DerivedData/TradeFly-cjeitwgqikminlegqmjwowkwbezn/SourcePackages/checkouts/supabase-swift
    write-file /Users/rioallen/Library/Developer/Xcode/DerivedData/TradeFly-cjeitwgqikminlegqmjwowkwbezn/Build/Intermediates.noindex/Supabase.build/Debug-iphonesimulator/PostgREST.build/Objects-normal/arm64/PostgREST_const_extract_protocols.json

WriteAuxiliaryFile /Users/rioallen/Library/Developer/Xcode/DerivedData/TradeFly-cjeitwgqikminlegqmjwowkwbezn/Build/Intermediates.noindex/Supabase.build/Debug-iphonesimulator/PostgREST.build/Objects-normal/arm64/PostgREST.SwiftConstValuesFileList (in target 'PostgREST' from project 'Supabase')
    cd /Users/rioallen/Library/Developer/Xcode/DerivedData/TradeFly-cjeitwgqikminlegqmjwowkwbezn/SourcePackages/checkouts/supabase-swift
    write-file /Users/rioallen/Library/Developer/Xcode/DerivedData/TradeFly-cjeitwgqikminlegqmjwowkwbezn/Build/Intermediates.noindex/Supabase.build/Debug-iphonesimulator/PostgREST.build/Objects-normal/arm64/PostgREST.SwiftConstValuesFileList

WriteAuxiliaryFile /Users/rioallen/Library/Developer/Xcode/DerivedData/TradeFly-cjeitwgqikminlegqmjwowkwbezn/Build/Intermediates.noindex/Supabase.build/Debug-iphonesimulator/PostgREST.build/Objects-normal/arm64/PostgREST.SwiftFileList (in target 'PostgREST' from project 'Supabase')
    cd /Users/rioallen/Library/Developer/Xcode/DerivedData/TradeFly-cjeitwgqikminlegqmjwowkwbezn/SourcePackages/checkouts/supabase-swift
    write-file /Users/rioallen/Library/Developer/Xcode/DerivedData/TradeFly-cjeitwgqikminlegqmjwowkwbezn/Build/Intermediates.noindex/Supabase.build/Debug-iphonesimulator/PostgREST.build/Objects-normal/arm64/PostgREST.SwiftFileList

WriteAuxiliaryFile /Users/rioallen/Library/Developer/Xcode/DerivedData/TradeFly-cjeitwgqikminlegqmjwowkwbezn/Build/Intermediates.noindex/Supabase.build/Debug-iphonesimulator/PostgREST.build/Objects-normal/arm64/PostgREST.LinkFileList (in target 'PostgREST' from project 'Supabase')
    cd /Users/rioallen/Library/Developer/Xcode/DerivedData/TradeFly-cjeitwgqikminlegqmjwowkwbezn/SourcePackages/checkouts/supabase-swift
    write-file /Users/rioallen/Library/Developer/Xcode/DerivedData/TradeFly-cjeitwgqikminlegqmjwowkwbezn/Build/Intermediates.noindex/Supabase.build/Debug-iphonesimulator/PostgREST.build/Objects-normal/arm64/PostgREST.LinkFileList

Copy /Users/rioallen/Library/Developer/Xcode/DerivedData/TradeFly-cjeitwgqikminlegqmjwowkwbezn/Build/Intermediates.noindex/GeneratedModuleMaps-iphonesimulator/Realtime.modulemap /Users/rioallen/Library/Developer/Xcode/DerivedData/TradeFly-cjeitwgqikminlegqmjwowkwbezn/Build/Intermediates.noindex/Supabase.build/Debug-iphonesimulator/Realtime.build/Realtime.modulemap (in target 'Realtime' from project 'Supabase')
    cd /Users/rioallen/Library/Developer/Xcode/DerivedData/TradeFly-cjeitwgqikminlegqmjwowkwbezn/SourcePackages/checkouts/supabase-swift
    builtin-copy -exclude .DS_Store -exclude CVS -exclude .svn -exclude .git -exclude .hg -resolve-src-symlinks /Users/rioallen/Library/Developer/Xcode/DerivedData/TradeFly-cjeitwgqikminlegqmjwowkwbezn/Build/Intermediates.noindex/Supabase.build/Debug-iphonesimulator/Realtime.build/Realtime.modulemap /Users/rioallen/Library/Developer/Xcode/DerivedData/TradeFly-cjeitwgqikminlegqmjwowkwbezn/Build/Intermediates.noindex/GeneratedModuleMaps-iphonesimulator

WriteAuxiliaryFile /Users/rioallen/Library/Developer/Xcode/DerivedData/TradeFly-cjeitwgqikminlegqmjwowkwbezn/Build/Intermediates.noindex/Supabase.build/Debug-iphonesimulator/PostgREST.build/Objects-normal/arm64/PostgREST-OutputFileMap.json (in target 'PostgREST' from project 'Supabase')
    cd /Users/rioallen/Library/Developer/Xcode/DerivedData/TradeFly-cjeitwgqikminlegqmjwowkwbezn/SourcePackages/checkouts/supabase-swift
    write-file /Users/rioallen/Library/Developer/Xcode/DerivedData/TradeFly-cjeitwgqikminlegqmjwowkwbezn/Build/Intermediates.noindex/Supabase.build/Debug-iphonesimulator/PostgREST.build/Objects-normal/arm64/PostgREST-OutputFileMap.json

WriteAuxiliaryFile /Users/rioallen/Library/Developer/Xcode/DerivedData/TradeFly-cjeitwgqikminlegqmjwowkwbezn/Build/Intermediates.noindex/xctest-dynamic-overlay.build/Debug-iphonesimulator/IssueReportingPackageSupport.build/Objects-normal/arm64/IssueReportingPackageSupport_const_extract_protocols.json (in target 'IssueReportingPackageSupport' from project 'xctest-dynamic-overlay')
    cd /Users/rioallen/Library/Developer/Xcode/DerivedData/TradeFly-cjeitwgqikminlegqmjwowkwbezn/SourcePackages/checkouts/xctest-dynamic-overlay
    write-file /Users/rioallen/Library/Developer/Xcode/DerivedData/TradeFly-cjeitwgqikminlegqmjwowkwbezn/Build/Intermediates.noindex/xctest-dynamic-overlay.build/Debug-iphonesimulator/IssueReportingPackageSupport.build/Objects-normal/arm64/IssueReportingPackageSupport_const_extract_protocols.json

WriteAuxiliaryFile /Users/rioallen/Library/Developer/Xcode/DerivedData/TradeFly-cjeitwgqikminlegqmjwowkwbezn/Build/Intermediates.noindex/xctest-dynamic-overlay.build/Debug-iphonesimulator/IssueReportingPackageSupport.build/Objects-normal/arm64/IssueReportingPackageSupport.SwiftFileList (in target 'IssueReportingPackageSupport' from project 'xctest-dynamic-overlay')
    cd /Users/rioallen/Library/Developer/Xcode/DerivedData/TradeFly-cjeitwgqikminlegqmjwowkwbezn/SourcePackages/checkouts/xctest-dynamic-overlay
    write-file /Users/rioallen/Library/Developer/Xcode/DerivedData/TradeFly-cjeitwgqikminlegqmjwowkwbezn/Build/Intermediates.noindex/xctest-dynamic-overlay.build/Debug-iphonesimulator/IssueReportingPackageSupport.build/Objects-normal/arm64/IssueReportingPackageSupport.SwiftFileList

WriteAuxiliaryFile /Users/rioallen/Library/Developer/Xcode/DerivedData/TradeFly-cjeitwgqikminlegqmjwowkwbezn/Build/Intermediates.noindex/xctest-dynamic-overlay.build/Debug-iphonesimulator/IssueReportingPackageSupport.build/Objects-normal/arm64/IssueReportingPackageSupport.SwiftConstValuesFileList (in target 'IssueReportingPackageSupport' from project 'xctest-dynamic-overlay')
    cd /Users/rioallen/Library/Developer/Xcode/DerivedData/TradeFly-cjeitwgqikminlegqmjwowkwbezn/SourcePackages/checkouts/xctest-dynamic-overlay
    write-file /Users/rioallen/Library/Developer/Xcode/DerivedData/TradeFly-cjeitwgqikminlegqmjwowkwbezn/Build/Intermediates.noindex/xctest-dynamic-overlay.build/Debug-iphonesimulator/IssueReportingPackageSupport.build/Objects-normal/arm64/IssueReportingPackageSupport.SwiftConstValuesFileList

WriteAuxiliaryFile /Users/rioallen/Library/Developer/Xcode/DerivedData/TradeFly-cjeitwgqikminlegqmjwowkwbezn/Build/Intermediates.noindex/xctest-dynamic-overlay.build/Debug-iphonesimulator/IssueReportingPackageSupport.build/Objects-normal/arm64/IssueReportingPackageSupport.LinkFileList (in target 'IssueReportingPackageSupport' from project 'xctest-dynamic-overlay')
    cd /Users/rioallen/Library/Developer/Xcode/DerivedData/TradeFly-cjeitwgqikminlegqmjwowkwbezn/SourcePackages/checkouts/xctest-dynamic-overlay
    write-file /Users/rioallen/Library/Developer/Xcode/DerivedData/TradeFly-cjeitwgqikminlegqmjwowkwbezn/Build/Intermediates.noindex/xctest-dynamic-overlay.build/Debug-iphonesimulator/IssueReportingPackageSupport.build/Objects-normal/arm64/IssueReportingPackageSupport.LinkFileList

WriteAuxiliaryFile /Users/rioallen/Library/Developer/Xcode/DerivedData/TradeFly-cjeitwgqikminlegqmjwowkwbezn/Build/Intermediates.noindex/xctest-dynamic-overlay.build/Debug-iphonesimulator/IssueReportingPackageSupport.build/Objects-normal/arm64/IssueReportingPackageSupport-OutputFileMap.json (in target 'IssueReportingPackageSupport' from project 'xctest-dynamic-overlay')
    cd /Users/rioallen/Library/Developer/Xcode/DerivedData/TradeFly-cjeitwgqikminlegqmjwowkwbezn/SourcePackages/checkouts/xctest-dynamic-overlay
    write-file /Users/rioallen/Library/Developer/Xcode/DerivedData/TradeFly-cjeitwgqikminlegqmjwowkwbezn/Build/Intermediates.noindex/xctest-dynamic-overlay.build/Debug-iphonesimulator/IssueReportingPackageSupport.build/Objects-normal/arm64/IssueReportingPackageSupport-OutputFileMap.json

WriteAuxiliaryFile /Users/rioallen/Library/Developer/Xcode/DerivedData/TradeFly-cjeitwgqikminlegqmjwowkwbezn/Build/Intermediates.noindex/xctest-dynamic-overlay.build/Debug-iphonesimulator/IssueReportingPackageSupport.build/IssueReportingPackageSupport.modulemap (in target 'IssueReportingPackageSupport' from project 'xctest-dynamic-overlay')
    cd /Users/rioallen/Library/Developer/Xcode/DerivedData/TradeFly-cjeitwgqikminlegqmjwowkwbezn/SourcePackages/checkouts/xctest-dynamic-overlay
    write-file /Users/rioallen/Library/Developer/Xcode/DerivedData/TradeFly-cjeitwgqikminlegqmjwowkwbezn/Build/Intermediates.noindex/xctest-dynamic-overlay.build/Debug-iphonesimulator/IssueReportingPackageSupport.build/IssueReportingPackageSupport.modulemap

Copy /Users/rioallen/Library/Developer/Xcode/DerivedData/TradeFly-cjeitwgqikminlegqmjwowkwbezn/Build/Intermediates.noindex/GeneratedModuleMaps-iphonesimulator/PostgREST.modulemap /Users/rioallen/Library/Developer/Xcode/DerivedData/TradeFly-cjeitwgqikminlegqmjwowkwbezn/Build/Intermediates.noindex/Supabase.build/Debug-iphonesimulator/PostgREST.build/PostgREST.modulemap (in target 'PostgREST' from project 'Supabase')
    cd /Users/rioallen/Library/Developer/Xcode/DerivedData/TradeFly-cjeitwgqikminlegqmjwowkwbezn/SourcePackages/checkouts/supabase-swift
    builtin-copy -exclude .DS_Store -exclude CVS -exclude .svn -exclude .git -exclude .hg -resolve-src-symlinks /Users/rioallen/Library/Developer/Xcode/DerivedData/TradeFly-cjeitwgqikminlegqmjwowkwbezn/Build/Intermediates.noindex/Supabase.build/Debug-iphonesimulator/PostgREST.build/PostgREST.modulemap /Users/rioallen/Library/Developer/Xcode/DerivedData/TradeFly-cjeitwgqikminlegqmjwowkwbezn/Build/Intermediates.noindex/GeneratedModuleMaps-iphonesimulator

WriteAuxiliaryFile /Users/rioallen/Library/Developer/Xcode/DerivedData/TradeFly-cjeitwgqikminlegqmjwowkwbezn/Build/Intermediates.noindex/xctest-dynamic-overlay.build/Debug-iphonesimulator/IssueReportingPackageSupport.build/IssueReportingPackageSupport.DependencyMetadataFileList (in target 'IssueReportingPackageSupport' from project 'xctest-dynamic-overlay')
    cd /Users/rioallen/Library/Developer/Xcode/DerivedData/TradeFly-cjeitwgqikminlegqmjwowkwbezn/SourcePackages/checkouts/xctest-dynamic-overlay
    write-file /Users/rioallen/Library/Developer/Xcode/DerivedData/TradeFly-cjeitwgqikminlegqmjwowkwbezn/Build/Intermediates.noindex/xctest-dynamic-overlay.build/Debug-iphonesimulator/IssueReportingPackageSupport.build/IssueReportingPackageSupport.DependencyMetadataFileList

WriteAuxiliaryFile /Users/rioallen/Library/Developer/Xcode/DerivedData/TradeFly-cjeitwgqikminlegqmjwowkwbezn/Build/Intermediates.noindex/xctest-dynamic-overlay.build/Debug-iphonesimulator/IssueReportingPackageSupport.build/IssueReportingPackageSupport.DependencyStaticMetadataFileList (in target 'IssueReportingPackageSupport' from project 'xctest-dynamic-overlay')
    cd /Users/rioallen/Library/Developer/Xcode/DerivedData/TradeFly-cjeitwgqikminlegqmjwowkwbezn/SourcePackages/checkouts/xctest-dynamic-overlay
    write-file /Users/rioallen/Library/Developer/Xcode/DerivedData/TradeFly-cjeitwgqikminlegqmjwowkwbezn/Build/Intermediates.noindex/xctest-dynamic-overlay.build/Debug-iphonesimulator/IssueReportingPackageSupport.build/IssueReportingPackageSupport.DependencyStaticMetadataFileList

WriteAuxiliaryFile /Users/rioallen/Library/Developer/Xcode/DerivedData/TradeFly-cjeitwgqikminlegqmjwowkwbezn/Build/Intermediates.noindex/xctest-dynamic-overlay.build/Debug-iphonesimulator/IssueReporting.build/Objects-normal/arm64/IssueReporting_const_extract_protocols.json (in target 'IssueReporting' from project 'xctest-dynamic-overlay')
    cd /Users/rioallen/Library/Developer/Xcode/DerivedData/TradeFly-cjeitwgqikminlegqmjwowkwbezn/SourcePackages/checkouts/xctest-dynamic-overlay
    write-file /Users/rioallen/Library/Developer/Xcode/DerivedData/TradeFly-cjeitwgqikminlegqmjwowkwbezn/Build/Intermediates.noindex/xctest-dynamic-overlay.build/Debug-iphonesimulator/IssueReporting.build/Objects-normal/arm64/IssueReporting_const_extract_protocols.json

WriteAuxiliaryFile /Users/rioallen/Library/Developer/Xcode/DerivedData/TradeFly-cjeitwgqikminlegqmjwowkwbezn/Build/Intermediates.noindex/xctest-dynamic-overlay.build/Debug-iphonesimulator/IssueReporting.build/Objects-normal/arm64/IssueReporting.LinkFileList (in target 'IssueReporting' from project 'xctest-dynamic-overlay')
    cd /Users/rioallen/Library/Developer/Xcode/DerivedData/TradeFly-cjeitwgqikminlegqmjwowkwbezn/SourcePackages/checkouts/xctest-dynamic-overlay
    write-file /Users/rioallen/Library/Developer/Xcode/DerivedData/TradeFly-cjeitwgqikminlegqmjwowkwbezn/Build/Intermediates.noindex/xctest-dynamic-overlay.build/Debug-iphonesimulator/IssueReporting.build/Objects-normal/arm64/IssueReporting.LinkFileList

WriteAuxiliaryFile /Users/rioallen/Library/Developer/Xcode/DerivedData/TradeFly-cjeitwgqikminlegqmjwowkwbezn/Build/Intermediates.noindex/xctest-dynamic-overlay.build/Debug-iphonesimulator/IssueReporting.build/Objects-normal/arm64/IssueReporting.SwiftConstValuesFileList (in target 'IssueReporting' from project 'xctest-dynamic-overlay')
    cd /Users/rioallen/Library/Developer/Xcode/DerivedData/TradeFly-cjeitwgqikminlegqmjwowkwbezn/SourcePackages/checkouts/xctest-dynamic-overlay
    write-file /Users/rioallen/Library/Developer/Xcode/DerivedData/TradeFly-cjeitwgqikminlegqmjwowkwbezn/Build/Intermediates.noindex/xctest-dynamic-overlay.build/Debug-iphonesimulator/IssueReporting.build/Objects-normal/arm64/IssueReporting.SwiftConstValuesFileList

WriteAuxiliaryFile /Users/rioallen/Library/Developer/Xcode/DerivedData/TradeFly-cjeitwgqikminlegqmjwowkwbezn/Build/Intermediates.noindex/xctest-dynamic-overlay.build/Debug-iphonesimulator/IssueReporting.build/Objects-normal/arm64/IssueReporting.SwiftFileList (in target 'IssueReporting' from project 'xctest-dynamic-overlay')
    cd /Users/rioallen/Library/Developer/Xcode/DerivedData/TradeFly-cjeitwgqikminlegqmjwowkwbezn/SourcePackages/checkouts/xctest-dynamic-overlay
    write-file /Users/rioallen/Library/Developer/Xcode/DerivedData/TradeFly-cjeitwgqikminlegqmjwowkwbezn/Build/Intermediates.noindex/xctest-dynamic-overlay.build/Debug-iphonesimulator/IssueReporting.build/Objects-normal/arm64/IssueReporting.SwiftFileList

WriteAuxiliaryFile /Users/rioallen/Library/Developer/Xcode/DerivedData/TradeFly-cjeitwgqikminlegqmjwowkwbezn/Build/Intermediates.noindex/xctest-dynamic-overlay.build/Debug-iphonesimulator/IssueReporting.build/Objects-normal/arm64/IssueReporting-OutputFileMap.json (in target 'IssueReporting' from project 'xctest-dynamic-overlay')
    cd /Users/rioallen/Library/Developer/Xcode/DerivedData/TradeFly-cjeitwgqikminlegqmjwowkwbezn/SourcePackages/checkouts/xctest-dynamic-overlay
    write-file /Users/rioallen/Library/Developer/Xcode/DerivedData/TradeFly-cjeitwgqikminlegqmjwowkwbezn/Build/Intermediates.noindex/xctest-dynamic-overlay.build/Debug-iphonesimulator/IssueReporting.build/Objects-normal/arm64/IssueReporting-OutputFileMap.json

WriteAuxiliaryFile /Users/rioallen/Library/Developer/Xcode/DerivedData/TradeFly-cjeitwgqikminlegqmjwowkwbezn/Build/Intermediates.noindex/xctest-dynamic-overlay.build/Debug-iphonesimulator/IssueReporting.build/IssueReporting.modulemap (in target 'IssueReporting' from project 'xctest-dynamic-overlay')
    cd /Users/rioallen/Library/Developer/Xcode/DerivedData/TradeFly-cjeitwgqikminlegqmjwowkwbezn/SourcePackages/checkouts/xctest-dynamic-overlay
    write-file /Users/rioallen/Library/Developer/Xcode/DerivedData/TradeFly-cjeitwgqikminlegqmjwowkwbezn/Build/Intermediates.noindex/xctest-dynamic-overlay.build/Debug-iphonesimulator/IssueReporting.build/IssueReporting.modulemap

WriteAuxiliaryFile /Users/rioallen/Library/Developer/Xcode/DerivedData/TradeFly-cjeitwgqikminlegqmjwowkwbezn/Build/Intermediates.noindex/xctest-dynamic-overlay.build/Debug-iphonesimulator/IssueReporting.build/IssueReporting.DependencyStaticMetadataFileList (in target 'IssueReporting' from project 'xctest-dynamic-overlay')
    cd /Users/rioallen/Library/Developer/Xcode/DerivedData/TradeFly-cjeitwgqikminlegqmjwowkwbezn/SourcePackages/checkouts/xctest-dynamic-overlay
    write-file /Users/rioallen/Library/Developer/Xcode/DerivedData/TradeFly-cjeitwgqikminlegqmjwowkwbezn/Build/Intermediates.noindex/xctest-dynamic-overlay.build/Debug-iphonesimulator/IssueReporting.build/IssueReporting.DependencyStaticMetadataFileList

WriteAuxiliaryFile /Users/rioallen/Library/Developer/Xcode/DerivedData/TradeFly-cjeitwgqikminlegqmjwowkwbezn/Build/Intermediates.noindex/xctest-dynamic-overlay.build/Debug-iphonesimulator/IssueReporting.build/IssueReporting.DependencyMetadataFileList (in target 'IssueReporting' from project 'xctest-dynamic-overlay')
    cd /Users/rioallen/Library/Developer/Xcode/DerivedData/TradeFly-cjeitwgqikminlegqmjwowkwbezn/SourcePackages/checkouts/xctest-dynamic-overlay
    write-file /Users/rioallen/Library/Developer/Xcode/DerivedData/TradeFly-cjeitwgqikminlegqmjwowkwbezn/Build/Intermediates.noindex/xctest-dynamic-overlay.build/Debug-iphonesimulator/IssueReporting.build/IssueReporting.DependencyMetadataFileList

WriteAuxiliaryFile /Users/rioallen/Library/Developer/Xcode/DerivedData/TradeFly-cjeitwgqikminlegqmjwowkwbezn/Build/Intermediates.noindex/swift-http-types.build/Debug-iphonesimulator/HTTPTypes.build/Objects-normal/arm64/HTTPTypes.LinkFileList (in target 'HTTPTypes' from project 'swift-http-types')
    cd /Users/rioallen/Library/Developer/Xcode/DerivedData/TradeFly-cjeitwgqikminlegqmjwowkwbezn/SourcePackages/checkouts/swift-http-types
    write-file /Users/rioallen/Library/Developer/Xcode/DerivedData/TradeFly-cjeitwgqikminlegqmjwowkwbezn/Build/Intermediates.noindex/swift-http-types.build/Debug-iphonesimulator/HTTPTypes.build/Objects-normal/arm64/HTTPTypes.LinkFileList

WriteAuxiliaryFile /Users/rioallen/Library/Developer/Xcode/DerivedData/TradeFly-cjeitwgqikminlegqmjwowkwbezn/Build/Intermediates.noindex/swift-http-types.build/Debug-iphonesimulator/HTTPTypes.build/Objects-normal/arm64/HTTPTypes_const_extract_protocols.json (in target 'HTTPTypes' from project 'swift-http-types')
    cd /Users/rioallen/Library/Developer/Xcode/DerivedData/TradeFly-cjeitwgqikminlegqmjwowkwbezn/SourcePackages/checkouts/swift-http-types
    write-file /Users/rioallen/Library/Developer/Xcode/DerivedData/TradeFly-cjeitwgqikminlegqmjwowkwbezn/Build/Intermediates.noindex/swift-http-types.build/Debug-iphonesimulator/HTTPTypes.build/Objects-normal/arm64/HTTPTypes_const_extract_protocols.json

WriteAuxiliaryFile /Users/rioallen/Library/Developer/Xcode/DerivedData/TradeFly-cjeitwgqikminlegqmjwowkwbezn/Build/Intermediates.noindex/swift-http-types.build/Debug-iphonesimulator/HTTPTypes.build/Objects-normal/arm64/HTTPTypes.SwiftConstValuesFileList (in target 'HTTPTypes' from project 'swift-http-types')
    cd /Users/rioallen/Library/Developer/Xcode/DerivedData/TradeFly-cjeitwgqikminlegqmjwowkwbezn/SourcePackages/checkouts/swift-http-types
    write-file /Users/rioallen/Library/Developer/Xcode/DerivedData/TradeFly-cjeitwgqikminlegqmjwowkwbezn/Build/Intermediates.noindex/swift-http-types.build/Debug-iphonesimulator/HTTPTypes.build/Objects-normal/arm64/HTTPTypes.SwiftConstValuesFileList

WriteAuxiliaryFile /Users/rioallen/Library/Developer/Xcode/DerivedData/TradeFly-cjeitwgqikminlegqmjwowkwbezn/Build/Intermediates.noindex/swift-http-types.build/Debug-iphonesimulator/HTTPTypes.build/Objects-normal/arm64/HTTPTypes.SwiftFileList (in target 'HTTPTypes' from project 'swift-http-types')
    cd /Users/rioallen/Library/Developer/Xcode/DerivedData/TradeFly-cjeitwgqikminlegqmjwowkwbezn/SourcePackages/checkouts/swift-http-types
    write-file /Users/rioallen/Library/Developer/Xcode/DerivedData/TradeFly-cjeitwgqikminlegqmjwowkwbezn/Build/Intermediates.noindex/swift-http-types.build/Debug-iphonesimulator/HTTPTypes.build/Objects-normal/arm64/HTTPTypes.SwiftFileList

Copy /Users/rioallen/Library/Developer/Xcode/DerivedData/TradeFly-cjeitwgqikminlegqmjwowkwbezn/Build/Intermediates.noindex/GeneratedModuleMaps-iphonesimulator/IssueReportingPackageSupport.modulemap /Users/rioallen/Library/Developer/Xcode/DerivedData/TradeFly-cjeitwgqikminlegqmjwowkwbezn/Build/Intermediates.noindex/xctest-dynamic-overlay.build/Debug-iphonesimulator/IssueReportingPackageSupport.build/IssueReportingPackageSupport.modulemap (in target 'IssueReportingPackageSupport' from project 'xctest-dynamic-overlay')
    cd /Users/rioallen/Library/Developer/Xcode/DerivedData/TradeFly-cjeitwgqikminlegqmjwowkwbezn/SourcePackages/checkouts/xctest-dynamic-overlay
    builtin-copy -exclude .DS_Store -exclude CVS -exclude .svn -exclude .git -exclude .hg -resolve-src-symlinks /Users/rioallen/Library/Developer/Xcode/DerivedData/TradeFly-cjeitwgqikminlegqmjwowkwbezn/Build/Intermediates.noindex/xctest-dynamic-overlay.build/Debug-iphonesimulator/IssueReportingPackageSupport.build/IssueReportingPackageSupport.modulemap /Users/rioallen/Library/Developer/Xcode/DerivedData/TradeFly-cjeitwgqikminlegqmjwowkwbezn/Build/Intermediates.noindex/GeneratedModuleMaps-iphonesimulator

WriteAuxiliaryFile /Users/rioallen/Library/Developer/Xcode/DerivedData/TradeFly-cjeitwgqikminlegqmjwowkwbezn/Build/Intermediates.noindex/swift-http-types.build/Debug-iphonesimulator/HTTPTypes.build/Objects-normal/arm64/HTTPTypes-OutputFileMap.json (in target 'HTTPTypes' from project 'swift-http-types')
    cd /Users/rioallen/Library/Developer/Xcode/DerivedData/TradeFly-cjeitwgqikminlegqmjwowkwbezn/SourcePackages/checkouts/swift-http-types
    write-file /Users/rioallen/Library/Developer/Xcode/DerivedData/TradeFly-cjeitwgqikminlegqmjwowkwbezn/Build/Intermediates.noindex/swift-http-types.build/Debug-iphonesimulator/HTTPTypes.build/Objects-normal/arm64/HTTPTypes-OutputFileMap.json

WriteAuxiliaryFile /Users/rioallen/Library/Developer/Xcode/DerivedData/TradeFly-cjeitwgqikminlegqmjwowkwbezn/Build/Intermediates.noindex/swift-http-types.build/Debug-iphonesimulator/HTTPTypes.build/HTTPTypes.modulemap (in target 'HTTPTypes' from project 'swift-http-types')
    cd /Users/rioallen/Library/Developer/Xcode/DerivedData/TradeFly-cjeitwgqikminlegqmjwowkwbezn/SourcePackages/checkouts/swift-http-types
    write-file /Users/rioallen/Library/Developer/Xcode/DerivedData/TradeFly-cjeitwgqikminlegqmjwowkwbezn/Build/Intermediates.noindex/swift-http-types.build/Debug-iphonesimulator/HTTPTypes.build/HTTPTypes.modulemap

WriteAuxiliaryFile /Users/rioallen/Library/Developer/Xcode/DerivedData/TradeFly-cjeitwgqikminlegqmjwowkwbezn/Build/Intermediates.noindex/swift-http-types.build/Debug-iphonesimulator/HTTPTypes.build/HTTPTypes.DependencyStaticMetadataFileList (in target 'HTTPTypes' from project 'swift-http-types')
    cd /Users/rioallen/Library/Developer/Xcode/DerivedData/TradeFly-cjeitwgqikminlegqmjwowkwbezn/SourcePackages/checkouts/swift-http-types
    write-file /Users/rioallen/Library/Developer/Xcode/DerivedData/TradeFly-cjeitwgqikminlegqmjwowkwbezn/Build/Intermediates.noindex/swift-http-types.build/Debug-iphonesimulator/HTTPTypes.build/HTTPTypes.DependencyStaticMetadataFileList

WriteAuxiliaryFile /Users/rioallen/Library/Developer/Xcode/DerivedData/TradeFly-cjeitwgqikminlegqmjwowkwbezn/Build/Intermediates.noindex/swift-http-types.build/Debug-iphonesimulator/HTTPTypes.build/HTTPTypes.DependencyMetadataFileList (in target 'HTTPTypes' from project 'swift-http-types')
    cd /Users/rioallen/Library/Developer/Xcode/DerivedData/TradeFly-cjeitwgqikminlegqmjwowkwbezn/SourcePackages/checkouts/swift-http-types
    write-file /Users/rioallen/Library/Developer/Xcode/DerivedData/TradeFly-cjeitwgqikminlegqmjwowkwbezn/Build/Intermediates.noindex/swift-http-types.build/Debug-iphonesimulator/HTTPTypes.build/HTTPTypes.DependencyMetadataFileList

Copy /Users/rioallen/Library/Developer/Xcode/DerivedData/TradeFly-cjeitwgqikminlegqmjwowkwbezn/Build/Intermediates.noindex/GeneratedModuleMaps-iphonesimulator/IssueReporting.modulemap /Users/rioallen/Library/Developer/Xcode/DerivedData/TradeFly-cjeitwgqikminlegqmjwowkwbezn/Build/Intermediates.noindex/xctest-dynamic-overlay.build/Debug-iphonesimulator/IssueReporting.build/IssueReporting.modulemap (in target 'IssueReporting' from project 'xctest-dynamic-overlay')
    cd /Users/rioallen/Library/Developer/Xcode/DerivedData/TradeFly-cjeitwgqikminlegqmjwowkwbezn/SourcePackages/checkouts/xctest-dynamic-overlay
    builtin-copy -exclude .DS_Store -exclude CVS -exclude .svn -exclude .git -exclude .hg -resolve-src-symlinks /Users/rioallen/Library/Developer/Xcode/DerivedData/TradeFly-cjeitwgqikminlegqmjwowkwbezn/Build/Intermediates.noindex/xctest-dynamic-overlay.build/Debug-iphonesimulator/IssueReporting.build/IssueReporting.modulemap /Users/rioallen/Library/Developer/Xcode/DerivedData/TradeFly-cjeitwgqikminlegqmjwowkwbezn/Build/Intermediates.noindex/GeneratedModuleMaps-iphonesimulator

WriteAuxiliaryFile /Users/rioallen/Library/Developer/Xcode/DerivedData/TradeFly-cjeitwgqikminlegqmjwowkwbezn/Build/Intermediates.noindex/swift-crypto.build/Debug-iphonesimulator/Crypto.build/Objects-normal/arm64/Crypto.SwiftFileList (in target 'Crypto' from project 'swift-crypto')
    cd /Users/rioallen/Library/Developer/Xcode/DerivedData/TradeFly-cjeitwgqikminlegqmjwowkwbezn/SourcePackages/checkouts/swift-crypto
    write-file /Users/rioallen/Library/Developer/Xcode/DerivedData/TradeFly-cjeitwgqikminlegqmjwowkwbezn/Build/Intermediates.noindex/swift-crypto.build/Debug-iphonesimulator/Crypto.build/Objects-normal/arm64/Crypto.SwiftFileList

WriteAuxiliaryFile /Users/rioallen/Library/Developer/Xcode/DerivedData/TradeFly-cjeitwgqikminlegqmjwowkwbezn/Build/Intermediates.noindex/swift-crypto.build/Debug-iphonesimulator/Crypto.build/Objects-normal/arm64/Crypto_const_extract_protocols.json (in target 'Crypto' from project 'swift-crypto')
    cd /Users/rioallen/Library/Developer/Xcode/DerivedData/TradeFly-cjeitwgqikminlegqmjwowkwbezn/SourcePackages/checkouts/swift-crypto
    write-file /Users/rioallen/Library/Developer/Xcode/DerivedData/TradeFly-cjeitwgqikminlegqmjwowkwbezn/Build/Intermediates.noindex/swift-crypto.build/Debug-iphonesimulator/Crypto.build/Objects-normal/arm64/Crypto_const_extract_protocols.json

WriteAuxiliaryFile /Users/rioallen/Library/Developer/Xcode/DerivedData/TradeFly-cjeitwgqikminlegqmjwowkwbezn/Build/Intermediates.noindex/swift-crypto.build/Debug-iphonesimulator/Crypto.build/Objects-normal/arm64/Crypto.SwiftConstValuesFileList (in target 'Crypto' from project 'swift-crypto')
    cd /Users/rioallen/Library/Developer/Xcode/DerivedData/TradeFly-cjeitwgqikminlegqmjwowkwbezn/SourcePackages/checkouts/swift-crypto
    write-file /Users/rioallen/Library/Developer/Xcode/DerivedData/TradeFly-cjeitwgqikminlegqmjwowkwbezn/Build/Intermediates.noindex/swift-crypto.build/Debug-iphonesimulator/Crypto.build/Objects-normal/arm64/Crypto.SwiftConstValuesFileList

WriteAuxiliaryFile /Users/rioallen/Library/Developer/Xcode/DerivedData/TradeFly-cjeitwgqikminlegqmjwowkwbezn/Build/Intermediates.noindex/swift-crypto.build/Debug-iphonesimulator/Crypto.build/Objects-normal/arm64/Crypto.LinkFileList (in target 'Crypto' from project 'swift-crypto')
    cd /Users/rioallen/Library/Developer/Xcode/DerivedData/TradeFly-cjeitwgqikminlegqmjwowkwbezn/SourcePackages/checkouts/swift-crypto
    write-file /Users/rioallen/Library/Developer/Xcode/DerivedData/TradeFly-cjeitwgqikminlegqmjwowkwbezn/Build/Intermediates.noindex/swift-crypto.build/Debug-iphonesimulator/Crypto.build/Objects-normal/arm64/Crypto.LinkFileList

WriteAuxiliaryFile /Users/rioallen/Library/Developer/Xcode/DerivedData/TradeFly-cjeitwgqikminlegqmjwowkwbezn/Build/Intermediates.noindex/swift-crypto.build/Debug-iphonesimulator/Crypto.build/Objects-normal/arm64/Crypto-OutputFileMap.json (in target 'Crypto' from project 'swift-crypto')
    cd /Users/rioallen/Library/Developer/Xcode/DerivedData/TradeFly-cjeitwgqikminlegqmjwowkwbezn/SourcePackages/checkouts/swift-crypto
    write-file /Users/rioallen/Library/Developer/Xcode/DerivedData/TradeFly-cjeitwgqikminlegqmjwowkwbezn/Build/Intermediates.noindex/swift-crypto.build/Debug-iphonesimulator/Crypto.build/Objects-normal/arm64/Crypto-OutputFileMap.json

WriteAuxiliaryFile /Users/rioallen/Library/Developer/Xcode/DerivedData/TradeFly-cjeitwgqikminlegqmjwowkwbezn/Build/Intermediates.noindex/swift-crypto.build/Debug-iphonesimulator/Crypto.build/DerivedSources/resource_bundle_accessor.swift (in target 'Crypto' from project 'swift-crypto')
    cd /Users/rioallen/Library/Developer/Xcode/DerivedData/TradeFly-cjeitwgqikminlegqmjwowkwbezn/SourcePackages/checkouts/swift-crypto
    write-file /Users/rioallen/Library/Developer/Xcode/DerivedData/TradeFly-cjeitwgqikminlegqmjwowkwbezn/Build/Intermediates.noindex/swift-crypto.build/Debug-iphonesimulator/Crypto.build/DerivedSources/resource_bundle_accessor.swift

WriteAuxiliaryFile /Users/rioallen/Library/Developer/Xcode/DerivedData/TradeFly-cjeitwgqikminlegqmjwowkwbezn/Build/Intermediates.noindex/swift-crypto.build/Debug-iphonesimulator/Crypto.build/Crypto.modulemap (in target 'Crypto' from project 'swift-crypto')
    cd /Users/rioallen/Library/Developer/Xcode/DerivedData/TradeFly-cjeitwgqikminlegqmjwowkwbezn/SourcePackages/checkouts/swift-crypto
    write-file /Users/rioallen/Library/Developer/Xcode/DerivedData/TradeFly-cjeitwgqikminlegqmjwowkwbezn/Build/Intermediates.noindex/swift-crypto.build/Debug-iphonesimulator/Crypto.build/Crypto.modulemap

WriteAuxiliaryFile /Users/rioallen/Library/Developer/Xcode/DerivedData/TradeFly-cjeitwgqikminlegqmjwowkwbezn/Build/Intermediates.noindex/swift-crypto.build/Debug-iphonesimulator/Crypto.build/Crypto.DependencyStaticMetadataFileList (in target 'Crypto' from project 'swift-crypto')
    cd /Users/rioallen/Library/Developer/Xcode/DerivedData/TradeFly-cjeitwgqikminlegqmjwowkwbezn/SourcePackages/checkouts/swift-crypto
    write-file /Users/rioallen/Library/Developer/Xcode/DerivedData/TradeFly-cjeitwgqikminlegqmjwowkwbezn/Build/Intermediates.noindex/swift-crypto.build/Debug-iphonesimulator/Crypto.build/Crypto.DependencyStaticMetadataFileList

WriteAuxiliaryFile /Users/rioallen/Library/Developer/Xcode/DerivedData/TradeFly-cjeitwgqikminlegqmjwowkwbezn/Build/Intermediates.noindex/swift-crypto.build/Debug-iphonesimulator/Crypto.build/Crypto.DependencyMetadataFileList (in target 'Crypto' from project 'swift-crypto')
    cd /Users/rioallen/Library/Developer/Xcode/DerivedData/TradeFly-cjeitwgqikminlegqmjwowkwbezn/SourcePackages/checkouts/swift-crypto
    write-file /Users/rioallen/Library/Developer/Xcode/DerivedData/TradeFly-cjeitwgqikminlegqmjwowkwbezn/Build/Intermediates.noindex/swift-crypto.build/Debug-iphonesimulator/Crypto.build/Crypto.DependencyMetadataFileList

Copy /Users/rioallen/Library/Developer/Xcode/DerivedData/TradeFly-cjeitwgqikminlegqmjwowkwbezn/Build/Intermediates.noindex/GeneratedModuleMaps-iphonesimulator/HTTPTypes.modulemap /Users/rioallen/Library/Developer/Xcode/DerivedData/TradeFly-cjeitwgqikminlegqmjwowkwbezn/Build/Intermediates.noindex/swift-http-types.build/Debug-iphonesimulator/HTTPTypes.build/HTTPTypes.modulemap (in target 'HTTPTypes' from project 'swift-http-types')
    cd /Users/rioallen/Library/Developer/Xcode/DerivedData/TradeFly-cjeitwgqikminlegqmjwowkwbezn/SourcePackages/checkouts/swift-http-types
    builtin-copy -exclude .DS_Store -exclude CVS -exclude .svn -exclude .git -exclude .hg -resolve-src-symlinks /Users/rioallen/Library/Developer/Xcode/DerivedData/TradeFly-cjeitwgqikminlegqmjwowkwbezn/Build/Intermediates.noindex/swift-http-types.build/Debug-iphonesimulator/HTTPTypes.build/HTTPTypes.modulemap /Users/rioallen/Library/Developer/Xcode/DerivedData/TradeFly-cjeitwgqikminlegqmjwowkwbezn/Build/Intermediates.noindex/GeneratedModuleMaps-iphonesimulator

WriteAuxiliaryFile /Users/rioallen/Library/Developer/Xcode/DerivedData/TradeFly-cjeitwgqikminlegqmjwowkwbezn/Build/Intermediates.noindex/swift-concurrency-extras.build/Debug-iphonesimulator/ConcurrencyExtras.build/Objects-normal/arm64/ConcurrencyExtras.SwiftFileList (in target 'ConcurrencyExtras' from project 'swift-concurrency-extras')
    cd /Users/rioallen/Library/Developer/Xcode/DerivedData/TradeFly-cjeitwgqikminlegqmjwowkwbezn/SourcePackages/checkouts/swift-concurrency-extras
    write-file /Users/rioallen/Library/Developer/Xcode/DerivedData/TradeFly-cjeitwgqikminlegqmjwowkwbezn/Build/Intermediates.noindex/swift-concurrency-extras.build/Debug-iphonesimulator/ConcurrencyExtras.build/Objects-normal/arm64/ConcurrencyExtras.SwiftFileList

WriteAuxiliaryFile /Users/rioallen/Library/Developer/Xcode/DerivedData/TradeFly-cjeitwgqikminlegqmjwowkwbezn/Build/Intermediates.noindex/swift-concurrency-extras.build/Debug-iphonesimulator/ConcurrencyExtras.build/Objects-normal/arm64/ConcurrencyExtras_const_extract_protocols.json (in target 'ConcurrencyExtras' from project 'swift-concurrency-extras')
    cd /Users/rioallen/Library/Developer/Xcode/DerivedData/TradeFly-cjeitwgqikminlegqmjwowkwbezn/SourcePackages/checkouts/swift-concurrency-extras
    write-file /Users/rioallen/Library/Developer/Xcode/DerivedData/TradeFly-cjeitwgqikminlegqmjwowkwbezn/Build/Intermediates.noindex/swift-concurrency-extras.build/Debug-iphonesimulator/ConcurrencyExtras.build/Objects-normal/arm64/ConcurrencyExtras_const_extract_protocols.json

WriteAuxiliaryFile /Users/rioallen/Library/Developer/Xcode/DerivedData/TradeFly-cjeitwgqikminlegqmjwowkwbezn/Build/Intermediates.noindex/swift-concurrency-extras.build/Debug-iphonesimulator/ConcurrencyExtras.build/Objects-normal/arm64/ConcurrencyExtras.LinkFileList (in target 'ConcurrencyExtras' from project 'swift-concurrency-extras')
    cd /Users/rioallen/Library/Developer/Xcode/DerivedData/TradeFly-cjeitwgqikminlegqmjwowkwbezn/SourcePackages/checkouts/swift-concurrency-extras
    write-file /Users/rioallen/Library/Developer/Xcode/DerivedData/TradeFly-cjeitwgqikminlegqmjwowkwbezn/Build/Intermediates.noindex/swift-concurrency-extras.build/Debug-iphonesimulator/ConcurrencyExtras.build/Objects-normal/arm64/ConcurrencyExtras.LinkFileList

WriteAuxiliaryFile /Users/rioallen/Library/Developer/Xcode/DerivedData/TradeFly-cjeitwgqikminlegqmjwowkwbezn/Build/Intermediates.noindex/swift-concurrency-extras.build/Debug-iphonesimulator/ConcurrencyExtras.build/Objects-normal/arm64/ConcurrencyExtras.SwiftConstValuesFileList (in target 'ConcurrencyExtras' from project 'swift-concurrency-extras')
    cd /Users/rioallen/Library/Developer/Xcode/DerivedData/TradeFly-cjeitwgqikminlegqmjwowkwbezn/SourcePackages/checkouts/swift-concurrency-extras
    write-file /Users/rioallen/Library/Developer/Xcode/DerivedData/TradeFly-cjeitwgqikminlegqmjwowkwbezn/Build/Intermediates.noindex/swift-concurrency-extras.build/Debug-iphonesimulator/ConcurrencyExtras.build/Objects-normal/arm64/ConcurrencyExtras.SwiftConstValuesFileList

WriteAuxiliaryFile /Users/rioallen/Library/Developer/Xcode/DerivedData/TradeFly-cjeitwgqikminlegqmjwowkwbezn/Build/Intermediates.noindex/swift-concurrency-extras.build/Debug-iphonesimulator/ConcurrencyExtras.build/Objects-normal/arm64/ConcurrencyExtras-OutputFileMap.json (in target 'ConcurrencyExtras' from project 'swift-concurrency-extras')
    cd /Users/rioallen/Library/Developer/Xcode/DerivedData/TradeFly-cjeitwgqikminlegqmjwowkwbezn/SourcePackages/checkouts/swift-concurrency-extras
    write-file /Users/rioallen/Library/Developer/Xcode/DerivedData/TradeFly-cjeitwgqikminlegqmjwowkwbezn/Build/Intermediates.noindex/swift-concurrency-extras.build/Debug-iphonesimulator/ConcurrencyExtras.build/Objects-normal/arm64/ConcurrencyExtras-OutputFileMap.json

WriteAuxiliaryFile /Users/rioallen/Library/Developer/Xcode/DerivedData/TradeFly-cjeitwgqikminlegqmjwowkwbezn/Build/Intermediates.noindex/swift-concurrency-extras.build/Debug-iphonesimulator/ConcurrencyExtras.build/ConcurrencyExtras.modulemap (in target 'ConcurrencyExtras' from project 'swift-concurrency-extras')
    cd /Users/rioallen/Library/Developer/Xcode/DerivedData/TradeFly-cjeitwgqikminlegqmjwowkwbezn/SourcePackages/checkouts/swift-concurrency-extras
    write-file /Users/rioallen/Library/Developer/Xcode/DerivedData/TradeFly-cjeitwgqikminlegqmjwowkwbezn/Build/Intermediates.noindex/swift-concurrency-extras.build/Debug-iphonesimulator/ConcurrencyExtras.build/ConcurrencyExtras.modulemap

WriteAuxiliaryFile /Users/rioallen/Library/Developer/Xcode/DerivedData/TradeFly-cjeitwgqikminlegqmjwowkwbezn/Build/Intermediates.noindex/swift-concurrency-extras.build/Debug-iphonesimulator/ConcurrencyExtras.build/ConcurrencyExtras.DependencyStaticMetadataFileList (in target 'ConcurrencyExtras' from project 'swift-concurrency-extras')
    cd /Users/rioallen/Library/Developer/Xcode/DerivedData/TradeFly-cjeitwgqikminlegqmjwowkwbezn/SourcePackages/checkouts/swift-concurrency-extras
    write-file /Users/rioallen/Library/Developer/Xcode/DerivedData/TradeFly-cjeitwgqikminlegqmjwowkwbezn/Build/Intermediates.noindex/swift-concurrency-extras.build/Debug-iphonesimulator/ConcurrencyExtras.build/ConcurrencyExtras.DependencyStaticMetadataFileList

WriteAuxiliaryFile /Users/rioallen/Library/Developer/Xcode/DerivedData/TradeFly-cjeitwgqikminlegqmjwowkwbezn/Build/Intermediates.noindex/swift-concurrency-extras.build/Debug-iphonesimulator/ConcurrencyExtras.build/ConcurrencyExtras.DependencyMetadataFileList (in target 'ConcurrencyExtras' from project 'swift-concurrency-extras')
    cd /Users/rioallen/Library/Developer/Xcode/DerivedData/TradeFly-cjeitwgqikminlegqmjwowkwbezn/SourcePackages/checkouts/swift-concurrency-extras
    write-file /Users/rioallen/Library/Developer/Xcode/DerivedData/TradeFly-cjeitwgqikminlegqmjwowkwbezn/Build/Intermediates.noindex/swift-concurrency-extras.build/Debug-iphonesimulator/ConcurrencyExtras.build/ConcurrencyExtras.DependencyMetadataFileList

WriteAuxiliaryFile /Users/rioallen/Library/Developer/Xcode/DerivedData/TradeFly-cjeitwgqikminlegqmjwowkwbezn/Build/Intermediates.noindex/swift-clocks.build/Debug-iphonesimulator/Clocks.build/Objects-normal/arm64/Clocks.LinkFileList (in target 'Clocks' from project 'swift-clocks')
    cd /Users/rioallen/Library/Developer/Xcode/DerivedData/TradeFly-cjeitwgqikminlegqmjwowkwbezn/SourcePackages/checkouts/swift-clocks
    write-file /Users/rioallen/Library/Developer/Xcode/DerivedData/TradeFly-cjeitwgqikminlegqmjwowkwbezn/Build/Intermediates.noindex/swift-clocks.build/Debug-iphonesimulator/Clocks.build/Objects-normal/arm64/Clocks.LinkFileList

WriteAuxiliaryFile /Users/rioallen/Library/Developer/Xcode/DerivedData/TradeFly-cjeitwgqikminlegqmjwowkwbezn/Build/Intermediates.noindex/swift-clocks.build/Debug-iphonesimulator/Clocks.build/Objects-normal/arm64/Clocks.SwiftConstValuesFileList (in target 'Clocks' from project 'swift-clocks')
    cd /Users/rioallen/Library/Developer/Xcode/DerivedData/TradeFly-cjeitwgqikminlegqmjwowkwbezn/SourcePackages/checkouts/swift-clocks
    write-file /Users/rioallen/Library/Developer/Xcode/DerivedData/TradeFly-cjeitwgqikminlegqmjwowkwbezn/Build/Intermediates.noindex/swift-clocks.build/Debug-iphonesimulator/Clocks.build/Objects-normal/arm64/Clocks.SwiftConstValuesFileList

WriteAuxiliaryFile /Users/rioallen/Library/Developer/Xcode/DerivedData/TradeFly-cjeitwgqikminlegqmjwowkwbezn/Build/Intermediates.noindex/swift-clocks.build/Debug-iphonesimulator/Clocks.build/Objects-normal/arm64/Clocks-OutputFileMap.json (in target 'Clocks' from project 'swift-clocks')
    cd /Users/rioallen/Library/Developer/Xcode/DerivedData/TradeFly-cjeitwgqikminlegqmjwowkwbezn/SourcePackages/checkouts/swift-clocks
    write-file /Users/rioallen/Library/Developer/Xcode/DerivedData/TradeFly-cjeitwgqikminlegqmjwowkwbezn/Build/Intermediates.noindex/swift-clocks.build/Debug-iphonesimulator/Clocks.build/Objects-normal/arm64/Clocks-OutputFileMap.json

WriteAuxiliaryFile /Users/rioallen/Library/Developer/Xcode/DerivedData/TradeFly-cjeitwgqikminlegqmjwowkwbezn/Build/Intermediates.noindex/swift-clocks.build/Debug-iphonesimulator/Clocks.build/Objects-normal/arm64/Clocks.SwiftFileList (in target 'Clocks' from project 'swift-clocks')
    cd /Users/rioallen/Library/Developer/Xcode/DerivedData/TradeFly-cjeitwgqikminlegqmjwowkwbezn/SourcePackages/checkouts/swift-clocks
    write-file /Users/rioallen/Library/Developer/Xcode/DerivedData/TradeFly-cjeitwgqikminlegqmjwowkwbezn/Build/Intermediates.noindex/swift-clocks.build/Debug-iphonesimulator/Clocks.build/Objects-normal/arm64/Clocks.SwiftFileList

WriteAuxiliaryFile /Users/rioallen/Library/Developer/Xcode/DerivedData/TradeFly-cjeitwgqikminlegqmjwowkwbezn/Build/Intermediates.noindex/swift-clocks.build/Debug-iphonesimulator/Clocks.build/Objects-normal/arm64/Clocks_const_extract_protocols.json (in target 'Clocks' from project 'swift-clocks')
    cd /Users/rioallen/Library/Developer/Xcode/DerivedData/TradeFly-cjeitwgqikminlegqmjwowkwbezn/SourcePackages/checkouts/swift-clocks
    write-file /Users/rioallen/Library/Developer/Xcode/DerivedData/TradeFly-cjeitwgqikminlegqmjwowkwbezn/Build/Intermediates.noindex/swift-clocks.build/Debug-iphonesimulator/Clocks.build/Objects-normal/arm64/Clocks_const_extract_protocols.json

Copy /Users/rioallen/Library/Developer/Xcode/DerivedData/TradeFly-cjeitwgqikminlegqmjwowkwbezn/Build/Intermediates.noindex/GeneratedModuleMaps-iphonesimulator/Crypto.modulemap /Users/rioallen/Library/Developer/Xcode/DerivedData/TradeFly-cjeitwgqikminlegqmjwowkwbezn/Build/Intermediates.noindex/swift-crypto.build/Debug-iphonesimulator/Crypto.build/Crypto.modulemap (in target 'Crypto' from project 'swift-crypto')
    cd /Users/rioallen/Library/Developer/Xcode/DerivedData/TradeFly-cjeitwgqikminlegqmjwowkwbezn/SourcePackages/checkouts/swift-crypto
    builtin-copy -exclude .DS_Store -exclude CVS -exclude .svn -exclude .git -exclude .hg -resolve-src-symlinks /Users/rioallen/Library/Developer/Xcode/DerivedData/TradeFly-cjeitwgqikminlegqmjwowkwbezn/Build/Intermediates.noindex/swift-crypto.build/Debug-iphonesimulator/Crypto.build/Crypto.modulemap /Users/rioallen/Library/Developer/Xcode/DerivedData/TradeFly-cjeitwgqikminlegqmjwowkwbezn/Build/Intermediates.noindex/GeneratedModuleMaps-iphonesimulator

WriteAuxiliaryFile /Users/rioallen/Library/Developer/Xcode/DerivedData/TradeFly-cjeitwgqikminlegqmjwowkwbezn/Build/Intermediates.noindex/swift-clocks.build/Debug-iphonesimulator/Clocks.build/Clocks.modulemap (in target 'Clocks' from project 'swift-clocks')
    cd /Users/rioallen/Library/Developer/Xcode/DerivedData/TradeFly-cjeitwgqikminlegqmjwowkwbezn/SourcePackages/checkouts/swift-clocks
    write-file /Users/rioallen/Library/Developer/Xcode/DerivedData/TradeFly-cjeitwgqikminlegqmjwowkwbezn/Build/Intermediates.noindex/swift-clocks.build/Debug-iphonesimulator/Clocks.build/Clocks.modulemap

WriteAuxiliaryFile /Users/rioallen/Library/Developer/Xcode/DerivedData/TradeFly-cjeitwgqikminlegqmjwowkwbezn/Build/Intermediates.noindex/swift-clocks.build/Debug-iphonesimulator/Clocks.build/Clocks.DependencyStaticMetadataFileList (in target 'Clocks' from project 'swift-clocks')
    cd /Users/rioallen/Library/Developer/Xcode/DerivedData/TradeFly-cjeitwgqikminlegqmjwowkwbezn/SourcePackages/checkouts/swift-clocks
    write-file /Users/rioallen/Library/Developer/Xcode/DerivedData/TradeFly-cjeitwgqikminlegqmjwowkwbezn/Build/Intermediates.noindex/swift-clocks.build/Debug-iphonesimulator/Clocks.build/Clocks.DependencyStaticMetadataFileList

WriteAuxiliaryFile /Users/rioallen/Library/Developer/Xcode/DerivedData/TradeFly-cjeitwgqikminlegqmjwowkwbezn/Build/Intermediates.noindex/swift-clocks.build/Debug-iphonesimulator/Clocks.build/Clocks.DependencyMetadataFileList (in target 'Clocks' from project 'swift-clocks')
    cd /Users/rioallen/Library/Developer/Xcode/DerivedData/TradeFly-cjeitwgqikminlegqmjwowkwbezn/SourcePackages/checkouts/swift-clocks
    write-file /Users/rioallen/Library/Developer/Xcode/DerivedData/TradeFly-cjeitwgqikminlegqmjwowkwbezn/Build/Intermediates.noindex/swift-clocks.build/Debug-iphonesimulator/Clocks.build/Clocks.DependencyMetadataFileList

MkDir /Users/rioallen/Library/Developer/Xcode/DerivedData/TradeFly-cjeitwgqikminlegqmjwowkwbezn/Build/Products/Debug-iphonesimulator/TradeFly.app (in target 'TradeFly' from project 'TradeFly')
    cd /Users/rioallen/Documents/DropFly-OS-App-Builder/DropFly-PROJECTS/TradeFly-iOS
    /bin/mkdir -p /Users/rioallen/Library/Developer/Xcode/DerivedData/TradeFly-cjeitwgqikminlegqmjwowkwbezn/Build/Products/Debug-iphonesimulator/TradeFly.app

Copy /Users/rioallen/Library/Developer/Xcode/DerivedData/TradeFly-cjeitwgqikminlegqmjwowkwbezn/Build/Intermediates.noindex/GeneratedModuleMaps-iphonesimulator/ConcurrencyExtras.modulemap /Users/rioallen/Library/Developer/Xcode/DerivedData/TradeFly-cjeitwgqikminlegqmjwowkwbezn/Build/Intermediates.noindex/swift-concurrency-extras.build/Debug-iphonesimulator/ConcurrencyExtras.build/ConcurrencyExtras.modulemap (in target 'ConcurrencyExtras' from project 'swift-concurrency-extras')
    cd /Users/rioallen/Library/Developer/Xcode/DerivedData/TradeFly-cjeitwgqikminlegqmjwowkwbezn/SourcePackages/checkouts/swift-concurrency-extras
    builtin-copy -exclude .DS_Store -exclude CVS -exclude .svn -exclude .git -exclude .hg -resolve-src-symlinks /Users/rioallen/Library/Developer/Xcode/DerivedData/TradeFly-cjeitwgqikminlegqmjwowkwbezn/Build/Intermediates.noindex/swift-concurrency-extras.build/Debug-iphonesimulator/ConcurrencyExtras.build/ConcurrencyExtras.modulemap /Users/rioallen/Library/Developer/Xcode/DerivedData/TradeFly-cjeitwgqikminlegqmjwowkwbezn/Build/Intermediates.noindex/GeneratedModuleMaps-iphonesimulator

WriteAuxiliaryFile /Users/rioallen/Library/Developer/Xcode/DerivedData/TradeFly-cjeitwgqikminlegqmjwowkwbezn/Build/Intermediates.noindex/Supabase.build/Debug-iphonesimulator/Helpers.build/Helpers.modulemap (in target 'Helpers' from project 'Supabase')
    cd /Users/rioallen/Library/Developer/Xcode/DerivedData/TradeFly-cjeitwgqikminlegqmjwowkwbezn/SourcePackages/checkouts/supabase-swift
    write-file /Users/rioallen/Library/Developer/Xcode/DerivedData/TradeFly-cjeitwgqikminlegqmjwowkwbezn/Build/Intermediates.noindex/Supabase.build/Debug-iphonesimulator/Helpers.build/Helpers.modulemap

WriteAuxiliaryFile /Users/rioallen/Library/Developer/Xcode/DerivedData/TradeFly-cjeitwgqikminlegqmjwowkwbezn/Build/Intermediates.noindex/Supabase.build/Debug-iphonesimulator/Helpers.build/Objects-normal/arm64/Helpers.SwiftConstValuesFileList (in target 'Helpers' from project 'Supabase')
    cd /Users/rioallen/Library/Developer/Xcode/DerivedData/TradeFly-cjeitwgqikminlegqmjwowkwbezn/SourcePackages/checkouts/supabase-swift
    write-file /Users/rioallen/Library/Developer/Xcode/DerivedData/TradeFly-cjeitwgqikminlegqmjwowkwbezn/Build/Intermediates.noindex/Supabase.build/Debug-iphonesimulator/Helpers.build/Objects-normal/arm64/Helpers.SwiftConstValuesFileList

WriteAuxiliaryFile /Users/rioallen/Library/Developer/Xcode/DerivedData/TradeFly-cjeitwgqikminlegqmjwowkwbezn/Build/Intermediates.noindex/Supabase.build/Debug-iphonesimulator/Helpers.build/Objects-normal/arm64/Helpers.LinkFileList (in target 'Helpers' from project 'Supabase')
    cd /Users/rioallen/Library/Developer/Xcode/DerivedData/TradeFly-cjeitwgqikminlegqmjwowkwbezn/SourcePackages/checkouts/supabase-swift
    write-file /Users/rioallen/Library/Developer/Xcode/DerivedData/TradeFly-cjeitwgqikminlegqmjwowkwbezn/Build/Intermediates.noindex/Supabase.build/Debug-iphonesimulator/Helpers.build/Objects-normal/arm64/Helpers.LinkFileList

WriteAuxiliaryFile /Users/rioallen/Library/Developer/Xcode/DerivedData/TradeFly-cjeitwgqikminlegqmjwowkwbezn/Build/Intermediates.noindex/Supabase.build/Debug-iphonesimulator/Helpers.build/Objects-normal/arm64/Helpers_const_extract_protocols.json (in target 'Helpers' from project 'Supabase')
    cd /Users/rioallen/Library/Developer/Xcode/DerivedData/TradeFly-cjeitwgqikminlegqmjwowkwbezn/SourcePackages/checkouts/supabase-swift
    write-file /Users/rioallen/Library/Developer/Xcode/DerivedData/TradeFly-cjeitwgqikminlegqmjwowkwbezn/Build/Intermediates.noindex/Supabase.build/Debug-iphonesimulator/Helpers.build/Objects-normal/arm64/Helpers_const_extract_protocols.json

WriteAuxiliaryFile /Users/rioallen/Library/Developer/Xcode/DerivedData/TradeFly-cjeitwgqikminlegqmjwowkwbezn/Build/Intermediates.noindex/Supabase.build/Debug-iphonesimulator/Helpers.build/Objects-normal/arm64/Helpers.SwiftFileList (in target 'Helpers' from project 'Supabase')
    cd /Users/rioallen/Library/Developer/Xcode/DerivedData/TradeFly-cjeitwgqikminlegqmjwowkwbezn/SourcePackages/checkouts/supabase-swift
    write-file /Users/rioallen/Library/Developer/Xcode/DerivedData/TradeFly-cjeitwgqikminlegqmjwowkwbezn/Build/Intermediates.noindex/Supabase.build/Debug-iphonesimulator/Helpers.build/Objects-normal/arm64/Helpers.SwiftFileList

WriteAuxiliaryFile /Users/rioallen/Library/Developer/Xcode/DerivedData/TradeFly-cjeitwgqikminlegqmjwowkwbezn/Build/Intermediates.noindex/Supabase.build/Debug-iphonesimulator/Helpers.build/Objects-normal/arm64/Helpers-OutputFileMap.json (in target 'Helpers' from project 'Supabase')
    cd /Users/rioallen/Library/Developer/Xcode/DerivedData/TradeFly-cjeitwgqikminlegqmjwowkwbezn/SourcePackages/checkouts/supabase-swift
    write-file /Users/rioallen/Library/Developer/Xcode/DerivedData/TradeFly-cjeitwgqikminlegqmjwowkwbezn/Build/Intermediates.noindex/Supabase.build/Debug-iphonesimulator/Helpers.build/Objects-normal/arm64/Helpers-OutputFileMap.json

WriteAuxiliaryFile /Users/rioallen/Library/Developer/Xcode/DerivedData/TradeFly-cjeitwgqikminlegqmjwowkwbezn/Build/Intermediates.noindex/Supabase.build/Debug-iphonesimulator/Helpers.build/Helpers.DependencyStaticMetadataFileList (in target 'Helpers' from project 'Supabase')
    cd /Users/rioallen/Library/Developer/Xcode/DerivedData/TradeFly-cjeitwgqikminlegqmjwowkwbezn/SourcePackages/checkouts/supabase-swift
    write-file /Users/rioallen/Library/Developer/Xcode/DerivedData/TradeFly-cjeitwgqikminlegqmjwowkwbezn/Build/Intermediates.noindex/Supabase.build/Debug-iphonesimulator/Helpers.build/Helpers.DependencyStaticMetadataFileList

WriteAuxiliaryFile /Users/rioallen/Library/Developer/Xcode/DerivedData/TradeFly-cjeitwgqikminlegqmjwowkwbezn/Build/Intermediates.noindex/Supabase.build/Debug-iphonesimulator/Helpers.build/Helpers.DependencyMetadataFileList (in target 'Helpers' from project 'Supabase')
    cd /Users/rioallen/Library/Developer/Xcode/DerivedData/TradeFly-cjeitwgqikminlegqmjwowkwbezn/SourcePackages/checkouts/supabase-swift
    write-file /Users/rioallen/Library/Developer/Xcode/DerivedData/TradeFly-cjeitwgqikminlegqmjwowkwbezn/Build/Intermediates.noindex/Supabase.build/Debug-iphonesimulator/Helpers.build/Helpers.DependencyMetadataFileList

WriteAuxiliaryFile /Users/rioallen/Library/Developer/Xcode/DerivedData/TradeFly-cjeitwgqikminlegqmjwowkwbezn/Build/Intermediates.noindex/Supabase.build/Debug-iphonesimulator/Functions.build/Objects-normal/arm64/Functions.SwiftConstValuesFileList (in target 'Functions' from project 'Supabase')
    cd /Users/rioallen/Library/Developer/Xcode/DerivedData/TradeFly-cjeitwgqikminlegqmjwowkwbezn/SourcePackages/checkouts/supabase-swift
    write-file /Users/rioallen/Library/Developer/Xcode/DerivedData/TradeFly-cjeitwgqikminlegqmjwowkwbezn/Build/Intermediates.noindex/Supabase.build/Debug-iphonesimulator/Functions.build/Objects-normal/arm64/Functions.SwiftConstValuesFileList

WriteAuxiliaryFile /Users/rioallen/Library/Developer/Xcode/DerivedData/TradeFly-cjeitwgqikminlegqmjwowkwbezn/Build/Intermediates.noindex/Supabase.build/Debug-iphonesimulator/Functions.build/Objects-normal/arm64/Functions.SwiftFileList (in target 'Functions' from project 'Supabase')
    cd /Users/rioallen/Library/Developer/Xcode/DerivedData/TradeFly-cjeitwgqikminlegqmjwowkwbezn/SourcePackages/checkouts/supabase-swift
    write-file /Users/rioallen/Library/Developer/Xcode/DerivedData/TradeFly-cjeitwgqikminlegqmjwowkwbezn/Build/Intermediates.noindex/Supabase.build/Debug-iphonesimulator/Functions.build/Objects-normal/arm64/Functions.SwiftFileList

WriteAuxiliaryFile /Users/rioallen/Library/Developer/Xcode/DerivedData/TradeFly-cjeitwgqikminlegqmjwowkwbezn/Build/Intermediates.noindex/Supabase.build/Debug-iphonesimulator/Functions.build/Objects-normal/arm64/Functions.LinkFileList (in target 'Functions' from project 'Supabase')
    cd /Users/rioallen/Library/Developer/Xcode/DerivedData/TradeFly-cjeitwgqikminlegqmjwowkwbezn/SourcePackages/checkouts/supabase-swift
    write-file /Users/rioallen/Library/Developer/Xcode/DerivedData/TradeFly-cjeitwgqikminlegqmjwowkwbezn/Build/Intermediates.noindex/Supabase.build/Debug-iphonesimulator/Functions.build/Objects-normal/arm64/Functions.LinkFileList

WriteAuxiliaryFile /Users/rioallen/Library/Developer/Xcode/DerivedData/TradeFly-cjeitwgqikminlegqmjwowkwbezn/Build/Intermediates.noindex/Supabase.build/Debug-iphonesimulator/Functions.build/Objects-normal/arm64/Functions_const_extract_protocols.json (in target 'Functions' from project 'Supabase')
    cd /Users/rioallen/Library/Developer/Xcode/DerivedData/TradeFly-cjeitwgqikminlegqmjwowkwbezn/SourcePackages/checkouts/supabase-swift
    write-file /Users/rioallen/Library/Developer/Xcode/DerivedData/TradeFly-cjeitwgqikminlegqmjwowkwbezn/Build/Intermediates.noindex/Supabase.build/Debug-iphonesimulator/Functions.build/Objects-normal/arm64/Functions_const_extract_protocols.json

WriteAuxiliaryFile /Users/rioallen/Library/Developer/Xcode/DerivedData/TradeFly-cjeitwgqikminlegqmjwowkwbezn/Build/Intermediates.noindex/Supabase.build/Debug-iphonesimulator/Functions.build/Objects-normal/arm64/Functions-OutputFileMap.json (in target 'Functions' from project 'Supabase')
    cd /Users/rioallen/Library/Developer/Xcode/DerivedData/TradeFly-cjeitwgqikminlegqmjwowkwbezn/SourcePackages/checkouts/supabase-swift
    write-file /Users/rioallen/Library/Developer/Xcode/DerivedData/TradeFly-cjeitwgqikminlegqmjwowkwbezn/Build/Intermediates.noindex/Supabase.build/Debug-iphonesimulator/Functions.build/Objects-normal/arm64/Functions-OutputFileMap.json

WriteAuxiliaryFile /Users/rioallen/Library/Developer/Xcode/DerivedData/TradeFly-cjeitwgqikminlegqmjwowkwbezn/Build/Intermediates.noindex/Supabase.build/Debug-iphonesimulator/Functions.build/Functions.modulemap (in target 'Functions' from project 'Supabase')
    cd /Users/rioallen/Library/Developer/Xcode/DerivedData/TradeFly-cjeitwgqikminlegqmjwowkwbezn/SourcePackages/checkouts/supabase-swift
    write-file /Users/rioallen/Library/Developer/Xcode/DerivedData/TradeFly-cjeitwgqikminlegqmjwowkwbezn/Build/Intermediates.noindex/Supabase.build/Debug-iphonesimulator/Functions.build/Functions.modulemap

WriteAuxiliaryFile /Users/rioallen/Library/Developer/Xcode/DerivedData/TradeFly-cjeitwgqikminlegqmjwowkwbezn/Build/Intermediates.noindex/Supabase.build/Debug-iphonesimulator/Functions.build/Functions.DependencyStaticMetadataFileList (in target 'Functions' from project 'Supabase')
    cd /Users/rioallen/Library/Developer/Xcode/DerivedData/TradeFly-cjeitwgqikminlegqmjwowkwbezn/SourcePackages/checkouts/supabase-swift
    write-file /Users/rioallen/Library/Developer/Xcode/DerivedData/TradeFly-cjeitwgqikminlegqmjwowkwbezn/Build/Intermediates.noindex/Supabase.build/Debug-iphonesimulator/Functions.build/Functions.DependencyStaticMetadataFileList

WriteAuxiliaryFile /Users/rioallen/Library/Developer/Xcode/DerivedData/TradeFly-cjeitwgqikminlegqmjwowkwbezn/Build/Intermediates.noindex/Supabase.build/Debug-iphonesimulator/Functions.build/Functions.DependencyMetadataFileList (in target 'Functions' from project 'Supabase')
    cd /Users/rioallen/Library/Developer/Xcode/DerivedData/TradeFly-cjeitwgqikminlegqmjwowkwbezn/SourcePackages/checkouts/supabase-swift
    write-file /Users/rioallen/Library/Developer/Xcode/DerivedData/TradeFly-cjeitwgqikminlegqmjwowkwbezn/Build/Intermediates.noindex/Supabase.build/Debug-iphonesimulator/Functions.build/Functions.DependencyMetadataFileList

Copy /Users/rioallen/Library/Developer/Xcode/DerivedData/TradeFly-cjeitwgqikminlegqmjwowkwbezn/Build/Intermediates.noindex/GeneratedModuleMaps-iphonesimulator/Clocks.modulemap /Users/rioallen/Library/Developer/Xcode/DerivedData/TradeFly-cjeitwgqikminlegqmjwowkwbezn/Build/Intermediates.noindex/swift-clocks.build/Debug-iphonesimulator/Clocks.build/Clocks.modulemap (in target 'Clocks' from project 'swift-clocks')
    cd /Users/rioallen/Library/Developer/Xcode/DerivedData/TradeFly-cjeitwgqikminlegqmjwowkwbezn/SourcePackages/checkouts/swift-clocks
    builtin-copy -exclude .DS_Store -exclude CVS -exclude .svn -exclude .git -exclude .hg -resolve-src-symlinks /Users/rioallen/Library/Developer/Xcode/DerivedData/TradeFly-cjeitwgqikminlegqmjwowkwbezn/Build/Intermediates.noindex/swift-clocks.build/Debug-iphonesimulator/Clocks.build/Clocks.modulemap /Users/rioallen/Library/Developer/Xcode/DerivedData/TradeFly-cjeitwgqikminlegqmjwowkwbezn/Build/Intermediates.noindex/GeneratedModuleMaps-iphonesimulator

Copy /Users/rioallen/Library/Developer/Xcode/DerivedData/TradeFly-cjeitwgqikminlegqmjwowkwbezn/Build/Intermediates.noindex/GeneratedModuleMaps-iphonesimulator/Helpers.modulemap /Users/rioallen/Library/Developer/Xcode/DerivedData/TradeFly-cjeitwgqikminlegqmjwowkwbezn/Build/Intermediates.noindex/Supabase.build/Debug-iphonesimulator/Helpers.build/Helpers.modulemap (in target 'Helpers' from project 'Supabase')
    cd /Users/rioallen/Library/Developer/Xcode/DerivedData/TradeFly-cjeitwgqikminlegqmjwowkwbezn/SourcePackages/checkouts/supabase-swift
    builtin-copy -exclude .DS_Store -exclude CVS -exclude .svn -exclude .git -exclude .hg -resolve-src-symlinks /Users/rioallen/Library/Developer/Xcode/DerivedData/TradeFly-cjeitwgqikminlegqmjwowkwbezn/Build/Intermediates.noindex/Supabase.build/Debug-iphonesimulator/Helpers.build/Helpers.modulemap /Users/rioallen/Library/Developer/Xcode/DerivedData/TradeFly-cjeitwgqikminlegqmjwowkwbezn/Build/Intermediates.noindex/GeneratedModuleMaps-iphonesimulator

WriteAuxiliaryFile /Users/rioallen/Library/Developer/Xcode/DerivedData/TradeFly-cjeitwgqikminlegqmjwowkwbezn/Build/Intermediates.noindex/Supabase.build/Debug-iphonesimulator/Auth.build/Objects-normal/arm64/Auth.LinkFileList (in target 'Auth' from project 'Supabase')
    cd /Users/rioallen/Library/Developer/Xcode/DerivedData/TradeFly-cjeitwgqikminlegqmjwowkwbezn/SourcePackages/checkouts/supabase-swift
    write-file /Users/rioallen/Library/Developer/Xcode/DerivedData/TradeFly-cjeitwgqikminlegqmjwowkwbezn/Build/Intermediates.noindex/Supabase.build/Debug-iphonesimulator/Auth.build/Objects-normal/arm64/Auth.LinkFileList

WriteAuxiliaryFile /Users/rioallen/Library/Developer/Xcode/DerivedData/TradeFly-cjeitwgqikminlegqmjwowkwbezn/Build/Intermediates.noindex/Supabase.build/Debug-iphonesimulator/Auth.build/Objects-normal/arm64/Auth-OutputFileMap.json (in target 'Auth' from project 'Supabase')
    cd /Users/rioallen/Library/Developer/Xcode/DerivedData/TradeFly-cjeitwgqikminlegqmjwowkwbezn/SourcePackages/checkouts/supabase-swift
    write-file /Users/rioallen/Library/Developer/Xcode/DerivedData/TradeFly-cjeitwgqikminlegqmjwowkwbezn/Build/Intermediates.noindex/Supabase.build/Debug-iphonesimulator/Auth.build/Objects-normal/arm64/Auth-OutputFileMap.json

WriteAuxiliaryFile /Users/rioallen/Library/Developer/Xcode/DerivedData/TradeFly-cjeitwgqikminlegqmjwowkwbezn/Build/Intermediates.noindex/Supabase.build/Debug-iphonesimulator/Auth.build/Objects-normal/arm64/Auth.SwiftConstValuesFileList (in target 'Auth' from project 'Supabase')
    cd /Users/rioallen/Library/Developer/Xcode/DerivedData/TradeFly-cjeitwgqikminlegqmjwowkwbezn/SourcePackages/checkouts/supabase-swift
    write-file /Users/rioallen/Library/Developer/Xcode/DerivedData/TradeFly-cjeitwgqikminlegqmjwowkwbezn/Build/Intermediates.noindex/Supabase.build/Debug-iphonesimulator/Auth.build/Objects-normal/arm64/Auth.SwiftConstValuesFileList

WriteAuxiliaryFile /Users/rioallen/Library/Developer/Xcode/DerivedData/TradeFly-cjeitwgqikminlegqmjwowkwbezn/Build/Intermediates.noindex/Supabase.build/Debug-iphonesimulator/Auth.build/Objects-normal/arm64/Auth_const_extract_protocols.json (in target 'Auth' from project 'Supabase')
    cd /Users/rioallen/Library/Developer/Xcode/DerivedData/TradeFly-cjeitwgqikminlegqmjwowkwbezn/SourcePackages/checkouts/supabase-swift
    write-file /Users/rioallen/Library/Developer/Xcode/DerivedData/TradeFly-cjeitwgqikminlegqmjwowkwbezn/Build/Intermediates.noindex/Supabase.build/Debug-iphonesimulator/Auth.build/Objects-normal/arm64/Auth_const_extract_protocols.json

WriteAuxiliaryFile /Users/rioallen/Library/Developer/Xcode/DerivedData/TradeFly-cjeitwgqikminlegqmjwowkwbezn/Build/Intermediates.noindex/Supabase.build/Debug-iphonesimulator/Auth.build/Objects-normal/arm64/Auth.SwiftFileList (in target 'Auth' from project 'Supabase')
    cd /Users/rioallen/Library/Developer/Xcode/DerivedData/TradeFly-cjeitwgqikminlegqmjwowkwbezn/SourcePackages/checkouts/supabase-swift
    write-file /Users/rioallen/Library/Developer/Xcode/DerivedData/TradeFly-cjeitwgqikminlegqmjwowkwbezn/Build/Intermediates.noindex/Supabase.build/Debug-iphonesimulator/Auth.build/Objects-normal/arm64/Auth.SwiftFileList

WriteAuxiliaryFile /Users/rioallen/Library/Developer/Xcode/DerivedData/TradeFly-cjeitwgqikminlegqmjwowkwbezn/Build/Intermediates.noindex/Supabase.build/Debug-iphonesimulator/Auth.build/Auth.modulemap (in target 'Auth' from project 'Supabase')
    cd /Users/rioallen/Library/Developer/Xcode/DerivedData/TradeFly-cjeitwgqikminlegqmjwowkwbezn/SourcePackages/checkouts/supabase-swift
    write-file /Users/rioallen/Library/Developer/Xcode/DerivedData/TradeFly-cjeitwgqikminlegqmjwowkwbezn/Build/Intermediates.noindex/Supabase.build/Debug-iphonesimulator/Auth.build/Auth.modulemap

WriteAuxiliaryFile /Users/rioallen/Library/Developer/Xcode/DerivedData/TradeFly-cjeitwgqikminlegqmjwowkwbezn/Build/Intermediates.noindex/Supabase.build/Debug-iphonesimulator/Auth.build/Auth.DependencyStaticMetadataFileList (in target 'Auth' from project 'Supabase')
    cd /Users/rioallen/Library/Developer/Xcode/DerivedData/TradeFly-cjeitwgqikminlegqmjwowkwbezn/SourcePackages/checkouts/supabase-swift
    write-file /Users/rioallen/Library/Developer/Xcode/DerivedData/TradeFly-cjeitwgqikminlegqmjwowkwbezn/Build/Intermediates.noindex/Supabase.build/Debug-iphonesimulator/Auth.build/Auth.DependencyStaticMetadataFileList

WriteAuxiliaryFile /Users/rioallen/Library/Developer/Xcode/DerivedData/TradeFly-cjeitwgqikminlegqmjwowkwbezn/Build/Intermediates.noindex/Supabase.build/Debug-iphonesimulator/Auth.build/Auth.DependencyMetadataFileList (in target 'Auth' from project 'Supabase')
    cd /Users/rioallen/Library/Developer/Xcode/DerivedData/TradeFly-cjeitwgqikminlegqmjwowkwbezn/SourcePackages/checkouts/supabase-swift
    write-file /Users/rioallen/Library/Developer/Xcode/DerivedData/TradeFly-cjeitwgqikminlegqmjwowkwbezn/Build/Intermediates.noindex/Supabase.build/Debug-iphonesimulator/Auth.build/Auth.DependencyMetadataFileList

Copy /Users/rioallen/Library/Developer/Xcode/DerivedData/TradeFly-cjeitwgqikminlegqmjwowkwbezn/Build/Intermediates.noindex/GeneratedModuleMaps-iphonesimulator/Functions.modulemap /Users/rioallen/Library/Developer/Xcode/DerivedData/TradeFly-cjeitwgqikminlegqmjwowkwbezn/Build/Intermediates.noindex/Supabase.build/Debug-iphonesimulator/Functions.build/Functions.modulemap (in target 'Functions' from project 'Supabase')
    cd /Users/rioallen/Library/Developer/Xcode/DerivedData/TradeFly-cjeitwgqikminlegqmjwowkwbezn/SourcePackages/checkouts/supabase-swift
    builtin-copy -exclude .DS_Store -exclude CVS -exclude .svn -exclude .git -exclude .hg -resolve-src-symlinks /Users/rioallen/Library/Developer/Xcode/DerivedData/TradeFly-cjeitwgqikminlegqmjwowkwbezn/Build/Intermediates.noindex/Supabase.build/Debug-iphonesimulator/Functions.build/Functions.modulemap /Users/rioallen/Library/Developer/Xcode/DerivedData/TradeFly-cjeitwgqikminlegqmjwowkwbezn/Build/Intermediates.noindex/GeneratedModuleMaps-iphonesimulator

Copy /Users/rioallen/Library/Developer/Xcode/DerivedData/TradeFly-cjeitwgqikminlegqmjwowkwbezn/Build/Intermediates.noindex/GeneratedModuleMaps-iphonesimulator/Auth.modulemap /Users/rioallen/Library/Developer/Xcode/DerivedData/TradeFly-cjeitwgqikminlegqmjwowkwbezn/Build/Intermediates.noindex/Supabase.build/Debug-iphonesimulator/Auth.build/Auth.modulemap (in target 'Auth' from project 'Supabase')
    cd /Users/rioallen/Library/Developer/Xcode/DerivedData/TradeFly-cjeitwgqikminlegqmjwowkwbezn/SourcePackages/checkouts/supabase-swift
    builtin-copy -exclude .DS_Store -exclude CVS -exclude .svn -exclude .git -exclude .hg -resolve-src-symlinks /Users/rioallen/Library/Developer/Xcode/DerivedData/TradeFly-cjeitwgqikminlegqmjwowkwbezn/Build/Intermediates.noindex/Supabase.build/Debug-iphonesimulator/Auth.build/Auth.modulemap /Users/rioallen/Library/Developer/Xcode/DerivedData/TradeFly-cjeitwgqikminlegqmjwowkwbezn/Build/Intermediates.noindex/GeneratedModuleMaps-iphonesimulator

ProcessInfoPlistFile /Users/rioallen/Library/Developer/Xcode/DerivedData/TradeFly-cjeitwgqikminlegqmjwowkwbezn/Build/Products/Debug-iphonesimulator/swift-crypto_Crypto.bundle/Info.plist /Users/rioallen/Library/Developer/Xcode/DerivedData/TradeFly-cjeitwgqikminlegqmjwowkwbezn/Build/Intermediates.noindex/swift-crypto.build/Debug-iphonesimulator/swift-crypto_Crypto.build/empty-swift-crypto_Crypto.plist (in target 'swift-crypto_Crypto' from project 'swift-crypto')
    cd /Users/rioallen/Library/Developer/Xcode/DerivedData/TradeFly-cjeitwgqikminlegqmjwowkwbezn/SourcePackages/checkouts/swift-crypto
    builtin-infoPlistUtility /Users/rioallen/Library/Developer/Xcode/DerivedData/TradeFly-cjeitwgqikminlegqmjwowkwbezn/Build/Intermediates.noindex/swift-crypto.build/Debug-iphonesimulator/swift-crypto_Crypto.build/empty-swift-crypto_Crypto.plist -producttype com.apple.product-type.bundle -expandbuildsettings -format binary -platform iphonesimulator -o /Users/rioallen/Library/Developer/Xcode/DerivedData/TradeFly-cjeitwgqikminlegqmjwowkwbezn/Build/Products/Debug-iphonesimulator/swift-crypto_Crypto.bundle/Info.plist

CpResource /Users/rioallen/Library/Developer/Xcode/DerivedData/TradeFly-cjeitwgqikminlegqmjwowkwbezn/Build/Products/Debug-iphonesimulator/swift-crypto_Crypto.bundle/PrivacyInfo.xcprivacy /Users/rioallen/Library/Developer/Xcode/DerivedData/TradeFly-cjeitwgqikminlegqmjwowkwbezn/SourcePackages/checkouts/swift-crypto/Sources/Crypto/PrivacyInfo.xcprivacy (in target 'swift-crypto_Crypto' from project 'swift-crypto')
    cd /Users/rioallen/Library/Developer/Xcode/DerivedData/TradeFly-cjeitwgqikminlegqmjwowkwbezn/SourcePackages/checkouts/swift-crypto
    builtin-copy -exclude .DS_Store -exclude CVS -exclude .svn -exclude .git -exclude .hg -resolve-src-symlinks /Users/rioallen/Library/Developer/Xcode/DerivedData/TradeFly-cjeitwgqikminlegqmjwowkwbezn/SourcePackages/checkouts/swift-crypto/Sources/Crypto/PrivacyInfo.xcprivacy /Users/rioallen/Library/Developer/Xcode/DerivedData/TradeFly-cjeitwgqikminlegqmjwowkwbezn/Build/Products/Debug-iphonesimulator/swift-crypto_Crypto.bundle

CodeSign /Users/rioallen/Library/Developer/Xcode/DerivedData/TradeFly-cjeitwgqikminlegqmjwowkwbezn/Build/Products/Debug-iphonesimulator/swift-crypto_Crypto.bundle (in target 'swift-crypto_Crypto' from project 'swift-crypto')
    cd /Users/rioallen/Library/Developer/Xcode/DerivedData/TradeFly-cjeitwgqikminlegqmjwowkwbezn/SourcePackages/checkouts/swift-crypto
    
    Signing Identity:     "Sign to Run Locally"
    
    /usr/bin/codesign --force --sign - --timestamp\=none --generate-entitlement-der /Users/rioallen/Library/Developer/Xcode/DerivedData/TradeFly-cjeitwgqikminlegqmjwowkwbezn/Build/Products/Debug-iphonesimulator/swift-crypto_Crypto.bundle

RegisterExecutionPolicyException /Users/rioallen/Library/Developer/Xcode/DerivedData/TradeFly-cjeitwgqikminlegqmjwowkwbezn/Build/Products/Debug-iphonesimulator/swift-crypto_Crypto.bundle (in target 'swift-crypto_Crypto' from project 'swift-crypto')
    cd /Users/rioallen/Library/Developer/Xcode/DerivedData/TradeFly-cjeitwgqikminlegqmjwowkwbezn/SourcePackages/checkouts/swift-crypto
    builtin-RegisterExecutionPolicyException /Users/rioallen/Library/Developer/Xcode/DerivedData/TradeFly-cjeitwgqikminlegqmjwowkwbezn/Build/Products/Debug-iphonesimulator/swift-crypto_Crypto.bundle

Touch /Users/rioallen/Library/Developer/Xcode/DerivedData/TradeFly-cjeitwgqikminlegqmjwowkwbezn/Build/Products/Debug-iphonesimulator/swift-crypto_Crypto.bundle (in target 'swift-crypto_Crypto' from project 'swift-crypto')
    cd /Users/rioallen/Library/Developer/Xcode/DerivedData/TradeFly-cjeitwgqikminlegqmjwowkwbezn/SourcePackages/checkouts/swift-crypto
    /usr/bin/touch -c /Users/rioallen/Library/Developer/Xcode/DerivedData/TradeFly-cjeitwgqikminlegqmjwowkwbezn/Build/Products/Debug-iphonesimulator/swift-crypto_Crypto.bundle

SwiftDriver ConcurrencyExtras normal arm64 com.apple.xcode.tools.swift.compiler (in target 'ConcurrencyExtras' from project 'swift-concurrency-extras')
    cd /Users/rioallen/Documents/DropFly-OS-App-Builder/DropFly-PROJECTS/TradeFly-iOS/TradeFly.xcodeproj
    builtin-SwiftDriver -- /Applications/Xcode.app/Contents/Developer/Toolchains/XcodeDefault.xctoolchain/usr/bin/swiftc -module-name ConcurrencyExtras -Onone -enforce-exclusivity\=checked @/Users/rioallen/Library/Developer/Xcode/DerivedData/TradeFly-cjeitwgqikminlegqmjwowkwbezn/Build/Intermediates.noindex/swift-concurrency-extras.build/Debug-iphonesimulator/ConcurrencyExtras.build/Objects-normal/arm64/ConcurrencyExtras.SwiftFileList -DSWIFT_PACKAGE -DDEBUG -DSWIFT_MODULE_RESOURCE_BUNDLE_UNAVAILABLE -DXcode -plugin-path /Applications/Xcode.app/Contents/Developer/Toolchains/XcodeDefault.xctoolchain/usr/lib/swift/host/plugins/testing -enable-experimental-feature DebugDescriptionMacro -sdk /Applications/Xcode.app/Contents/Developer/Platforms/iPhoneSimulator.platform/Developer/SDKs/iPhoneSimulator26.1.sdk -target arm64-apple-ios13.0-simulator -g -module-cache-path /Users/rioallen/Library/Developer/Xcode/DerivedData/ModuleCache.noindex -Xfrontend -serialize-debugging-options -enable-testing -suppress-warnings -index-store-path /Users/rioallen/Library/Developer/Xcode/DerivedData/TradeFly-cjeitwgqikminlegqmjwowkwbezn/Index.noindex/DataStore -Xcc -D_LIBCPP_HARDENING_MODE\=_LIBCPP_HARDENING_MODE_DEBUG -swift-version 6 -I /Users/rioallen/Library/Developer/Xcode/DerivedData/TradeFly-cjeitwgqikminlegqmjwowkwbezn/Build/Products/Debug-iphonesimulator -Isystem /Applications/Xcode.app/Contents/Developer/Platforms/iPhoneSimulator.platform/Developer/usr/lib -F /Users/rioallen/Library/Developer/Xcode/DerivedData/TradeFly-cjeitwgqikminlegqmjwowkwbezn/Build/Products/Debug-iphonesimulator -F /Applications/Xcode.app/Contents/Developer/Platforms/iPhoneSimulator.platform/Developer/Library/Frameworks -F /Applications/Xcode.app/Contents/Developer/Platforms/iPhoneSimulator.platform/Developer/SDKs/iPhoneSimulator26.1.sdk/Developer/Library/Frameworks -c -j16 -enable-batch-mode -incremental -Xcc -ivfsstatcache -Xcc /Users/rioallen/Library/Developer/Xcode/DerivedData/SDKStatCaches.noindex/iphonesimulator26.1-23B77-90cf18a4295e390e64c810bc6bd7acbc.sdkstatcache -output-file-map /Users/rioallen/Library/Developer/Xcode/DerivedData/TradeFly-cjeitwgqikminlegqmjwowkwbezn/Build/Intermediates.noindex/swift-concurrency-extras.build/Debug-iphonesimulator/ConcurrencyExtras.build/Objects-normal/arm64/ConcurrencyExtras-OutputFileMap.json -use-frontend-parseable-output -save-temps -no-color-diagnostics -explicit-module-build -module-cache-path /Users/rioallen/Library/Developer/Xcode/DerivedData/TradeFly-cjeitwgqikminlegqmjwowkwbezn/Build/Intermediates.noindex/SwiftExplicitPrecompiledModules -clang-scanner-module-cache-path /Users/rioallen/Library/Developer/Xcode/DerivedData/ModuleCache.noindex -sdk-module-cache-path /Users/rioallen/Library/Developer/Xcode/DerivedData/ModuleCache.noindex -serialize-diagnostics -emit-dependencies -emit-module -emit-module-path /Users/rioallen/Library/Developer/Xcode/DerivedData/TradeFly-cjeitwgqikminlegqmjwowkwbezn/Build/Intermediates.noindex/swift-concurrency-extras.build/Debug-iphonesimulator/ConcurrencyExtras.build/Objects-normal/arm64/ConcurrencyExtras.swiftmodule -user-module-version 1.3.2 -validate-clang-modules-once -clang-build-session-file /Users/rioallen/Library/Developer/Xcode/DerivedData/ModuleCache.noindex/Session.modulevalidation -package-name swift_concurrency_extras -Xcc -I/Users/rioallen/Library/Developer/Xcode/DerivedData/TradeFly-cjeitwgqikminlegqmjwowkwbezn/Build/Intermediates.noindex/swift-concurrency-extras.build/Debug-iphonesimulator/ConcurrencyExtras.build/swift-overrides.hmap -emit-const-values -Xfrontend -const-gather-protocols-file -Xfrontend /Users/rioallen/Library/Developer/Xcode/DerivedData/TradeFly-cjeitwgqikminlegqmjwowkwbezn/Build/Intermediates.noindex/swift-concurrency-extras.build/Debug-iphonesimulator/ConcurrencyExtras.build/Objects-normal/arm64/ConcurrencyExtras_const_extract_protocols.json -Xcc -I/Users/rioallen/Library/Developer/Xcode/DerivedData/TradeFly-cjeitwgqikminlegqmjwowkwbezn/Build/Products/Debug-iphonesimulator/include -Xcc -I/Users/rioallen/Library/Developer/Xcode/DerivedData/TradeFly-cjeitwgqikminlegqmjwowkwbezn/Build/Intermediates.noindex/swift-concurrency-extras.build/Debug-iphonesimulator/ConcurrencyExtras.build/DerivedSources-normal/arm64 -Xcc -I/Users/rioallen/Library/Developer/Xcode/DerivedData/TradeFly-cjeitwgqikminlegqmjwowkwbezn/Build/Intermediates.noindex/swift-concurrency-extras.build/Debug-iphonesimulator/ConcurrencyExtras.build/DerivedSources/arm64 -Xcc -I/Users/rioallen/Library/Developer/Xcode/DerivedData/TradeFly-cjeitwgqikminlegqmjwowkwbezn/Build/Intermediates.noindex/swift-concurrency-extras.build/Debug-iphonesimulator/ConcurrencyExtras.build/DerivedSources -Xcc -DSWIFT_PACKAGE -Xcc -DDEBUG\=1 -emit-objc-header -emit-objc-header-path /Users/rioallen/Library/Developer/Xcode/DerivedData/TradeFly-cjeitwgqikminlegqmjwowkwbezn/Build/Intermediates.noindex/swift-concurrency-extras.build/Debug-iphonesimulator/ConcurrencyExtras.build/Objects-normal/arm64/ConcurrencyExtras-Swift.h -working-directory /Users/rioallen/Documents/DropFly-OS-App-Builder/DropFly-PROJECTS/TradeFly-iOS/TradeFly.xcodeproj -experimental-emit-module-separately -disable-cmo

SwiftDriver IssueReportingPackageSupport normal arm64 com.apple.xcode.tools.swift.compiler (in target 'IssueReportingPackageSupport' from project 'xctest-dynamic-overlay')
    cd /Users/rioallen/Documents/DropFly-OS-App-Builder/DropFly-PROJECTS/TradeFly-iOS/TradeFly.xcodeproj
    builtin-SwiftDriver -- /Applications/Xcode.app/Contents/Developer/Toolchains/XcodeDefault.xctoolchain/usr/bin/swiftc -module-name IssueReportingPackageSupport -Onone -enforce-exclusivity\=checked @/Users/rioallen/Library/Developer/Xcode/DerivedData/TradeFly-cjeitwgqikminlegqmjwowkwbezn/Build/Intermediates.noindex/xctest-dynamic-overlay.build/Debug-iphonesimulator/IssueReportingPackageSupport.build/Objects-normal/arm64/IssueReportingPackageSupport.SwiftFileList -DSWIFT_PACKAGE -DDEBUG -DSWIFT_MODULE_RESOURCE_BUNDLE_UNAVAILABLE -DXcode -plugin-path /Applications/Xcode.app/Contents/Developer/Toolchains/XcodeDefault.xctoolchain/usr/lib/swift/host/plugins/testing -enable-experimental-feature DebugDescriptionMacro -sdk /Applications/Xcode.app/Contents/Developer/Platforms/iPhoneSimulator.platform/Developer/SDKs/iPhoneSimulator26.1.sdk -target arm64-apple-ios13.0-simulator -g -module-cache-path /Users/rioallen/Library/Developer/Xcode/DerivedData/ModuleCache.noindex -Xfrontend -serialize-debugging-options -enable-testing -suppress-warnings -index-store-path /Users/rioallen/Library/Developer/Xcode/DerivedData/TradeFly-cjeitwgqikminlegqmjwowkwbezn/Index.noindex/DataStore -Xcc -D_LIBCPP_HARDENING_MODE\=_LIBCPP_HARDENING_MODE_DEBUG -swift-version 6 -I /Users/rioallen/Library/Developer/Xcode/DerivedData/TradeFly-cjeitwgqikminlegqmjwowkwbezn/Build/Products/Debug-iphonesimulator -Isystem /Applications/Xcode.app/Contents/Developer/Platforms/iPhoneSimulator.platform/Developer/usr/lib -F /Users/rioallen/Library/Developer/Xcode/DerivedData/TradeFly-cjeitwgqikminlegqmjwowkwbezn/Build/Products/Debug-iphonesimulator -F /Applications/Xcode.app/Contents/Developer/Platforms/iPhoneSimulator.platform/Developer/Library/Frameworks -F /Applications/Xcode.app/Contents/Developer/Platforms/iPhoneSimulator.platform/Developer/SDKs/iPhoneSimulator26.1.sdk/Developer/Library/Frameworks -parse-as-library -c -j16 -enable-batch-mode -incremental -Xcc -ivfsstatcache -Xcc /Users/rioallen/Library/Developer/Xcode/DerivedData/SDKStatCaches.noindex/iphonesimulator26.1-23B77-90cf18a4295e390e64c810bc6bd7acbc.sdkstatcache -output-file-map /Users/rioallen/Library/Developer/Xcode/DerivedData/TradeFly-cjeitwgqikminlegqmjwowkwbezn/Build/Intermediates.noindex/xctest-dynamic-overlay.build/Debug-iphonesimulator/IssueReportingPackageSupport.build/Objects-normal/arm64/IssueReportingPackageSupport-OutputFileMap.json -use-frontend-parseable-output -save-temps -no-color-diagnostics -explicit-module-build -module-cache-path /Users/rioallen/Library/Developer/Xcode/DerivedData/TradeFly-cjeitwgqikminlegqmjwowkwbezn/Build/Intermediates.noindex/SwiftExplicitPrecompiledModules -clang-scanner-module-cache-path /Users/rioallen/Library/Developer/Xcode/DerivedData/ModuleCache.noindex -sdk-module-cache-path /Users/rioallen/Library/Developer/Xcode/DerivedData/ModuleCache.noindex -serialize-diagnostics -emit-dependencies -emit-module -emit-module-path /Users/rioallen/Library/Developer/Xcode/DerivedData/TradeFly-cjeitwgqikminlegqmjwowkwbezn/Build/Intermediates.noindex/xctest-dynamic-overlay.build/Debug-iphonesimulator/IssueReportingPackageSupport.build/Objects-normal/arm64/IssueReportingPackageSupport.swiftmodule -user-module-version 1.7.0 -validate-clang-modules-once -clang-build-session-file /Users/rioallen/Library/Developer/Xcode/DerivedData/ModuleCache.noindex/Session.modulevalidation -package-name xctest_dynamic_overlay -Xcc -I/Users/rioallen/Library/Developer/Xcode/DerivedData/TradeFly-cjeitwgqikminlegqmjwowkwbezn/Build/Intermediates.noindex/xctest-dynamic-overlay.build/Debug-iphonesimulator/IssueReportingPackageSupport.build/swift-overrides.hmap -emit-const-values -Xfrontend -const-gather-protocols-file -Xfrontend /Users/rioallen/Library/Developer/Xcode/DerivedData/TradeFly-cjeitwgqikminlegqmjwowkwbezn/Build/Intermediates.noindex/xctest-dynamic-overlay.build/Debug-iphonesimulator/IssueReportingPackageSupport.build/Objects-normal/arm64/IssueReportingPackageSupport_const_extract_protocols.json -Xcc -I/Users/rioallen/Library/Developer/Xcode/DerivedData/TradeFly-cjeitwgqikminlegqmjwowkwbezn/Build/Products/Debug-iphonesimulator/include -Xcc -I/Users/rioallen/Library/Developer/Xcode/DerivedData/TradeFly-cjeitwgqikminlegqmjwowkwbezn/Build/Intermediates.noindex/xctest-dynamic-overlay.build/Debug-iphonesimulator/IssueReportingPackageSupport.build/DerivedSources-normal/arm64 -Xcc -I/Users/rioallen/Library/Developer/Xcode/DerivedData/TradeFly-cjeitwgqikminlegqmjwowkwbezn/Build/Intermediates.noindex/xctest-dynamic-overlay.build/Debug-iphonesimulator/IssueReportingPackageSupport.build/DerivedSources/arm64 -Xcc -I/Users/rioallen/Library/Developer/Xcode/DerivedData/TradeFly-cjeitwgqikminlegqmjwowkwbezn/Build/Intermediates.noindex/xctest-dynamic-overlay.build/Debug-iphonesimulator/IssueReportingPackageSupport.build/DerivedSources -Xcc -DSWIFT_PACKAGE -Xcc -DDEBUG\=1 -emit-objc-header -emit-objc-header-path /Users/rioallen/Library/Developer/Xcode/DerivedData/TradeFly-cjeitwgqikminlegqmjwowkwbezn/Build/Intermediates.noindex/xctest-dynamic-overlay.build/Debug-iphonesimulator/IssueReportingPackageSupport.build/Objects-normal/arm64/IssueReportingPackageSupport-Swift.h -working-directory /Users/rioallen/Documents/DropFly-OS-App-Builder/DropFly-PROJECTS/TradeFly-iOS/TradeFly.xcodeproj -experimental-emit-module-separately -disable-cmo

SwiftDriver HTTPTypes normal arm64 com.apple.xcode.tools.swift.compiler (in target 'HTTPTypes' from project 'swift-http-types')
    cd /Users/rioallen/Documents/DropFly-OS-App-Builder/DropFly-PROJECTS/TradeFly-iOS/TradeFly.xcodeproj
    builtin-SwiftDriver -- /Applications/Xcode.app/Contents/Developer/Toolchains/XcodeDefault.xctoolchain/usr/bin/swiftc -module-name HTTPTypes -Onone -enforce-exclusivity\=checked @/Users/rioallen/Library/Developer/Xcode/DerivedData/TradeFly-cjeitwgqikminlegqmjwowkwbezn/Build/Intermediates.noindex/swift-http-types.build/Debug-iphonesimulator/HTTPTypes.build/Objects-normal/arm64/HTTPTypes.SwiftFileList -DSWIFT_PACKAGE -DDEBUG -DSWIFT_MODULE_RESOURCE_BUNDLE_UNAVAILABLE -DXcode -enable-experimental-feature StrictConcurrency\=complete -enable-upcoming-feature MemberImportVisibility -plugin-path /Applications/Xcode.app/Contents/Developer/Toolchains/XcodeDefault.xctoolchain/usr/lib/swift/host/plugins/testing -enable-experimental-feature DebugDescriptionMacro -sdk /Applications/Xcode.app/Contents/Developer/Platforms/iPhoneSimulator.platform/Developer/SDKs/iPhoneSimulator26.1.sdk -target arm64-apple-ios12.0-simulator -g -module-cache-path /Users/rioallen/Library/Developer/Xcode/DerivedData/ModuleCache.noindex -Xfrontend -serialize-debugging-options -enable-testing -suppress-warnings -index-store-path /Users/rioallen/Library/Developer/Xcode/DerivedData/TradeFly-cjeitwgqikminlegqmjwowkwbezn/Index.noindex/DataStore -Xcc -D_LIBCPP_HARDENING_MODE\=_LIBCPP_HARDENING_MODE_DEBUG -swift-version 5 -I /Users/rioallen/Library/Developer/Xcode/DerivedData/TradeFly-cjeitwgqikminlegqmjwowkwbezn/Build/Products/Debug-iphonesimulator -Isystem /Applications/Xcode.app/Contents/Developer/Platforms/iPhoneSimulator.platform/Developer/usr/lib -F /Users/rioallen/Library/Developer/Xcode/DerivedData/TradeFly-cjeitwgqikminlegqmjwowkwbezn/Build/Products/Debug-iphonesimulator -F /Applications/Xcode.app/Contents/Developer/Platforms/iPhoneSimulator.platform/Developer/Library/Frameworks -F /Applications/Xcode.app/Contents/Developer/Platforms/iPhoneSimulator.platform/Developer/SDKs/iPhoneSimulator26.1.sdk/Developer/Library/Frameworks -c -j16 -enable-batch-mode -incremental -Xcc -ivfsstatcache -Xcc /Users/rioallen/Library/Developer/Xcode/DerivedData/SDKStatCaches.noindex/iphonesimulator26.1-23B77-90cf18a4295e390e64c810bc6bd7acbc.sdkstatcache -output-file-map /Users/rioallen/Library/Developer/Xcode/DerivedData/TradeFly-cjeitwgqikminlegqmjwowkwbezn/Build/Intermediates.noindex/swift-http-types.build/Debug-iphonesimulator/HTTPTypes.build/Objects-normal/arm64/HTTPTypes-OutputFileMap.json -use-frontend-parseable-output -save-temps -no-color-diagnostics -explicit-module-build -module-cache-path /Users/rioallen/Library/Developer/Xcode/DerivedData/TradeFly-cjeitwgqikminlegqmjwowkwbezn/Build/Intermediates.noindex/SwiftExplicitPrecompiledModules -clang-scanner-module-cache-path /Users/rioallen/Library/Developer/Xcode/DerivedData/ModuleCache.noindex -sdk-module-cache-path /Users/rioallen/Library/Developer/Xcode/DerivedData/ModuleCache.noindex -serialize-diagnostics -emit-dependencies -emit-module -emit-module-path /Users/rioallen/Library/Developer/Xcode/DerivedData/TradeFly-cjeitwgqikminlegqmjwowkwbezn/Build/Intermediates.noindex/swift-http-types.build/Debug-iphonesimulator/HTTPTypes.build/Objects-normal/arm64/HTTPTypes.swiftmodule -validate-clang-modules-once -clang-build-session-file /Users/rioallen/Library/Developer/Xcode/DerivedData/ModuleCache.noindex/Session.modulevalidation -package-name swift_http_types -Xcc -I/Users/rioallen/Library/Developer/Xcode/DerivedData/TradeFly-cjeitwgqikminlegqmjwowkwbezn/Build/Intermediates.noindex/swift-http-types.build/Debug-iphonesimulator/HTTPTypes.build/swift-overrides.hmap -emit-const-values -Xfrontend -const-gather-protocols-file -Xfrontend /Users/rioallen/Library/Developer/Xcode/DerivedData/TradeFly-cjeitwgqikminlegqmjwowkwbezn/Build/Intermediates.noindex/swift-http-types.build/Debug-iphonesimulator/HTTPTypes.build/Objects-normal/arm64/HTTPTypes_const_extract_protocols.json -Xcc -I/Users/rioallen/Library/Developer/Xcode/DerivedData/TradeFly-cjeitwgqikminlegqmjwowkwbezn/Build/Products/Debug-iphonesimulator/include -Xcc -I/Users/rioallen/Library/Developer/Xcode/DerivedData/TradeFly-cjeitwgqikminlegqmjwowkwbezn/Build/Intermediates.noindex/swift-http-types.build/Debug-iphonesimulator/HTTPTypes.build/DerivedSources-normal/arm64 -Xcc -I/Users/rioallen/Library/Developer/Xcode/DerivedData/TradeFly-cjeitwgqikminlegqmjwowkwbezn/Build/Intermediates.noindex/swift-http-types.build/Debug-iphonesimulator/HTTPTypes.build/DerivedSources/arm64 -Xcc -I/Users/rioallen/Library/Developer/Xcode/DerivedData/TradeFly-cjeitwgqikminlegqmjwowkwbezn/Build/Intermediates.noindex/swift-http-types.build/Debug-iphonesimulator/HTTPTypes.build/DerivedSources -Xcc -DSWIFT_PACKAGE -Xcc -DDEBUG\=1 -emit-objc-header -emit-objc-header-path /Users/rioallen/Library/Developer/Xcode/DerivedData/TradeFly-cjeitwgqikminlegqmjwowkwbezn/Build/Intermediates.noindex/swift-http-types.build/Debug-iphonesimulator/HTTPTypes.build/Objects-normal/arm64/HTTPTypes-Swift.h -working-directory /Users/rioallen/Documents/DropFly-OS-App-Builder/DropFly-PROJECTS/TradeFly-iOS/TradeFly.xcodeproj -experimental-emit-module-separately -disable-cmo

SwiftDriver Crypto normal arm64 com.apple.xcode.tools.swift.compiler (in target 'Crypto' from project 'swift-crypto')
    cd /Users/rioallen/Documents/DropFly-OS-App-Builder/DropFly-PROJECTS/TradeFly-iOS/TradeFly.xcodeproj
    builtin-SwiftDriver -- /Applications/Xcode.app/Contents/Developer/Toolchains/XcodeDefault.xctoolchain/usr/bin/swiftc -module-name Crypto -Onone -enforce-exclusivity\=checked @/Users/rioallen/Library/Developer/Xcode/DerivedData/TradeFly-cjeitwgqikminlegqmjwowkwbezn/Build/Intermediates.noindex/swift-crypto.build/Debug-iphonesimulator/Crypto.build/Objects-normal/arm64/Crypto.SwiftFileList -DSWIFT_PACKAGE -DDEBUG -DSWIFT_MODULE_RESOURCE_BUNDLE_AVAILABLE -DCRYPTO_IN_SWIFTPM -DXcode -enable-upcoming-feature MemberImportVisibility -plugin-path /Applications/Xcode.app/Contents/Developer/Toolchains/XcodeDefault.xctoolchain/usr/lib/swift/host/plugins/testing -enable-experimental-feature DebugDescriptionMacro -sdk /Applications/Xcode.app/Contents/Developer/Platforms/iPhoneSimulator.platform/Developer/SDKs/iPhoneSimulator26.1.sdk -target arm64-apple-ios12.0-simulator -g -module-cache-path /Users/rioallen/Library/Developer/Xcode/DerivedData/ModuleCache.noindex -Xfrontend -serialize-debugging-options -enable-testing -suppress-warnings -index-store-path /Users/rioallen/Library/Developer/Xcode/DerivedData/TradeFly-cjeitwgqikminlegqmjwowkwbezn/Index.noindex/DataStore -Xcc -D_LIBCPP_HARDENING_MODE\=_LIBCPP_HARDENING_MODE_DEBUG -swift-version 6 -I /Users/rioallen/Library/Developer/Xcode/DerivedData/TradeFly-cjeitwgqikminlegqmjwowkwbezn/Build/Products/Debug-iphonesimulator -Isystem /Applications/Xcode.app/Contents/Developer/Platforms/iPhoneSimulator.platform/Developer/usr/lib -F /Users/rioallen/Library/Developer/Xcode/DerivedData/TradeFly-cjeitwgqikminlegqmjwowkwbezn/Build/Products/Debug-iphonesimulator -F /Applications/Xcode.app/Contents/Developer/Platforms/iPhoneSimulator.platform/Developer/Library/Frameworks -F /Applications/Xcode.app/Contents/Developer/Platforms/iPhoneSimulator.platform/Developer/SDKs/iPhoneSimulator26.1.sdk/Developer/Library/Frameworks -c -j16 -enable-batch-mode -incremental -Xcc -ivfsstatcache -Xcc /Users/rioallen/Library/Developer/Xcode/DerivedData/SDKStatCaches.noindex/iphonesimulator26.1-23B77-90cf18a4295e390e64c810bc6bd7acbc.sdkstatcache -output-file-map /Users/rioallen/Library/Developer/Xcode/DerivedData/TradeFly-cjeitwgqikminlegqmjwowkwbezn/Build/Intermediates.noindex/swift-crypto.build/Debug-iphonesimulator/Crypto.build/Objects-normal/arm64/Crypto-OutputFileMap.json -use-frontend-parseable-output -save-temps -no-color-diagnostics -explicit-module-build -module-cache-path /Users/rioallen/Library/Developer/Xcode/DerivedData/TradeFly-cjeitwgqikminlegqmjwowkwbezn/Build/Intermediates.noindex/SwiftExplicitPrecompiledModules -clang-scanner-module-cache-path /Users/rioallen/Library/Developer/Xcode/DerivedData/ModuleCache.noindex -sdk-module-cache-path /Users/rioallen/Library/Developer/Xcode/DerivedData/ModuleCache.noindex -serialize-diagnostics -emit-dependencies -emit-module -emit-module-path /Users/rioallen/Library/Developer/Xcode/DerivedData/TradeFly-cjeitwgqikminlegqmjwowkwbezn/Build/Intermediates.noindex/swift-crypto.build/Debug-iphonesimulator/Crypto.build/Objects-normal/arm64/Crypto.swiftmodule -user-module-version 4.2.0 -validate-clang-modules-once -clang-build-session-file /Users/rioallen/Library/Developer/Xcode/DerivedData/ModuleCache.noindex/Session.modulevalidation -package-name swift_crypto -Xcc -I/Users/rioallen/Library/Developer/Xcode/DerivedData/TradeFly-cjeitwgqikminlegqmjwowkwbezn/Build/Intermediates.noindex/swift-crypto.build/Debug-iphonesimulator/Crypto.build/swift-overrides.hmap -emit-const-values -Xfrontend -const-gather-protocols-file -Xfrontend /Users/rioallen/Library/Developer/Xcode/DerivedData/TradeFly-cjeitwgqikminlegqmjwowkwbezn/Build/Intermediates.noindex/swift-crypto.build/Debug-iphonesimulator/Crypto.build/Objects-normal/arm64/Crypto_const_extract_protocols.json -Xcc -I/Users/rioallen/Library/Developer/Xcode/DerivedData/TradeFly-cjeitwgqikminlegqmjwowkwbezn/Build/Products/Debug-iphonesimulator/include -Xcc -I/Users/rioallen/Library/Developer/Xcode/DerivedData/TradeFly-cjeitwgqikminlegqmjwowkwbezn/Build/Intermediates.noindex/swift-crypto.build/Debug-iphonesimulator/Crypto.build/DerivedSources-normal/arm64 -Xcc -I/Users/rioallen/Library/Developer/Xcode/DerivedData/TradeFly-cjeitwgqikminlegqmjwowkwbezn/Build/Intermediates.noindex/swift-crypto.build/Debug-iphonesimulator/Crypto.build/DerivedSources/arm64 -Xcc -I/Users/rioallen/Library/Developer/Xcode/DerivedData/TradeFly-cjeitwgqikminlegqmjwowkwbezn/Build/Intermediates.noindex/swift-crypto.build/Debug-iphonesimulator/Crypto.build/DerivedSources -Xcc -DSWIFT_PACKAGE -Xcc -DDEBUG\=1 -emit-objc-header -emit-objc-header-path /Users/rioallen/Library/Developer/Xcode/DerivedData/TradeFly-cjeitwgqikminlegqmjwowkwbezn/Build/Intermediates.noindex/swift-crypto.build/Debug-iphonesimulator/Crypto.build/Objects-normal/arm64/Crypto-Swift.h -working-directory /Users/rioallen/Documents/DropFly-OS-App-Builder/DropFly-PROJECTS/TradeFly-iOS/TradeFly.xcodeproj -experimental-emit-module-separately -disable-cmo

SwiftEmitModule normal arm64 Emitting\ module\ for\ IssueReportingPackageSupport (in target 'IssueReportingPackageSupport' from project 'xctest-dynamic-overlay')

SwiftCompile normal arm64 /Users/rioallen/Library/Developer/Xcode/DerivedData/TradeFly-cjeitwgqikminlegqmjwowkwbezn/SourcePackages/checkouts/xctest-dynamic-overlay/Sources/IssueReportingPackageSupport/_Test.swift (in target 'IssueReportingPackageSupport' from project 'xctest-dynamic-overlay')
    cd /Users/rioallen/Documents/DropFly-OS-App-Builder/DropFly-PROJECTS/TradeFly-iOS/TradeFly.xcodeproj
    

SwiftCompile normal arm64 Compiling\ _Test.swift /Users/rioallen/Library/Developer/Xcode/DerivedData/TradeFly-cjeitwgqikminlegqmjwowkwbezn/SourcePackages/checkouts/xctest-dynamic-overlay/Sources/IssueReportingPackageSupport/_Test.swift (in target 'IssueReportingPackageSupport' from project 'xctest-dynamic-overlay')

SwiftCompile normal arm64 /Users/rioallen/Library/Developer/Xcode/DerivedData/TradeFly-cjeitwgqikminlegqmjwowkwbezn/SourcePackages/checkouts/xctest-dynamic-overlay/Sources/IssueReportingPackageSupport/_Test.swift (in target 'IssueReportingPackageSupport' from project 'xctest-dynamic-overlay')
    cd /Users/rioallen/Documents/DropFly-OS-App-Builder/DropFly-PROJECTS/TradeFly-iOS/TradeFly.xcodeproj
    

SwiftDriverJobDiscovery normal arm64 Emitting module for IssueReportingPackageSupport (in target 'IssueReportingPackageSupport' from project 'xctest-dynamic-overlay')

SwiftDriver\ Compilation\ Requirements IssueReportingPackageSupport normal arm64 com.apple.xcode.tools.swift.compiler (in target 'IssueReportingPackageSupport' from project 'xctest-dynamic-overlay')
    cd /Users/rioallen/Documents/DropFly-OS-App-Builder/DropFly-PROJECTS/TradeFly-iOS/TradeFly.xcodeproj
    builtin-Swift-Compilation-Requirements -- /Applications/Xcode.app/Contents/Developer/Toolchains/XcodeDefault.xctoolchain/usr/bin/swiftc -module-name IssueReportingPackageSupport -Onone -enforce-exclusivity\=checked @/Users/rioallen/Library/Developer/Xcode/DerivedData/TradeFly-cjeitwgqikminlegqmjwowkwbezn/Build/Intermediates.noindex/xctest-dynamic-overlay.build/Debug-iphonesimulator/IssueReportingPackageSupport.build/Objects-normal/arm64/IssueReportingPackageSupport.SwiftFileList -DSWIFT_PACKAGE -DDEBUG -DSWIFT_MODULE_RESOURCE_BUNDLE_UNAVAILABLE -DXcode -plugin-path /Applications/Xcode.app/Contents/Developer/Toolchains/XcodeDefault.xctoolchain/usr/lib/swift/host/plugins/testing -enable-experimental-feature DebugDescriptionMacro -sdk /Applications/Xcode.app/Contents/Developer/Platforms/iPhoneSimulator.platform/Developer/SDKs/iPhoneSimulator26.1.sdk -target arm64-apple-ios13.0-simulator -g -module-cache-path /Users/rioallen/Library/Developer/Xcode/DerivedData/ModuleCache.noindex -Xfrontend -serialize-debugging-options -enable-testing -suppress-warnings -index-store-path /Users/rioallen/Library/Developer/Xcode/DerivedData/TradeFly-cjeitwgqikminlegqmjwowkwbezn/Index.noindex/DataStore -Xcc -D_LIBCPP_HARDENING_MODE\=_LIBCPP_HARDENING_MODE_DEBUG -swift-version 6 -I /Users/rioallen/Library/Developer/Xcode/DerivedData/TradeFly-cjeitwgqikminlegqmjwowkwbezn/Build/Products/Debug-iphonesimulator -Isystem /Applications/Xcode.app/Contents/Developer/Platforms/iPhoneSimulator.platform/Developer/usr/lib -F /Users/rioallen/Library/Developer/Xcode/DerivedData/TradeFly-cjeitwgqikminlegqmjwowkwbezn/Build/Products/Debug-iphonesimulator -F /Applications/Xcode.app/Contents/Developer/Platforms/iPhoneSimulator.platform/Developer/Library/Frameworks -F /Applications/Xcode.app/Contents/Developer/Platforms/iPhoneSimulator.platform/Developer/SDKs/iPhoneSimulator26.1.sdk/Developer/Library/Frameworks -parse-as-library -c -j16 -enable-batch-mode -incremental -Xcc -ivfsstatcache -Xcc /Users/rioallen/Library/Developer/Xcode/DerivedData/SDKStatCaches.noindex/iphonesimulator26.1-23B77-90cf18a4295e390e64c810bc6bd7acbc.sdkstatcache -output-file-map /Users/rioallen/Library/Developer/Xcode/DerivedData/TradeFly-cjeitwgqikminlegqmjwowkwbezn/Build/Intermediates.noindex/xctest-dynamic-overlay.build/Debug-iphonesimulator/IssueReportingPackageSupport.build/Objects-normal/arm64/IssueReportingPackageSupport-OutputFileMap.json -use-frontend-parseable-output -save-temps -no-color-diagnostics -explicit-module-build -module-cache-path /Users/rioallen/Library/Developer/Xcode/DerivedData/TradeFly-cjeitwgqikminlegqmjwowkwbezn/Build/Intermediates.noindex/SwiftExplicitPrecompiledModules -clang-scanner-module-cache-path /Users/rioallen/Library/Developer/Xcode/DerivedData/ModuleCache.noindex -sdk-module-cache-path /Users/rioallen/Library/Developer/Xcode/DerivedData/ModuleCache.noindex -serialize-diagnostics -emit-dependencies -emit-module -emit-module-path /Users/rioallen/Library/Developer/Xcode/DerivedData/TradeFly-cjeitwgqikminlegqmjwowkwbezn/Build/Intermediates.noindex/xctest-dynamic-overlay.build/Debug-iphonesimulator/IssueReportingPackageSupport.build/Objects-normal/arm64/IssueReportingPackageSupport.swiftmodule -user-module-version 1.7.0 -validate-clang-modules-once -clang-build-session-file /Users/rioallen/Library/Developer/Xcode/DerivedData/ModuleCache.noindex/Session.modulevalidation -package-name xctest_dynamic_overlay -Xcc -I/Users/rioallen/Library/Developer/Xcode/DerivedData/TradeFly-cjeitwgqikminlegqmjwowkwbezn/Build/Intermediates.noindex/xctest-dynamic-overlay.build/Debug-iphonesimulator/IssueReportingPackageSupport.build/swift-overrides.hmap -emit-const-values -Xfrontend -const-gather-protocols-file -Xfrontend /Users/rioallen/Library/Developer/Xcode/DerivedData/TradeFly-cjeitwgqikminlegqmjwowkwbezn/Build/Intermediates.noindex/xctest-dynamic-overlay.build/Debug-iphonesimulator/IssueReportingPackageSupport.build/Objects-normal/arm64/IssueReportingPackageSupport_const_extract_protocols.json -Xcc -I/Users/rioallen/Library/Developer/Xcode/DerivedData/TradeFly-cjeitwgqikminlegqmjwowkwbezn/Build/Products/Debug-iphonesimulator/include -Xcc -I/Users/rioallen/Library/Developer/Xcode/DerivedData/TradeFly-cjeitwgqikminlegqmjwowkwbezn/Build/Intermediates.noindex/xctest-dynamic-overlay.build/Debug-iphonesimulator/IssueReportingPackageSupport.build/DerivedSources-normal/arm64 -Xcc -I/Users/rioallen/Library/Developer/Xcode/DerivedData/TradeFly-cjeitwgqikminlegqmjwowkwbezn/Build/Intermediates.noindex/xctest-dynamic-overlay.build/Debug-iphonesimulator/IssueReportingPackageSupport.build/DerivedSources/arm64 -Xcc -I/Users/rioallen/Library/Developer/Xcode/DerivedData/TradeFly-cjeitwgqikminlegqmjwowkwbezn/Build/Intermediates.noindex/xctest-dynamic-overlay.build/Debug-iphonesimulator/IssueReportingPackageSupport.build/DerivedSources -Xcc -DSWIFT_PACKAGE -Xcc -DDEBUG\=1 -emit-objc-header -emit-objc-header-path /Users/rioallen/Library/Developer/Xcode/DerivedData/TradeFly-cjeitwgqikminlegqmjwowkwbezn/Build/Intermediates.noindex/xctest-dynamic-overlay.build/Debug-iphonesimulator/IssueReportingPackageSupport.build/Objects-normal/arm64/IssueReportingPackageSupport-Swift.h -working-directory /Users/rioallen/Documents/DropFly-OS-App-Builder/DropFly-PROJECTS/TradeFly-iOS/TradeFly.xcodeproj -experimental-emit-module-separately -disable-cmo

SwiftMergeGeneratedHeaders /Users/rioallen/Library/Developer/Xcode/DerivedData/TradeFly-cjeitwgqikminlegqmjwowkwbezn/Build/Intermediates.noindex/GeneratedModuleMaps-iphonesimulator/IssueReportingPackageSupport-Swift.h /Users/rioallen/Library/Developer/Xcode/DerivedData/TradeFly-cjeitwgqikminlegqmjwowkwbezn/Build/Intermediates.noindex/xctest-dynamic-overlay.build/Debug-iphonesimulator/IssueReportingPackageSupport.build/Objects-normal/arm64/IssueReportingPackageSupport-Swift.h (in target 'IssueReportingPackageSupport' from project 'xctest-dynamic-overlay')
    cd /Users/rioallen/Library/Developer/Xcode/DerivedData/TradeFly-cjeitwgqikminlegqmjwowkwbezn/SourcePackages/checkouts/xctest-dynamic-overlay
    builtin-swiftHeaderTool -arch arm64 /Users/rioallen/Library/Developer/Xcode/DerivedData/TradeFly-cjeitwgqikminlegqmjwowkwbezn/Build/Intermediates.noindex/xctest-dynamic-overlay.build/Debug-iphonesimulator/IssueReportingPackageSupport.build/Objects-normal/arm64/IssueReportingPackageSupport-Swift.h -o /Users/rioallen/Library/Developer/Xcode/DerivedData/TradeFly-cjeitwgqikminlegqmjwowkwbezn/Build/Intermediates.noindex/GeneratedModuleMaps-iphonesimulator/IssueReportingPackageSupport-Swift.h

Copy /Users/rioallen/Library/Developer/Xcode/DerivedData/TradeFly-cjeitwgqikminlegqmjwowkwbezn/Build/Products/Debug-iphonesimulator/IssueReportingPackageSupport.swiftmodule/arm64-apple-ios-simulator.swiftdoc /Users/rioallen/Library/Developer/Xcode/DerivedData/TradeFly-cjeitwgqikminlegqmjwowkwbezn/Build/Intermediates.noindex/xctest-dynamic-overlay.build/Debug-iphonesimulator/IssueReportingPackageSupport.build/Objects-normal/arm64/IssueReportingPackageSupport.swiftdoc (in target 'IssueReportingPackageSupport' from project 'xctest-dynamic-overlay')
    cd /Users/rioallen/Library/Developer/Xcode/DerivedData/TradeFly-cjeitwgqikminlegqmjwowkwbezn/SourcePackages/checkouts/xctest-dynamic-overlay
    builtin-copy -exclude .DS_Store -exclude CVS -exclude .svn -exclude .git -exclude .hg -resolve-src-symlinks -rename /Users/rioallen/Library/Developer/Xcode/DerivedData/TradeFly-cjeitwgqikminlegqmjwowkwbezn/Build/Intermediates.noindex/xctest-dynamic-overlay.build/Debug-iphonesimulator/IssueReportingPackageSupport.build/Objects-normal/arm64/IssueReportingPackageSupport.swiftdoc /Users/rioallen/Library/Developer/Xcode/DerivedData/TradeFly-cjeitwgqikminlegqmjwowkwbezn/Build/Products/Debug-iphonesimulator/IssueReportingPackageSupport.swiftmodule/arm64-apple-ios-simulator.swiftdoc

Copy /Users/rioallen/Library/Developer/Xcode/DerivedData/TradeFly-cjeitwgqikminlegqmjwowkwbezn/Build/Products/Debug-iphonesimulator/IssueReportingPackageSupport.swiftmodule/arm64-apple-ios-simulator.abi.json /Users/rioallen/Library/Developer/Xcode/DerivedData/TradeFly-cjeitwgqikminlegqmjwowkwbezn/Build/Intermediates.noindex/xctest-dynamic-overlay.build/Debug-iphonesimulator/IssueReportingPackageSupport.build/Objects-normal/arm64/IssueReportingPackageSupport.abi.json (in target 'IssueReportingPackageSupport' from project 'xctest-dynamic-overlay')
    cd /Users/rioallen/Library/Developer/Xcode/DerivedData/TradeFly-cjeitwgqikminlegqmjwowkwbezn/SourcePackages/checkouts/xctest-dynamic-overlay
    builtin-copy -exclude .DS_Store -exclude CVS -exclude .svn -exclude .git -exclude .hg -resolve-src-symlinks -rename /Users/rioallen/Library/Developer/Xcode/DerivedData/TradeFly-cjeitwgqikminlegqmjwowkwbezn/Build/Intermediates.noindex/xctest-dynamic-overlay.build/Debug-iphonesimulator/IssueReportingPackageSupport.build/Objects-normal/arm64/IssueReportingPackageSupport.abi.json /Users/rioallen/Library/Developer/Xcode/DerivedData/TradeFly-cjeitwgqikminlegqmjwowkwbezn/Build/Products/Debug-iphonesimulator/IssueReportingPackageSupport.swiftmodule/arm64-apple-ios-simulator.abi.json

Copy /Users/rioallen/Library/Developer/Xcode/DerivedData/TradeFly-cjeitwgqikminlegqmjwowkwbezn/Build/Products/Debug-iphonesimulator/IssueReportingPackageSupport.swiftmodule/arm64-apple-ios-simulator.swiftmodule /Users/rioallen/Library/Developer/Xcode/DerivedData/TradeFly-cjeitwgqikminlegqmjwowkwbezn/Build/Intermediates.noindex/xctest-dynamic-overlay.build/Debug-iphonesimulator/IssueReportingPackageSupport.build/Objects-normal/arm64/IssueReportingPackageSupport.swiftmodule (in target 'IssueReportingPackageSupport' from project 'xctest-dynamic-overlay')
    cd /Users/rioallen/Library/Developer/Xcode/DerivedData/TradeFly-cjeitwgqikminlegqmjwowkwbezn/SourcePackages/checkouts/xctest-dynamic-overlay
    builtin-copy -exclude .DS_Store -exclude CVS -exclude .svn -exclude .git -exclude .hg -resolve-src-symlinks -rename /Users/rioallen/Library/Developer/Xcode/DerivedData/TradeFly-cjeitwgqikminlegqmjwowkwbezn/Build/Intermediates.noindex/xctest-dynamic-overlay.build/Debug-iphonesimulator/IssueReportingPackageSupport.build/Objects-normal/arm64/IssueReportingPackageSupport.swiftmodule /Users/rioallen/Library/Developer/Xcode/DerivedData/TradeFly-cjeitwgqikminlegqmjwowkwbezn/Build/Products/Debug-iphonesimulator/IssueReportingPackageSupport.swiftmodule/arm64-apple-ios-simulator.swiftmodule

Copy /Users/rioallen/Library/Developer/Xcode/DerivedData/TradeFly-cjeitwgqikminlegqmjwowkwbezn/Build/Products/Debug-iphonesimulator/IssueReportingPackageSupport.swiftmodule/Project/arm64-apple-ios-simulator.swiftsourceinfo /Users/rioallen/Library/Developer/Xcode/DerivedData/TradeFly-cjeitwgqikminlegqmjwowkwbezn/Build/Intermediates.noindex/xctest-dynamic-overlay.build/Debug-iphonesimulator/IssueReportingPackageSupport.build/Objects-normal/arm64/IssueReportingPackageSupport.swiftsourceinfo (in target 'IssueReportingPackageSupport' from project 'xctest-dynamic-overlay')
    cd /Users/rioallen/Library/Developer/Xcode/DerivedData/TradeFly-cjeitwgqikminlegqmjwowkwbezn/SourcePackages/checkouts/xctest-dynamic-overlay
    builtin-copy -exclude .DS_Store -exclude CVS -exclude .svn -exclude .git -exclude .hg -resolve-src-symlinks -rename /Users/rioallen/Library/Developer/Xcode/DerivedData/TradeFly-cjeitwgqikminlegqmjwowkwbezn/Build/Intermediates.noindex/xctest-dynamic-overlay.build/Debug-iphonesimulator/IssueReportingPackageSupport.build/Objects-normal/arm64/IssueReportingPackageSupport.swiftsourceinfo /Users/rioallen/Library/Developer/Xcode/DerivedData/TradeFly-cjeitwgqikminlegqmjwowkwbezn/Build/Products/Debug-iphonesimulator/IssueReportingPackageSupport.swiftmodule/Project/arm64-apple-ios-simulator.swiftsourceinfo

SwiftDriverJobDiscovery normal arm64 Compiling _Test.swift (in target 'IssueReportingPackageSupport' from project 'xctest-dynamic-overlay')

SwiftDriver\ Compilation IssueReportingPackageSupport normal arm64 com.apple.xcode.tools.swift.compiler (in target 'IssueReportingPackageSupport' from project 'xctest-dynamic-overlay')
    cd /Users/rioallen/Documents/DropFly-OS-App-Builder/DropFly-PROJECTS/TradeFly-iOS/TradeFly.xcodeproj
    builtin-Swift-Compilation -- /Applications/Xcode.app/Contents/Developer/Toolchains/XcodeDefault.xctoolchain/usr/bin/swiftc -module-name IssueReportingPackageSupport -Onone -enforce-exclusivity\=checked @/Users/rioallen/Library/Developer/Xcode/DerivedData/TradeFly-cjeitwgqikminlegqmjwowkwbezn/Build/Intermediates.noindex/xctest-dynamic-overlay.build/Debug-iphonesimulator/IssueReportingPackageSupport.build/Objects-normal/arm64/IssueReportingPackageSupport.SwiftFileList -DSWIFT_PACKAGE -DDEBUG -DSWIFT_MODULE_RESOURCE_BUNDLE_UNAVAILABLE -DXcode -plugin-path /Applications/Xcode.app/Contents/Developer/Toolchains/XcodeDefault.xctoolchain/usr/lib/swift/host/plugins/testing -enable-experimental-feature DebugDescriptionMacro -sdk /Applications/Xcode.app/Contents/Developer/Platforms/iPhoneSimulator.platform/Developer/SDKs/iPhoneSimulator26.1.sdk -target arm64-apple-ios13.0-simulator -g -module-cache-path /Users/rioallen/Library/Developer/Xcode/DerivedData/ModuleCache.noindex -Xfrontend -serialize-debugging-options -enable-testing -suppress-warnings -index-store-path /Users/rioallen/Library/Developer/Xcode/DerivedData/TradeFly-cjeitwgqikminlegqmjwowkwbezn/Index.noindex/DataStore -Xcc -D_LIBCPP_HARDENING_MODE\=_LIBCPP_HARDENING_MODE_DEBUG -swift-version 6 -I /Users/rioallen/Library/Developer/Xcode/DerivedData/TradeFly-cjeitwgqikminlegqmjwowkwbezn/Build/Products/Debug-iphonesimulator -Isystem /Applications/Xcode.app/Contents/Developer/Platforms/iPhoneSimulator.platform/Developer/usr/lib -F /Users/rioallen/Library/Developer/Xcode/DerivedData/TradeFly-cjeitwgqikminlegqmjwowkwbezn/Build/Products/Debug-iphonesimulator -F /Applications/Xcode.app/Contents/Developer/Platforms/iPhoneSimulator.platform/Developer/Library/Frameworks -F /Applications/Xcode.app/Contents/Developer/Platforms/iPhoneSimulator.platform/Developer/SDKs/iPhoneSimulator26.1.sdk/Developer/Library/Frameworks -parse-as-library -c -j16 -enable-batch-mode -incremental -Xcc -ivfsstatcache -Xcc /Users/rioallen/Library/Developer/Xcode/DerivedData/SDKStatCaches.noindex/iphonesimulator26.1-23B77-90cf18a4295e390e64c810bc6bd7acbc.sdkstatcache -output-file-map /Users/rioallen/Library/Developer/Xcode/DerivedData/TradeFly-cjeitwgqikminlegqmjwowkwbezn/Build/Intermediates.noindex/xctest-dynamic-overlay.build/Debug-iphonesimulator/IssueReportingPackageSupport.build/Objects-normal/arm64/IssueReportingPackageSupport-OutputFileMap.json -use-frontend-parseable-output -save-temps -no-color-diagnostics -explicit-module-build -module-cache-path /Users/rioallen/Library/Developer/Xcode/DerivedData/TradeFly-cjeitwgqikminlegqmjwowkwbezn/Build/Intermediates.noindex/SwiftExplicitPrecompiledModules -clang-scanner-module-cache-path /Users/rioallen/Library/Developer/Xcode/DerivedData/ModuleCache.noindex -sdk-module-cache-path /Users/rioallen/Library/Developer/Xcode/DerivedData/ModuleCache.noindex -serialize-diagnostics -emit-dependencies -emit-module -emit-module-path /Users/rioallen/Library/Developer/Xcode/DerivedData/TradeFly-cjeitwgqikminlegqmjwowkwbezn/Build/Intermediates.noindex/xctest-dynamic-overlay.build/Debug-iphonesimulator/IssueReportingPackageSupport.build/Objects-normal/arm64/IssueReportingPackageSupport.swiftmodule -user-module-version 1.7.0 -validate-clang-modules-once -clang-build-session-file /Users/rioallen/Library/Developer/Xcode/DerivedData/ModuleCache.noindex/Session.modulevalidation -package-name xctest_dynamic_overlay -Xcc -I/Users/rioallen/Library/Developer/Xcode/DerivedData/TradeFly-cjeitwgqikminlegqmjwowkwbezn/Build/Intermediates.noindex/xctest-dynamic-overlay.build/Debug-iphonesimulator/IssueReportingPackageSupport.build/swift-overrides.hmap -emit-const-values -Xfrontend -const-gather-protocols-file -Xfrontend /Users/rioallen/Library/Developer/Xcode/DerivedData/TradeFly-cjeitwgqikminlegqmjwowkwbezn/Build/Intermediates.noindex/xctest-dynamic-overlay.build/Debug-iphonesimulator/IssueReportingPackageSupport.build/Objects-normal/arm64/IssueReportingPackageSupport_const_extract_protocols.json -Xcc -I/Users/rioallen/Library/Developer/Xcode/DerivedData/TradeFly-cjeitwgqikminlegqmjwowkwbezn/Build/Products/Debug-iphonesimulator/include -Xcc -I/Users/rioallen/Library/Developer/Xcode/DerivedData/TradeFly-cjeitwgqikminlegqmjwowkwbezn/Build/Intermediates.noindex/xctest-dynamic-overlay.build/Debug-iphonesimulator/IssueReportingPackageSupport.build/DerivedSources-normal/arm64 -Xcc -I/Users/rioallen/Library/Developer/Xcode/DerivedData/TradeFly-cjeitwgqikminlegqmjwowkwbezn/Build/Intermediates.noindex/xctest-dynamic-overlay.build/Debug-iphonesimulator/IssueReportingPackageSupport.build/DerivedSources/arm64 -Xcc -I/Users/rioallen/Library/Developer/Xcode/DerivedData/TradeFly-cjeitwgqikminlegqmjwowkwbezn/Build/Intermediates.noindex/xctest-dynamic-overlay.build/Debug-iphonesimulator/IssueReportingPackageSupport.build/DerivedSources -Xcc -DSWIFT_PACKAGE -Xcc -DDEBUG\=1 -emit-objc-header -emit-objc-header-path /Users/rioallen/Library/Developer/Xcode/DerivedData/TradeFly-cjeitwgqikminlegqmjwowkwbezn/Build/Intermediates.noindex/xctest-dynamic-overlay.build/Debug-iphonesimulator/IssueReportingPackageSupport.build/Objects-normal/arm64/IssueReportingPackageSupport-Swift.h -working-directory /Users/rioallen/Documents/DropFly-OS-App-Builder/DropFly-PROJECTS/TradeFly-iOS/TradeFly.xcodeproj -experimental-emit-module-separately -disable-cmo

Ld /Users/rioallen/Library/Developer/Xcode/DerivedData/TradeFly-cjeitwgqikminlegqmjwowkwbezn/Build/Products/Debug-iphonesimulator/IssueReportingPackageSupport.o normal (in target 'IssueReportingPackageSupport' from project 'xctest-dynamic-overlay')
    cd /Users/rioallen/Library/Developer/Xcode/DerivedData/TradeFly-cjeitwgqikminlegqmjwowkwbezn/SourcePackages/checkouts/xctest-dynamic-overlay
    /Applications/Xcode.app/Contents/Developer/Toolchains/XcodeDefault.xctoolchain/usr/bin/clang -Xlinker -reproducible -target arm64-apple-ios13.0-simulator -r -isysroot /Applications/Xcode.app/Contents/Developer/Platforms/iPhoneSimulator.platform/Developer/SDKs/iPhoneSimulator26.1.sdk -O0 -w -L/Users/rioallen/Library/Developer/Xcode/DerivedData/TradeFly-cjeitwgqikminlegqmjwowkwbezn/Build/Intermediates.noindex/EagerLinkingTBDs/Debug-iphonesimulator -L/Users/rioallen/Library/Developer/Xcode/DerivedData/TradeFly-cjeitwgqikminlegqmjwowkwbezn/Build/Products/Debug-iphonesimulator -L/Applications/Xcode.app/Contents/Developer/Platforms/iPhoneSimulator.platform/Developer/usr/lib -F/Users/rioallen/Library/Developer/Xcode/DerivedData/TradeFly-cjeitwgqikminlegqmjwowkwbezn/Build/Intermediates.noindex/EagerLinkingTBDs/Debug-iphonesimulator -F/Users/rioallen/Library/Developer/Xcode/DerivedData/TradeFly-cjeitwgqikminlegqmjwowkwbezn/Build/Products/Debug-iphonesimulator -iframework /Applications/Xcode.app/Contents/Developer/Platforms/iPhoneSimulator.platform/Developer/Library/Frameworks -iframework /Applications/Xcode.app/Contents/Developer/Platforms/iPhoneSimulator.platform/Developer/SDKs/iPhoneSimulator26.1.sdk/Developer/Library/Frameworks -filelist /Users/rioallen/Library/Developer/Xcode/DerivedData/TradeFly-cjeitwgqikminlegqmjwowkwbezn/Build/Intermediates.noindex/xctest-dynamic-overlay.build/Debug-iphonesimulator/IssueReportingPackageSupport.build/Objects-normal/arm64/IssueReportingPackageSupport.LinkFileList -nostdlib -Xlinker -object_path_lto -Xlinker /Users/rioallen/Library/Developer/Xcode/DerivedData/TradeFly-cjeitwgqikminlegqmjwowkwbezn/Build/Intermediates.noindex/xctest-dynamic-overlay.build/Debug-iphonesimulator/IssueReportingPackageSupport.build/Objects-normal/arm64/IssueReportingPackageSupport_lto.o -rdynamic -Xlinker -no_deduplicate -Xlinker -objc_abi_version -Xlinker 2 -Xlinker -dependency_info -Xlinker /Users/rioallen/Library/Developer/Xcode/DerivedData/TradeFly-cjeitwgqikminlegqmjwowkwbezn/Build/Intermediates.noindex/xctest-dynamic-overlay.build/Debug-iphonesimulator/IssueReportingPackageSupport.build/Objects-normal/arm64/IssueReportingPackageSupport_dependency_info.dat -fobjc-link-runtime -L/Applications/Xcode.app/Contents/Developer/Toolchains/XcodeDefault.xctoolchain/usr/lib/swift/iphonesimulator -L/usr/lib/swift -Xlinker -add_ast_path -Xlinker /Users/rioallen/Library/Developer/Xcode/DerivedData/TradeFly-cjeitwgqikminlegqmjwowkwbezn/Build/Intermediates.noindex/xctest-dynamic-overlay.build/Debug-iphonesimulator/IssueReportingPackageSupport.build/Objects-normal/arm64/IssueReportingPackageSupport.swiftmodule @/Users/rioallen/Library/Developer/Xcode/DerivedData/TradeFly-cjeitwgqikminlegqmjwowkwbezn/Build/Intermediates.noindex/xctest-dynamic-overlay.build/Debug-iphonesimulator/IssueReportingPackageSupport.build/Objects-normal/arm64/IssueReportingPackageSupport-linker-args.resp -o /Users/rioallen/Library/Developer/Xcode/DerivedData/TradeFly-cjeitwgqikminlegqmjwowkwbezn/Build/Products/Debug-iphonesimulator/IssueReportingPackageSupport.o

SwiftDriver IssueReporting normal arm64 com.apple.xcode.tools.swift.compiler (in target 'IssueReporting' from project 'xctest-dynamic-overlay')
    cd /Users/rioallen/Documents/DropFly-OS-App-Builder/DropFly-PROJECTS/TradeFly-iOS/TradeFly.xcodeproj
    builtin-SwiftDriver -- /Applications/Xcode.app/Contents/Developer/Toolchains/XcodeDefault.xctoolchain/usr/bin/swiftc -module-name IssueReporting -Onone -enforce-exclusivity\=checked @/Users/rioallen/Library/Developer/Xcode/DerivedData/TradeFly-cjeitwgqikminlegqmjwowkwbezn/Build/Intermediates.noindex/xctest-dynamic-overlay.build/Debug-iphonesimulator/IssueReporting.build/Objects-normal/arm64/IssueReporting.SwiftFileList -DSWIFT_PACKAGE -DDEBUG -DSWIFT_MODULE_RESOURCE_BUNDLE_UNAVAILABLE -DXcode -plugin-path /Applications/Xcode.app/Contents/Developer/Toolchains/XcodeDefault.xctoolchain/usr/lib/swift/host/plugins/testing -enable-experimental-feature DebugDescriptionMacro -sdk /Applications/Xcode.app/Contents/Developer/Platforms/iPhoneSimulator.platform/Developer/SDKs/iPhoneSimulator26.1.sdk -target arm64-apple-ios13.0-simulator -g -module-cache-path /Users/rioallen/Library/Developer/Xcode/DerivedData/ModuleCache.noindex -Xfrontend -serialize-debugging-options -enable-testing -suppress-warnings -index-store-path /Users/rioallen/Library/Developer/Xcode/DerivedData/TradeFly-cjeitwgqikminlegqmjwowkwbezn/Index.noindex/DataStore -Xcc -D_LIBCPP_HARDENING_MODE\=_LIBCPP_HARDENING_MODE_DEBUG -swift-version 6 -I /Users/rioallen/Library/Developer/Xcode/DerivedData/TradeFly-cjeitwgqikminlegqmjwowkwbezn/Build/Products/Debug-iphonesimulator -Isystem /Applications/Xcode.app/Contents/Developer/Platforms/iPhoneSimulator.platform/Developer/usr/lib -F /Users/rioallen/Library/Developer/Xcode/DerivedData/TradeFly-cjeitwgqikminlegqmjwowkwbezn/Build/Products/Debug-iphonesimulator/PackageFrameworks -F /Users/rioallen/Library/Developer/Xcode/DerivedData/TradeFly-cjeitwgqikminlegqmjwowkwbezn/Build/Products/Debug-iphonesimulator -F /Applications/Xcode.app/Contents/Developer/Platforms/iPhoneSimulator.platform/Developer/Library/Frameworks -F /Applications/Xcode.app/Contents/Developer/Platforms/iPhoneSimulator.platform/Developer/SDKs/iPhoneSimulator26.1.sdk/Developer/Library/Frameworks -c -j16 -enable-batch-mode -incremental -Xcc -ivfsstatcache -Xcc /Users/rioallen/Library/Developer/Xcode/DerivedData/SDKStatCaches.noindex/iphonesimulator26.1-23B77-90cf18a4295e390e64c810bc6bd7acbc.sdkstatcache -output-file-map /Users/rioallen/Library/Developer/Xcode/DerivedData/TradeFly-cjeitwgqikminlegqmjwowkwbezn/Build/Intermediates.noindex/xctest-dynamic-overlay.build/Debug-iphonesimulator/IssueReporting.build/Objects-normal/arm64/IssueReporting-OutputFileMap.json -use-frontend-parseable-output -save-temps -no-color-diagnostics -explicit-module-build -module-cache-path /Users/rioallen/Library/Developer/Xcode/DerivedData/TradeFly-cjeitwgqikminlegqmjwowkwbezn/Build/Intermediates.noindex/SwiftExplicitPrecompiledModules -clang-scanner-module-cache-path /Users/rioallen/Library/Developer/Xcode/DerivedData/ModuleCache.noindex -sdk-module-cache-path /Users/rioallen/Library/Developer/Xcode/DerivedData/ModuleCache.noindex -serialize-diagnostics -emit-dependencies -emit-module -emit-module-path /Users/rioallen/Library/Developer/Xcode/DerivedData/TradeFly-cjeitwgqikminlegqmjwowkwbezn/Build/Intermediates.noindex/xctest-dynamic-overlay.build/Debug-iphonesimulator/IssueReporting.build/Objects-normal/arm64/IssueReporting.swiftmodule -user-module-version 1.7.0 -validate-clang-modules-once -clang-build-session-file /Users/rioallen/Library/Developer/Xcode/DerivedData/ModuleCache.noindex/Session.modulevalidation -package-name xctest_dynamic_overlay -Xcc -I/Users/rioallen/Library/Developer/Xcode/DerivedData/TradeFly-cjeitwgqikminlegqmjwowkwbezn/Build/Intermediates.noindex/xctest-dynamic-overlay.build/Debug-iphonesimulator/IssueReporting.build/swift-overrides.hmap -emit-const-values -Xfrontend -const-gather-protocols-file -Xfrontend /Users/rioallen/Library/Developer/Xcode/DerivedData/TradeFly-cjeitwgqikminlegqmjwowkwbezn/Build/Intermediates.noindex/xctest-dynamic-overlay.build/Debug-iphonesimulator/IssueReporting.build/Objects-normal/arm64/IssueReporting_const_extract_protocols.json -Xcc -I/Users/rioallen/Library/Developer/Xcode/DerivedData/TradeFly-cjeitwgqikminlegqmjwowkwbezn/Build/Products/Debug-iphonesimulator/include -Xcc -I/Users/rioallen/Library/Developer/Xcode/DerivedData/TradeFly-cjeitwgqikminlegqmjwowkwbezn/Build/Intermediates.noindex/xctest-dynamic-overlay.build/Debug-iphonesimulator/IssueReporting.build/DerivedSources-normal/arm64 -Xcc -I/Users/rioallen/Library/Developer/Xcode/DerivedData/TradeFly-cjeitwgqikminlegqmjwowkwbezn/Build/Intermediates.noindex/xctest-dynamic-overlay.build/Debug-iphonesimulator/IssueReporting.build/DerivedSources/arm64 -Xcc -I/Users/rioallen/Library/Developer/Xcode/DerivedData/TradeFly-cjeitwgqikminlegqmjwowkwbezn/Build/Intermediates.noindex/xctest-dynamic-overlay.build/Debug-iphonesimulator/IssueReporting.build/DerivedSources -Xcc -DSWIFT_PACKAGE -Xcc -DDEBUG\=1 -emit-objc-header -emit-objc-header-path /Users/rioallen/Library/Developer/Xcode/DerivedData/TradeFly-cjeitwgqikminlegqmjwowkwbezn/Build/Intermediates.noindex/xctest-dynamic-overlay.build/Debug-iphonesimulator/IssueReporting.build/Objects-normal/arm64/IssueReporting-Swift.h -working-directory /Users/rioallen/Documents/DropFly-OS-App-Builder/DropFly-PROJECTS/TradeFly-iOS/TradeFly.xcodeproj -experimental-emit-module-separately -disable-cmo

ExtractAppIntentsMetadata (in target 'IssueReportingPackageSupport' from project 'xctest-dynamic-overlay')
    cd /Users/rioallen/Library/Developer/Xcode/DerivedData/TradeFly-cjeitwgqikminlegqmjwowkwbezn/SourcePackages/checkouts/xctest-dynamic-overlay
    /Applications/Xcode.app/Contents/Developer/Toolchains/XcodeDefault.xctoolchain/usr/bin/appintentsmetadataprocessor --toolchain-dir /Applications/Xcode.app/Contents/Developer/Toolchains/XcodeDefault.xctoolchain --module-name IssueReportingPackageSupport --sdk-root /Applications/Xcode.app/Contents/Developer/Platforms/iPhoneSimulator.platform/Developer/SDKs/iPhoneSimulator26.1.sdk --xcode-version 17B100 --platform-family iOS --deployment-target 13.0 --bundle-identifier xctest-dynamic-overlay.IssueReportingPackageSupport --output /Users/rioallen/Library/Developer/Xcode/DerivedData/TradeFly-cjeitwgqikminlegqmjwowkwbezn/Build/Products/Debug-iphonesimulator/IssueReportingPackageSupport.appintents --target-triple arm64-apple-ios13.0-simulator --binary-file /Users/rioallen/Library/Developer/Xcode/DerivedData/TradeFly-cjeitwgqikminlegqmjwowkwbezn/Build/Products/Debug-iphonesimulator/IssueReportingPackageSupport.o --dependency-file /Users/rioallen/Library/Developer/Xcode/DerivedData/TradeFly-cjeitwgqikminlegqmjwowkwbezn/Build/Intermediates.noindex/xctest-dynamic-overlay.build/Debug-iphonesimulator/IssueReportingPackageSupport.build/Objects-normal/arm64/IssueReportingPackageSupport_dependency_info.dat --stringsdata-file /Users/rioallen/Library/Developer/Xcode/DerivedData/TradeFly-cjeitwgqikminlegqmjwowkwbezn/Build/Intermediates.noindex/xctest-dynamic-overlay.build/Debug-iphonesimulator/IssueReportingPackageSupport.build/Objects-normal/arm64/ExtractedAppShortcutsMetadata.stringsdata --source-file-list /Users/rioallen/Library/Developer/Xcode/DerivedData/TradeFly-cjeitwgqikminlegqmjwowkwbezn/Build/Intermediates.noindex/xctest-dynamic-overlay.build/Debug-iphonesimulator/IssueReportingPackageSupport.build/Objects-normal/arm64/IssueReportingPackageSupport.SwiftFileList --metadata-file-list /Users/rioallen/Library/Developer/Xcode/DerivedData/TradeFly-cjeitwgqikminlegqmjwowkwbezn/Build/Intermediates.noindex/xctest-dynamic-overlay.build/Debug-iphonesimulator/IssueReportingPackageSupport.build/IssueReportingPackageSupport.DependencyMetadataFileList --static-metadata-file-list /Users/rioallen/Library/Developer/Xcode/DerivedData/TradeFly-cjeitwgqikminlegqmjwowkwbezn/Build/Intermediates.noindex/xctest-dynamic-overlay.build/Debug-iphonesimulator/IssueReportingPackageSupport.build/IssueReportingPackageSupport.DependencyStaticMetadataFileList --swift-const-vals-list /Users/rioallen/Library/Developer/Xcode/DerivedData/TradeFly-cjeitwgqikminlegqmjwowkwbezn/Build/Intermediates.noindex/xctest-dynamic-overlay.build/Debug-iphonesimulator/IssueReportingPackageSupport.build/Objects-normal/arm64/IssueReportingPackageSupport.SwiftConstValuesFileList --force --compile-time-extraction --deployment-aware-processing --validate-assistant-intents --no-app-shortcuts-localization
2025-12-04 00:32:52.896 appintentsmetadataprocessor[44873:7890819] Starting appintentsmetadataprocessor export
2025-12-04 00:32:52.995 appintentsmetadataprocessor[44873:7890819] Extracted no relevant App Intents symbols, skipping writing output

SwiftCompile normal arm64 Compiling\ HTTPField.swift /Users/rioallen/Library/Developer/Xcode/DerivedData/TradeFly-cjeitwgqikminlegqmjwowkwbezn/SourcePackages/checkouts/swift-http-types/Sources/HTTPTypes/HTTPField.swift (in target 'HTTPTypes' from project 'swift-http-types')
SwiftCompile normal arm64 /Users/rioallen/Library/Developer/Xcode/DerivedData/TradeFly-cjeitwgqikminlegqmjwowkwbezn/SourcePackages/checkouts/swift-http-types/Sources/HTTPTypes/HTTPField.swift (in target 'HTTPTypes' from project 'swift-http-types')
    cd /Users/rioallen/Documents/DropFly-OS-App-Builder/DropFly-PROJECTS/TradeFly-iOS/TradeFly.xcodeproj
    

SwiftCompile normal arm64 Compiling\ HTTPFields.swift /Users/rioallen/Library/Developer/Xcode/DerivedData/TradeFly-cjeitwgqikminlegqmjwowkwbezn/SourcePackages/checkouts/swift-http-types/Sources/HTTPTypes/HTTPFields.swift (in target 'HTTPTypes' from project 'swift-http-types')
SwiftCompile normal arm64 /Users/rioallen/Library/Developer/Xcode/DerivedData/TradeFly-cjeitwgqikminlegqmjwowkwbezn/SourcePackages/checkouts/swift-http-types/Sources/HTTPTypes/HTTPFields.swift (in target 'HTTPTypes' from project 'swift-http-types')
    cd /Users/rioallen/Documents/DropFly-OS-App-Builder/DropFly-PROJECTS/TradeFly-iOS/TradeFly.xcodeproj
    

SwiftCompile normal arm64 Compiling\ HTTPFieldName.swift /Users/rioallen/Library/Developer/Xcode/DerivedData/TradeFly-cjeitwgqikminlegqmjwowkwbezn/SourcePackages/checkouts/swift-http-types/Sources/HTTPTypes/HTTPFieldName.swift (in target 'HTTPTypes' from project 'swift-http-types')

SwiftCompile normal arm64 /Users/rioallen/Library/Developer/Xcode/DerivedData/TradeFly-cjeitwgqikminlegqmjwowkwbezn/SourcePackages/checkouts/swift-http-types/Sources/HTTPTypes/HTTPFieldName.swift (in target 'HTTPTypes' from project 'swift-http-types')
    cd /Users/rioallen/Documents/DropFly-OS-App-Builder/DropFly-PROJECTS/TradeFly-iOS/TradeFly.xcodeproj
    

SwiftCompile normal arm64 Compiling\ HTTPResponse.swift /Users/rioallen/Library/Developer/Xcode/DerivedData/TradeFly-cjeitwgqikminlegqmjwowkwbezn/SourcePackages/checkouts/swift-http-types/Sources/HTTPTypes/HTTPResponse.swift (in target 'HTTPTypes' from project 'swift-http-types')

SwiftCompile normal arm64 /Users/rioallen/Library/Developer/Xcode/DerivedData/TradeFly-cjeitwgqikminlegqmjwowkwbezn/SourcePackages/checkouts/swift-http-types/Sources/HTTPTypes/HTTPResponse.swift (in target 'HTTPTypes' from project 'swift-http-types')
    cd /Users/rioallen/Documents/DropFly-OS-App-Builder/DropFly-PROJECTS/TradeFly-iOS/TradeFly.xcodeproj
    

SwiftCompile normal arm64 Compiling\ HTTPRequest+URL.swift /Users/rioallen/Library/Developer/Xcode/DerivedData/TradeFly-cjeitwgqikminlegqmjwowkwbezn/SourcePackages/checkouts/swift-http-types/Sources/HTTPTypes/HTTPRequest+URL.swift (in target 'HTTPTypes' from project 'swift-http-types')

SwiftCompile normal arm64 /Users/rioallen/Library/Developer/Xcode/DerivedData/TradeFly-cjeitwgqikminlegqmjwowkwbezn/SourcePackages/checkouts/swift-http-types/Sources/HTTPTypes/HTTPRequest+URL.swift (in target 'HTTPTypes' from project 'swift-http-types')
    cd /Users/rioallen/Documents/DropFly-OS-App-Builder/DropFly-PROJECTS/TradeFly-iOS/TradeFly.xcodeproj
    

SwiftCompile normal arm64 Compiling\ ISOLatin1String.swift /Users/rioallen/Library/Developer/Xcode/DerivedData/TradeFly-cjeitwgqikminlegqmjwowkwbezn/SourcePackages/checkouts/swift-http-types/Sources/HTTPTypes/ISOLatin1String.swift (in target 'HTTPTypes' from project 'swift-http-types')

SwiftCompile normal arm64 /Users/rioallen/Library/Developer/Xcode/DerivedData/TradeFly-cjeitwgqikminlegqmjwowkwbezn/SourcePackages/checkouts/swift-http-types/Sources/HTTPTypes/ISOLatin1String.swift (in target 'HTTPTypes' from project 'swift-http-types')
    cd /Users/rioallen/Documents/DropFly-OS-App-Builder/DropFly-PROJECTS/TradeFly-iOS/TradeFly.xcodeproj
    

SwiftEmitModule normal arm64 Emitting\ module\ for\ HTTPTypes (in target 'HTTPTypes' from project 'swift-http-types')

EmitSwiftModule normal arm64 (in target 'HTTPTypes' from project 'swift-http-types')
    cd /Users/rioallen/Documents/DropFly-OS-App-Builder/DropFly-PROJECTS/TradeFly-iOS/TradeFly.xcodeproj
    

SwiftCompile normal arm64 Compiling\ HTTPRequest.swift /Users/rioallen/Library/Developer/Xcode/DerivedData/TradeFly-cjeitwgqikminlegqmjwowkwbezn/SourcePackages/checkouts/swift-http-types/Sources/HTTPTypes/HTTPRequest.swift (in target 'HTTPTypes' from project 'swift-http-types')

SwiftCompile normal arm64 /Users/rioallen/Library/Developer/Xcode/DerivedData/TradeFly-cjeitwgqikminlegqmjwowkwbezn/SourcePackages/checkouts/swift-http-types/Sources/HTTPTypes/HTTPRequest.swift (in target 'HTTPTypes' from project 'swift-http-types')
    cd /Users/rioallen/Documents/DropFly-OS-App-Builder/DropFly-PROJECTS/TradeFly-iOS/TradeFly.xcodeproj
    

SwiftCompile normal arm64 Compiling\ HTTPParsedFields.swift /Users/rioallen/Library/Developer/Xcode/DerivedData/TradeFly-cjeitwgqikminlegqmjwowkwbezn/SourcePackages/checkouts/swift-http-types/Sources/HTTPTypes/HTTPParsedFields.swift (in target 'HTTPTypes' from project 'swift-http-types')

SwiftCompile normal arm64 /Users/rioallen/Library/Developer/Xcode/DerivedData/TradeFly-cjeitwgqikminlegqmjwowkwbezn/SourcePackages/checkouts/swift-http-types/Sources/HTTPTypes/HTTPParsedFields.swift (in target 'HTTPTypes' from project 'swift-http-types')
    cd /Users/rioallen/Documents/DropFly-OS-App-Builder/DropFly-PROJECTS/TradeFly-iOS/TradeFly.xcodeproj
    

SwiftCompile normal arm64 Compiling\ NIOLock.swift /Users/rioallen/Library/Developer/Xcode/DerivedData/TradeFly-cjeitwgqikminlegqmjwowkwbezn/SourcePackages/checkouts/swift-http-types/Sources/HTTPTypes/NIOLock.swift (in target 'HTTPTypes' from project 'swift-http-types')

SwiftCompile normal arm64 /Users/rioallen/Library/Developer/Xcode/DerivedData/TradeFly-cjeitwgqikminlegqmjwowkwbezn/SourcePackages/checkouts/swift-http-types/Sources/HTTPTypes/NIOLock.swift (in target 'HTTPTypes' from project 'swift-http-types')
    cd /Users/rioallen/Documents/DropFly-OS-App-Builder/DropFly-PROJECTS/TradeFly-iOS/TradeFly.xcodeproj
    

SwiftEmitModule normal arm64 Emitting\ module\ for\ ConcurrencyExtras (in target 'ConcurrencyExtras' from project 'swift-concurrency-extras')

EmitSwiftModule normal arm64 (in target 'ConcurrencyExtras' from project 'swift-concurrency-extras')
    cd /Users/rioallen/Documents/DropFly-OS-App-Builder/DropFly-PROJECTS/TradeFly-iOS/TradeFly.xcodeproj
    

SwiftCompile normal arm64 Compiling\ AnyHashableSendable.swift /Users/rioallen/Library/Developer/Xcode/DerivedData/TradeFly-cjeitwgqikminlegqmjwowkwbezn/SourcePackages/checkouts/swift-concurrency-extras/Sources/ConcurrencyExtras/AnyHashableSendable.swift (in target 'ConcurrencyExtras' from project 'swift-concurrency-extras')

SwiftCompile normal arm64 /Users/rioallen/Library/Developer/Xcode/DerivedData/TradeFly-cjeitwgqikminlegqmjwowkwbezn/SourcePackages/checkouts/swift-concurrency-extras/Sources/ConcurrencyExtras/AnyHashableSendable.swift (in target 'ConcurrencyExtras' from project 'swift-concurrency-extras')
    cd /Users/rioallen/Documents/DropFly-OS-App-Builder/DropFly-PROJECTS/TradeFly-iOS/TradeFly.xcodeproj
    

SwiftCompile normal arm64 Compiling\ UncheckedSendable.swift /Users/rioallen/Library/Developer/Xcode/DerivedData/TradeFly-cjeitwgqikminlegqmjwowkwbezn/SourcePackages/checkouts/swift-concurrency-extras/Sources/ConcurrencyExtras/UncheckedSendable.swift (in target 'ConcurrencyExtras' from project 'swift-concurrency-extras')

SwiftCompile normal arm64 /Users/rioallen/Library/Developer/Xcode/DerivedData/TradeFly-cjeitwgqikminlegqmjwowkwbezn/SourcePackages/checkouts/swift-concurrency-extras/Sources/ConcurrencyExtras/UncheckedSendable.swift (in target 'ConcurrencyExtras' from project 'swift-concurrency-extras')
    cd /Users/rioallen/Documents/DropFly-OS-App-Builder/DropFly-PROJECTS/TradeFly-iOS/TradeFly.xcodeproj
    

SwiftCompile normal arm64 Compiling\ AsyncStream.swift /Users/rioallen/Library/Developer/Xcode/DerivedData/TradeFly-cjeitwgqikminlegqmjwowkwbezn/SourcePackages/checkouts/swift-concurrency-extras/Sources/ConcurrencyExtras/AsyncStream.swift (in target 'ConcurrencyExtras' from project 'swift-concurrency-extras')

SwiftCompile normal arm64 /Users/rioallen/Library/Developer/Xcode/DerivedData/TradeFly-cjeitwgqikminlegqmjwowkwbezn/SourcePackages/checkouts/swift-concurrency-extras/Sources/ConcurrencyExtras/AsyncStream.swift (in target 'ConcurrencyExtras' from project 'swift-concurrency-extras')
    cd /Users/rioallen/Documents/DropFly-OS-App-Builder/DropFly-PROJECTS/TradeFly-iOS/TradeFly.xcodeproj
    

SwiftEmitModule normal arm64 Emitting\ module\ for\ IssueReporting (in target 'IssueReporting' from project 'xctest-dynamic-overlay')
EmitSwiftModule normal arm64 (in target 'IssueReporting' from project 'xctest-dynamic-overlay')
    cd /Users/rioallen/Documents/DropFly-OS-App-Builder/DropFly-PROJECTS/TradeFly-iOS/TradeFly.xcodeproj
    

SwiftEmitModule normal arm64 Emitting\ module\ for\ Crypto (in target 'Crypto' from project 'swift-crypto')

EmitSwiftModule normal arm64 (in target 'Crypto' from project 'swift-crypto')
    cd /Users/rioallen/Documents/DropFly-OS-App-Builder/DropFly-PROJECTS/TradeFly-iOS/TradeFly.xcodeproj
    

SwiftCompile normal arm64 Compiling\ TestContext.swift /Users/rioallen/Library/Developer/Xcode/DerivedData/TradeFly-cjeitwgqikminlegqmjwowkwbezn/SourcePackages/checkouts/xctest-dynamic-overlay/Sources/IssueReporting/TestContext.swift (in target 'IssueReporting' from project 'xctest-dynamic-overlay')

SwiftCompile normal arm64 /Users/rioallen/Library/Developer/Xcode/DerivedData/TradeFly-cjeitwgqikminlegqmjwowkwbezn/SourcePackages/checkouts/xctest-dynamic-overlay/Sources/IssueReporting/TestContext.swift (in target 'IssueReporting' from project 'xctest-dynamic-overlay')
    cd /Users/rioallen/Documents/DropFly-OS-App-Builder/DropFly-PROJECTS/TradeFly-iOS/TradeFly.xcodeproj
    

SwiftDriverJobDiscovery normal arm64 Compiling UncheckedSendable.swift (in target 'ConcurrencyExtras' from project 'swift-concurrency-extras')

SwiftCompile normal arm64 Compiling\ BreakpointReporter.swift /Users/rioallen/Library/Developer/Xcode/DerivedData/TradeFly-cjeitwgqikminlegqmjwowkwbezn/SourcePackages/checkouts/xctest-dynamic-overlay/Sources/IssueReporting/IssueReporters/BreakpointReporter.swift (in target 'IssueReporting' from project 'xctest-dynamic-overlay')

SwiftCompile normal arm64 /Users/rioallen/Library/Developer/Xcode/DerivedData/TradeFly-cjeitwgqikminlegqmjwowkwbezn/SourcePackages/checkouts/xctest-dynamic-overlay/Sources/IssueReporting/IssueReporters/BreakpointReporter.swift (in target 'IssueReporting' from project 'xctest-dynamic-overlay')
    cd /Users/rioallen/Documents/DropFly-OS-App-Builder/DropFly-PROJECTS/TradeFly-iOS/TradeFly.xcodeproj
    

SwiftDriverJobDiscovery normal arm64 Emitting module for ConcurrencyExtras (in target 'ConcurrencyExtras' from project 'swift-concurrency-extras')

SwiftDriver\ Compilation\ Requirements ConcurrencyExtras normal arm64 com.apple.xcode.tools.swift.compiler (in target 'ConcurrencyExtras' from project 'swift-concurrency-extras')
    cd /Users/rioallen/Documents/DropFly-OS-App-Builder/DropFly-PROJECTS/TradeFly-iOS/TradeFly.xcodeproj
    builtin-Swift-Compilation-Requirements -- /Applications/Xcode.app/Contents/Developer/Toolchains/XcodeDefault.xctoolchain/usr/bin/swiftc -module-name ConcurrencyExtras -Onone -enforce-exclusivity\=checked @/Users/rioallen/Library/Developer/Xcode/DerivedData/TradeFly-cjeitwgqikminlegqmjwowkwbezn/Build/Intermediates.noindex/swift-concurrency-extras.build/Debug-iphonesimulator/ConcurrencyExtras.build/Objects-normal/arm64/ConcurrencyExtras.SwiftFileList -DSWIFT_PACKAGE -DDEBUG -DSWIFT_MODULE_RESOURCE_BUNDLE_UNAVAILABLE -DXcode -plugin-path /Applications/Xcode.app/Contents/Developer/Toolchains/XcodeDefault.xctoolchain/usr/lib/swift/host/plugins/testing -enable-experimental-feature DebugDescriptionMacro -sdk /Applications/Xcode.app/Contents/Developer/Platforms/iPhoneSimulator.platform/Developer/SDKs/iPhoneSimulator26.1.sdk -target arm64-apple-ios13.0-simulator -g -module-cache-path /Users/rioallen/Library/Developer/Xcode/DerivedData/ModuleCache.noindex -Xfrontend -serialize-debugging-options -enable-testing -suppress-warnings -index-store-path /Users/rioallen/Library/Developer/Xcode/DerivedData/TradeFly-cjeitwgqikminlegqmjwowkwbezn/Index.noindex/DataStore -Xcc -D_LIBCPP_HARDENING_MODE\=_LIBCPP_HARDENING_MODE_DEBUG -swift-version 6 -I /Users/rioallen/Library/Developer/Xcode/DerivedData/TradeFly-cjeitwgqikminlegqmjwowkwbezn/Build/Products/Debug-iphonesimulator -Isystem /Applications/Xcode.app/Contents/Developer/Platforms/iPhoneSimulator.platform/Developer/usr/lib -F /Users/rioallen/Library/Developer/Xcode/DerivedData/TradeFly-cjeitwgqikminlegqmjwowkwbezn/Build/Products/Debug-iphonesimulator -F /Applications/Xcode.app/Contents/Developer/Platforms/iPhoneSimulator.platform/Developer/Library/Frameworks -F /Applications/Xcode.app/Contents/Developer/Platforms/iPhoneSimulator.platform/Developer/SDKs/iPhoneSimulator26.1.sdk/Developer/Library/Frameworks -c -j16 -enable-batch-mode -incremental -Xcc -ivfsstatcache -Xcc /Users/rioallen/Library/Developer/Xcode/DerivedData/SDKStatCaches.noindex/iphonesimulator26.1-23B77-90cf18a4295e390e64c810bc6bd7acbc.sdkstatcache -output-file-map /Users/rioallen/Library/Developer/Xcode/DerivedData/TradeFly-cjeitwgqikminlegqmjwowkwbezn/Build/Intermediates.noindex/swift-concurrency-extras.build/Debug-iphonesimulator/ConcurrencyExtras.build/Objects-normal/arm64/ConcurrencyExtras-OutputFileMap.json -use-frontend-parseable-output -save-temps -no-color-diagnostics -explicit-module-build -module-cache-path /Users/rioallen/Library/Developer/Xcode/DerivedData/TradeFly-cjeitwgqikminlegqmjwowkwbezn/Build/Intermediates.noindex/SwiftExplicitPrecompiledModules -clang-scanner-module-cache-path /Users/rioallen/Library/Developer/Xcode/DerivedData/ModuleCache.noindex -sdk-module-cache-path /Users/rioallen/Library/Developer/Xcode/DerivedData/ModuleCache.noindex -serialize-diagnostics -emit-dependencies -emit-module -emit-module-path /Users/rioallen/Library/Developer/Xcode/DerivedData/TradeFly-cjeitwgqikminlegqmjwowkwbezn/Build/Intermediates.noindex/swift-concurrency-extras.build/Debug-iphonesimulator/ConcurrencyExtras.build/Objects-normal/arm64/ConcurrencyExtras.swiftmodule -user-module-version 1.3.2 -validate-clang-modules-once -clang-build-session-file /Users/rioallen/Library/Developer/Xcode/DerivedData/ModuleCache.noindex/Session.modulevalidation -package-name swift_concurrency_extras -Xcc -I/Users/rioallen/Library/Developer/Xcode/DerivedData/TradeFly-cjeitwgqikminlegqmjwowkwbezn/Build/Intermediates.noindex/swift-concurrency-extras.build/Debug-iphonesimulator/ConcurrencyExtras.build/swift-overrides.hmap -emit-const-values -Xfrontend -const-gather-protocols-file -Xfrontend /Users/rioallen/Library/Developer/Xcode/DerivedData/TradeFly-cjeitwgqikminlegqmjwowkwbezn/Build/Intermediates.noindex/swift-concurrency-extras.build/Debug-iphonesimulator/ConcurrencyExtras.build/Objects-normal/arm64/ConcurrencyExtras_const_extract_protocols.json -Xcc -I/Users/rioallen/Library/Developer/Xcode/DerivedData/TradeFly-cjeitwgqikminlegqmjwowkwbezn/Build/Products/Debug-iphonesimulator/include -Xcc -I/Users/rioallen/Library/Developer/Xcode/DerivedData/TradeFly-cjeitwgqikminlegqmjwowkwbezn/Build/Intermediates.noindex/swift-concurrency-extras.build/Debug-iphonesimulator/ConcurrencyExtras.build/DerivedSources-normal/arm64 -Xcc -I/Users/rioallen/Library/Developer/Xcode/DerivedData/TradeFly-cjeitwgqikminlegqmjwowkwbezn/Build/Intermediates.noindex/swift-concurrency-extras.build/Debug-iphonesimulator/ConcurrencyExtras.build/DerivedSources/arm64 -Xcc -I/Users/rioallen/Library/Developer/Xcode/DerivedData/TradeFly-cjeitwgqikminlegqmjwowkwbezn/Build/Intermediates.noindex/swift-concurrency-extras.build/Debug-iphonesimulator/ConcurrencyExtras.build/DerivedSources -Xcc -DSWIFT_PACKAGE -Xcc -DDEBUG\=1 -emit-objc-header -emit-objc-header-path /Users/rioallen/Library/Developer/Xcode/DerivedData/TradeFly-cjeitwgqikminlegqmjwowkwbezn/Build/Intermediates.noindex/swift-concurrency-extras.build/Debug-iphonesimulator/ConcurrencyExtras.build/Objects-normal/arm64/ConcurrencyExtras-Swift.h -working-directory /Users/rioallen/Documents/DropFly-OS-App-Builder/DropFly-PROJECTS/TradeFly-iOS/TradeFly.xcodeproj -experimental-emit-module-separately -disable-cmo

SwiftDriverJobDiscovery normal arm64 Compiling AsyncStream.swift (in target 'ConcurrencyExtras' from project 'swift-concurrency-extras')

SwiftCompile normal arm64 Compiling\ ReportIssue.swift /Users/rioallen/Library/Developer/Xcode/DerivedData/TradeFly-cjeitwgqikminlegqmjwowkwbezn/SourcePackages/checkouts/xctest-dynamic-overlay/Sources/IssueReporting/ReportIssue.swift (in target 'IssueReporting' from project 'xctest-dynamic-overlay')

SwiftCompile normal arm64 /Users/rioallen/Library/Developer/Xcode/DerivedData/TradeFly-cjeitwgqikminlegqmjwowkwbezn/SourcePackages/checkouts/xctest-dynamic-overlay/Sources/IssueReporting/ReportIssue.swift (in target 'IssueReporting' from project 'xctest-dynamic-overlay')
    cd /Users/rioallen/Documents/DropFly-OS-App-Builder/DropFly-PROJECTS/TradeFly-iOS/TradeFly.xcodeproj
    

SwiftDriverJobDiscovery normal arm64 Compiling AnyHashableSendable.swift (in target 'ConcurrencyExtras' from project 'swift-concurrency-extras')

SwiftCompile normal arm64 Compiling\ RuntimeWarningReporter.swift /Users/rioallen/Library/Developer/Xcode/DerivedData/TradeFly-cjeitwgqikminlegqmjwowkwbezn/SourcePackages/checkouts/xctest-dynamic-overlay/Sources/IssueReporting/IssueReporters/RuntimeWarningReporter.swift (in target 'IssueReporting' from project 'xctest-dynamic-overlay')

SwiftCompile normal arm64 /Users/rioallen/Library/Developer/Xcode/DerivedData/TradeFly-cjeitwgqikminlegqmjwowkwbezn/SourcePackages/checkouts/xctest-dynamic-overlay/Sources/IssueReporting/IssueReporters/RuntimeWarningReporter.swift (in target 'IssueReporting' from project 'xctest-dynamic-overlay')
    cd /Users/rioallen/Documents/DropFly-OS-App-Builder/DropFly-PROJECTS/TradeFly-iOS/TradeFly.xcodeproj
    

SwiftMergeGeneratedHeaders /Users/rioallen/Library/Developer/Xcode/DerivedData/TradeFly-cjeitwgqikminlegqmjwowkwbezn/Build/Intermediates.noindex/GeneratedModuleMaps-iphonesimulator/ConcurrencyExtras-Swift.h /Users/rioallen/Library/Developer/Xcode/DerivedData/TradeFly-cjeitwgqikminlegqmjwowkwbezn/Build/Intermediates.noindex/swift-concurrency-extras.build/Debug-iphonesimulator/ConcurrencyExtras.build/Objects-normal/arm64/ConcurrencyExtras-Swift.h (in target 'ConcurrencyExtras' from project 'swift-concurrency-extras')
    cd /Users/rioallen/Library/Developer/Xcode/DerivedData/TradeFly-cjeitwgqikminlegqmjwowkwbezn/SourcePackages/checkouts/swift-concurrency-extras
    builtin-swiftHeaderTool -arch arm64 /Users/rioallen/Library/Developer/Xcode/DerivedData/TradeFly-cjeitwgqikminlegqmjwowkwbezn/Build/Intermediates.noindex/swift-concurrency-extras.build/Debug-iphonesimulator/ConcurrencyExtras.build/Objects-normal/arm64/ConcurrencyExtras-Swift.h -o /Users/rioallen/Library/Developer/Xcode/DerivedData/TradeFly-cjeitwgqikminlegqmjwowkwbezn/Build/Intermediates.noindex/GeneratedModuleMaps-iphonesimulator/ConcurrencyExtras-Swift.h

SwiftDriverJobDiscovery normal arm64 Compiling HTTPFieldName.swift (in target 'HTTPTypes' from project 'swift-http-types')

Copy /Users/rioallen/Library/Developer/Xcode/DerivedData/TradeFly-cjeitwgqikminlegqmjwowkwbezn/Build/Products/Debug-iphonesimulator/ConcurrencyExtras.swiftmodule/arm64-apple-ios-simulator.swiftmodule /Users/rioallen/Library/Developer/Xcode/DerivedData/TradeFly-cjeitwgqikminlegqmjwowkwbezn/Build/Intermediates.noindex/swift-concurrency-extras.build/Debug-iphonesimulator/ConcurrencyExtras.build/Objects-normal/arm64/ConcurrencyExtras.swiftmodule (in target 'ConcurrencyExtras' from project 'swift-concurrency-extras')
    cd /Users/rioallen/Library/Developer/Xcode/DerivedData/TradeFly-cjeitwgqikminlegqmjwowkwbezn/SourcePackages/checkouts/swift-concurrency-extras
    builtin-copy -exclude .DS_Store -exclude CVS -exclude .svn -exclude .git -exclude .hg -resolve-src-symlinks -rename /Users/rioallen/Library/Developer/Xcode/DerivedData/TradeFly-cjeitwgqikminlegqmjwowkwbezn/Build/Intermediates.noindex/swift-concurrency-extras.build/Debug-iphonesimulator/ConcurrencyExtras.build/Objects-normal/arm64/ConcurrencyExtras.swiftmodule /Users/rioallen/Library/Developer/Xcode/DerivedData/TradeFly-cjeitwgqikminlegqmjwowkwbezn/Build/Products/Debug-iphonesimulator/ConcurrencyExtras.swiftmodule/arm64-apple-ios-simulator.swiftmodule

Copy /Users/rioallen/Library/Developer/Xcode/DerivedData/TradeFly-cjeitwgqikminlegqmjwowkwbezn/Build/Products/Debug-iphonesimulator/ConcurrencyExtras.swiftmodule/arm64-apple-ios-simulator.swiftdoc /Users/rioallen/Library/Developer/Xcode/DerivedData/TradeFly-cjeitwgqikminlegqmjwowkwbezn/Build/Intermediates.noindex/swift-concurrency-extras.build/Debug-iphonesimulator/ConcurrencyExtras.build/Objects-normal/arm64/ConcurrencyExtras.swiftdoc (in target 'ConcurrencyExtras' from project 'swift-concurrency-extras')
    cd /Users/rioallen/Library/Developer/Xcode/DerivedData/TradeFly-cjeitwgqikminlegqmjwowkwbezn/SourcePackages/checkouts/swift-concurrency-extras
    builtin-copy -exclude .DS_Store -exclude CVS -exclude .svn -exclude .git -exclude .hg -resolve-src-symlinks -rename /Users/rioallen/Library/Developer/Xcode/DerivedData/TradeFly-cjeitwgqikminlegqmjwowkwbezn/Build/Intermediates.noindex/swift-concurrency-extras.build/Debug-iphonesimulator/ConcurrencyExtras.build/Objects-normal/arm64/ConcurrencyExtras.swiftdoc /Users/rioallen/Library/Developer/Xcode/DerivedData/TradeFly-cjeitwgqikminlegqmjwowkwbezn/Build/Products/Debug-iphonesimulator/ConcurrencyExtras.swiftmodule/arm64-apple-ios-simulator.swiftdoc

Copy /Users/rioallen/Library/Developer/Xcode/DerivedData/TradeFly-cjeitwgqikminlegqmjwowkwbezn/Build/Products/Debug-iphonesimulator/ConcurrencyExtras.swiftmodule/arm64-apple-ios-simulator.abi.json /Users/rioallen/Library/Developer/Xcode/DerivedData/TradeFly-cjeitwgqikminlegqmjwowkwbezn/Build/Intermediates.noindex/swift-concurrency-extras.build/Debug-iphonesimulator/ConcurrencyExtras.build/Objects-normal/arm64/ConcurrencyExtras.abi.json (in target 'ConcurrencyExtras' from project 'swift-concurrency-extras')
    cd /Users/rioallen/Library/Developer/Xcode/DerivedData/TradeFly-cjeitwgqikminlegqmjwowkwbezn/SourcePackages/checkouts/swift-concurrency-extras
    builtin-copy -exclude .DS_Store -exclude CVS -exclude .svn -exclude .git -exclude .hg -resolve-src-symlinks -rename /Users/rioallen/Library/Developer/Xcode/DerivedData/TradeFly-cjeitwgqikminlegqmjwowkwbezn/Build/Intermediates.noindex/swift-concurrency-extras.build/Debug-iphonesimulator/ConcurrencyExtras.build/Objects-normal/arm64/ConcurrencyExtras.abi.json /Users/rioallen/Library/Developer/Xcode/DerivedData/TradeFly-cjeitwgqikminlegqmjwowkwbezn/Build/Products/Debug-iphonesimulator/ConcurrencyExtras.swiftmodule/arm64-apple-ios-simulator.abi.json

SwiftCompile normal arm64 Compiling\ Deprecations.swift,\ FailureObserver.swift /Users/rioallen/Library/Developer/Xcode/DerivedData/TradeFly-cjeitwgqikminlegqmjwowkwbezn/SourcePackages/checkouts/xctest-dynamic-overlay/Sources/IssueReporting/Internal/Deprecations.swift /Users/rioallen/Library/Developer/Xcode/DerivedData/TradeFly-cjeitwgqikminlegqmjwowkwbezn/SourcePackages/checkouts/xctest-dynamic-overlay/Sources/IssueReporting/Internal/FailureObserver.swift (in target 'IssueReporting' from project 'xctest-dynamic-overlay')

SwiftCompile normal arm64 /Users/rioallen/Library/Developer/Xcode/DerivedData/TradeFly-cjeitwgqikminlegqmjwowkwbezn/SourcePackages/checkouts/xctest-dynamic-overlay/Sources/IssueReporting/Internal/Deprecations.swift (in target 'IssueReporting' from project 'xctest-dynamic-overlay')
    cd /Users/rioallen/Documents/DropFly-OS-App-Builder/DropFly-PROJECTS/TradeFly-iOS/TradeFly.xcodeproj
    

SwiftCompile normal arm64 /Users/rioallen/Library/Developer/Xcode/DerivedData/TradeFly-cjeitwgqikminlegqmjwowkwbezn/SourcePackages/checkouts/xctest-dynamic-overlay/Sources/IssueReporting/Internal/FailureObserver.swift (in target 'IssueReporting' from project 'xctest-dynamic-overlay')
    cd /Users/rioallen/Documents/DropFly-OS-App-Builder/DropFly-PROJECTS/TradeFly-iOS/TradeFly.xcodeproj
    

SwiftCompile normal arm64 Compiling\ FatalErrorReporter.swift /Users/rioallen/Library/Developer/Xcode/DerivedData/TradeFly-cjeitwgqikminlegqmjwowkwbezn/SourcePackages/checkouts/xctest-dynamic-overlay/Sources/IssueReporting/IssueReporters/FatalErrorReporter.swift (in target 'IssueReporting' from project 'xctest-dynamic-overlay')

SwiftCompile normal arm64 /Users/rioallen/Library/Developer/Xcode/DerivedData/TradeFly-cjeitwgqikminlegqmjwowkwbezn/SourcePackages/checkouts/xctest-dynamic-overlay/Sources/IssueReporting/IssueReporters/FatalErrorReporter.swift (in target 'IssueReporting' from project 'xctest-dynamic-overlay')
    cd /Users/rioallen/Documents/DropFly-OS-App-Builder/DropFly-PROJECTS/TradeFly-iOS/TradeFly.xcodeproj
    

Copy /Users/rioallen/Library/Developer/Xcode/DerivedData/TradeFly-cjeitwgqikminlegqmjwowkwbezn/Build/Products/Debug-iphonesimulator/ConcurrencyExtras.swiftmodule/Project/arm64-apple-ios-simulator.swiftsourceinfo /Users/rioallen/Library/Developer/Xcode/DerivedData/TradeFly-cjeitwgqikminlegqmjwowkwbezn/Build/Intermediates.noindex/swift-concurrency-extras.build/Debug-iphonesimulator/ConcurrencyExtras.build/Objects-normal/arm64/ConcurrencyExtras.swiftsourceinfo (in target 'ConcurrencyExtras' from project 'swift-concurrency-extras')
    cd /Users/rioallen/Library/Developer/Xcode/DerivedData/TradeFly-cjeitwgqikminlegqmjwowkwbezn/SourcePackages/checkouts/swift-concurrency-extras
    builtin-copy -exclude .DS_Store -exclude CVS -exclude .svn -exclude .git -exclude .hg -resolve-src-symlinks -rename /Users/rioallen/Library/Developer/Xcode/DerivedData/TradeFly-cjeitwgqikminlegqmjwowkwbezn/Build/Intermediates.noindex/swift-concurrency-extras.build/Debug-iphonesimulator/ConcurrencyExtras.build/Objects-normal/arm64/ConcurrencyExtras.swiftsourceinfo /Users/rioallen/Library/Developer/Xcode/DerivedData/TradeFly-cjeitwgqikminlegqmjwowkwbezn/Build/Products/Debug-iphonesimulator/ConcurrencyExtras.swiftmodule/Project/arm64-apple-ios-simulator.swiftsourceinfo

SwiftDriverJobDiscovery normal arm64 Compiling ISOLatin1String.swift (in target 'HTTPTypes' from project 'swift-http-types')

SwiftCompile normal arm64 Compiling\ LockIsolated.swift,\ Rethrows.swift /Users/rioallen/Library/Developer/Xcode/DerivedData/TradeFly-cjeitwgqikminlegqmjwowkwbezn/SourcePackages/checkouts/xctest-dynamic-overlay/Sources/IssueReporting/Internal/LockIsolated.swift /Users/rioallen/Library/Developer/Xcode/DerivedData/TradeFly-cjeitwgqikminlegqmjwowkwbezn/SourcePackages/checkouts/xctest-dynamic-overlay/Sources/IssueReporting/Internal/Rethrows.swift (in target 'IssueReporting' from project 'xctest-dynamic-overlay')

SwiftCompile normal arm64 /Users/rioallen/Library/Developer/Xcode/DerivedData/TradeFly-cjeitwgqikminlegqmjwowkwbezn/SourcePackages/checkouts/xctest-dynamic-overlay/Sources/IssueReporting/Internal/LockIsolated.swift (in target 'IssueReporting' from project 'xctest-dynamic-overlay')
    cd /Users/rioallen/Documents/DropFly-OS-App-Builder/DropFly-PROJECTS/TradeFly-iOS/TradeFly.xcodeproj
    

SwiftCompile normal arm64 /Users/rioallen/Library/Developer/Xcode/DerivedData/TradeFly-cjeitwgqikminlegqmjwowkwbezn/SourcePackages/checkouts/xctest-dynamic-overlay/Sources/IssueReporting/Internal/Rethrows.swift (in target 'IssueReporting' from project 'xctest-dynamic-overlay')
    cd /Users/rioallen/Documents/DropFly-OS-App-Builder/DropFly-PROJECTS/TradeFly-iOS/TradeFly.xcodeproj
    

SwiftDriverJobDiscovery normal arm64 Compiling NIOLock.swift (in target 'HTTPTypes' from project 'swift-http-types')

SwiftDriverJobDiscovery normal arm64 Compiling HTTPParsedFields.swift (in target 'HTTPTypes' from project 'swift-http-types')

SwiftCompile normal arm64 Compiling\ WithIssueContext.swift /Users/rioallen/Library/Developer/Xcode/DerivedData/TradeFly-cjeitwgqikminlegqmjwowkwbezn/SourcePackages/checkouts/xctest-dynamic-overlay/Sources/IssueReporting/WithIssueContext.swift (in target 'IssueReporting' from project 'xctest-dynamic-overlay')

SwiftCompile normal arm64 /Users/rioallen/Library/Developer/Xcode/DerivedData/TradeFly-cjeitwgqikminlegqmjwowkwbezn/SourcePackages/checkouts/xctest-dynamic-overlay/Sources/IssueReporting/WithIssueContext.swift (in target 'IssueReporting' from project 'xctest-dynamic-overlay')
    cd /Users/rioallen/Documents/DropFly-OS-App-Builder/DropFly-PROJECTS/TradeFly-iOS/TradeFly.xcodeproj
    

SwiftDriverJobDiscovery normal arm64 Emitting module for Crypto (in target 'Crypto' from project 'swift-crypto')

SwiftCompile normal arm64 Compiling\ Warn.swift /Users/rioallen/Library/Developer/Xcode/DerivedData/TradeFly-cjeitwgqikminlegqmjwowkwbezn/SourcePackages/checkouts/xctest-dynamic-overlay/Sources/IssueReporting/Internal/Warn.swift (in target 'IssueReporting' from project 'xctest-dynamic-overlay')

SwiftCompile normal arm64 /Users/rioallen/Library/Developer/Xcode/DerivedData/TradeFly-cjeitwgqikminlegqmjwowkwbezn/SourcePackages/checkouts/xctest-dynamic-overlay/Sources/IssueReporting/Internal/Warn.swift (in target 'IssueReporting' from project 'xctest-dynamic-overlay')
    cd /Users/rioallen/Documents/DropFly-OS-App-Builder/DropFly-PROJECTS/TradeFly-iOS/TradeFly.xcodeproj
    

SwiftDriver\ Compilation\ Requirements Crypto normal arm64 com.apple.xcode.tools.swift.compiler (in target 'Crypto' from project 'swift-crypto')
    cd /Users/rioallen/Documents/DropFly-OS-App-Builder/DropFly-PROJECTS/TradeFly-iOS/TradeFly.xcodeproj
    builtin-Swift-Compilation-Requirements -- /Applications/Xcode.app/Contents/Developer/Toolchains/XcodeDefault.xctoolchain/usr/bin/swiftc -module-name Crypto -Onone -enforce-exclusivity\=checked @/Users/rioallen/Library/Developer/Xcode/DerivedData/TradeFly-cjeitwgqikminlegqmjwowkwbezn/Build/Intermediates.noindex/swift-crypto.build/Debug-iphonesimulator/Crypto.build/Objects-normal/arm64/Crypto.SwiftFileList -DSWIFT_PACKAGE -DDEBUG -DSWIFT_MODULE_RESOURCE_BUNDLE_AVAILABLE -DCRYPTO_IN_SWIFTPM -DXcode -enable-upcoming-feature MemberImportVisibility -plugin-path /Applications/Xcode.app/Contents/Developer/Toolchains/XcodeDefault.xctoolchain/usr/lib/swift/host/plugins/testing -enable-experimental-feature DebugDescriptionMacro -sdk /Applications/Xcode.app/Contents/Developer/Platforms/iPhoneSimulator.platform/Developer/SDKs/iPhoneSimulator26.1.sdk -target arm64-apple-ios12.0-simulator -g -module-cache-path /Users/rioallen/Library/Developer/Xcode/DerivedData/ModuleCache.noindex -Xfrontend -serialize-debugging-options -enable-testing -suppress-warnings -index-store-path /Users/rioallen/Library/Developer/Xcode/DerivedData/TradeFly-cjeitwgqikminlegqmjwowkwbezn/Index.noindex/DataStore -Xcc -D_LIBCPP_HARDENING_MODE\=_LIBCPP_HARDENING_MODE_DEBUG -swift-version 6 -I /Users/rioallen/Library/Developer/Xcode/DerivedData/TradeFly-cjeitwgqikminlegqmjwowkwbezn/Build/Products/Debug-iphonesimulator -Isystem /Applications/Xcode.app/Contents/Developer/Platforms/iPhoneSimulator.platform/Developer/usr/lib -F /Users/rioallen/Library/Developer/Xcode/DerivedData/TradeFly-cjeitwgqikminlegqmjwowkwbezn/Build/Products/Debug-iphonesimulator -F /Applications/Xcode.app/Contents/Developer/Platforms/iPhoneSimulator.platform/Developer/Library/Frameworks -F /Applications/Xcode.app/Contents/Developer/Platforms/iPhoneSimulator.platform/Developer/SDKs/iPhoneSimulator26.1.sdk/Developer/Library/Frameworks -c -j16 -enable-batch-mode -incremental -Xcc -ivfsstatcache -Xcc /Users/rioallen/Library/Developer/Xcode/DerivedData/SDKStatCaches.noindex/iphonesimulator26.1-23B77-90cf18a4295e390e64c810bc6bd7acbc.sdkstatcache -output-file-map /Users/rioallen/Library/Developer/Xcode/DerivedData/TradeFly-cjeitwgqikminlegqmjwowkwbezn/Build/Intermediates.noindex/swift-crypto.build/Debug-iphonesimulator/Crypto.build/Objects-normal/arm64/Crypto-OutputFileMap.json -use-frontend-parseable-output -save-temps -no-color-diagnostics -explicit-module-build -module-cache-path /Users/rioallen/Library/Developer/Xcode/DerivedData/TradeFly-cjeitwgqikminlegqmjwowkwbezn/Build/Intermediates.noindex/SwiftExplicitPrecompiledModules -clang-scanner-module-cache-path /Users/rioallen/Library/Developer/Xcode/DerivedData/ModuleCache.noindex -sdk-module-cache-path /Users/rioallen/Library/Developer/Xcode/DerivedData/ModuleCache.noindex -serialize-diagnostics -emit-dependencies -emit-module -emit-module-path /Users/rioallen/Library/Developer/Xcode/DerivedData/TradeFly-cjeitwgqikminlegqmjwowkwbezn/Build/Intermediates.noindex/swift-crypto.build/Debug-iphonesimulator/Crypto.build/Objects-normal/arm64/Crypto.swiftmodule -user-module-version 4.2.0 -validate-clang-modules-once -clang-build-session-file /Users/rioallen/Library/Developer/Xcode/DerivedData/ModuleCache.noindex/Session.modulevalidation -package-name swift_crypto -Xcc -I/Users/rioallen/Library/Developer/Xcode/DerivedData/TradeFly-cjeitwgqikminlegqmjwowkwbezn/Build/Intermediates.noindex/swift-crypto.build/Debug-iphonesimulator/Crypto.build/swift-overrides.hmap -emit-const-values -Xfrontend -const-gather-protocols-file -Xfrontend /Users/rioallen/Library/Developer/Xcode/DerivedData/TradeFly-cjeitwgqikminlegqmjwowkwbezn/Build/Intermediates.noindex/swift-crypto.build/Debug-iphonesimulator/Crypto.build/Objects-normal/arm64/Crypto_const_extract_protocols.json -Xcc -I/Users/rioallen/Library/Developer/Xcode/DerivedData/TradeFly-cjeitwgqikminlegqmjwowkwbezn/Build/Products/Debug-iphonesimulator/include -Xcc -I/Users/rioallen/Library/Developer/Xcode/DerivedData/TradeFly-cjeitwgqikminlegqmjwowkwbezn/Build/Intermediates.noindex/swift-crypto.build/Debug-iphonesimulator/Crypto.build/DerivedSources-normal/arm64 -Xcc -I/Users/rioallen/Library/Developer/Xcode/DerivedData/TradeFly-cjeitwgqikminlegqmjwowkwbezn/Build/Intermediates.noindex/swift-crypto.build/Debug-iphonesimulator/Crypto.build/DerivedSources/arm64 -Xcc -I/Users/rioallen/Library/Developer/Xcode/DerivedData/TradeFly-cjeitwgqikminlegqmjwowkwbezn/Build/Intermediates.noindex/swift-crypto.build/Debug-iphonesimulator/Crypto.build/DerivedSources -Xcc -DSWIFT_PACKAGE -Xcc -DDEBUG\=1 -emit-objc-header -emit-objc-header-path /Users/rioallen/Library/Developer/Xcode/DerivedData/TradeFly-cjeitwgqikminlegqmjwowkwbezn/Build/Intermediates.noindex/swift-crypto.build/Debug-iphonesimulator/Crypto.build/Objects-normal/arm64/Crypto-Swift.h -working-directory /Users/rioallen/Documents/DropFly-OS-App-Builder/DropFly-PROJECTS/TradeFly-iOS/TradeFly.xcodeproj -experimental-emit-module-separately -disable-cmo

SwiftDriverJobDiscovery normal arm64 Emitting module for HTTPTypes (in target 'HTTPTypes' from project 'swift-http-types')

SwiftDriver\ Compilation\ Requirements HTTPTypes normal arm64 com.apple.xcode.tools.swift.compiler (in target 'HTTPTypes' from project 'swift-http-types')
    cd /Users/rioallen/Documents/DropFly-OS-App-Builder/DropFly-PROJECTS/TradeFly-iOS/TradeFly.xcodeproj
    builtin-Swift-Compilation-Requirements -- /Applications/Xcode.app/Contents/Developer/Toolchains/XcodeDefault.xctoolchain/usr/bin/swiftc -module-name HTTPTypes -Onone -enforce-exclusivity\=checked @/Users/rioallen/Library/Developer/Xcode/DerivedData/TradeFly-cjeitwgqikminlegqmjwowkwbezn/Build/Intermediates.noindex/swift-http-types.build/Debug-iphonesimulator/HTTPTypes.build/Objects-normal/arm64/HTTPTypes.SwiftFileList -DSWIFT_PACKAGE -DDEBUG -DSWIFT_MODULE_RESOURCE_BUNDLE_UNAVAILABLE -DXcode -enable-experimental-feature StrictConcurrency\=complete -enable-upcoming-feature MemberImportVisibility -plugin-path /Applications/Xcode.app/Contents/Developer/Toolchains/XcodeDefault.xctoolchain/usr/lib/swift/host/plugins/testing -enable-experimental-feature DebugDescriptionMacro -sdk /Applications/Xcode.app/Contents/Developer/Platforms/iPhoneSimulator.platform/Developer/SDKs/iPhoneSimulator26.1.sdk -target arm64-apple-ios12.0-simulator -g -module-cache-path /Users/rioallen/Library/Developer/Xcode/DerivedData/ModuleCache.noindex -Xfrontend -serialize-debugging-options -enable-testing -suppress-warnings -index-store-path /Users/rioallen/Library/Developer/Xcode/DerivedData/TradeFly-cjeitwgqikminlegqmjwowkwbezn/Index.noindex/DataStore -Xcc -D_LIBCPP_HARDENING_MODE\=_LIBCPP_HARDENING_MODE_DEBUG -swift-version 5 -I /Users/rioallen/Library/Developer/Xcode/DerivedData/TradeFly-cjeitwgqikminlegqmjwowkwbezn/Build/Products/Debug-iphonesimulator -Isystem /Applications/Xcode.app/Contents/Developer/Platforms/iPhoneSimulator.platform/Developer/usr/lib -F /Users/rioallen/Library/Developer/Xcode/DerivedData/TradeFly-cjeitwgqikminlegqmjwowkwbezn/Build/Products/Debug-iphonesimulator -F /Applications/Xcode.app/Contents/Developer/Platforms/iPhoneSimulator.platform/Developer/Library/Frameworks -F /Applications/Xcode.app/Contents/Developer/Platforms/iPhoneSimulator.platform/Developer/SDKs/iPhoneSimulator26.1.sdk/Developer/Library/Frameworks -c -j16 -enable-batch-mode -incremental -Xcc -ivfsstatcache -Xcc /Users/rioallen/Library/Developer/Xcode/DerivedData/SDKStatCaches.noindex/iphonesimulator26.1-23B77-90cf18a4295e390e64c810bc6bd7acbc.sdkstatcache -output-file-map /Users/rioallen/Library/Developer/Xcode/DerivedData/TradeFly-cjeitwgqikminlegqmjwowkwbezn/Build/Intermediates.noindex/swift-http-types.build/Debug-iphonesimulator/HTTPTypes.build/Objects-normal/arm64/HTTPTypes-OutputFileMap.json -use-frontend-parseable-output -save-temps -no-color-diagnostics -explicit-module-build -module-cache-path /Users/rioallen/Library/Developer/Xcode/DerivedData/TradeFly-cjeitwgqikminlegqmjwowkwbezn/Build/Intermediates.noindex/SwiftExplicitPrecompiledModules -clang-scanner-module-cache-path /Users/rioallen/Library/Developer/Xcode/DerivedData/ModuleCache.noindex -sdk-module-cache-path /Users/rioallen/Library/Developer/Xcode/DerivedData/ModuleCache.noindex -serialize-diagnostics -emit-dependencies -emit-module -emit-module-path /Users/rioallen/Library/Developer/Xcode/DerivedData/TradeFly-cjeitwgqikminlegqmjwowkwbezn/Build/Intermediates.noindex/swift-http-types.build/Debug-iphonesimulator/HTTPTypes.build/Objects-normal/arm64/HTTPTypes.swiftmodule -validate-clang-modules-once -clang-build-session-file /Users/rioallen/Library/Developer/Xcode/DerivedData/ModuleCache.noindex/Session.modulevalidation -package-name swift_http_types -Xcc -I/Users/rioallen/Library/Developer/Xcode/DerivedData/TradeFly-cjeitwgqikminlegqmjwowkwbezn/Build/Intermediates.noindex/swift-http-types.build/Debug-iphonesimulator/HTTPTypes.build/swift-overrides.hmap -emit-const-values -Xfrontend -const-gather-protocols-file -Xfrontend /Users/rioallen/Library/Developer/Xcode/DerivedData/TradeFly-cjeitwgqikminlegqmjwowkwbezn/Build/Intermediates.noindex/swift-http-types.build/Debug-iphonesimulator/HTTPTypes.build/Objects-normal/arm64/HTTPTypes_const_extract_protocols.json -Xcc -I/Users/rioallen/Library/Developer/Xcode/DerivedData/TradeFly-cjeitwgqikminlegqmjwowkwbezn/Build/Products/Debug-iphonesimulator/include -Xcc -I/Users/rioallen/Library/Developer/Xcode/DerivedData/TradeFly-cjeitwgqikminlegqmjwowkwbezn/Build/Intermediates.noindex/swift-http-types.build/Debug-iphonesimulator/HTTPTypes.build/DerivedSources-normal/arm64 -Xcc -I/Users/rioallen/Library/Developer/Xcode/DerivedData/TradeFly-cjeitwgqikminlegqmjwowkwbezn/Build/Intermediates.noindex/swift-http-types.build/Debug-iphonesimulator/HTTPTypes.build/DerivedSources/arm64 -Xcc -I/Users/rioallen/Library/Developer/Xcode/DerivedData/TradeFly-cjeitwgqikminlegqmjwowkwbezn/Build/Intermediates.noindex/swift-http-types.build/Debug-iphonesimulator/HTTPTypes.build/DerivedSources -Xcc -DSWIFT_PACKAGE -Xcc -DDEBUG\=1 -emit-objc-header -emit-objc-header-path /Users/rioallen/Library/Developer/Xcode/DerivedData/TradeFly-cjeitwgqikminlegqmjwowkwbezn/Build/Intermediates.noindex/swift-http-types.build/Debug-iphonesimulator/HTTPTypes.build/Objects-normal/arm64/HTTPTypes-Swift.h -working-directory /Users/rioallen/Documents/DropFly-OS-App-Builder/DropFly-PROJECTS/TradeFly-iOS/TradeFly.xcodeproj -experimental-emit-module-separately -disable-cmo

SwiftMergeGeneratedHeaders /Users/rioallen/Library/Developer/Xcode/DerivedData/TradeFly-cjeitwgqikminlegqmjwowkwbezn/Build/Intermediates.noindex/GeneratedModuleMaps-iphonesimulator/Crypto-Swift.h /Users/rioallen/Library/Developer/Xcode/DerivedData/TradeFly-cjeitwgqikminlegqmjwowkwbezn/Build/Intermediates.noindex/swift-crypto.build/Debug-iphonesimulator/Crypto.build/Objects-normal/arm64/Crypto-Swift.h (in target 'Crypto' from project 'swift-crypto')
    cd /Users/rioallen/Library/Developer/Xcode/DerivedData/TradeFly-cjeitwgqikminlegqmjwowkwbezn/SourcePackages/checkouts/swift-crypto
    builtin-swiftHeaderTool -arch arm64 /Users/rioallen/Library/Developer/Xcode/DerivedData/TradeFly-cjeitwgqikminlegqmjwowkwbezn/Build/Intermediates.noindex/swift-crypto.build/Debug-iphonesimulator/Crypto.build/Objects-normal/arm64/Crypto-Swift.h -o /Users/rioallen/Library/Developer/Xcode/DerivedData/TradeFly-cjeitwgqikminlegqmjwowkwbezn/Build/Intermediates.noindex/GeneratedModuleMaps-iphonesimulator/Crypto-Swift.h

SwiftMergeGeneratedHeaders /Users/rioallen/Library/Developer/Xcode/DerivedData/TradeFly-cjeitwgqikminlegqmjwowkwbezn/Build/Intermediates.noindex/GeneratedModuleMaps-iphonesimulator/HTTPTypes-Swift.h /Users/rioallen/Library/Developer/Xcode/DerivedData/TradeFly-cjeitwgqikminlegqmjwowkwbezn/Build/Intermediates.noindex/swift-http-types.build/Debug-iphonesimulator/HTTPTypes.build/Objects-normal/arm64/HTTPTypes-Swift.h (in target 'HTTPTypes' from project 'swift-http-types')
    cd /Users/rioallen/Library/Developer/Xcode/DerivedData/TradeFly-cjeitwgqikminlegqmjwowkwbezn/SourcePackages/checkouts/swift-http-types
    builtin-swiftHeaderTool -arch arm64 /Users/rioallen/Library/Developer/Xcode/DerivedData/TradeFly-cjeitwgqikminlegqmjwowkwbezn/Build/Intermediates.noindex/swift-http-types.build/Debug-iphonesimulator/HTTPTypes.build/Objects-normal/arm64/HTTPTypes-Swift.h -o /Users/rioallen/Library/Developer/Xcode/DerivedData/TradeFly-cjeitwgqikminlegqmjwowkwbezn/Build/Intermediates.noindex/GeneratedModuleMaps-iphonesimulator/HTTPTypes-Swift.h

Copy /Users/rioallen/Library/Developer/Xcode/DerivedData/TradeFly-cjeitwgqikminlegqmjwowkwbezn/Build/Products/Debug-iphonesimulator/HTTPTypes.swiftmodule/arm64-apple-ios-simulator.swiftmodule /Users/rioallen/Library/Developer/Xcode/DerivedData/TradeFly-cjeitwgqikminlegqmjwowkwbezn/Build/Intermediates.noindex/swift-http-types.build/Debug-iphonesimulator/HTTPTypes.build/Objects-normal/arm64/HTTPTypes.swiftmodule (in target 'HTTPTypes' from project 'swift-http-types')
    cd /Users/rioallen/Library/Developer/Xcode/DerivedData/TradeFly-cjeitwgqikminlegqmjwowkwbezn/SourcePackages/checkouts/swift-http-types
    builtin-copy -exclude .DS_Store -exclude CVS -exclude .svn -exclude .git -exclude .hg -resolve-src-symlinks -rename /Users/rioallen/Library/Developer/Xcode/DerivedData/TradeFly-cjeitwgqikminlegqmjwowkwbezn/Build/Intermediates.noindex/swift-http-types.build/Debug-iphonesimulator/HTTPTypes.build/Objects-normal/arm64/HTTPTypes.swiftmodule /Users/rioallen/Library/Developer/Xcode/DerivedData/TradeFly-cjeitwgqikminlegqmjwowkwbezn/Build/Products/Debug-iphonesimulator/HTTPTypes.swiftmodule/arm64-apple-ios-simulator.swiftmodule

SwiftDriverJobDiscovery normal arm64 Compiling HTTPField.swift (in target 'HTTPTypes' from project 'swift-http-types')

Copy /Users/rioallen/Library/Developer/Xcode/DerivedData/TradeFly-cjeitwgqikminlegqmjwowkwbezn/Build/Products/Debug-iphonesimulator/HTTPTypes.swiftmodule/arm64-apple-ios-simulator.swiftdoc /Users/rioallen/Library/Developer/Xcode/DerivedData/TradeFly-cjeitwgqikminlegqmjwowkwbezn/Build/Intermediates.noindex/swift-http-types.build/Debug-iphonesimulator/HTTPTypes.build/Objects-normal/arm64/HTTPTypes.swiftdoc (in target 'HTTPTypes' from project 'swift-http-types')
    cd /Users/rioallen/Library/Developer/Xcode/DerivedData/TradeFly-cjeitwgqikminlegqmjwowkwbezn/SourcePackages/checkouts/swift-http-types
    builtin-copy -exclude .DS_Store -exclude CVS -exclude .svn -exclude .git -exclude .hg -resolve-src-symlinks -rename /Users/rioallen/Library/Developer/Xcode/DerivedData/TradeFly-cjeitwgqikminlegqmjwowkwbezn/Build/Intermediates.noindex/swift-http-types.build/Debug-iphonesimulator/HTTPTypes.build/Objects-normal/arm64/HTTPTypes.swiftdoc /Users/rioallen/Library/Developer/Xcode/DerivedData/TradeFly-cjeitwgqikminlegqmjwowkwbezn/Build/Products/Debug-iphonesimulator/HTTPTypes.swiftmodule/arm64-apple-ios-simulator.swiftdoc

Copy /Users/rioallen/Library/Developer/Xcode/DerivedData/TradeFly-cjeitwgqikminlegqmjwowkwbezn/Build/Products/Debug-iphonesimulator/HTTPTypes.swiftmodule/arm64-apple-ios-simulator.abi.json /Users/rioallen/Library/Developer/Xcode/DerivedData/TradeFly-cjeitwgqikminlegqmjwowkwbezn/Build/Intermediates.noindex/swift-http-types.build/Debug-iphonesimulator/HTTPTypes.build/Objects-normal/arm64/HTTPTypes.abi.json (in target 'HTTPTypes' from project 'swift-http-types')
    cd /Users/rioallen/Library/Developer/Xcode/DerivedData/TradeFly-cjeitwgqikminlegqmjwowkwbezn/SourcePackages/checkouts/swift-http-types
    builtin-copy -exclude .DS_Store -exclude CVS -exclude .svn -exclude .git -exclude .hg -resolve-src-symlinks -rename /Users/rioallen/Library/Developer/Xcode/DerivedData/TradeFly-cjeitwgqikminlegqmjwowkwbezn/Build/Intermediates.noindex/swift-http-types.build/Debug-iphonesimulator/HTTPTypes.build/Objects-normal/arm64/HTTPTypes.abi.json /Users/rioallen/Library/Developer/Xcode/DerivedData/TradeFly-cjeitwgqikminlegqmjwowkwbezn/Build/Products/Debug-iphonesimulator/HTTPTypes.swiftmodule/arm64-apple-ios-simulator.abi.json

Copy /Users/rioallen/Library/Developer/Xcode/DerivedData/TradeFly-cjeitwgqikminlegqmjwowkwbezn/Build/Products/Debug-iphonesimulator/HTTPTypes.swiftmodule/Project/arm64-apple-ios-simulator.swiftsourceinfo /Users/rioallen/Library/Developer/Xcode/DerivedData/TradeFly-cjeitwgqikminlegqmjwowkwbezn/Build/Intermediates.noindex/swift-http-types.build/Debug-iphonesimulator/HTTPTypes.build/Objects-normal/arm64/HTTPTypes.swiftsourceinfo (in target 'HTTPTypes' from project 'swift-http-types')
    cd /Users/rioallen/Library/Developer/Xcode/DerivedData/TradeFly-cjeitwgqikminlegqmjwowkwbezn/SourcePackages/checkouts/swift-http-types
    builtin-copy -exclude .DS_Store -exclude CVS -exclude .svn -exclude .git -exclude .hg -resolve-src-symlinks -rename /Users/rioallen/Library/Developer/Xcode/DerivedData/TradeFly-cjeitwgqikminlegqmjwowkwbezn/Build/Intermediates.noindex/swift-http-types.build/Debug-iphonesimulator/HTTPTypes.build/Objects-normal/arm64/HTTPTypes.swiftsourceinfo /Users/rioallen/Library/Developer/Xcode/DerivedData/TradeFly-cjeitwgqikminlegqmjwowkwbezn/Build/Products/Debug-iphonesimulator/HTTPTypes.swiftmodule/Project/arm64-apple-ios-simulator.swiftsourceinfo

Copy /Users/rioallen/Library/Developer/Xcode/DerivedData/TradeFly-cjeitwgqikminlegqmjwowkwbezn/Build/Products/Debug-iphonesimulator/Crypto.swiftmodule/arm64-apple-ios-simulator.swiftdoc /Users/rioallen/Library/Developer/Xcode/DerivedData/TradeFly-cjeitwgqikminlegqmjwowkwbezn/Build/Intermediates.noindex/swift-crypto.build/Debug-iphonesimulator/Crypto.build/Objects-normal/arm64/Crypto.swiftdoc (in target 'Crypto' from project 'swift-crypto')
    cd /Users/rioallen/Library/Developer/Xcode/DerivedData/TradeFly-cjeitwgqikminlegqmjwowkwbezn/SourcePackages/checkouts/swift-crypto
    builtin-copy -exclude .DS_Store -exclude CVS -exclude .svn -exclude .git -exclude .hg -resolve-src-symlinks -rename /Users/rioallen/Library/Developer/Xcode/DerivedData/TradeFly-cjeitwgqikminlegqmjwowkwbezn/Build/Intermediates.noindex/swift-crypto.build/Debug-iphonesimulator/Crypto.build/Objects-normal/arm64/Crypto.swiftdoc /Users/rioallen/Library/Developer/Xcode/DerivedData/TradeFly-cjeitwgqikminlegqmjwowkwbezn/Build/Products/Debug-iphonesimulator/Crypto.swiftmodule/arm64-apple-ios-simulator.swiftdoc

Copy /Users/rioallen/Library/Developer/Xcode/DerivedData/TradeFly-cjeitwgqikminlegqmjwowkwbezn/Build/Products/Debug-iphonesimulator/Crypto.swiftmodule/arm64-apple-ios-simulator.swiftmodule /Users/rioallen/Library/Developer/Xcode/DerivedData/TradeFly-cjeitwgqikminlegqmjwowkwbezn/Build/Intermediates.noindex/swift-crypto.build/Debug-iphonesimulator/Crypto.build/Objects-normal/arm64/Crypto.swiftmodule (in target 'Crypto' from project 'swift-crypto')
    cd /Users/rioallen/Library/Developer/Xcode/DerivedData/TradeFly-cjeitwgqikminlegqmjwowkwbezn/SourcePackages/checkouts/swift-crypto
    builtin-copy -exclude .DS_Store -exclude CVS -exclude .svn -exclude .git -exclude .hg -resolve-src-symlinks -rename /Users/rioallen/Library/Developer/Xcode/DerivedData/TradeFly-cjeitwgqikminlegqmjwowkwbezn/Build/Intermediates.noindex/swift-crypto.build/Debug-iphonesimulator/Crypto.build/Objects-normal/arm64/Crypto.swiftmodule /Users/rioallen/Library/Developer/Xcode/DerivedData/TradeFly-cjeitwgqikminlegqmjwowkwbezn/Build/Products/Debug-iphonesimulator/Crypto.swiftmodule/arm64-apple-ios-simulator.swiftmodule

Copy /Users/rioallen/Library/Developer/Xcode/DerivedData/TradeFly-cjeitwgqikminlegqmjwowkwbezn/Build/Products/Debug-iphonesimulator/Crypto.swiftmodule/arm64-apple-ios-simulator.abi.json /Users/rioallen/Library/Developer/Xcode/DerivedData/TradeFly-cjeitwgqikminlegqmjwowkwbezn/Build/Intermediates.noindex/swift-crypto.build/Debug-iphonesimulator/Crypto.build/Objects-normal/arm64/Crypto.abi.json (in target 'Crypto' from project 'swift-crypto')
    cd /Users/rioallen/Library/Developer/Xcode/DerivedData/TradeFly-cjeitwgqikminlegqmjwowkwbezn/SourcePackages/checkouts/swift-crypto
    builtin-copy -exclude .DS_Store -exclude CVS -exclude .svn -exclude .git -exclude .hg -resolve-src-symlinks -rename /Users/rioallen/Library/Developer/Xcode/DerivedData/TradeFly-cjeitwgqikminlegqmjwowkwbezn/Build/Intermediates.noindex/swift-crypto.build/Debug-iphonesimulator/Crypto.build/Objects-normal/arm64/Crypto.abi.json /Users/rioallen/Library/Developer/Xcode/DerivedData/TradeFly-cjeitwgqikminlegqmjwowkwbezn/Build/Products/Debug-iphonesimulator/Crypto.swiftmodule/arm64-apple-ios-simulator.abi.json

Copy /Users/rioallen/Library/Developer/Xcode/DerivedData/TradeFly-cjeitwgqikminlegqmjwowkwbezn/Build/Products/Debug-iphonesimulator/Crypto.swiftmodule/Project/arm64-apple-ios-simulator.swiftsourceinfo /Users/rioallen/Library/Developer/Xcode/DerivedData/TradeFly-cjeitwgqikminlegqmjwowkwbezn/Build/Intermediates.noindex/swift-crypto.build/Debug-iphonesimulator/Crypto.build/Objects-normal/arm64/Crypto.swiftsourceinfo (in target 'Crypto' from project 'swift-crypto')
    cd /Users/rioallen/Library/Developer/Xcode/DerivedData/TradeFly-cjeitwgqikminlegqmjwowkwbezn/SourcePackages/checkouts/swift-crypto
    builtin-copy -exclude .DS_Store -exclude CVS -exclude .svn -exclude .git -exclude .hg -resolve-src-symlinks -rename /Users/rioallen/Library/Developer/Xcode/DerivedData/TradeFly-cjeitwgqikminlegqmjwowkwbezn/Build/Intermediates.noindex/swift-crypto.build/Debug-iphonesimulator/Crypto.build/Objects-normal/arm64/Crypto.swiftsourceinfo /Users/rioallen/Library/Developer/Xcode/DerivedData/TradeFly-cjeitwgqikminlegqmjwowkwbezn/Build/Products/Debug-iphonesimulator/Crypto.swiftmodule/Project/arm64-apple-ios-simulator.swiftsourceinfo

SwiftCompile normal arm64 Compiling\ XCTest.swift /Users/rioallen/Library/Developer/Xcode/DerivedData/TradeFly-cjeitwgqikminlegqmjwowkwbezn/SourcePackages/checkouts/xctest-dynamic-overlay/Sources/IssueReporting/Internal/XCTest.swift (in target 'IssueReporting' from project 'xctest-dynamic-overlay')

SwiftCompile normal arm64 /Users/rioallen/Library/Developer/Xcode/DerivedData/TradeFly-cjeitwgqikminlegqmjwowkwbezn/SourcePackages/checkouts/xctest-dynamic-overlay/Sources/IssueReporting/Internal/XCTest.swift (in target 'IssueReporting' from project 'xctest-dynamic-overlay')
    cd /Users/rioallen/Documents/DropFly-OS-App-Builder/DropFly-PROJECTS/TradeFly-iOS/TradeFly.xcodeproj
    

SwiftCompile normal arm64 Compiling\ IssueReporter.swift /Users/rioallen/Library/Developer/Xcode/DerivedData/TradeFly-cjeitwgqikminlegqmjwowkwbezn/SourcePackages/checkouts/xctest-dynamic-overlay/Sources/IssueReporting/IssueReporter.swift (in target 'IssueReporting' from project 'xctest-dynamic-overlay')

SwiftCompile normal arm64 /Users/rioallen/Library/Developer/Xcode/DerivedData/TradeFly-cjeitwgqikminlegqmjwowkwbezn/SourcePackages/checkouts/xctest-dynamic-overlay/Sources/IssueReporting/IssueReporter.swift (in target 'IssueReporting' from project 'xctest-dynamic-overlay')
    cd /Users/rioallen/Documents/DropFly-OS-App-Builder/DropFly-PROJECTS/TradeFly-iOS/TradeFly.xcodeproj
    

SwiftDriverJobDiscovery normal arm64 Compiling TestContext.swift (in target 'IssueReporting' from project 'xctest-dynamic-overlay')

SwiftCompile normal arm64 Compiling\ ErrorReporting.swift,\ AppHostWarning.swift /Users/rioallen/Library/Developer/Xcode/DerivedData/TradeFly-cjeitwgqikminlegqmjwowkwbezn/SourcePackages/checkouts/xctest-dynamic-overlay/Sources/IssueReporting/ErrorReporting.swift /Users/rioallen/Library/Developer/Xcode/DerivedData/TradeFly-cjeitwgqikminlegqmjwowkwbezn/SourcePackages/checkouts/xctest-dynamic-overlay/Sources/IssueReporting/Internal/AppHostWarning.swift (in target 'IssueReporting' from project 'xctest-dynamic-overlay')

SwiftCompile normal arm64 /Users/rioallen/Library/Developer/Xcode/DerivedData/TradeFly-cjeitwgqikminlegqmjwowkwbezn/SourcePackages/checkouts/xctest-dynamic-overlay/Sources/IssueReporting/ErrorReporting.swift (in target 'IssueReporting' from project 'xctest-dynamic-overlay')
    cd /Users/rioallen/Documents/DropFly-OS-App-Builder/DropFly-PROJECTS/TradeFly-iOS/TradeFly.xcodeproj
    

SwiftCompile normal arm64 /Users/rioallen/Library/Developer/Xcode/DerivedData/TradeFly-cjeitwgqikminlegqmjwowkwbezn/SourcePackages/checkouts/xctest-dynamic-overlay/Sources/IssueReporting/Internal/AppHostWarning.swift (in target 'IssueReporting' from project 'xctest-dynamic-overlay')
    cd /Users/rioallen/Documents/DropFly-OS-App-Builder/DropFly-PROJECTS/TradeFly-iOS/TradeFly.xcodeproj
    

SwiftCompile normal arm64 Compiling\ WithExpectedIssue.swift /Users/rioallen/Library/Developer/Xcode/DerivedData/TradeFly-cjeitwgqikminlegqmjwowkwbezn/SourcePackages/checkouts/xctest-dynamic-overlay/Sources/IssueReporting/WithExpectedIssue.swift (in target 'IssueReporting' from project 'xctest-dynamic-overlay')
SwiftCompile normal arm64 /Users/rioallen/Library/Developer/Xcode/DerivedData/TradeFly-cjeitwgqikminlegqmjwowkwbezn/SourcePackages/checkouts/xctest-dynamic-overlay/Sources/IssueReporting/WithExpectedIssue.swift (in target 'IssueReporting' from project 'xctest-dynamic-overlay')
    cd /Users/rioallen/Documents/DropFly-OS-App-Builder/DropFly-PROJECTS/TradeFly-iOS/TradeFly.xcodeproj
    

SwiftDriverJobDiscovery normal arm64 Compiling HTTPRequest+URL.swift (in target 'HTTPTypes' from project 'swift-http-types')

SwiftCompile normal arm64 Compiling\ SwiftTesting.swift,\ UncheckedSendable.swift /Users/rioallen/Library/Developer/Xcode/DerivedData/TradeFly-cjeitwgqikminlegqmjwowkwbezn/SourcePackages/checkouts/xctest-dynamic-overlay/Sources/IssueReporting/Internal/SwiftTesting.swift /Users/rioallen/Library/Developer/Xcode/DerivedData/TradeFly-cjeitwgqikminlegqmjwowkwbezn/SourcePackages/checkouts/xctest-dynamic-overlay/Sources/IssueReporting/Internal/UncheckedSendable.swift (in target 'IssueReporting' from project 'xctest-dynamic-overlay')
SwiftCompile normal arm64 /Users/rioallen/Library/Developer/Xcode/DerivedData/TradeFly-cjeitwgqikminlegqmjwowkwbezn/SourcePackages/checkouts/xctest-dynamic-overlay/Sources/IssueReporting/Internal/SwiftTesting.swift (in target 'IssueReporting' from project 'xctest-dynamic-overlay')
    cd /Users/rioallen/Documents/DropFly-OS-App-Builder/DropFly-PROJECTS/TradeFly-iOS/TradeFly.xcodeproj
    

SwiftCompile normal arm64 /Users/rioallen/Library/Developer/Xcode/DerivedData/TradeFly-cjeitwgqikminlegqmjwowkwbezn/SourcePackages/checkouts/xctest-dynamic-overlay/Sources/IssueReporting/Internal/UncheckedSendable.swift (in target 'IssueReporting' from project 'xctest-dynamic-overlay')
    cd /Users/rioallen/Documents/DropFly-OS-App-Builder/DropFly-PROJECTS/TradeFly-iOS/TradeFly.xcodeproj
    

SwiftDriverJobDiscovery normal arm64 Compiling BreakpointReporter.swift (in target 'IssueReporting' from project 'xctest-dynamic-overlay')

SwiftCompile normal arm64 Compiling\ Unimplemented.swift /Users/rioallen/Library/Developer/Xcode/DerivedData/TradeFly-cjeitwgqikminlegqmjwowkwbezn/SourcePackages/checkouts/xctest-dynamic-overlay/Sources/IssueReporting/Unimplemented.swift (in target 'IssueReporting' from project 'xctest-dynamic-overlay')

SwiftCompile normal arm64 /Users/rioallen/Library/Developer/Xcode/DerivedData/TradeFly-cjeitwgqikminlegqmjwowkwbezn/SourcePackages/checkouts/xctest-dynamic-overlay/Sources/IssueReporting/Unimplemented.swift (in target 'IssueReporting' from project 'xctest-dynamic-overlay')
    cd /Users/rioallen/Documents/DropFly-OS-App-Builder/DropFly-PROJECTS/TradeFly-iOS/TradeFly.xcodeproj
    

SwiftDriverJobDiscovery normal arm64 Compiling FatalErrorReporter.swift (in target 'IssueReporting' from project 'xctest-dynamic-overlay')

SwiftCompile normal arm64 Compiling\ IsTesting.swift /Users/rioallen/Library/Developer/Xcode/DerivedData/TradeFly-cjeitwgqikminlegqmjwowkwbezn/SourcePackages/checkouts/xctest-dynamic-overlay/Sources/IssueReporting/IsTesting.swift (in target 'IssueReporting' from project 'xctest-dynamic-overlay')

SwiftCompile normal arm64 /Users/rioallen/Library/Developer/Xcode/DerivedData/TradeFly-cjeitwgqikminlegqmjwowkwbezn/SourcePackages/checkouts/xctest-dynamic-overlay/Sources/IssueReporting/IsTesting.swift (in target 'IssueReporting' from project 'xctest-dynamic-overlay')
    cd /Users/rioallen/Documents/DropFly-OS-App-Builder/DropFly-PROJECTS/TradeFly-iOS/TradeFly.xcodeproj
    

SwiftCompile normal arm64 Compiling\ X25519Keys_boring.swift,\ Curve25519.swift,\ Ed25519Keys.swift,\ NISTCurvesKeys.swift,\ X25519Keys.swift,\ SymmetricKeys.swift /Users/rioallen/Library/Developer/Xcode/DerivedData/TradeFly-cjeitwgqikminlegqmjwowkwbezn/SourcePackages/checkouts/swift-crypto/Sources/Crypto/Keys/EC/BoringSSL/X25519Keys_boring.swift /Users/rioallen/Library/Developer/Xcode/DerivedData/TradeFly-cjeitwgqikminlegqmjwowkwbezn/SourcePackages/checkouts/swift-crypto/Sources/Crypto/Keys/EC/Curve25519.swift /Users/rioallen/Library/Developer/Xcode/DerivedData/TradeFly-cjeitwgqikminlegqmjwowkwbezn/SourcePackages/checkouts/swift-crypto/Sources/Crypto/Keys/EC/Ed25519Keys.swift /Users/rioallen/Library/Developer/Xcode/DerivedData/TradeFly-cjeitwgqikminlegqmjwowkwbezn/SourcePackages/checkouts/swift-crypto/Sources/Crypto/Keys/EC/NISTCurvesKeys.swift /Users/rioallen/Library/Developer/Xcode/DerivedData/TradeFly-cjeitwgqikminlegqmjwowkwbezn/SourcePackages/checkouts/swift-crypto/Sources/Crypto/Keys/EC/X25519Keys.swift /Users/rioallen/Library/Developer/Xcode/DerivedData/TradeFly-cjeitwgqikminlegqmjwowkwbezn/SourcePackages/checkouts/swift-crypto/Sources/Crypto/Keys/Symmetric/SymmetricKeys.swift (in target 'Crypto' from project 'swift-crypto')

SwiftCompile normal arm64 /Users/rioallen/Library/Developer/Xcode/DerivedData/TradeFly-cjeitwgqikminlegqmjwowkwbezn/SourcePackages/checkouts/swift-crypto/Sources/Crypto/Keys/EC/BoringSSL/X25519Keys_boring.swift (in target 'Crypto' from project 'swift-crypto')
    cd /Users/rioallen/Documents/DropFly-OS-App-Builder/DropFly-PROJECTS/TradeFly-iOS/TradeFly.xcodeproj
    

SwiftCompile normal arm64 /Users/rioallen/Library/Developer/Xcode/DerivedData/TradeFly-cjeitwgqikminlegqmjwowkwbezn/SourcePackages/checkouts/swift-crypto/Sources/Crypto/Keys/EC/Curve25519.swift (in target 'Crypto' from project 'swift-crypto')
    cd /Users/rioallen/Documents/DropFly-OS-App-Builder/DropFly-PROJECTS/TradeFly-iOS/TradeFly.xcodeproj
    

SwiftCompile normal arm64 /Users/rioallen/Library/Developer/Xcode/DerivedData/TradeFly-cjeitwgqikminlegqmjwowkwbezn/SourcePackages/checkouts/swift-crypto/Sources/Crypto/Keys/EC/Ed25519Keys.swift (in target 'Crypto' from project 'swift-crypto')
    cd /Users/rioallen/Documents/DropFly-OS-App-Builder/DropFly-PROJECTS/TradeFly-iOS/TradeFly.xcodeproj
    

SwiftCompile normal arm64 /Users/rioallen/Library/Developer/Xcode/DerivedData/TradeFly-cjeitwgqikminlegqmjwowkwbezn/SourcePackages/checkouts/swift-crypto/Sources/Crypto/Keys/EC/NISTCurvesKeys.swift (in target 'Crypto' from project 'swift-crypto')
    cd /Users/rioallen/Documents/DropFly-OS-App-Builder/DropFly-PROJECTS/TradeFly-iOS/TradeFly.xcodeproj
    

SwiftCompile normal arm64 /Users/rioallen/Library/Developer/Xcode/DerivedData/TradeFly-cjeitwgqikminlegqmjwowkwbezn/SourcePackages/checkouts/swift-crypto/Sources/Crypto/Keys/EC/X25519Keys.swift (in target 'Crypto' from project 'swift-crypto')
    cd /Users/rioallen/Documents/DropFly-OS-App-Builder/DropFly-PROJECTS/TradeFly-iOS/TradeFly.xcodeproj
    

SwiftCompile normal arm64 /Users/rioallen/Library/Developer/Xcode/DerivedData/TradeFly-cjeitwgqikminlegqmjwowkwbezn/SourcePackages/checkouts/swift-crypto/Sources/Crypto/Keys/Symmetric/SymmetricKeys.swift (in target 'Crypto' from project 'swift-crypto')
    cd /Users/rioallen/Documents/DropFly-OS-App-Builder/DropFly-PROJECTS/TradeFly-iOS/TradeFly.xcodeproj
    

SwiftCompile normal arm64 Compiling\ HMAC.swift,\ MACFunctions.swift,\ MessageAuthenticationCode.swift,\ AES.swift,\ ECDSASignature_boring.swift,\ ECDSA_boring.swift /Users/rioallen/Library/Developer/Xcode/DerivedData/TradeFly-cjeitwgqikminlegqmjwowkwbezn/SourcePackages/checkouts/swift-crypto/Sources/Crypto/Message\ Authentication\ Codes/HMAC/HMAC.swift /Users/rioallen/Library/Developer/Xcode/DerivedData/TradeFly-cjeitwgqikminlegqmjwowkwbezn/SourcePackages/checkouts/swift-crypto/Sources/Crypto/Message\ Authentication\ Codes/MACFunctions.swift /Users/rioallen/Library/Developer/Xcode/DerivedData/TradeFly-cjeitwgqikminlegqmjwowkwbezn/SourcePackages/checkouts/swift-crypto/Sources/Crypto/Message\ Authentication\ Codes/MessageAuthenticationCode.swift /Users/rioallen/Library/Developer/Xcode/DerivedData/TradeFly-cjeitwgqikminlegqmjwowkwbezn/SourcePackages/checkouts/swift-crypto/Sources/Crypto/PRF/AES.swift /Users/rioallen/Library/Developer/Xcode/DerivedData/TradeFly-cjeitwgqikminlegqmjwowkwbezn/SourcePackages/checkouts/swift-crypto/Sources/Crypto/Signatures/BoringSSL/ECDSASignature_boring.swift /Users/rioallen/Library/Developer/Xcode/DerivedData/TradeFly-cjeitwgqikminlegqmjwowkwbezn/SourcePackages/checkouts/swift-crypto/Sources/Crypto/Signatures/BoringSSL/ECDSA_boring.swift (in target 'Crypto' from project 'swift-crypto')

SwiftCompile normal arm64 /Users/rioallen/Library/Developer/Xcode/DerivedData/TradeFly-cjeitwgqikminlegqmjwowkwbezn/SourcePackages/checkouts/swift-crypto/Sources/Crypto/Message\ Authentication\ Codes/HMAC/HMAC.swift (in target 'Crypto' from project 'swift-crypto')
    cd /Users/rioallen/Documents/DropFly-OS-App-Builder/DropFly-PROJECTS/TradeFly-iOS/TradeFly.xcodeproj
    

SwiftCompile normal arm64 /Users/rioallen/Library/Developer/Xcode/DerivedData/TradeFly-cjeitwgqikminlegqmjwowkwbezn/SourcePackages/checkouts/swift-crypto/Sources/Crypto/Message\ Authentication\ Codes/MACFunctions.swift (in target 'Crypto' from project 'swift-crypto')
    cd /Users/rioallen/Documents/DropFly-OS-App-Builder/DropFly-PROJECTS/TradeFly-iOS/TradeFly.xcodeproj
    

SwiftCompile normal arm64 /Users/rioallen/Library/Developer/Xcode/DerivedData/TradeFly-cjeitwgqikminlegqmjwowkwbezn/SourcePackages/checkouts/swift-crypto/Sources/Crypto/Message\ Authentication\ Codes/MessageAuthenticationCode.swift (in target 'Crypto' from project 'swift-crypto')
    cd /Users/rioallen/Documents/DropFly-OS-App-Builder/DropFly-PROJECTS/TradeFly-iOS/TradeFly.xcodeproj
    

SwiftCompile normal arm64 /Users/rioallen/Library/Developer/Xcode/DerivedData/TradeFly-cjeitwgqikminlegqmjwowkwbezn/SourcePackages/checkouts/swift-crypto/Sources/Crypto/PRF/AES.swift (in target 'Crypto' from project 'swift-crypto')
    cd /Users/rioallen/Documents/DropFly-OS-App-Builder/DropFly-PROJECTS/TradeFly-iOS/TradeFly.xcodeproj
    

SwiftCompile normal arm64 /Users/rioallen/Library/Developer/Xcode/DerivedData/TradeFly-cjeitwgqikminlegqmjwowkwbezn/SourcePackages/checkouts/swift-crypto/Sources/Crypto/Signatures/BoringSSL/ECDSASignature_boring.swift (in target 'Crypto' from project 'swift-crypto')
    cd /Users/rioallen/Documents/DropFly-OS-App-Builder/DropFly-PROJECTS/TradeFly-iOS/TradeFly.xcodeproj
    

SwiftCompile normal arm64 /Users/rioallen/Library/Developer/Xcode/DerivedData/TradeFly-cjeitwgqikminlegqmjwowkwbezn/SourcePackages/checkouts/swift-crypto/Sources/Crypto/Signatures/BoringSSL/ECDSA_boring.swift (in target 'Crypto' from project 'swift-crypto')
    cd /Users/rioallen/Documents/DropFly-OS-App-Builder/DropFly-PROJECTS/TradeFly-iOS/TradeFly.xcodeproj
    

SwiftDriverJobDiscovery normal arm64 Compiling Warn.swift (in target 'IssueReporting' from project 'xctest-dynamic-overlay')

SwiftDriverJobDiscovery normal arm64 Compiling RuntimeWarningReporter.swift (in target 'IssueReporting' from project 'xctest-dynamic-overlay')

SwiftDriverJobDiscovery normal arm64 Compiling HTTPRequest.swift (in target 'HTTPTypes' from project 'swift-http-types')

SwiftCompile normal arm64 Compiling\ Zeroization_boring.swift,\ PrettyBytes.swift,\ SafeCompare.swift,\ SecureBytes.swift,\ Zeroization.swift /Users/rioallen/Library/Developer/Xcode/DerivedData/TradeFly-cjeitwgqikminlegqmjwowkwbezn/SourcePackages/checkouts/swift-crypto/Sources/Crypto/Util/BoringSSL/Zeroization_boring.swift /Users/rioallen/Library/Developer/Xcode/DerivedData/TradeFly-cjeitwgqikminlegqmjwowkwbezn/SourcePackages/checkouts/swift-crypto/Sources/Crypto/Util/PrettyBytes.swift /Users/rioallen/Library/Developer/Xcode/DerivedData/TradeFly-cjeitwgqikminlegqmjwowkwbezn/SourcePackages/checkouts/swift-crypto/Sources/Crypto/Util/SafeCompare.swift /Users/rioallen/Library/Developer/Xcode/DerivedData/TradeFly-cjeitwgqikminlegqmjwowkwbezn/SourcePackages/checkouts/swift-crypto/Sources/Crypto/Util/SecureBytes.swift /Users/rioallen/Library/Developer/Xcode/DerivedData/TradeFly-cjeitwgqikminlegqmjwowkwbezn/SourcePackages/checkouts/swift-crypto/Sources/Crypto/Util/Zeroization.swift (in target 'Crypto' from project 'swift-crypto')

SwiftCompile normal arm64 /Users/rioallen/Library/Developer/Xcode/DerivedData/TradeFly-cjeitwgqikminlegqmjwowkwbezn/SourcePackages/checkouts/swift-crypto/Sources/Crypto/Util/BoringSSL/Zeroization_boring.swift (in target 'Crypto' from project 'swift-crypto')
    cd /Users/rioallen/Documents/DropFly-OS-App-Builder/DropFly-PROJECTS/TradeFly-iOS/TradeFly.xcodeproj
    

SwiftCompile normal arm64 /Users/rioallen/Library/Developer/Xcode/DerivedData/TradeFly-cjeitwgqikminlegqmjwowkwbezn/SourcePackages/checkouts/swift-crypto/Sources/Crypto/Util/PrettyBytes.swift (in target 'Crypto' from project 'swift-crypto')
    cd /Users/rioallen/Documents/DropFly-OS-App-Builder/DropFly-PROJECTS/TradeFly-iOS/TradeFly.xcodeproj
    

SwiftCompile normal arm64 /Users/rioallen/Library/Developer/Xcode/DerivedData/TradeFly-cjeitwgqikminlegqmjwowkwbezn/SourcePackages/checkouts/swift-crypto/Sources/Crypto/Util/SafeCompare.swift (in target 'Crypto' from project 'swift-crypto')
    cd /Users/rioallen/Documents/DropFly-OS-App-Builder/DropFly-PROJECTS/TradeFly-iOS/TradeFly.xcodeproj
    

SwiftCompile normal arm64 /Users/rioallen/Library/Developer/Xcode/DerivedData/TradeFly-cjeitwgqikminlegqmjwowkwbezn/SourcePackages/checkouts/swift-crypto/Sources/Crypto/Util/SecureBytes.swift (in target 'Crypto' from project 'swift-crypto')
    cd /Users/rioallen/Documents/DropFly-OS-App-Builder/DropFly-PROJECTS/TradeFly-iOS/TradeFly.xcodeproj
    

SwiftCompile normal arm64 /Users/rioallen/Library/Developer/Xcode/DerivedData/TradeFly-cjeitwgqikminlegqmjwowkwbezn/SourcePackages/checkouts/swift-crypto/Sources/Crypto/Util/Zeroization.swift (in target 'Crypto' from project 'swift-crypto')
    cd /Users/rioallen/Documents/DropFly-OS-App-Builder/DropFly-PROJECTS/TradeFly-iOS/TradeFly.xcodeproj
    

SwiftDriverJobDiscovery normal arm64 Compiling LockIsolated.swift, Rethrows.swift (in target 'IssueReporting' from project 'xctest-dynamic-overlay')

SwiftDriverJobDiscovery normal arm64 Compiling Deprecations.swift, FailureObserver.swift (in target 'IssueReporting' from project 'xctest-dynamic-overlay')

SwiftCompile normal arm64 Compiling\ ObjectIdentifier.swift,\ ECDSASignature.swift,\ PEMDocument.swift,\ PKCS8PrivateKey.swift,\ SEC1PrivateKey.swift,\ SubjectPublicKeyInfo.swift /Users/rioallen/Library/Developer/Xcode/DerivedData/TradeFly-cjeitwgqikminlegqmjwowkwbezn/SourcePackages/checkouts/swift-crypto/Sources/Crypto/ASN1/Basic\ ASN1\ Types/ObjectIdentifier.swift /Users/rioallen/Library/Developer/Xcode/DerivedData/TradeFly-cjeitwgqikminlegqmjwowkwbezn/SourcePackages/checkouts/swift-crypto/Sources/Crypto/ASN1/ECDSASignature.swift /Users/rioallen/Library/Developer/Xcode/DerivedData/TradeFly-cjeitwgqikminlegqmjwowkwbezn/SourcePackages/checkouts/swift-crypto/Sources/Crypto/ASN1/PEMDocument.swift /Users/rioallen/Library/Developer/Xcode/DerivedData/TradeFly-cjeitwgqikminlegqmjwowkwbezn/SourcePackages/checkouts/swift-crypto/Sources/Crypto/ASN1/PKCS8PrivateKey.swift /Users/rioallen/Library/Developer/Xcode/DerivedData/TradeFly-cjeitwgqikminlegqmjwowkwbezn/SourcePackages/checkouts/swift-crypto/Sources/Crypto/ASN1/SEC1PrivateKey.swift /Users/rioallen/Library/Developer/Xcode/DerivedData/TradeFly-cjeitwgqikminlegqmjwowkwbezn/SourcePackages/checkouts/swift-crypto/Sources/Crypto/ASN1/SubjectPublicKeyInfo.swift (in target 'Crypto' from project 'swift-crypto')

SwiftCompile normal arm64 /Users/rioallen/Library/Developer/Xcode/DerivedData/TradeFly-cjeitwgqikminlegqmjwowkwbezn/SourcePackages/checkouts/swift-crypto/Sources/Crypto/ASN1/Basic\ ASN1\ Types/ObjectIdentifier.swift (in target 'Crypto' from project 'swift-crypto')
    cd /Users/rioallen/Documents/DropFly-OS-App-Builder/DropFly-PROJECTS/TradeFly-iOS/TradeFly.xcodeproj
    

SwiftCompile normal arm64 /Users/rioallen/Library/Developer/Xcode/DerivedData/TradeFly-cjeitwgqikminlegqmjwowkwbezn/SourcePackages/checkouts/swift-crypto/Sources/Crypto/ASN1/ECDSASignature.swift (in target 'Crypto' from project 'swift-crypto')
    cd /Users/rioallen/Documents/DropFly-OS-App-Builder/DropFly-PROJECTS/TradeFly-iOS/TradeFly.xcodeproj
    

SwiftCompile normal arm64 /Users/rioallen/Library/Developer/Xcode/DerivedData/TradeFly-cjeitwgqikminlegqmjwowkwbezn/SourcePackages/checkouts/swift-crypto/Sources/Crypto/ASN1/PEMDocument.swift (in target 'Crypto' from project 'swift-crypto')
    cd /Users/rioallen/Documents/DropFly-OS-App-Builder/DropFly-PROJECTS/TradeFly-iOS/TradeFly.xcodeproj
    

SwiftCompile normal arm64 /Users/rioallen/Library/Developer/Xcode/DerivedData/TradeFly-cjeitwgqikminlegqmjwowkwbezn/SourcePackages/checkouts/swift-crypto/Sources/Crypto/ASN1/PKCS8PrivateKey.swift (in target 'Crypto' from project 'swift-crypto')
    cd /Users/rioallen/Documents/DropFly-OS-App-Builder/DropFly-PROJECTS/TradeFly-iOS/TradeFly.xcodeproj
    

SwiftCompile normal arm64 /Users/rioallen/Library/Developer/Xcode/DerivedData/TradeFly-cjeitwgqikminlegqmjwowkwbezn/SourcePackages/checkouts/swift-crypto/Sources/Crypto/ASN1/SEC1PrivateKey.swift (in target 'Crypto' from project 'swift-crypto')
    cd /Users/rioallen/Documents/DropFly-OS-App-Builder/DropFly-PROJECTS/TradeFly-iOS/TradeFly.xcodeproj
    

SwiftCompile normal arm64 /Users/rioallen/Library/Developer/Xcode/DerivedData/TradeFly-cjeitwgqikminlegqmjwowkwbezn/SourcePackages/checkouts/swift-crypto/Sources/Crypto/ASN1/SubjectPublicKeyInfo.swift (in target 'Crypto' from project 'swift-crypto')
    cd /Users/rioallen/Documents/DropFly-OS-App-Builder/DropFly-PROJECTS/TradeFly-iOS/TradeFly.xcodeproj
    

SwiftDriverJobDiscovery normal arm64 Compiling WithIssueContext.swift (in target 'IssueReporting' from project 'xctest-dynamic-overlay')

SwiftCompile normal arm64 Compiling\ ASN1Integer.swift,\ ASN1Null.swift,\ ASN1OctetString.swift,\ ASN1Strings.swift,\ ArraySliceBigint.swift,\ GeneralizedTime.swift /Users/rioallen/Library/Developer/Xcode/DerivedData/TradeFly-cjeitwgqikminlegqmjwowkwbezn/SourcePackages/checkouts/swift-crypto/Sources/Crypto/ASN1/Basic\ ASN1\ Types/ASN1Integer.swift /Users/rioallen/Library/Developer/Xcode/DerivedData/TradeFly-cjeitwgqikminlegqmjwowkwbezn/SourcePackages/checkouts/swift-crypto/Sources/Crypto/ASN1/Basic\ ASN1\ Types/ASN1Null.swift /Users/rioallen/Library/Developer/Xcode/DerivedData/TradeFly-cjeitwgqikminlegqmjwowkwbezn/SourcePackages/checkouts/swift-crypto/Sources/Crypto/ASN1/Basic\ ASN1\ Types/ASN1OctetString.swift /Users/rioallen/Library/Developer/Xcode/DerivedData/TradeFly-cjeitwgqikminlegqmjwowkwbezn/SourcePackages/checkouts/swift-crypto/Sources/Crypto/ASN1/Basic\ ASN1\ Types/ASN1Strings.swift /Users/rioallen/Library/Developer/Xcode/DerivedData/TradeFly-cjeitwgqikminlegqmjwowkwbezn/SourcePackages/checkouts/swift-crypto/Sources/Crypto/ASN1/Basic\ ASN1\ Types/ArraySliceBigint.swift /Users/rioallen/Library/Developer/Xcode/DerivedData/TradeFly-cjeitwgqikminlegqmjwowkwbezn/SourcePackages/checkouts/swift-crypto/Sources/Crypto/ASN1/Basic\ ASN1\ Types/GeneralizedTime.swift (in target 'Crypto' from project 'swift-crypto')

SwiftCompile normal arm64 /Users/rioallen/Library/Developer/Xcode/DerivedData/TradeFly-cjeitwgqikminlegqmjwowkwbezn/SourcePackages/checkouts/swift-crypto/Sources/Crypto/ASN1/Basic\ ASN1\ Types/ASN1Integer.swift (in target 'Crypto' from project 'swift-crypto')
    cd /Users/rioallen/Documents/DropFly-OS-App-Builder/DropFly-PROJECTS/TradeFly-iOS/TradeFly.xcodeproj
    

SwiftCompile normal arm64 /Users/rioallen/Library/Developer/Xcode/DerivedData/TradeFly-cjeitwgqikminlegqmjwowkwbezn/SourcePackages/checkouts/swift-crypto/Sources/Crypto/ASN1/Basic\ ASN1\ Types/ASN1Null.swift (in target 'Crypto' from project 'swift-crypto')
    cd /Users/rioallen/Documents/DropFly-OS-App-Builder/DropFly-PROJECTS/TradeFly-iOS/TradeFly.xcodeproj
    

SwiftCompile normal arm64 /Users/rioallen/Library/Developer/Xcode/DerivedData/TradeFly-cjeitwgqikminlegqmjwowkwbezn/SourcePackages/checkouts/swift-crypto/Sources/Crypto/ASN1/Basic\ ASN1\ Types/ASN1OctetString.swift (in target 'Crypto' from project 'swift-crypto')
    cd /Users/rioallen/Documents/DropFly-OS-App-Builder/DropFly-PROJECTS/TradeFly-iOS/TradeFly.xcodeproj
    

SwiftCompile normal arm64 /Users/rioallen/Library/Developer/Xcode/DerivedData/TradeFly-cjeitwgqikminlegqmjwowkwbezn/SourcePackages/checkouts/swift-crypto/Sources/Crypto/ASN1/Basic\ ASN1\ Types/ASN1Strings.swift (in target 'Crypto' from project 'swift-crypto')
    cd /Users/rioallen/Documents/DropFly-OS-App-Builder/DropFly-PROJECTS/TradeFly-iOS/TradeFly.xcodeproj
    

SwiftCompile normal arm64 /Users/rioallen/Library/Developer/Xcode/DerivedData/TradeFly-cjeitwgqikminlegqmjwowkwbezn/SourcePackages/checkouts/swift-crypto/Sources/Crypto/ASN1/Basic\ ASN1\ Types/ArraySliceBigint.swift (in target 'Crypto' from project 'swift-crypto')
    cd /Users/rioallen/Documents/DropFly-OS-App-Builder/DropFly-PROJECTS/TradeFly-iOS/TradeFly.xcodeproj
    

SwiftCompile normal arm64 /Users/rioallen/Library/Developer/Xcode/DerivedData/TradeFly-cjeitwgqikminlegqmjwowkwbezn/SourcePackages/checkouts/swift-crypto/Sources/Crypto/ASN1/Basic\ ASN1\ Types/GeneralizedTime.swift (in target 'Crypto' from project 'swift-crypto')
    cd /Users/rioallen/Documents/DropFly-OS-App-Builder/DropFly-PROJECTS/TradeFly-iOS/TradeFly.xcodeproj
    

SwiftCompile normal arm64 Compiling\ resource_bundle_accessor.swift,\ AES-GCM.swift,\ AES-GCM_boring.swift,\ ChaChaPoly_boring.swift,\ ChaChaPoly.swift,\ Cipher.swift /Users/rioallen/Library/Developer/Xcode/DerivedData/TradeFly-cjeitwgqikminlegqmjwowkwbezn/Build/Intermediates.noindex/swift-crypto.build/Debug-iphonesimulator/Crypto.build/DerivedSources/resource_bundle_accessor.swift /Users/rioallen/Library/Developer/Xcode/DerivedData/TradeFly-cjeitwgqikminlegqmjwowkwbezn/SourcePackages/checkouts/swift-crypto/Sources/Crypto/AEADs/AES/GCM/AES-GCM.swift /Users/rioallen/Library/Developer/Xcode/DerivedData/TradeFly-cjeitwgqikminlegqmjwowkwbezn/SourcePackages/checkouts/swift-crypto/Sources/Crypto/AEADs/AES/GCM/BoringSSL/AES-GCM_boring.swift /Users/rioallen/Library/Developer/Xcode/DerivedData/TradeFly-cjeitwgqikminlegqmjwowkwbezn/SourcePackages/checkouts/swift-crypto/Sources/Crypto/AEADs/ChachaPoly/BoringSSL/ChaChaPoly_boring.swift /Users/rioallen/Library/Developer/Xcode/DerivedData/TradeFly-cjeitwgqikminlegqmjwowkwbezn/SourcePackages/checkouts/swift-crypto/Sources/Crypto/AEADs/ChachaPoly/ChaChaPoly.swift /Users/rioallen/Library/Developer/Xcode/DerivedData/TradeFly-cjeitwgqikminlegqmjwowkwbezn/SourcePackages/checkouts/swift-crypto/Sources/Crypto/AEADs/Cipher.swift (in target 'Crypto' from project 'swift-crypto')

SwiftCompile normal arm64 /Users/rioallen/Library/Developer/Xcode/DerivedData/TradeFly-cjeitwgqikminlegqmjwowkwbezn/Build/Intermediates.noindex/swift-crypto.build/Debug-iphonesimulator/Crypto.build/DerivedSources/resource_bundle_accessor.swift (in target 'Crypto' from project 'swift-crypto')
    cd /Users/rioallen/Documents/DropFly-OS-App-Builder/DropFly-PROJECTS/TradeFly-iOS/TradeFly.xcodeproj
    

SwiftCompile normal arm64 /Users/rioallen/Library/Developer/Xcode/DerivedData/TradeFly-cjeitwgqikminlegqmjwowkwbezn/SourcePackages/checkouts/swift-crypto/Sources/Crypto/AEADs/AES/GCM/AES-GCM.swift (in target 'Crypto' from project 'swift-crypto')
    cd /Users/rioallen/Documents/DropFly-OS-App-Builder/DropFly-PROJECTS/TradeFly-iOS/TradeFly.xcodeproj
    

SwiftCompile normal arm64 /Users/rioallen/Library/Developer/Xcode/DerivedData/TradeFly-cjeitwgqikminlegqmjwowkwbezn/SourcePackages/checkouts/swift-crypto/Sources/Crypto/AEADs/AES/GCM/BoringSSL/AES-GCM_boring.swift (in target 'Crypto' from project 'swift-crypto')
    cd /Users/rioallen/Documents/DropFly-OS-App-Builder/DropFly-PROJECTS/TradeFly-iOS/TradeFly.xcodeproj
    

SwiftCompile normal arm64 /Users/rioallen/Library/Developer/Xcode/DerivedData/TradeFly-cjeitwgqikminlegqmjwowkwbezn/SourcePackages/checkouts/swift-crypto/Sources/Crypto/AEADs/ChachaPoly/BoringSSL/ChaChaPoly_boring.swift (in target 'Crypto' from project 'swift-crypto')
    cd /Users/rioallen/Documents/DropFly-OS-App-Builder/DropFly-PROJECTS/TradeFly-iOS/TradeFly.xcodeproj
    

SwiftCompile normal arm64 /Users/rioallen/Library/Developer/Xcode/DerivedData/TradeFly-cjeitwgqikminlegqmjwowkwbezn/SourcePackages/checkouts/swift-crypto/Sources/Crypto/AEADs/ChachaPoly/ChaChaPoly.swift (in target 'Crypto' from project 'swift-crypto')
    cd /Users/rioallen/Documents/DropFly-OS-App-Builder/DropFly-PROJECTS/TradeFly-iOS/TradeFly.xcodeproj
    

SwiftCompile normal arm64 /Users/rioallen/Library/Developer/Xcode/DerivedData/TradeFly-cjeitwgqikminlegqmjwowkwbezn/SourcePackages/checkouts/swift-crypto/Sources/Crypto/AEADs/Cipher.swift (in target 'Crypto' from project 'swift-crypto')
    cd /Users/rioallen/Documents/DropFly-OS-App-Builder/DropFly-PROJECTS/TradeFly-iOS/TradeFly.xcodeproj
    

SwiftDriverJobDiscovery normal arm64 Compiling XCTest.swift (in target 'IssueReporting' from project 'xctest-dynamic-overlay')

SwiftCompile normal arm64 Compiling\ Insecure.swift,\ Insecure_HashFunctions.swift,\ MLKEM_boring.swift,\ MLKEM_wrapper.swift,\ XWing_boring.swift,\ KEM-Errors.swift /Users/rioallen/Library/Developer/Xcode/DerivedData/TradeFly-cjeitwgqikminlegqmjwowkwbezn/SourcePackages/checkouts/swift-crypto/Sources/Crypto/Insecure/Insecure.swift /Users/rioallen/Library/Developer/Xcode/DerivedData/TradeFly-cjeitwgqikminlegqmjwowkwbezn/SourcePackages/checkouts/swift-crypto/Sources/Crypto/Insecure/Insecure_HashFunctions.swift /Users/rioallen/Library/Developer/Xcode/DerivedData/TradeFly-cjeitwgqikminlegqmjwowkwbezn/SourcePackages/checkouts/swift-crypto/Sources/Crypto/KEM/BoringSSL/MLKEM_boring.swift /Users/rioallen/Library/Developer/Xcode/DerivedData/TradeFly-cjeitwgqikminlegqmjwowkwbezn/SourcePackages/checkouts/swift-crypto/Sources/Crypto/KEM/BoringSSL/MLKEM_wrapper.swift /Users/rioallen/Library/Developer/Xcode/DerivedData/TradeFly-cjeitwgqikminlegqmjwowkwbezn/SourcePackages/checkouts/swift-crypto/Sources/Crypto/KEM/BoringSSL/XWing_boring.swift /Users/rioallen/Library/Developer/Xcode/DerivedData/TradeFly-cjeitwgqikminlegqmjwowkwbezn/SourcePackages/checkouts/swift-crypto/Sources/Crypto/KEM/KEM-Errors.swift (in target 'Crypto' from project 'swift-crypto')

SwiftCompile normal arm64 /Users/rioallen/Library/Developer/Xcode/DerivedData/TradeFly-cjeitwgqikminlegqmjwowkwbezn/SourcePackages/checkouts/swift-crypto/Sources/Crypto/Insecure/Insecure.swift (in target 'Crypto' from project 'swift-crypto')
    cd /Users/rioallen/Documents/DropFly-OS-App-Builder/DropFly-PROJECTS/TradeFly-iOS/TradeFly.xcodeproj
    

SwiftCompile normal arm64 /Users/rioallen/Library/Developer/Xcode/DerivedData/TradeFly-cjeitwgqikminlegqmjwowkwbezn/SourcePackages/checkouts/swift-crypto/Sources/Crypto/Insecure/Insecure_HashFunctions.swift (in target 'Crypto' from project 'swift-crypto')
    cd /Users/rioallen/Documents/DropFly-OS-App-Builder/DropFly-PROJECTS/TradeFly-iOS/TradeFly.xcodeproj
    

SwiftCompile normal arm64 /Users/rioallen/Library/Developer/Xcode/DerivedData/TradeFly-cjeitwgqikminlegqmjwowkwbezn/SourcePackages/checkouts/swift-crypto/Sources/Crypto/KEM/BoringSSL/MLKEM_boring.swift (in target 'Crypto' from project 'swift-crypto')
    cd /Users/rioallen/Documents/DropFly-OS-App-Builder/DropFly-PROJECTS/TradeFly-iOS/TradeFly.xcodeproj
    

SwiftCompile normal arm64 /Users/rioallen/Library/Developer/Xcode/DerivedData/TradeFly-cjeitwgqikminlegqmjwowkwbezn/SourcePackages/checkouts/swift-crypto/Sources/Crypto/KEM/BoringSSL/MLKEM_wrapper.swift (in target 'Crypto' from project 'swift-crypto')
    cd /Users/rioallen/Documents/DropFly-OS-App-Builder/DropFly-PROJECTS/TradeFly-iOS/TradeFly.xcodeproj
    

SwiftCompile normal arm64 /Users/rioallen/Library/Developer/Xcode/DerivedData/TradeFly-cjeitwgqikminlegqmjwowkwbezn/SourcePackages/checkouts/swift-crypto/Sources/Crypto/KEM/BoringSSL/XWing_boring.swift (in target 'Crypto' from project 'swift-crypto')
    cd /Users/rioallen/Documents/DropFly-OS-App-Builder/DropFly-PROJECTS/TradeFly-iOS/TradeFly.xcodeproj
    

SwiftCompile normal arm64 /Users/rioallen/Library/Developer/Xcode/DerivedData/TradeFly-cjeitwgqikminlegqmjwowkwbezn/SourcePackages/checkouts/swift-crypto/Sources/Crypto/KEM/KEM-Errors.swift (in target 'Crypto' from project 'swift-crypto')
    cd /Users/rioallen/Documents/DropFly-OS-App-Builder/DropFly-PROJECTS/TradeFly-iOS/TradeFly.xcodeproj
    

SwiftDriverJobDiscovery normal arm64 Compiling ReportIssue.swift (in target 'IssueReporting' from project 'xctest-dynamic-overlay')

SwiftCompile normal arm64 Compiling\ ANSIx963.swift,\ HKDF.swift,\ AESWrap.swift,\ AESWrap_boring.swift,\ Ed25519_boring.swift,\ NISTCurvesKeys_boring.swift /Users/rioallen/Library/Developer/Xcode/DerivedData/TradeFly-cjeitwgqikminlegqmjwowkwbezn/SourcePackages/checkouts/swift-crypto/Sources/Crypto/Key\ Derivation/ANSIx963.swift /Users/rioallen/Library/Developer/Xcode/DerivedData/TradeFly-cjeitwgqikminlegqmjwowkwbezn/SourcePackages/checkouts/swift-crypto/Sources/Crypto/Key\ Derivation/HKDF.swift /Users/rioallen/Library/Developer/Xcode/DerivedData/TradeFly-cjeitwgqikminlegqmjwowkwbezn/SourcePackages/checkouts/swift-crypto/Sources/Crypto/Key\ Wrapping/AESWrap.swift /Users/rioallen/Library/Developer/Xcode/DerivedData/TradeFly-cjeitwgqikminlegqmjwowkwbezn/SourcePackages/checkouts/swift-crypto/Sources/Crypto/Key\ Wrapping/BoringSSL/AESWrap_boring.swift /Users/rioallen/Library/Developer/Xcode/DerivedData/TradeFly-cjeitwgqikminlegqmjwowkwbezn/SourcePackages/checkouts/swift-crypto/Sources/Crypto/Keys/EC/BoringSSL/Ed25519_boring.swift /Users/rioallen/Library/Developer/Xcode/DerivedData/TradeFly-cjeitwgqikminlegqmjwowkwbezn/SourcePackages/checkouts/swift-crypto/Sources/Crypto/Keys/EC/BoringSSL/NISTCurvesKeys_boring.swift (in target 'Crypto' from project 'swift-crypto')

SwiftCompile normal arm64 /Users/rioallen/Library/Developer/Xcode/DerivedData/TradeFly-cjeitwgqikminlegqmjwowkwbezn/SourcePackages/checkouts/swift-crypto/Sources/Crypto/Key\ Derivation/ANSIx963.swift (in target 'Crypto' from project 'swift-crypto')
    cd /Users/rioallen/Documents/DropFly-OS-App-Builder/DropFly-PROJECTS/TradeFly-iOS/TradeFly.xcodeproj
    

SwiftCompile normal arm64 /Users/rioallen/Library/Developer/Xcode/DerivedData/TradeFly-cjeitwgqikminlegqmjwowkwbezn/SourcePackages/checkouts/swift-crypto/Sources/Crypto/Key\ Derivation/HKDF.swift (in target 'Crypto' from project 'swift-crypto')
    cd /Users/rioallen/Documents/DropFly-OS-App-Builder/DropFly-PROJECTS/TradeFly-iOS/TradeFly.xcodeproj
    

SwiftCompile normal arm64 /Users/rioallen/Library/Developer/Xcode/DerivedData/TradeFly-cjeitwgqikminlegqmjwowkwbezn/SourcePackages/checkouts/swift-crypto/Sources/Crypto/Key\ Wrapping/AESWrap.swift (in target 'Crypto' from project 'swift-crypto')
    cd /Users/rioallen/Documents/DropFly-OS-App-Builder/DropFly-PROJECTS/TradeFly-iOS/TradeFly.xcodeproj
    

SwiftCompile normal arm64 /Users/rioallen/Library/Developer/Xcode/DerivedData/TradeFly-cjeitwgqikminlegqmjwowkwbezn/SourcePackages/checkouts/swift-crypto/Sources/Crypto/Key\ Wrapping/BoringSSL/AESWrap_boring.swift (in target 'Crypto' from project 'swift-crypto')
    cd /Users/rioallen/Documents/DropFly-OS-App-Builder/DropFly-PROJECTS/TradeFly-iOS/TradeFly.xcodeproj
    

SwiftCompile normal arm64 /Users/rioallen/Library/Developer/Xcode/DerivedData/TradeFly-cjeitwgqikminlegqmjwowkwbezn/SourcePackages/checkouts/swift-crypto/Sources/Crypto/Keys/EC/BoringSSL/Ed25519_boring.swift (in target 'Crypto' from project 'swift-crypto')
    cd /Users/rioallen/Documents/DropFly-OS-App-Builder/DropFly-PROJECTS/TradeFly-iOS/TradeFly.xcodeproj
    

SwiftCompile normal arm64 /Users/rioallen/Library/Developer/Xcode/DerivedData/TradeFly-cjeitwgqikminlegqmjwowkwbezn/SourcePackages/checkouts/swift-crypto/Sources/Crypto/Keys/EC/BoringSSL/NISTCurvesKeys_boring.swift (in target 'Crypto' from project 'swift-crypto')
    cd /Users/rioallen/Documents/DropFly-OS-App-Builder/DropFly-PROJECTS/TradeFly-iOS/TradeFly.xcodeproj
    

SwiftDriverJobDiscovery normal arm64 Compiling HTTPResponse.swift (in target 'HTTPTypes' from project 'swift-http-types')

SwiftCompile normal arm64 Compiling\ Signature.swift,\ CryptoKitErrors_boring.swift,\ Optional+withUnsafeBytes_boring.swift,\ RNG_boring.swift,\ SafeCompare_boring.swift /Users/rioallen/Library/Developer/Xcode/DerivedData/TradeFly-cjeitwgqikminlegqmjwowkwbezn/SourcePackages/checkouts/swift-crypto/Sources/Crypto/Signatures/Signature.swift /Users/rioallen/Library/Developer/Xcode/DerivedData/TradeFly-cjeitwgqikminlegqmjwowkwbezn/SourcePackages/checkouts/swift-crypto/Sources/Crypto/Util/BoringSSL/CryptoKitErrors_boring.swift /Users/rioallen/Library/Developer/Xcode/DerivedData/TradeFly-cjeitwgqikminlegqmjwowkwbezn/SourcePackages/checkouts/swift-crypto/Sources/Crypto/Util/BoringSSL/Optional+withUnsafeBytes_boring.swift /Users/rioallen/Library/Developer/Xcode/DerivedData/TradeFly-cjeitwgqikminlegqmjwowkwbezn/SourcePackages/checkouts/swift-crypto/Sources/Crypto/Util/BoringSSL/RNG_boring.swift /Users/rioallen/Library/Developer/Xcode/DerivedData/TradeFly-cjeitwgqikminlegqmjwowkwbezn/SourcePackages/checkouts/swift-crypto/Sources/Crypto/Util/BoringSSL/SafeCompare_boring.swift (in target 'Crypto' from project 'swift-crypto')

SwiftCompile normal arm64 /Users/rioallen/Library/Developer/Xcode/DerivedData/TradeFly-cjeitwgqikminlegqmjwowkwbezn/SourcePackages/checkouts/swift-crypto/Sources/Crypto/Signatures/Signature.swift (in target 'Crypto' from project 'swift-crypto')
    cd /Users/rioallen/Documents/DropFly-OS-App-Builder/DropFly-PROJECTS/TradeFly-iOS/TradeFly.xcodeproj
    

SwiftCompile normal arm64 /Users/rioallen/Library/Developer/Xcode/DerivedData/TradeFly-cjeitwgqikminlegqmjwowkwbezn/SourcePackages/checkouts/swift-crypto/Sources/Crypto/Util/BoringSSL/CryptoKitErrors_boring.swift (in target 'Crypto' from project 'swift-crypto')
    cd /Users/rioallen/Documents/DropFly-OS-App-Builder/DropFly-PROJECTS/TradeFly-iOS/TradeFly.xcodeproj
    

SwiftCompile normal arm64 /Users/rioallen/Library/Developer/Xcode/DerivedData/TradeFly-cjeitwgqikminlegqmjwowkwbezn/SourcePackages/checkouts/swift-crypto/Sources/Crypto/Util/BoringSSL/Optional+withUnsafeBytes_boring.swift (in target 'Crypto' from project 'swift-crypto')
    cd /Users/rioallen/Documents/DropFly-OS-App-Builder/DropFly-PROJECTS/TradeFly-iOS/TradeFly.xcodeproj
    

SwiftCompile normal arm64 /Users/rioallen/Library/Developer/Xcode/DerivedData/TradeFly-cjeitwgqikminlegqmjwowkwbezn/SourcePackages/checkouts/swift-crypto/Sources/Crypto/Util/BoringSSL/RNG_boring.swift (in target 'Crypto' from project 'swift-crypto')
    cd /Users/rioallen/Documents/DropFly-OS-App-Builder/DropFly-PROJECTS/TradeFly-iOS/TradeFly.xcodeproj
    

SwiftCompile normal arm64 /Users/rioallen/Library/Developer/Xcode/DerivedData/TradeFly-cjeitwgqikminlegqmjwowkwbezn/SourcePackages/checkouts/swift-crypto/Sources/Crypto/Util/BoringSSL/SafeCompare_boring.swift (in target 'Crypto' from project 'swift-crypto')
    cd /Users/rioallen/Documents/DropFly-OS-App-Builder/DropFly-PROJECTS/TradeFly-iOS/TradeFly.xcodeproj
    

SwiftDriverJobDiscovery normal arm64 Compiling IsTesting.swift (in target 'IssueReporting' from project 'xctest-dynamic-overlay')

SwiftCompile normal arm64 Compiling\ HPKE-KexKeyDerivation.swift,\ HPKE-LabeledExtract.swift,\ HPKE-Utils.swift,\ DHKEM.swift,\ HPKE-KEM-Curve25519.swift,\ HPKE-NIST-EC-KEMs.swift /Users/rioallen/Library/Developer/Xcode/DerivedData/TradeFly-cjeitwgqikminlegqmjwowkwbezn/SourcePackages/checkouts/swift-crypto/Sources/Crypto/HPKE/Ciphersuite/HPKE-KexKeyDerivation.swift /Users/rioallen/Library/Developer/Xcode/DerivedData/TradeFly-cjeitwgqikminlegqmjwowkwbezn/SourcePackages/checkouts/swift-crypto/Sources/Crypto/HPKE/Ciphersuite/HPKE-LabeledExtract.swift /Users/rioallen/Library/Developer/Xcode/DerivedData/TradeFly-cjeitwgqikminlegqmjwowkwbezn/SourcePackages/checkouts/swift-crypto/Sources/Crypto/HPKE/Ciphersuite/HPKE-Utils.swift /Users/rioallen/Library/Developer/Xcode/DerivedData/TradeFly-cjeitwgqikminlegqmjwowkwbezn/SourcePackages/checkouts/swift-crypto/Sources/Crypto/HPKE/Ciphersuite/KEM/Conformances/DHKEM.swift /Users/rioallen/Library/Developer/Xcode/DerivedData/TradeFly-cjeitwgqikminlegqmjwowkwbezn/SourcePackages/checkouts/swift-crypto/Sources/Crypto/HPKE/Ciphersuite/KEM/Conformances/HPKE-KEM-Curve25519.swift /Users/rioallen/Library/Developer/Xcode/DerivedData/TradeFly-cjeitwgqikminlegqmjwowkwbezn/SourcePackages/checkouts/swift-crypto/Sources/Crypto/HPKE/Ciphersuite/KEM/Conformances/HPKE-NIST-EC-KEMs.swift (in target 'Crypto' from project 'swift-crypto')

SwiftCompile normal arm64 /Users/rioallen/Library/Developer/Xcode/DerivedData/TradeFly-cjeitwgqikminlegqmjwowkwbezn/SourcePackages/checkouts/swift-crypto/Sources/Crypto/HPKE/Ciphersuite/HPKE-KexKeyDerivation.swift (in target 'Crypto' from project 'swift-crypto')
    cd /Users/rioallen/Documents/DropFly-OS-App-Builder/DropFly-PROJECTS/TradeFly-iOS/TradeFly.xcodeproj
    

SwiftCompile normal arm64 /Users/rioallen/Library/Developer/Xcode/DerivedData/TradeFly-cjeitwgqikminlegqmjwowkwbezn/SourcePackages/checkouts/swift-crypto/Sources/Crypto/HPKE/Ciphersuite/HPKE-LabeledExtract.swift (in target 'Crypto' from project 'swift-crypto')
    cd /Users/rioallen/Documents/DropFly-OS-App-Builder/DropFly-PROJECTS/TradeFly-iOS/TradeFly.xcodeproj
    

SwiftCompile normal arm64 /Users/rioallen/Library/Developer/Xcode/DerivedData/TradeFly-cjeitwgqikminlegqmjwowkwbezn/SourcePackages/checkouts/swift-crypto/Sources/Crypto/HPKE/Ciphersuite/HPKE-Utils.swift (in target 'Crypto' from project 'swift-crypto')
    cd /Users/rioallen/Documents/DropFly-OS-App-Builder/DropFly-PROJECTS/TradeFly-iOS/TradeFly.xcodeproj
    

SwiftCompile normal arm64 /Users/rioallen/Library/Developer/Xcode/DerivedData/TradeFly-cjeitwgqikminlegqmjwowkwbezn/SourcePackages/checkouts/swift-crypto/Sources/Crypto/HPKE/Ciphersuite/KEM/Conformances/DHKEM.swift (in target 'Crypto' from project 'swift-crypto')
    cd /Users/rioallen/Documents/DropFly-OS-App-Builder/DropFly-PROJECTS/TradeFly-iOS/TradeFly.xcodeproj
    

SwiftCompile normal arm64 /Users/rioallen/Library/Developer/Xcode/DerivedData/TradeFly-cjeitwgqikminlegqmjwowkwbezn/SourcePackages/checkouts/swift-crypto/Sources/Crypto/HPKE/Ciphersuite/KEM/Conformances/HPKE-KEM-Curve25519.swift (in target 'Crypto' from project 'swift-crypto')
    cd /Users/rioallen/Documents/DropFly-OS-App-Builder/DropFly-PROJECTS/TradeFly-iOS/TradeFly.xcodeproj
    

SwiftCompile normal arm64 /Users/rioallen/Library/Developer/Xcode/DerivedData/TradeFly-cjeitwgqikminlegqmjwowkwbezn/SourcePackages/checkouts/swift-crypto/Sources/Crypto/HPKE/Ciphersuite/KEM/Conformances/HPKE-NIST-EC-KEMs.swift (in target 'Crypto' from project 'swift-crypto')
    cd /Users/rioallen/Documents/DropFly-OS-App-Builder/DropFly-PROJECTS/TradeFly-iOS/TradeFly.xcodeproj
    

SwiftDriverJobDiscovery normal arm64 Compiling IssueReporter.swift (in target 'IssueReporting' from project 'xctest-dynamic-overlay')

SwiftCompile normal arm64 Compiling\ HashFunctions_SHA2.swift,\ HashFunctions_SHA3.swift,\ Digest_xkcp.swift,\ HPKE-AEAD.swift,\ HPKE-Ciphersuite.swift,\ HPKE-KDF.swift /Users/rioallen/Library/Developer/Xcode/DerivedData/TradeFly-cjeitwgqikminlegqmjwowkwbezn/SourcePackages/checkouts/swift-crypto/Sources/Crypto/Digests/HashFunctions_SHA2.swift /Users/rioallen/Library/Developer/Xcode/DerivedData/TradeFly-cjeitwgqikminlegqmjwowkwbezn/SourcePackages/checkouts/swift-crypto/Sources/Crypto/Digests/HashFunctions_SHA3.swift /Users/rioallen/Library/Developer/Xcode/DerivedData/TradeFly-cjeitwgqikminlegqmjwowkwbezn/SourcePackages/checkouts/swift-crypto/Sources/Crypto/Digests/XKCP/Digest_xkcp.swift /Users/rioallen/Library/Developer/Xcode/DerivedData/TradeFly-cjeitwgqikminlegqmjwowkwbezn/SourcePackages/checkouts/swift-crypto/Sources/Crypto/HPKE/Ciphersuite/HPKE-AEAD.swift /Users/rioallen/Library/Developer/Xcode/DerivedData/TradeFly-cjeitwgqikminlegqmjwowkwbezn/SourcePackages/checkouts/swift-crypto/Sources/Crypto/HPKE/Ciphersuite/HPKE-Ciphersuite.swift /Users/rioallen/Library/Developer/Xcode/DerivedData/TradeFly-cjeitwgqikminlegqmjwowkwbezn/SourcePackages/checkouts/swift-crypto/Sources/Crypto/HPKE/Ciphersuite/HPKE-KDF.swift (in target 'Crypto' from project 'swift-crypto')

SwiftCompile normal arm64 /Users/rioallen/Library/Developer/Xcode/DerivedData/TradeFly-cjeitwgqikminlegqmjwowkwbezn/SourcePackages/checkouts/swift-crypto/Sources/Crypto/Digests/HashFunctions_SHA2.swift (in target 'Crypto' from project 'swift-crypto')
    cd /Users/rioallen/Documents/DropFly-OS-App-Builder/DropFly-PROJECTS/TradeFly-iOS/TradeFly.xcodeproj
    

SwiftCompile normal arm64 /Users/rioallen/Library/Developer/Xcode/DerivedData/TradeFly-cjeitwgqikminlegqmjwowkwbezn/SourcePackages/checkouts/swift-crypto/Sources/Crypto/Digests/HashFunctions_SHA3.swift (in target 'Crypto' from project 'swift-crypto')
    cd /Users/rioallen/Documents/DropFly-OS-App-Builder/DropFly-PROJECTS/TradeFly-iOS/TradeFly.xcodeproj
    

SwiftCompile normal arm64 /Users/rioallen/Library/Developer/Xcode/DerivedData/TradeFly-cjeitwgqikminlegqmjwowkwbezn/SourcePackages/checkouts/swift-crypto/Sources/Crypto/Digests/XKCP/Digest_xkcp.swift (in target 'Crypto' from project 'swift-crypto')
    cd /Users/rioallen/Documents/DropFly-OS-App-Builder/DropFly-PROJECTS/TradeFly-iOS/TradeFly.xcodeproj
    

SwiftCompile normal arm64 /Users/rioallen/Library/Developer/Xcode/DerivedData/TradeFly-cjeitwgqikminlegqmjwowkwbezn/SourcePackages/checkouts/swift-crypto/Sources/Crypto/HPKE/Ciphersuite/HPKE-AEAD.swift (in target 'Crypto' from project 'swift-crypto')
    cd /Users/rioallen/Documents/DropFly-OS-App-Builder/DropFly-PROJECTS/TradeFly-iOS/TradeFly.xcodeproj
    

SwiftCompile normal arm64 /Users/rioallen/Library/Developer/Xcode/DerivedData/TradeFly-cjeitwgqikminlegqmjwowkwbezn/SourcePackages/checkouts/swift-crypto/Sources/Crypto/HPKE/Ciphersuite/HPKE-Ciphersuite.swift (in target 'Crypto' from project 'swift-crypto')
    cd /Users/rioallen/Documents/DropFly-OS-App-Builder/DropFly-PROJECTS/TradeFly-iOS/TradeFly.xcodeproj
    

SwiftCompile normal arm64 /Users/rioallen/Library/Developer/Xcode/DerivedData/TradeFly-cjeitwgqikminlegqmjwowkwbezn/SourcePackages/checkouts/swift-crypto/Sources/Crypto/HPKE/Ciphersuite/HPKE-KDF.swift (in target 'Crypto' from project 'swift-crypto')
    cd /Users/rioallen/Documents/DropFly-OS-App-Builder/DropFly-PROJECTS/TradeFly-iOS/TradeFly.xcodeproj
    

SwiftDriverJobDiscovery normal arm64 Compiling HMAC.swift, MACFunctions.swift, MessageAuthenticationCode.swift, AES.swift, ECDSASignature_boring.swift, ECDSA_boring.swift (in target 'Crypto' from project 'swift-crypto')

SwiftCompile normal arm64 Compiling\ CryptoError_boring.swift,\ CryptoKitErrors.swift,\ Digest_boring.swift,\ Digest.swift,\ Digests.swift,\ HashFunctions.swift /Users/rioallen/Library/Developer/Xcode/DerivedData/TradeFly-cjeitwgqikminlegqmjwowkwbezn/SourcePackages/checkouts/swift-crypto/Sources/Crypto/CryptoError_boring.swift /Users/rioallen/Library/Developer/Xcode/DerivedData/TradeFly-cjeitwgqikminlegqmjwowkwbezn/SourcePackages/checkouts/swift-crypto/Sources/Crypto/CryptoKitErrors.swift /Users/rioallen/Library/Developer/Xcode/DerivedData/TradeFly-cjeitwgqikminlegqmjwowkwbezn/SourcePackages/checkouts/swift-crypto/Sources/Crypto/Digests/BoringSSL/Digest_boring.swift /Users/rioallen/Library/Developer/Xcode/DerivedData/TradeFly-cjeitwgqikminlegqmjwowkwbezn/SourcePackages/checkouts/swift-crypto/Sources/Crypto/Digests/Digest.swift /Users/rioallen/Library/Developer/Xcode/DerivedData/TradeFly-cjeitwgqikminlegqmjwowkwbezn/SourcePackages/checkouts/swift-crypto/Sources/Crypto/Digests/Digests.swift /Users/rioallen/Library/Developer/Xcode/DerivedData/TradeFly-cjeitwgqikminlegqmjwowkwbezn/SourcePackages/checkouts/swift-crypto/Sources/Crypto/Digests/HashFunctions.swift (in target 'Crypto' from project 'swift-crypto')

SwiftCompile normal arm64 /Users/rioallen/Library/Developer/Xcode/DerivedData/TradeFly-cjeitwgqikminlegqmjwowkwbezn/SourcePackages/checkouts/swift-crypto/Sources/Crypto/CryptoError_boring.swift (in target 'Crypto' from project 'swift-crypto')
    cd /Users/rioallen/Documents/DropFly-OS-App-Builder/DropFly-PROJECTS/TradeFly-iOS/TradeFly.xcodeproj
    

SwiftCompile normal arm64 /Users/rioallen/Library/Developer/Xcode/DerivedData/TradeFly-cjeitwgqikminlegqmjwowkwbezn/SourcePackages/checkouts/swift-crypto/Sources/Crypto/CryptoKitErrors.swift (in target 'Crypto' from project 'swift-crypto')
    cd /Users/rioallen/Documents/DropFly-OS-App-Builder/DropFly-PROJECTS/TradeFly-iOS/TradeFly.xcodeproj
    

SwiftCompile normal arm64 /Users/rioallen/Library/Developer/Xcode/DerivedData/TradeFly-cjeitwgqikminlegqmjwowkwbezn/SourcePackages/checkouts/swift-crypto/Sources/Crypto/Digests/BoringSSL/Digest_boring.swift (in target 'Crypto' from project 'swift-crypto')
    cd /Users/rioallen/Documents/DropFly-OS-App-Builder/DropFly-PROJECTS/TradeFly-iOS/TradeFly.xcodeproj
    

SwiftCompile normal arm64 /Users/rioallen/Library/Developer/Xcode/DerivedData/TradeFly-cjeitwgqikminlegqmjwowkwbezn/SourcePackages/checkouts/swift-crypto/Sources/Crypto/Digests/Digest.swift (in target 'Crypto' from project 'swift-crypto')
    cd /Users/rioallen/Documents/DropFly-OS-App-Builder/DropFly-PROJECTS/TradeFly-iOS/TradeFly.xcodeproj
    

SwiftCompile normal arm64 /Users/rioallen/Library/Developer/Xcode/DerivedData/TradeFly-cjeitwgqikminlegqmjwowkwbezn/SourcePackages/checkouts/swift-crypto/Sources/Crypto/Digests/Digests.swift (in target 'Crypto' from project 'swift-crypto')
    cd /Users/rioallen/Documents/DropFly-OS-App-Builder/DropFly-PROJECTS/TradeFly-iOS/TradeFly.xcodeproj
    

SwiftCompile normal arm64 /Users/rioallen/Library/Developer/Xcode/DerivedData/TradeFly-cjeitwgqikminlegqmjwowkwbezn/SourcePackages/checkouts/swift-crypto/Sources/Crypto/Digests/HashFunctions.swift (in target 'Crypto' from project 'swift-crypto')
    cd /Users/rioallen/Documents/DropFly-OS-App-Builder/DropFly-PROJECTS/TradeFly-iOS/TradeFly.xcodeproj
    

SwiftDriverJobDiscovery normal arm64 Compiling ErrorReporting.swift, AppHostWarning.swift (in target 'IssueReporting' from project 'xctest-dynamic-overlay')

SwiftCompile normal arm64 Compiling\ HPKE-KEM.swift,\ HPKE-Errors.swift,\ HPKE.swift,\ HPKE-Context.swift,\ HPKE-KeySchedule.swift,\ HPKE-Modes.swift /Users/rioallen/Library/Developer/Xcode/DerivedData/TradeFly-cjeitwgqikminlegqmjwowkwbezn/SourcePackages/checkouts/swift-crypto/Sources/Crypto/HPKE/Ciphersuite/KEM/HPKE-KEM.swift /Users/rioallen/Library/Developer/Xcode/DerivedData/TradeFly-cjeitwgqikminlegqmjwowkwbezn/SourcePackages/checkouts/swift-crypto/Sources/Crypto/HPKE/HPKE-Errors.swift /Users/rioallen/Library/Developer/Xcode/DerivedData/TradeFly-cjeitwgqikminlegqmjwowkwbezn/SourcePackages/checkouts/swift-crypto/Sources/Crypto/HPKE/HPKE.swift /Users/rioallen/Library/Developer/Xcode/DerivedData/TradeFly-cjeitwgqikminlegqmjwowkwbezn/SourcePackages/checkouts/swift-crypto/Sources/Crypto/HPKE/Key\ Schedule/HPKE-Context.swift /Users/rioallen/Library/Developer/Xcode/DerivedData/TradeFly-cjeitwgqikminlegqmjwowkwbezn/SourcePackages/checkouts/swift-crypto/Sources/Crypto/HPKE/Key\ Schedule/HPKE-KeySchedule.swift /Users/rioallen/Library/Developer/Xcode/DerivedData/TradeFly-cjeitwgqikminlegqmjwowkwbezn/SourcePackages/checkouts/swift-crypto/Sources/Crypto/HPKE/Modes/HPKE-Modes.swift (in target 'Crypto' from project 'swift-crypto')

SwiftCompile normal arm64 /Users/rioallen/Library/Developer/Xcode/DerivedData/TradeFly-cjeitwgqikminlegqmjwowkwbezn/SourcePackages/checkouts/swift-crypto/Sources/Crypto/HPKE/Ciphersuite/KEM/HPKE-KEM.swift (in target 'Crypto' from project 'swift-crypto')
    cd /Users/rioallen/Documents/DropFly-OS-App-Builder/DropFly-PROJECTS/TradeFly-iOS/TradeFly.xcodeproj
    

SwiftCompile normal arm64 /Users/rioallen/Library/Developer/Xcode/DerivedData/TradeFly-cjeitwgqikminlegqmjwowkwbezn/SourcePackages/checkouts/swift-crypto/Sources/Crypto/HPKE/HPKE-Errors.swift (in target 'Crypto' from project 'swift-crypto')
    cd /Users/rioallen/Documents/DropFly-OS-App-Builder/DropFly-PROJECTS/TradeFly-iOS/TradeFly.xcodeproj
    

SwiftCompile normal arm64 /Users/rioallen/Library/Developer/Xcode/DerivedData/TradeFly-cjeitwgqikminlegqmjwowkwbezn/SourcePackages/checkouts/swift-crypto/Sources/Crypto/HPKE/HPKE.swift (in target 'Crypto' from project 'swift-crypto')
    cd /Users/rioallen/Documents/DropFly-OS-App-Builder/DropFly-PROJECTS/TradeFly-iOS/TradeFly.xcodeproj
    

SwiftCompile normal arm64 /Users/rioallen/Library/Developer/Xcode/DerivedData/TradeFly-cjeitwgqikminlegqmjwowkwbezn/SourcePackages/checkouts/swift-crypto/Sources/Crypto/HPKE/Key\ Schedule/HPKE-Context.swift (in target 'Crypto' from project 'swift-crypto')
    cd /Users/rioallen/Documents/DropFly-OS-App-Builder/DropFly-PROJECTS/TradeFly-iOS/TradeFly.xcodeproj
    

SwiftCompile normal arm64 /Users/rioallen/Library/Developer/Xcode/DerivedData/TradeFly-cjeitwgqikminlegqmjwowkwbezn/SourcePackages/checkouts/swift-crypto/Sources/Crypto/HPKE/Key\ Schedule/HPKE-KeySchedule.swift (in target 'Crypto' from project 'swift-crypto')
    cd /Users/rioallen/Documents/DropFly-OS-App-Builder/DropFly-PROJECTS/TradeFly-iOS/TradeFly.xcodeproj
    

SwiftCompile normal arm64 /Users/rioallen/Library/Developer/Xcode/DerivedData/TradeFly-cjeitwgqikminlegqmjwowkwbezn/SourcePackages/checkouts/swift-crypto/Sources/Crypto/HPKE/Modes/HPKE-Modes.swift (in target 'Crypto' from project 'swift-crypto')
    cd /Users/rioallen/Documents/DropFly-OS-App-Builder/DropFly-PROJECTS/TradeFly-iOS/TradeFly.xcodeproj
    

SwiftDriverJobDiscovery normal arm64 Compiling X25519Keys_boring.swift, Curve25519.swift, Ed25519Keys.swift, NISTCurvesKeys.swift, X25519Keys.swift, SymmetricKeys.swift (in target 'Crypto' from project 'swift-crypto')

SwiftCompile normal arm64 Compiling\ KEM.swift,\ MLKEM.swift,\ XWing.swift,\ ECDH_boring.swift,\ DH.swift,\ ECDH.swift /Users/rioallen/Library/Developer/Xcode/DerivedData/TradeFly-cjeitwgqikminlegqmjwowkwbezn/SourcePackages/checkouts/swift-crypto/Sources/Crypto/KEM/KEM.swift /Users/rioallen/Library/Developer/Xcode/DerivedData/TradeFly-cjeitwgqikminlegqmjwowkwbezn/SourcePackages/checkouts/swift-crypto/Sources/Crypto/KEM/MLKEM.swift /Users/rioallen/Library/Developer/Xcode/DerivedData/TradeFly-cjeitwgqikminlegqmjwowkwbezn/SourcePackages/checkouts/swift-crypto/Sources/Crypto/KEM/XWing.swift /Users/rioallen/Library/Developer/Xcode/DerivedData/TradeFly-cjeitwgqikminlegqmjwowkwbezn/SourcePackages/checkouts/swift-crypto/Sources/Crypto/Key\ Agreement/BoringSSL/ECDH_boring.swift /Users/rioallen/Library/Developer/Xcode/DerivedData/TradeFly-cjeitwgqikminlegqmjwowkwbezn/SourcePackages/checkouts/swift-crypto/Sources/Crypto/Key\ Agreement/DH.swift /Users/rioallen/Library/Developer/Xcode/DerivedData/TradeFly-cjeitwgqikminlegqmjwowkwbezn/SourcePackages/checkouts/swift-crypto/Sources/Crypto/Key\ Agreement/ECDH.swift (in target 'Crypto' from project 'swift-crypto')

SwiftCompile normal arm64 /Users/rioallen/Library/Developer/Xcode/DerivedData/TradeFly-cjeitwgqikminlegqmjwowkwbezn/SourcePackages/checkouts/swift-crypto/Sources/Crypto/KEM/KEM.swift (in target 'Crypto' from project 'swift-crypto')
    cd /Users/rioallen/Documents/DropFly-OS-App-Builder/DropFly-PROJECTS/TradeFly-iOS/TradeFly.xcodeproj
    

SwiftCompile normal arm64 /Users/rioallen/Library/Developer/Xcode/DerivedData/TradeFly-cjeitwgqikminlegqmjwowkwbezn/SourcePackages/checkouts/swift-crypto/Sources/Crypto/KEM/MLKEM.swift (in target 'Crypto' from project 'swift-crypto')
    cd /Users/rioallen/Documents/DropFly-OS-App-Builder/DropFly-PROJECTS/TradeFly-iOS/TradeFly.xcodeproj
    

SwiftCompile normal arm64 /Users/rioallen/Library/Developer/Xcode/DerivedData/TradeFly-cjeitwgqikminlegqmjwowkwbezn/SourcePackages/checkouts/swift-crypto/Sources/Crypto/KEM/XWing.swift (in target 'Crypto' from project 'swift-crypto')
    cd /Users/rioallen/Documents/DropFly-OS-App-Builder/DropFly-PROJECTS/TradeFly-iOS/TradeFly.xcodeproj
    

SwiftCompile normal arm64 /Users/rioallen/Library/Developer/Xcode/DerivedData/TradeFly-cjeitwgqikminlegqmjwowkwbezn/SourcePackages/checkouts/swift-crypto/Sources/Crypto/Key\ Agreement/BoringSSL/ECDH_boring.swift (in target 'Crypto' from project 'swift-crypto')
    cd /Users/rioallen/Documents/DropFly-OS-App-Builder/DropFly-PROJECTS/TradeFly-iOS/TradeFly.xcodeproj
    

SwiftCompile normal arm64 /Users/rioallen/Library/Developer/Xcode/DerivedData/TradeFly-cjeitwgqikminlegqmjwowkwbezn/SourcePackages/checkouts/swift-crypto/Sources/Crypto/Key\ Agreement/DH.swift (in target 'Crypto' from project 'swift-crypto')
    cd /Users/rioallen/Documents/DropFly-OS-App-Builder/DropFly-PROJECTS/TradeFly-iOS/TradeFly.xcodeproj
    

SwiftCompile normal arm64 /Users/rioallen/Library/Developer/Xcode/DerivedData/TradeFly-cjeitwgqikminlegqmjwowkwbezn/SourcePackages/checkouts/swift-crypto/Sources/Crypto/Key\ Agreement/ECDH.swift (in target 'Crypto' from project 'swift-crypto')
    cd /Users/rioallen/Documents/DropFly-OS-App-Builder/DropFly-PROJECTS/TradeFly-iOS/TradeFly.xcodeproj
    

SwiftDriverJobDiscovery normal arm64 Compiling Unimplemented.swift (in target 'IssueReporting' from project 'xctest-dynamic-overlay')

SwiftCompile normal arm64 Compiling\ Nonces.swift,\ ASN1.swift,\ ASN1Any.swift,\ ASN1BitString.swift,\ ASN1Boolean.swift,\ ASN1Identifier.swift /Users/rioallen/Library/Developer/Xcode/DerivedData/TradeFly-cjeitwgqikminlegqmjwowkwbezn/SourcePackages/checkouts/swift-crypto/Sources/Crypto/AEADs/Nonces.swift /Users/rioallen/Library/Developer/Xcode/DerivedData/TradeFly-cjeitwgqikminlegqmjwowkwbezn/SourcePackages/checkouts/swift-crypto/Sources/Crypto/ASN1/ASN1.swift /Users/rioallen/Library/Developer/Xcode/DerivedData/TradeFly-cjeitwgqikminlegqmjwowkwbezn/SourcePackages/checkouts/swift-crypto/Sources/Crypto/ASN1/Basic\ ASN1\ Types/ASN1Any.swift /Users/rioallen/Library/Developer/Xcode/DerivedData/TradeFly-cjeitwgqikminlegqmjwowkwbezn/SourcePackages/checkouts/swift-crypto/Sources/Crypto/ASN1/Basic\ ASN1\ Types/ASN1BitString.swift /Users/rioallen/Library/Developer/Xcode/DerivedData/TradeFly-cjeitwgqikminlegqmjwowkwbezn/SourcePackages/checkouts/swift-crypto/Sources/Crypto/ASN1/Basic\ ASN1\ Types/ASN1Boolean.swift /Users/rioallen/Library/Developer/Xcode/DerivedData/TradeFly-cjeitwgqikminlegqmjwowkwbezn/SourcePackages/checkouts/swift-crypto/Sources/Crypto/ASN1/Basic\ ASN1\ Types/ASN1Identifier.swift (in target 'Crypto' from project 'swift-crypto')

SwiftCompile normal arm64 /Users/rioallen/Library/Developer/Xcode/DerivedData/TradeFly-cjeitwgqikminlegqmjwowkwbezn/SourcePackages/checkouts/swift-crypto/Sources/Crypto/AEADs/Nonces.swift (in target 'Crypto' from project 'swift-crypto')
    cd /Users/rioallen/Documents/DropFly-OS-App-Builder/DropFly-PROJECTS/TradeFly-iOS/TradeFly.xcodeproj
    

SwiftCompile normal arm64 /Users/rioallen/Library/Developer/Xcode/DerivedData/TradeFly-cjeitwgqikminlegqmjwowkwbezn/SourcePackages/checkouts/swift-crypto/Sources/Crypto/ASN1/ASN1.swift (in target 'Crypto' from project 'swift-crypto')
    cd /Users/rioallen/Documents/DropFly-OS-App-Builder/DropFly-PROJECTS/TradeFly-iOS/TradeFly.xcodeproj
    

SwiftCompile normal arm64 /Users/rioallen/Library/Developer/Xcode/DerivedData/TradeFly-cjeitwgqikminlegqmjwowkwbezn/SourcePackages/checkouts/swift-crypto/Sources/Crypto/ASN1/Basic\ ASN1\ Types/ASN1Any.swift (in target 'Crypto' from project 'swift-crypto')
    cd /Users/rioallen/Documents/DropFly-OS-App-Builder/DropFly-PROJECTS/TradeFly-iOS/TradeFly.xcodeproj
    

SwiftCompile normal arm64 /Users/rioallen/Library/Developer/Xcode/DerivedData/TradeFly-cjeitwgqikminlegqmjwowkwbezn/SourcePackages/checkouts/swift-crypto/Sources/Crypto/ASN1/Basic\ ASN1\ Types/ASN1BitString.swift (in target 'Crypto' from project 'swift-crypto')
    cd /Users/rioallen/Documents/DropFly-OS-App-Builder/DropFly-PROJECTS/TradeFly-iOS/TradeFly.xcodeproj
    

SwiftCompile normal arm64 /Users/rioallen/Library/Developer/Xcode/DerivedData/TradeFly-cjeitwgqikminlegqmjwowkwbezn/SourcePackages/checkouts/swift-crypto/Sources/Crypto/ASN1/Basic\ ASN1\ Types/ASN1Boolean.swift (in target 'Crypto' from project 'swift-crypto')
    cd /Users/rioallen/Documents/DropFly-OS-App-Builder/DropFly-PROJECTS/TradeFly-iOS/TradeFly.xcodeproj
    

SwiftCompile normal arm64 /Users/rioallen/Library/Developer/Xcode/DerivedData/TradeFly-cjeitwgqikminlegqmjwowkwbezn/SourcePackages/checkouts/swift-crypto/Sources/Crypto/ASN1/Basic\ ASN1\ Types/ASN1Identifier.swift (in target 'Crypto' from project 'swift-crypto')
    cd /Users/rioallen/Documents/DropFly-OS-App-Builder/DropFly-PROJECTS/TradeFly-iOS/TradeFly.xcodeproj
    

SwiftDriverJobDiscovery normal arm64 Compiling ObjectIdentifier.swift, ECDSASignature.swift, PEMDocument.swift, PKCS8PrivateKey.swift, SEC1PrivateKey.swift, SubjectPublicKeyInfo.swift (in target 'Crypto' from project 'swift-crypto')

SwiftCompile normal arm64 Compiling\ EdDSA_boring.swift,\ MLDSA_boring.swift,\ MLDSA_wrapper.swift,\ ECDSA.swift,\ Ed25519.swift,\ MLDSA.swift /Users/rioallen/Library/Developer/Xcode/DerivedData/TradeFly-cjeitwgqikminlegqmjwowkwbezn/SourcePackages/checkouts/swift-crypto/Sources/Crypto/Signatures/BoringSSL/EdDSA_boring.swift /Users/rioallen/Library/Developer/Xcode/DerivedData/TradeFly-cjeitwgqikminlegqmjwowkwbezn/SourcePackages/checkouts/swift-crypto/Sources/Crypto/Signatures/BoringSSL/MLDSA_boring.swift /Users/rioallen/Library/Developer/Xcode/DerivedData/TradeFly-cjeitwgqikminlegqmjwowkwbezn/SourcePackages/checkouts/swift-crypto/Sources/Crypto/Signatures/BoringSSL/MLDSA_wrapper.swift /Users/rioallen/Library/Developer/Xcode/DerivedData/TradeFly-cjeitwgqikminlegqmjwowkwbezn/SourcePackages/checkouts/swift-crypto/Sources/Crypto/Signatures/ECDSA.swift /Users/rioallen/Library/Developer/Xcode/DerivedData/TradeFly-cjeitwgqikminlegqmjwowkwbezn/SourcePackages/checkouts/swift-crypto/Sources/Crypto/Signatures/Ed25519.swift /Users/rioallen/Library/Developer/Xcode/DerivedData/TradeFly-cjeitwgqikminlegqmjwowkwbezn/SourcePackages/checkouts/swift-crypto/Sources/Crypto/Signatures/MLDSA.swift (in target 'Crypto' from project 'swift-crypto')

SwiftCompile normal arm64 /Users/rioallen/Library/Developer/Xcode/DerivedData/TradeFly-cjeitwgqikminlegqmjwowkwbezn/SourcePackages/checkouts/swift-crypto/Sources/Crypto/Signatures/BoringSSL/EdDSA_boring.swift (in target 'Crypto' from project 'swift-crypto')
    cd /Users/rioallen/Documents/DropFly-OS-App-Builder/DropFly-PROJECTS/TradeFly-iOS/TradeFly.xcodeproj
    

SwiftCompile normal arm64 /Users/rioallen/Library/Developer/Xcode/DerivedData/TradeFly-cjeitwgqikminlegqmjwowkwbezn/SourcePackages/checkouts/swift-crypto/Sources/Crypto/Signatures/BoringSSL/MLDSA_boring.swift (in target 'Crypto' from project 'swift-crypto')
    cd /Users/rioallen/Documents/DropFly-OS-App-Builder/DropFly-PROJECTS/TradeFly-iOS/TradeFly.xcodeproj
    

SwiftCompile normal arm64 /Users/rioallen/Library/Developer/Xcode/DerivedData/TradeFly-cjeitwgqikminlegqmjwowkwbezn/SourcePackages/checkouts/swift-crypto/Sources/Crypto/Signatures/BoringSSL/MLDSA_wrapper.swift (in target 'Crypto' from project 'swift-crypto')
    cd /Users/rioallen/Documents/DropFly-OS-App-Builder/DropFly-PROJECTS/TradeFly-iOS/TradeFly.xcodeproj
    

SwiftCompile normal arm64 /Users/rioallen/Library/Developer/Xcode/DerivedData/TradeFly-cjeitwgqikminlegqmjwowkwbezn/SourcePackages/checkouts/swift-crypto/Sources/Crypto/Signatures/ECDSA.swift (in target 'Crypto' from project 'swift-crypto')
    cd /Users/rioallen/Documents/DropFly-OS-App-Builder/DropFly-PROJECTS/TradeFly-iOS/TradeFly.xcodeproj
    

SwiftCompile normal arm64 /Users/rioallen/Library/Developer/Xcode/DerivedData/TradeFly-cjeitwgqikminlegqmjwowkwbezn/SourcePackages/checkouts/swift-crypto/Sources/Crypto/Signatures/Ed25519.swift (in target 'Crypto' from project 'swift-crypto')
    cd /Users/rioallen/Documents/DropFly-OS-App-Builder/DropFly-PROJECTS/TradeFly-iOS/TradeFly.xcodeproj
    

SwiftCompile normal arm64 /Users/rioallen/Library/Developer/Xcode/DerivedData/TradeFly-cjeitwgqikminlegqmjwowkwbezn/SourcePackages/checkouts/swift-crypto/Sources/Crypto/Signatures/MLDSA.swift (in target 'Crypto' from project 'swift-crypto')
    cd /Users/rioallen/Documents/DropFly-OS-App-Builder/DropFly-PROJECTS/TradeFly-iOS/TradeFly.xcodeproj
    

SwiftDriverJobDiscovery normal arm64 Compiling HTTPFields.swift (in target 'HTTPTypes' from project 'swift-http-types')

SwiftDriver\ Compilation HTTPTypes normal arm64 com.apple.xcode.tools.swift.compiler (in target 'HTTPTypes' from project 'swift-http-types')
    cd /Users/rioallen/Documents/DropFly-OS-App-Builder/DropFly-PROJECTS/TradeFly-iOS/TradeFly.xcodeproj
    builtin-Swift-Compilation -- /Applications/Xcode.app/Contents/Developer/Toolchains/XcodeDefault.xctoolchain/usr/bin/swiftc -module-name HTTPTypes -Onone -enforce-exclusivity\=checked @/Users/rioallen/Library/Developer/Xcode/DerivedData/TradeFly-cjeitwgqikminlegqmjwowkwbezn/Build/Intermediates.noindex/swift-http-types.build/Debug-iphonesimulator/HTTPTypes.build/Objects-normal/arm64/HTTPTypes.SwiftFileList -DSWIFT_PACKAGE -DDEBUG -DSWIFT_MODULE_RESOURCE_BUNDLE_UNAVAILABLE -DXcode -enable-experimental-feature StrictConcurrency\=complete -enable-upcoming-feature MemberImportVisibility -plugin-path /Applications/Xcode.app/Contents/Developer/Toolchains/XcodeDefault.xctoolchain/usr/lib/swift/host/plugins/testing -enable-experimental-feature DebugDescriptionMacro -sdk /Applications/Xcode.app/Contents/Developer/Platforms/iPhoneSimulator.platform/Developer/SDKs/iPhoneSimulator26.1.sdk -target arm64-apple-ios12.0-simulator -g -module-cache-path /Users/rioallen/Library/Developer/Xcode/DerivedData/ModuleCache.noindex -Xfrontend -serialize-debugging-options -enable-testing -suppress-warnings -index-store-path /Users/rioallen/Library/Developer/Xcode/DerivedData/TradeFly-cjeitwgqikminlegqmjwowkwbezn/Index.noindex/DataStore -Xcc -D_LIBCPP_HARDENING_MODE\=_LIBCPP_HARDENING_MODE_DEBUG -swift-version 5 -I /Users/rioallen/Library/Developer/Xcode/DerivedData/TradeFly-cjeitwgqikminlegqmjwowkwbezn/Build/Products/Debug-iphonesimulator -Isystem /Applications/Xcode.app/Contents/Developer/Platforms/iPhoneSimulator.platform/Developer/usr/lib -F /Users/rioallen/Library/Developer/Xcode/DerivedData/TradeFly-cjeitwgqikminlegqmjwowkwbezn/Build/Products/Debug-iphonesimulator -F /Applications/Xcode.app/Contents/Developer/Platforms/iPhoneSimulator.platform/Developer/Library/Frameworks -F /Applications/Xcode.app/Contents/Developer/Platforms/iPhoneSimulator.platform/Developer/SDKs/iPhoneSimulator26.1.sdk/Developer/Library/Frameworks -c -j16 -enable-batch-mode -incremental -Xcc -ivfsstatcache -Xcc /Users/rioallen/Library/Developer/Xcode/DerivedData/SDKStatCaches.noindex/iphonesimulator26.1-23B77-90cf18a4295e390e64c810bc6bd7acbc.sdkstatcache -output-file-map /Users/rioallen/Library/Developer/Xcode/DerivedData/TradeFly-cjeitwgqikminlegqmjwowkwbezn/Build/Intermediates.noindex/swift-http-types.build/Debug-iphonesimulator/HTTPTypes.build/Objects-normal/arm64/HTTPTypes-OutputFileMap.json -use-frontend-parseable-output -save-temps -no-color-diagnostics -explicit-module-build -module-cache-path /Users/rioallen/Library/Developer/Xcode/DerivedData/TradeFly-cjeitwgqikminlegqmjwowkwbezn/Build/Intermediates.noindex/SwiftExplicitPrecompiledModules -clang-scanner-module-cache-path /Users/rioallen/Library/Developer/Xcode/DerivedData/ModuleCache.noindex -sdk-module-cache-path /Users/rioallen/Library/Developer/Xcode/DerivedData/ModuleCache.noindex -serialize-diagnostics -emit-dependencies -emit-module -emit-module-path /Users/rioallen/Library/Developer/Xcode/DerivedData/TradeFly-cjeitwgqikminlegqmjwowkwbezn/Build/Intermediates.noindex/swift-http-types.build/Debug-iphonesimulator/HTTPTypes.build/Objects-normal/arm64/HTTPTypes.swiftmodule -validate-clang-modules-once -clang-build-session-file /Users/rioallen/Library/Developer/Xcode/DerivedData/ModuleCache.noindex/Session.modulevalidation -package-name swift_http_types -Xcc -I/Users/rioallen/Library/Developer/Xcode/DerivedData/TradeFly-cjeitwgqikminlegqmjwowkwbezn/Build/Intermediates.noindex/swift-http-types.build/Debug-iphonesimulator/HTTPTypes.build/swift-overrides.hmap -emit-const-values -Xfrontend -const-gather-protocols-file -Xfrontend /Users/rioallen/Library/Developer/Xcode/DerivedData/TradeFly-cjeitwgqikminlegqmjwowkwbezn/Build/Intermediates.noindex/swift-http-types.build/Debug-iphonesimulator/HTTPTypes.build/Objects-normal/arm64/HTTPTypes_const_extract_protocols.json -Xcc -I/Users/rioallen/Library/Developer/Xcode/DerivedData/TradeFly-cjeitwgqikminlegqmjwowkwbezn/Build/Products/Debug-iphonesimulator/include -Xcc -I/Users/rioallen/Library/Developer/Xcode/DerivedData/TradeFly-cjeitwgqikminlegqmjwowkwbezn/Build/Intermediates.noindex/swift-http-types.build/Debug-iphonesimulator/HTTPTypes.build/DerivedSources-normal/arm64 -Xcc -I/Users/rioallen/Library/Developer/Xcode/DerivedData/TradeFly-cjeitwgqikminlegqmjwowkwbezn/Build/Intermediates.noindex/swift-http-types.build/Debug-iphonesimulator/HTTPTypes.build/DerivedSources/arm64 -Xcc -I/Users/rioallen/Library/Developer/Xcode/DerivedData/TradeFly-cjeitwgqikminlegqmjwowkwbezn/Build/Intermediates.noindex/swift-http-types.build/Debug-iphonesimulator/HTTPTypes.build/DerivedSources -Xcc -DSWIFT_PACKAGE -Xcc -DDEBUG\=1 -emit-objc-header -emit-objc-header-path /Users/rioallen/Library/Developer/Xcode/DerivedData/TradeFly-cjeitwgqikminlegqmjwowkwbezn/Build/Intermediates.noindex/swift-http-types.build/Debug-iphonesimulator/HTTPTypes.build/Objects-normal/arm64/HTTPTypes-Swift.h -working-directory /Users/rioallen/Documents/DropFly-OS-App-Builder/DropFly-PROJECTS/TradeFly-iOS/TradeFly.xcodeproj -experimental-emit-module-separately -disable-cmo

SwiftDriverJobDiscovery normal arm64 Emitting module for IssueReporting (in target 'IssueReporting' from project 'xctest-dynamic-overlay')

SwiftCompile normal arm64 Compiling\ ActorIsolated.swift /Users/rioallen/Library/Developer/Xcode/DerivedData/TradeFly-cjeitwgqikminlegqmjwowkwbezn/SourcePackages/checkouts/swift-concurrency-extras/Sources/ConcurrencyExtras/ActorIsolated.swift (in target 'ConcurrencyExtras' from project 'swift-concurrency-extras')

SwiftCompile normal arm64 /Users/rioallen/Library/Developer/Xcode/DerivedData/TradeFly-cjeitwgqikminlegqmjwowkwbezn/SourcePackages/checkouts/swift-concurrency-extras/Sources/ConcurrencyExtras/ActorIsolated.swift (in target 'ConcurrencyExtras' from project 'swift-concurrency-extras')
    cd /Users/rioallen/Documents/DropFly-OS-App-Builder/DropFly-PROJECTS/TradeFly-iOS/TradeFly.xcodeproj
    

SwiftDriver\ Compilation\ Requirements IssueReporting normal arm64 com.apple.xcode.tools.swift.compiler (in target 'IssueReporting' from project 'xctest-dynamic-overlay')
    cd /Users/rioallen/Documents/DropFly-OS-App-Builder/DropFly-PROJECTS/TradeFly-iOS/TradeFly.xcodeproj
    builtin-Swift-Compilation-Requirements -- /Applications/Xcode.app/Contents/Developer/Toolchains/XcodeDefault.xctoolchain/usr/bin/swiftc -module-name IssueReporting -Onone -enforce-exclusivity\=checked @/Users/rioallen/Library/Developer/Xcode/DerivedData/TradeFly-cjeitwgqikminlegqmjwowkwbezn/Build/Intermediates.noindex/xctest-dynamic-overlay.build/Debug-iphonesimulator/IssueReporting.build/Objects-normal/arm64/IssueReporting.SwiftFileList -DSWIFT_PACKAGE -DDEBUG -DSWIFT_MODULE_RESOURCE_BUNDLE_UNAVAILABLE -DXcode -plugin-path /Applications/Xcode.app/Contents/Developer/Toolchains/XcodeDefault.xctoolchain/usr/lib/swift/host/plugins/testing -enable-experimental-feature DebugDescriptionMacro -sdk /Applications/Xcode.app/Contents/Developer/Platforms/iPhoneSimulator.platform/Developer/SDKs/iPhoneSimulator26.1.sdk -target arm64-apple-ios13.0-simulator -g -module-cache-path /Users/rioallen/Library/Developer/Xcode/DerivedData/ModuleCache.noindex -Xfrontend -serialize-debugging-options -enable-testing -suppress-warnings -index-store-path /Users/rioallen/Library/Developer/Xcode/DerivedData/TradeFly-cjeitwgqikminlegqmjwowkwbezn/Index.noindex/DataStore -Xcc -D_LIBCPP_HARDENING_MODE\=_LIBCPP_HARDENING_MODE_DEBUG -swift-version 6 -I /Users/rioallen/Library/Developer/Xcode/DerivedData/TradeFly-cjeitwgqikminlegqmjwowkwbezn/Build/Products/Debug-iphonesimulator -Isystem /Applications/Xcode.app/Contents/Developer/Platforms/iPhoneSimulator.platform/Developer/usr/lib -F /Users/rioallen/Library/Developer/Xcode/DerivedData/TradeFly-cjeitwgqikminlegqmjwowkwbezn/Build/Products/Debug-iphonesimulator/PackageFrameworks -F /Users/rioallen/Library/Developer/Xcode/DerivedData/TradeFly-cjeitwgqikminlegqmjwowkwbezn/Build/Products/Debug-iphonesimulator -F /Applications/Xcode.app/Contents/Developer/Platforms/iPhoneSimulator.platform/Developer/Library/Frameworks -F /Applications/Xcode.app/Contents/Developer/Platforms/iPhoneSimulator.platform/Developer/SDKs/iPhoneSimulator26.1.sdk/Developer/Library/Frameworks -c -j16 -enable-batch-mode -incremental -Xcc -ivfsstatcache -Xcc /Users/rioallen/Library/Developer/Xcode/DerivedData/SDKStatCaches.noindex/iphonesimulator26.1-23B77-90cf18a4295e390e64c810bc6bd7acbc.sdkstatcache -output-file-map /Users/rioallen/Library/Developer/Xcode/DerivedData/TradeFly-cjeitwgqikminlegqmjwowkwbezn/Build/Intermediates.noindex/xctest-dynamic-overlay.build/Debug-iphonesimulator/IssueReporting.build/Objects-normal/arm64/IssueReporting-OutputFileMap.json -use-frontend-parseable-output -save-temps -no-color-diagnostics -explicit-module-build -module-cache-path /Users/rioallen/Library/Developer/Xcode/DerivedData/TradeFly-cjeitwgqikminlegqmjwowkwbezn/Build/Intermediates.noindex/SwiftExplicitPrecompiledModules -clang-scanner-module-cache-path /Users/rioallen/Library/Developer/Xcode/DerivedData/ModuleCache.noindex -sdk-module-cache-path /Users/rioallen/Library/Developer/Xcode/DerivedData/ModuleCache.noindex -serialize-diagnostics -emit-dependencies -emit-module -emit-module-path /Users/rioallen/Library/Developer/Xcode/DerivedData/TradeFly-cjeitwgqikminlegqmjwowkwbezn/Build/Intermediates.noindex/xctest-dynamic-overlay.build/Debug-iphonesimulator/IssueReporting.build/Objects-normal/arm64/IssueReporting.swiftmodule -user-module-version 1.7.0 -validate-clang-modules-once -clang-build-session-file /Users/rioallen/Library/Developer/Xcode/DerivedData/ModuleCache.noindex/Session.modulevalidation -package-name xctest_dynamic_overlay -Xcc -I/Users/rioallen/Library/Developer/Xcode/DerivedData/TradeFly-cjeitwgqikminlegqmjwowkwbezn/Build/Intermediates.noindex/xctest-dynamic-overlay.build/Debug-iphonesimulator/IssueReporting.build/swift-overrides.hmap -emit-const-values -Xfrontend -const-gather-protocols-file -Xfrontend /Users/rioallen/Library/Developer/Xcode/DerivedData/TradeFly-cjeitwgqikminlegqmjwowkwbezn/Build/Intermediates.noindex/xctest-dynamic-overlay.build/Debug-iphonesimulator/IssueReporting.build/Objects-normal/arm64/IssueReporting_const_extract_protocols.json -Xcc -I/Users/rioallen/Library/Developer/Xcode/DerivedData/TradeFly-cjeitwgqikminlegqmjwowkwbezn/Build/Products/Debug-iphonesimulator/include -Xcc -I/Users/rioallen/Library/Developer/Xcode/DerivedData/TradeFly-cjeitwgqikminlegqmjwowkwbezn/Build/Intermediates.noindex/xctest-dynamic-overlay.build/Debug-iphonesimulator/IssueReporting.build/DerivedSources-normal/arm64 -Xcc -I/Users/rioallen/Library/Developer/Xcode/DerivedData/TradeFly-cjeitwgqikminlegqmjwowkwbezn/Build/Intermediates.noindex/xctest-dynamic-overlay.build/Debug-iphonesimulator/IssueReporting.build/DerivedSources/arm64 -Xcc -I/Users/rioallen/Library/Developer/Xcode/DerivedData/TradeFly-cjeitwgqikminlegqmjwowkwbezn/Build/Intermediates.noindex/xctest-dynamic-overlay.build/Debug-iphonesimulator/IssueReporting.build/DerivedSources -Xcc -DSWIFT_PACKAGE -Xcc -DDEBUG\=1 -emit-objc-header -emit-objc-header-path /Users/rioallen/Library/Developer/Xcode/DerivedData/TradeFly-cjeitwgqikminlegqmjwowkwbezn/Build/Intermediates.noindex/xctest-dynamic-overlay.build/Debug-iphonesimulator/IssueReporting.build/Objects-normal/arm64/IssueReporting-Swift.h -working-directory /Users/rioallen/Documents/DropFly-OS-App-Builder/DropFly-PROJECTS/TradeFly-iOS/TradeFly.xcodeproj -experimental-emit-module-separately -disable-cmo

SwiftDriverJobDiscovery normal arm64 Compiling ASN1Integer.swift, ASN1Null.swift, ASN1OctetString.swift, ASN1Strings.swift, ArraySliceBigint.swift, GeneralizedTime.swift (in target 'Crypto' from project 'swift-crypto')

SwiftMergeGeneratedHeaders /Users/rioallen/Library/Developer/Xcode/DerivedData/TradeFly-cjeitwgqikminlegqmjwowkwbezn/Build/Intermediates.noindex/GeneratedModuleMaps-iphonesimulator/IssueReporting-Swift.h /Users/rioallen/Library/Developer/Xcode/DerivedData/TradeFly-cjeitwgqikminlegqmjwowkwbezn/Build/Intermediates.noindex/xctest-dynamic-overlay.build/Debug-iphonesimulator/IssueReporting.build/Objects-normal/arm64/IssueReporting-Swift.h (in target 'IssueReporting' from project 'xctest-dynamic-overlay')
    cd /Users/rioallen/Library/Developer/Xcode/DerivedData/TradeFly-cjeitwgqikminlegqmjwowkwbezn/SourcePackages/checkouts/xctest-dynamic-overlay
    builtin-swiftHeaderTool -arch arm64 /Users/rioallen/Library/Developer/Xcode/DerivedData/TradeFly-cjeitwgqikminlegqmjwowkwbezn/Build/Intermediates.noindex/xctest-dynamic-overlay.build/Debug-iphonesimulator/IssueReporting.build/Objects-normal/arm64/IssueReporting-Swift.h -o /Users/rioallen/Library/Developer/Xcode/DerivedData/TradeFly-cjeitwgqikminlegqmjwowkwbezn/Build/Intermediates.noindex/GeneratedModuleMaps-iphonesimulator/IssueReporting-Swift.h

Copy /Users/rioallen/Library/Developer/Xcode/DerivedData/TradeFly-cjeitwgqikminlegqmjwowkwbezn/Build/Products/Debug-iphonesimulator/IssueReporting.swiftmodule/arm64-apple-ios-simulator.swiftmodule /Users/rioallen/Library/Developer/Xcode/DerivedData/TradeFly-cjeitwgqikminlegqmjwowkwbezn/Build/Intermediates.noindex/xctest-dynamic-overlay.build/Debug-iphonesimulator/IssueReporting.build/Objects-normal/arm64/IssueReporting.swiftmodule (in target 'IssueReporting' from project 'xctest-dynamic-overlay')
    cd /Users/rioallen/Library/Developer/Xcode/DerivedData/TradeFly-cjeitwgqikminlegqmjwowkwbezn/SourcePackages/checkouts/xctest-dynamic-overlay
    builtin-copy -exclude .DS_Store -exclude CVS -exclude .svn -exclude .git -exclude .hg -resolve-src-symlinks -rename /Users/rioallen/Library/Developer/Xcode/DerivedData/TradeFly-cjeitwgqikminlegqmjwowkwbezn/Build/Intermediates.noindex/xctest-dynamic-overlay.build/Debug-iphonesimulator/IssueReporting.build/Objects-normal/arm64/IssueReporting.swiftmodule /Users/rioallen/Library/Developer/Xcode/DerivedData/TradeFly-cjeitwgqikminlegqmjwowkwbezn/Build/Products/Debug-iphonesimulator/IssueReporting.swiftmodule/arm64-apple-ios-simulator.swiftmodule

Copy /Users/rioallen/Library/Developer/Xcode/DerivedData/TradeFly-cjeitwgqikminlegqmjwowkwbezn/Build/Products/Debug-iphonesimulator/IssueReporting.swiftmodule/arm64-apple-ios-simulator.swiftdoc /Users/rioallen/Library/Developer/Xcode/DerivedData/TradeFly-cjeitwgqikminlegqmjwowkwbezn/Build/Intermediates.noindex/xctest-dynamic-overlay.build/Debug-iphonesimulator/IssueReporting.build/Objects-normal/arm64/IssueReporting.swiftdoc (in target 'IssueReporting' from project 'xctest-dynamic-overlay')
    cd /Users/rioallen/Library/Developer/Xcode/DerivedData/TradeFly-cjeitwgqikminlegqmjwowkwbezn/SourcePackages/checkouts/xctest-dynamic-overlay
    builtin-copy -exclude .DS_Store -exclude CVS -exclude .svn -exclude .git -exclude .hg -resolve-src-symlinks -rename /Users/rioallen/Library/Developer/Xcode/DerivedData/TradeFly-cjeitwgqikminlegqmjwowkwbezn/Build/Intermediates.noindex/xctest-dynamic-overlay.build/Debug-iphonesimulator/IssueReporting.build/Objects-normal/arm64/IssueReporting.swiftdoc /Users/rioallen/Library/Developer/Xcode/DerivedData/TradeFly-cjeitwgqikminlegqmjwowkwbezn/Build/Products/Debug-iphonesimulator/IssueReporting.swiftmodule/arm64-apple-ios-simulator.swiftdoc

Copy /Users/rioallen/Library/Developer/Xcode/DerivedData/TradeFly-cjeitwgqikminlegqmjwowkwbezn/Build/Products/Debug-iphonesimulator/IssueReporting.swiftmodule/arm64-apple-ios-simulator.abi.json /Users/rioallen/Library/Developer/Xcode/DerivedData/TradeFly-cjeitwgqikminlegqmjwowkwbezn/Build/Intermediates.noindex/xctest-dynamic-overlay.build/Debug-iphonesimulator/IssueReporting.build/Objects-normal/arm64/IssueReporting.abi.json (in target 'IssueReporting' from project 'xctest-dynamic-overlay')
    cd /Users/rioallen/Library/Developer/Xcode/DerivedData/TradeFly-cjeitwgqikminlegqmjwowkwbezn/SourcePackages/checkouts/xctest-dynamic-overlay
    builtin-copy -exclude .DS_Store -exclude CVS -exclude .svn -exclude .git -exclude .hg -resolve-src-symlinks -rename /Users/rioallen/Library/Developer/Xcode/DerivedData/TradeFly-cjeitwgqikminlegqmjwowkwbezn/Build/Intermediates.noindex/xctest-dynamic-overlay.build/Debug-iphonesimulator/IssueReporting.build/Objects-normal/arm64/IssueReporting.abi.json /Users/rioallen/Library/Developer/Xcode/DerivedData/TradeFly-cjeitwgqikminlegqmjwowkwbezn/Build/Products/Debug-iphonesimulator/IssueReporting.swiftmodule/arm64-apple-ios-simulator.abi.json

Copy /Users/rioallen/Library/Developer/Xcode/DerivedData/TradeFly-cjeitwgqikminlegqmjwowkwbezn/Build/Products/Debug-iphonesimulator/IssueReporting.swiftmodule/Project/arm64-apple-ios-simulator.swiftsourceinfo /Users/rioallen/Library/Developer/Xcode/DerivedData/TradeFly-cjeitwgqikminlegqmjwowkwbezn/Build/Intermediates.noindex/xctest-dynamic-overlay.build/Debug-iphonesimulator/IssueReporting.build/Objects-normal/arm64/IssueReporting.swiftsourceinfo (in target 'IssueReporting' from project 'xctest-dynamic-overlay')
    cd /Users/rioallen/Library/Developer/Xcode/DerivedData/TradeFly-cjeitwgqikminlegqmjwowkwbezn/SourcePackages/checkouts/xctest-dynamic-overlay
    builtin-copy -exclude .DS_Store -exclude CVS -exclude .svn -exclude .git -exclude .hg -resolve-src-symlinks -rename /Users/rioallen/Library/Developer/Xcode/DerivedData/TradeFly-cjeitwgqikminlegqmjwowkwbezn/Build/Intermediates.noindex/xctest-dynamic-overlay.build/Debug-iphonesimulator/IssueReporting.build/Objects-normal/arm64/IssueReporting.swiftsourceinfo /Users/rioallen/Library/Developer/Xcode/DerivedData/TradeFly-cjeitwgqikminlegqmjwowkwbezn/Build/Products/Debug-iphonesimulator/IssueReporting.swiftmodule/Project/arm64-apple-ios-simulator.swiftsourceinfo

SwiftCompile normal arm64 Compiling\ MainSerialExecutor.swift /Users/rioallen/Library/Developer/Xcode/DerivedData/TradeFly-cjeitwgqikminlegqmjwowkwbezn/SourcePackages/checkouts/swift-concurrency-extras/Sources/ConcurrencyExtras/MainSerialExecutor.swift (in target 'ConcurrencyExtras' from project 'swift-concurrency-extras')

SwiftCompile normal arm64 /Users/rioallen/Library/Developer/Xcode/DerivedData/TradeFly-cjeitwgqikminlegqmjwowkwbezn/SourcePackages/checkouts/swift-concurrency-extras/Sources/ConcurrencyExtras/MainSerialExecutor.swift (in target 'ConcurrencyExtras' from project 'swift-concurrency-extras')
    cd /Users/rioallen/Documents/DropFly-OS-App-Builder/DropFly-PROJECTS/TradeFly-iOS/TradeFly.xcodeproj
    

SwiftCompile normal arm64 Compiling\ Result.swift /Users/rioallen/Library/Developer/Xcode/DerivedData/TradeFly-cjeitwgqikminlegqmjwowkwbezn/SourcePackages/checkouts/swift-concurrency-extras/Sources/ConcurrencyExtras/Result.swift (in target 'ConcurrencyExtras' from project 'swift-concurrency-extras')

SwiftCompile normal arm64 /Users/rioallen/Library/Developer/Xcode/DerivedData/TradeFly-cjeitwgqikminlegqmjwowkwbezn/SourcePackages/checkouts/swift-concurrency-extras/Sources/ConcurrencyExtras/Result.swift (in target 'ConcurrencyExtras' from project 'swift-concurrency-extras')
    cd /Users/rioallen/Documents/DropFly-OS-App-Builder/DropFly-PROJECTS/TradeFly-iOS/TradeFly.xcodeproj
    

SwiftCompile normal arm64 Compiling\ Locking.swift /Users/rioallen/Library/Developer/Xcode/DerivedData/TradeFly-cjeitwgqikminlegqmjwowkwbezn/SourcePackages/checkouts/swift-concurrency-extras/Sources/ConcurrencyExtras/Internal/Locking.swift (in target 'ConcurrencyExtras' from project 'swift-concurrency-extras')

SwiftCompile normal arm64 /Users/rioallen/Library/Developer/Xcode/DerivedData/TradeFly-cjeitwgqikminlegqmjwowkwbezn/SourcePackages/checkouts/swift-concurrency-extras/Sources/ConcurrencyExtras/Internal/Locking.swift (in target 'ConcurrencyExtras' from project 'swift-concurrency-extras')
    cd /Users/rioallen/Documents/DropFly-OS-App-Builder/DropFly-PROJECTS/TradeFly-iOS/TradeFly.xcodeproj
    

SwiftDriverJobDiscovery normal arm64 Compiling ANSIx963.swift, HKDF.swift, AESWrap.swift, AESWrap_boring.swift, Ed25519_boring.swift, NISTCurvesKeys_boring.swift (in target 'Crypto' from project 'swift-crypto')

SwiftDriverJobDiscovery normal arm64 Compiling HPKE-KexKeyDerivation.swift, HPKE-LabeledExtract.swift, HPKE-Utils.swift, DHKEM.swift, HPKE-KEM-Curve25519.swift, HPKE-NIST-EC-KEMs.swift (in target 'Crypto' from project 'swift-crypto')

SwiftCompile normal arm64 Compiling\ LockIsolated.swift /Users/rioallen/Library/Developer/Xcode/DerivedData/TradeFly-cjeitwgqikminlegqmjwowkwbezn/SourcePackages/checkouts/swift-concurrency-extras/Sources/ConcurrencyExtras/LockIsolated.swift (in target 'ConcurrencyExtras' from project 'swift-concurrency-extras')

SwiftCompile normal arm64 /Users/rioallen/Library/Developer/Xcode/DerivedData/TradeFly-cjeitwgqikminlegqmjwowkwbezn/SourcePackages/checkouts/swift-concurrency-extras/Sources/ConcurrencyExtras/LockIsolated.swift (in target 'ConcurrencyExtras' from project 'swift-concurrency-extras')
    cd /Users/rioallen/Documents/DropFly-OS-App-Builder/DropFly-PROJECTS/TradeFly-iOS/TradeFly.xcodeproj
    

SwiftDriverJobDiscovery normal arm64 Compiling Insecure.swift, Insecure_HashFunctions.swift, MLKEM_boring.swift, MLKEM_wrapper.swift, XWing_boring.swift, KEM-Errors.swift (in target 'Crypto' from project 'swift-crypto')

SwiftCompile normal arm64 Compiling\ UncheckedBox.swift /Users/rioallen/Library/Developer/Xcode/DerivedData/TradeFly-cjeitwgqikminlegqmjwowkwbezn/SourcePackages/checkouts/swift-concurrency-extras/Sources/ConcurrencyExtras/Internal/UncheckedBox.swift (in target 'ConcurrencyExtras' from project 'swift-concurrency-extras')

SwiftCompile normal arm64 /Users/rioallen/Library/Developer/Xcode/DerivedData/TradeFly-cjeitwgqikminlegqmjwowkwbezn/SourcePackages/checkouts/swift-concurrency-extras/Sources/ConcurrencyExtras/Internal/UncheckedBox.swift (in target 'ConcurrencyExtras' from project 'swift-concurrency-extras')
    cd /Users/rioallen/Documents/DropFly-OS-App-Builder/DropFly-PROJECTS/TradeFly-iOS/TradeFly.xcodeproj
    

SwiftDriverJobDiscovery normal arm64 Compiling WithExpectedIssue.swift (in target 'IssueReporting' from project 'xctest-dynamic-overlay')

SwiftDriverJobDiscovery normal arm64 Compiling HashFunctions_SHA2.swift, HashFunctions_SHA3.swift, Digest_xkcp.swift, HPKE-AEAD.swift, HPKE-Ciphersuite.swift, HPKE-KDF.swift (in target 'Crypto' from project 'swift-crypto')

SwiftCompile normal arm64 Compiling\ AsyncThrowingStream.swift /Users/rioallen/Library/Developer/Xcode/DerivedData/TradeFly-cjeitwgqikminlegqmjwowkwbezn/SourcePackages/checkouts/swift-concurrency-extras/Sources/ConcurrencyExtras/AsyncThrowingStream.swift (in target 'ConcurrencyExtras' from project 'swift-concurrency-extras')

SwiftCompile normal arm64 /Users/rioallen/Library/Developer/Xcode/DerivedData/TradeFly-cjeitwgqikminlegqmjwowkwbezn/SourcePackages/checkouts/swift-concurrency-extras/Sources/ConcurrencyExtras/AsyncThrowingStream.swift (in target 'ConcurrencyExtras' from project 'swift-concurrency-extras')
    cd /Users/rioallen/Documents/DropFly-OS-App-Builder/DropFly-PROJECTS/TradeFly-iOS/TradeFly.xcodeproj
    

SwiftDriverJobDiscovery normal arm64 Compiling CryptoError_boring.swift, CryptoKitErrors.swift, Digest_boring.swift, Digest.swift, Digests.swift, HashFunctions.swift (in target 'Crypto' from project 'swift-crypto')

SwiftCompile normal arm64 Compiling\ Task.swift /Users/rioallen/Library/Developer/Xcode/DerivedData/TradeFly-cjeitwgqikminlegqmjwowkwbezn/SourcePackages/checkouts/swift-concurrency-extras/Sources/ConcurrencyExtras/Task.swift (in target 'ConcurrencyExtras' from project 'swift-concurrency-extras')
SwiftCompile normal arm64 /Users/rioallen/Library/Developer/Xcode/DerivedData/TradeFly-cjeitwgqikminlegqmjwowkwbezn/SourcePackages/checkouts/swift-concurrency-extras/Sources/ConcurrencyExtras/Task.swift (in target 'ConcurrencyExtras' from project 'swift-concurrency-extras')
    cd /Users/rioallen/Documents/DropFly-OS-App-Builder/DropFly-PROJECTS/TradeFly-iOS/TradeFly.xcodeproj
    

SwiftDriverJobDiscovery normal arm64 Compiling ActorIsolated.swift (in target 'ConcurrencyExtras' from project 'swift-concurrency-extras')

SwiftDriverJobDiscovery normal arm64 Compiling KEM.swift, MLKEM.swift, XWing.swift, ECDH_boring.swift, DH.swift, ECDH.swift (in target 'Crypto' from project 'swift-crypto')

Ld /Users/rioallen/Library/Developer/Xcode/DerivedData/TradeFly-cjeitwgqikminlegqmjwowkwbezn/Build/Products/Debug-iphonesimulator/HTTPTypes.o normal (in target 'HTTPTypes' from project 'swift-http-types')
    cd /Users/rioallen/Library/Developer/Xcode/DerivedData/TradeFly-cjeitwgqikminlegqmjwowkwbezn/SourcePackages/checkouts/swift-http-types
    /Applications/Xcode.app/Contents/Developer/Toolchains/XcodeDefault.xctoolchain/usr/bin/clang -Xlinker -reproducible -target arm64-apple-ios12.0-simulator -r -isysroot /Applications/Xcode.app/Contents/Developer/Platforms/iPhoneSimulator.platform/Developer/SDKs/iPhoneSimulator26.1.sdk -O0 -w -L/Users/rioallen/Library/Developer/Xcode/DerivedData/TradeFly-cjeitwgqikminlegqmjwowkwbezn/Build/Intermediates.noindex/EagerLinkingTBDs/Debug-iphonesimulator -L/Users/rioallen/Library/Developer/Xcode/DerivedData/TradeFly-cjeitwgqikminlegqmjwowkwbezn/Build/Products/Debug-iphonesimulator -L/Applications/Xcode.app/Contents/Developer/Platforms/iPhoneSimulator.platform/Developer/usr/lib -F/Users/rioallen/Library/Developer/Xcode/DerivedData/TradeFly-cjeitwgqikminlegqmjwowkwbezn/Build/Intermediates.noindex/EagerLinkingTBDs/Debug-iphonesimulator -F/Users/rioallen/Library/Developer/Xcode/DerivedData/TradeFly-cjeitwgqikminlegqmjwowkwbezn/Build/Products/Debug-iphonesimulator -iframework /Applications/Xcode.app/Contents/Developer/Platforms/iPhoneSimulator.platform/Developer/Library/Frameworks -iframework /Applications/Xcode.app/Contents/Developer/Platforms/iPhoneSimulator.platform/Developer/SDKs/iPhoneSimulator26.1.sdk/Developer/Library/Frameworks -filelist /Users/rioallen/Library/Developer/Xcode/DerivedData/TradeFly-cjeitwgqikminlegqmjwowkwbezn/Build/Intermediates.noindex/swift-http-types.build/Debug-iphonesimulator/HTTPTypes.build/Objects-normal/arm64/HTTPTypes.LinkFileList -nostdlib -Xlinker -object_path_lto -Xlinker /Users/rioallen/Library/Developer/Xcode/DerivedData/TradeFly-cjeitwgqikminlegqmjwowkwbezn/Build/Intermediates.noindex/swift-http-types.build/Debug-iphonesimulator/HTTPTypes.build/Objects-normal/arm64/HTTPTypes_lto.o -rdynamic -Xlinker -no_deduplicate -Xlinker -objc_abi_version -Xlinker 2 -Xlinker -dependency_info -Xlinker /Users/rioallen/Library/Developer/Xcode/DerivedData/TradeFly-cjeitwgqikminlegqmjwowkwbezn/Build/Intermediates.noindex/swift-http-types.build/Debug-iphonesimulator/HTTPTypes.build/Objects-normal/arm64/HTTPTypes_dependency_info.dat -fobjc-link-runtime -L/Applications/Xcode.app/Contents/Developer/Toolchains/XcodeDefault.xctoolchain/usr/lib/swift/iphonesimulator -L/usr/lib/swift -Xlinker -add_ast_path -Xlinker /Users/rioallen/Library/Developer/Xcode/DerivedData/TradeFly-cjeitwgqikminlegqmjwowkwbezn/Build/Intermediates.noindex/swift-http-types.build/Debug-iphonesimulator/HTTPTypes.build/Objects-normal/arm64/HTTPTypes.swiftmodule @/Users/rioallen/Library/Developer/Xcode/DerivedData/TradeFly-cjeitwgqikminlegqmjwowkwbezn/Build/Intermediates.noindex/swift-http-types.build/Debug-iphonesimulator/HTTPTypes.build/Objects-normal/arm64/HTTPTypes-linker-args.resp -o /Users/rioallen/Library/Developer/Xcode/DerivedData/TradeFly-cjeitwgqikminlegqmjwowkwbezn/Build/Products/Debug-iphonesimulator/HTTPTypes.o

SwiftDriver XCTestDynamicOverlay normal arm64 com.apple.xcode.tools.swift.compiler (in target 'XCTestDynamicOverlay' from project 'xctest-dynamic-overlay')
    cd /Users/rioallen/Documents/DropFly-OS-App-Builder/DropFly-PROJECTS/TradeFly-iOS/TradeFly.xcodeproj
    builtin-SwiftDriver -- /Applications/Xcode.app/Contents/Developer/Toolchains/XcodeDefault.xctoolchain/usr/bin/swiftc -module-name XCTestDynamicOverlay -Onone -enforce-exclusivity\=checked @/Users/rioallen/Library/Developer/Xcode/DerivedData/TradeFly-cjeitwgqikminlegqmjwowkwbezn/Build/Intermediates.noindex/xctest-dynamic-overlay.build/Debug-iphonesimulator/XCTestDynamicOverlay.build/Objects-normal/arm64/XCTestDynamicOverlay.SwiftFileList -DSWIFT_PACKAGE -DDEBUG -DSWIFT_MODULE_RESOURCE_BUNDLE_UNAVAILABLE -DXcode -plugin-path /Applications/Xcode.app/Contents/Developer/Toolchains/XcodeDefault.xctoolchain/usr/lib/swift/host/plugins/testing -enable-experimental-feature DebugDescriptionMacro -sdk /Applications/Xcode.app/Contents/Developer/Platforms/iPhoneSimulator.platform/Developer/SDKs/iPhoneSimulator26.1.sdk -target arm64-apple-ios13.0-simulator -g -module-cache-path /Users/rioallen/Library/Developer/Xcode/DerivedData/ModuleCache.noindex -Xfrontend -serialize-debugging-options -enable-testing -suppress-warnings -index-store-path /Users/rioallen/Library/Developer/Xcode/DerivedData/TradeFly-cjeitwgqikminlegqmjwowkwbezn/Index.noindex/DataStore -Xcc -D_LIBCPP_HARDENING_MODE\=_LIBCPP_HARDENING_MODE_DEBUG -swift-version 6 -I /Users/rioallen/Library/Developer/Xcode/DerivedData/TradeFly-cjeitwgqikminlegqmjwowkwbezn/Build/Products/Debug-iphonesimulator -Isystem /Applications/Xcode.app/Contents/Developer/Platforms/iPhoneSimulator.platform/Developer/usr/lib -F /Users/rioallen/Library/Developer/Xcode/DerivedData/TradeFly-cjeitwgqikminlegqmjwowkwbezn/Build/Products/Debug-iphonesimulator/PackageFrameworks -F /Users/rioallen/Library/Developer/Xcode/DerivedData/TradeFly-cjeitwgqikminlegqmjwowkwbezn/Build/Products/Debug-iphonesimulator/PackageFrameworks -F /Users/rioallen/Library/Developer/Xcode/DerivedData/TradeFly-cjeitwgqikminlegqmjwowkwbezn/Build/Products/Debug-iphonesimulator -F /Applications/Xcode.app/Contents/Developer/Platforms/iPhoneSimulator.platform/Developer/Library/Frameworks -F /Applications/Xcode.app/Contents/Developer/Platforms/iPhoneSimulator.platform/Developer/SDKs/iPhoneSimulator26.1.sdk/Developer/Library/Frameworks -c -j16 -enable-batch-mode -incremental -Xcc -ivfsstatcache -Xcc /Users/rioallen/Library/Developer/Xcode/DerivedData/SDKStatCaches.noindex/iphonesimulator26.1-23B77-90cf18a4295e390e64c810bc6bd7acbc.sdkstatcache -output-file-map /Users/rioallen/Library/Developer/Xcode/DerivedData/TradeFly-cjeitwgqikminlegqmjwowkwbezn/Build/Intermediates.noindex/xctest-dynamic-overlay.build/Debug-iphonesimulator/XCTestDynamicOverlay.build/Objects-normal/arm64/XCTestDynamicOverlay-OutputFileMap.json -use-frontend-parseable-output -save-temps -no-color-diagnostics -explicit-module-build -module-cache-path /Users/rioallen/Library/Developer/Xcode/DerivedData/TradeFly-cjeitwgqikminlegqmjwowkwbezn/Build/Intermediates.noindex/SwiftExplicitPrecompiledModules -clang-scanner-module-cache-path /Users/rioallen/Library/Developer/Xcode/DerivedData/ModuleCache.noindex -sdk-module-cache-path /Users/rioallen/Library/Developer/Xcode/DerivedData/ModuleCache.noindex -serialize-diagnostics -emit-dependencies -emit-module -emit-module-path /Users/rioallen/Library/Developer/Xcode/DerivedData/TradeFly-cjeitwgqikminlegqmjwowkwbezn/Build/Intermediates.noindex/xctest-dynamic-overlay.build/Debug-iphonesimulator/XCTestDynamicOverlay.build/Objects-normal/arm64/XCTestDynamicOverlay.swiftmodule -user-module-version 1.7.0 -validate-clang-modules-once -clang-build-session-file /Users/rioallen/Library/Developer/Xcode/DerivedData/ModuleCache.noindex/Session.modulevalidation -package-name xctest_dynamic_overlay -Xcc -I/Users/rioallen/Library/Developer/Xcode/DerivedData/TradeFly-cjeitwgqikminlegqmjwowkwbezn/Build/Intermediates.noindex/xctest-dynamic-overlay.build/Debug-iphonesimulator/XCTestDynamicOverlay.build/swift-overrides.hmap -emit-const-values -Xfrontend -const-gather-protocols-file -Xfrontend /Users/rioallen/Library/Developer/Xcode/DerivedData/TradeFly-cjeitwgqikminlegqmjwowkwbezn/Build/Intermediates.noindex/xctest-dynamic-overlay.build/Debug-iphonesimulator/XCTestDynamicOverlay.build/Objects-normal/arm64/XCTestDynamicOverlay_const_extract_protocols.json -Xcc -I/Users/rioallen/Library/Developer/Xcode/DerivedData/TradeFly-cjeitwgqikminlegqmjwowkwbezn/Build/Products/Debug-iphonesimulator/include -Xcc -I/Users/rioallen/Library/Developer/Xcode/DerivedData/TradeFly-cjeitwgqikminlegqmjwowkwbezn/Build/Intermediates.noindex/xctest-dynamic-overlay.build/Debug-iphonesimulator/XCTestDynamicOverlay.build/DerivedSources-normal/arm64 -Xcc -I/Users/rioallen/Library/Developer/Xcode/DerivedData/TradeFly-cjeitwgqikminlegqmjwowkwbezn/Build/Intermediates.noindex/xctest-dynamic-overlay.build/Debug-iphonesimulator/XCTestDynamicOverlay.build/DerivedSources/arm64 -Xcc -I/Users/rioallen/Library/Developer/Xcode/DerivedData/TradeFly-cjeitwgqikminlegqmjwowkwbezn/Build/Intermediates.noindex/xctest-dynamic-overlay.build/Debug-iphonesimulator/XCTestDynamicOverlay.build/DerivedSources -Xcc -DSWIFT_PACKAGE -Xcc -DDEBUG\=1 -emit-objc-header -emit-objc-header-path /Users/rioallen/Library/Developer/Xcode/DerivedData/TradeFly-cjeitwgqikminlegqmjwowkwbezn/Build/Intermediates.noindex/xctest-dynamic-overlay.build/Debug-iphonesimulator/XCTestDynamicOverlay.build/Objects-normal/arm64/XCTestDynamicOverlay-Swift.h -working-directory /Users/rioallen/Documents/DropFly-OS-App-Builder/DropFly-PROJECTS/TradeFly-iOS/TradeFly.xcodeproj -experimental-emit-module-separately -disable-cmo

SwiftDriverJobDiscovery normal arm64 Compiling Signature.swift, CryptoKitErrors_boring.swift, Optional+withUnsafeBytes_boring.swift, RNG_boring.swift, SafeCompare_boring.swift (in target 'Crypto' from project 'swift-crypto')

SwiftDriverJobDiscovery normal arm64 Compiling HPKE-KEM.swift, HPKE-Errors.swift, HPKE.swift, HPKE-Context.swift, HPKE-KeySchedule.swift, HPKE-Modes.swift (in target 'Crypto' from project 'swift-crypto')

SwiftDriverJobDiscovery normal arm64 Compiling Nonces.swift, ASN1.swift, ASN1Any.swift, ASN1BitString.swift, ASN1Boolean.swift, ASN1Identifier.swift (in target 'Crypto' from project 'swift-crypto')

RegisterExecutionPolicyException /Users/rioallen/Library/Developer/Xcode/DerivedData/TradeFly-cjeitwgqikminlegqmjwowkwbezn/Build/Products/Debug-iphonesimulator/IssueReportingPackageSupport.o (in target 'IssueReportingPackageSupport' from project 'xctest-dynamic-overlay')
    cd /Users/rioallen/Library/Developer/Xcode/DerivedData/TradeFly-cjeitwgqikminlegqmjwowkwbezn/SourcePackages/checkouts/xctest-dynamic-overlay
    builtin-RegisterExecutionPolicyException /Users/rioallen/Library/Developer/Xcode/DerivedData/TradeFly-cjeitwgqikminlegqmjwowkwbezn/Build/Products/Debug-iphonesimulator/IssueReportingPackageSupport.o

SwiftDriverJobDiscovery normal arm64 Compiling EdDSA_boring.swift, MLDSA_boring.swift, MLDSA_wrapper.swift, ECDSA.swift, Ed25519.swift, MLDSA.swift (in target 'Crypto' from project 'swift-crypto')

SwiftDriver Clocks normal arm64 com.apple.xcode.tools.swift.compiler (in target 'Clocks' from project 'swift-clocks')
    cd /Users/rioallen/Documents/DropFly-OS-App-Builder/DropFly-PROJECTS/TradeFly-iOS/TradeFly.xcodeproj
    builtin-SwiftDriver -- /Applications/Xcode.app/Contents/Developer/Toolchains/XcodeDefault.xctoolchain/usr/bin/swiftc -module-name Clocks -Onone -enforce-exclusivity\=checked @/Users/rioallen/Library/Developer/Xcode/DerivedData/TradeFly-cjeitwgqikminlegqmjwowkwbezn/Build/Intermediates.noindex/swift-clocks.build/Debug-iphonesimulator/Clocks.build/Objects-normal/arm64/Clocks.SwiftFileList -DSWIFT_PACKAGE -DDEBUG -DSWIFT_MODULE_RESOURCE_BUNDLE_UNAVAILABLE -DXcode -plugin-path /Applications/Xcode.app/Contents/Developer/Toolchains/XcodeDefault.xctoolchain/usr/lib/swift/host/plugins/testing -enable-experimental-feature DebugDescriptionMacro -sdk /Applications/Xcode.app/Contents/Developer/Platforms/iPhoneSimulator.platform/Developer/SDKs/iPhoneSimulator26.1.sdk -target arm64-apple-ios13.0-simulator -g -module-cache-path /Users/rioallen/Library/Developer/Xcode/DerivedData/ModuleCache.noindex -Xfrontend -serialize-debugging-options -enable-testing -suppress-warnings -index-store-path /Users/rioallen/Library/Developer/Xcode/DerivedData/TradeFly-cjeitwgqikminlegqmjwowkwbezn/Index.noindex/DataStore -Xcc -D_LIBCPP_HARDENING_MODE\=_LIBCPP_HARDENING_MODE_DEBUG -swift-version 6 -I /Users/rioallen/Library/Developer/Xcode/DerivedData/TradeFly-cjeitwgqikminlegqmjwowkwbezn/Build/Products/Debug-iphonesimulator -Isystem /Applications/Xcode.app/Contents/Developer/Platforms/iPhoneSimulator.platform/Developer/usr/lib -F /Users/rioallen/Library/Developer/Xcode/DerivedData/TradeFly-cjeitwgqikminlegqmjwowkwbezn/Build/Products/Debug-iphonesimulator/PackageFrameworks -F /Users/rioallen/Library/Developer/Xcode/DerivedData/TradeFly-cjeitwgqikminlegqmjwowkwbezn/Build/Products/Debug-iphonesimulator/PackageFrameworks -F /Users/rioallen/Library/Developer/Xcode/DerivedData/TradeFly-cjeitwgqikminlegqmjwowkwbezn/Build/Products/Debug-iphonesimulator/PackageFrameworks -F /Users/rioallen/Library/Developer/Xcode/DerivedData/TradeFly-cjeitwgqikminlegqmjwowkwbezn/Build/Products/Debug-iphonesimulator -F /Applications/Xcode.app/Contents/Developer/Platforms/iPhoneSimulator.platform/Developer/Library/Frameworks -F /Applications/Xcode.app/Contents/Developer/Platforms/iPhoneSimulator.platform/Developer/SDKs/iPhoneSimulator26.1.sdk/Developer/Library/Frameworks -c -j16 -enable-batch-mode -incremental -Xcc -ivfsstatcache -Xcc /Users/rioallen/Library/Developer/Xcode/DerivedData/SDKStatCaches.noindex/iphonesimulator26.1-23B77-90cf18a4295e390e64c810bc6bd7acbc.sdkstatcache -output-file-map /Users/rioallen/Library/Developer/Xcode/DerivedData/TradeFly-cjeitwgqikminlegqmjwowkwbezn/Build/Intermediates.noindex/swift-clocks.build/Debug-iphonesimulator/Clocks.build/Objects-normal/arm64/Clocks-OutputFileMap.json -use-frontend-parseable-output -save-temps -no-color-diagnostics -explicit-module-build -module-cache-path /Users/rioallen/Library/Developer/Xcode/DerivedData/TradeFly-cjeitwgqikminlegqmjwowkwbezn/Build/Intermediates.noindex/SwiftExplicitPrecompiledModules -clang-scanner-module-cache-path /Users/rioallen/Library/Developer/Xcode/DerivedData/ModuleCache.noindex -sdk-module-cache-path /Users/rioallen/Library/Developer/Xcode/DerivedData/ModuleCache.noindex -serialize-diagnostics -emit-dependencies -emit-module -emit-module-path /Users/rioallen/Library/Developer/Xcode/DerivedData/TradeFly-cjeitwgqikminlegqmjwowkwbezn/Build/Intermediates.noindex/swift-clocks.build/Debug-iphonesimulator/Clocks.build/Objects-normal/arm64/Clocks.swiftmodule -user-module-version 1.0.6 -validate-clang-modules-once -clang-build-session-file /Users/rioallen/Library/Developer/Xcode/DerivedData/ModuleCache.noindex/Session.modulevalidation -package-name swift_clocks -Xcc -I/Users/rioallen/Library/Developer/Xcode/DerivedData/TradeFly-cjeitwgqikminlegqmjwowkwbezn/Build/Intermediates.noindex/swift-clocks.build/Debug-iphonesimulator/Clocks.build/swift-overrides.hmap -emit-const-values -Xfrontend -const-gather-protocols-file -Xfrontend /Users/rioallen/Library/Developer/Xcode/DerivedData/TradeFly-cjeitwgqikminlegqmjwowkwbezn/Build/Intermediates.noindex/swift-clocks.build/Debug-iphonesimulator/Clocks.build/Objects-normal/arm64/Clocks_const_extract_protocols.json -Xcc -I/Users/rioallen/Library/Developer/Xcode/DerivedData/TradeFly-cjeitwgqikminlegqmjwowkwbezn/Build/Products/Debug-iphonesimulator/include -Xcc -I/Users/rioallen/Library/Developer/Xcode/DerivedData/TradeFly-cjeitwgqikminlegqmjwowkwbezn/Build/Intermediates.noindex/swift-clocks.build/Debug-iphonesimulator/Clocks.build/DerivedSources-normal/arm64 -Xcc -I/Users/rioallen/Library/Developer/Xcode/DerivedData/TradeFly-cjeitwgqikminlegqmjwowkwbezn/Build/Intermediates.noindex/swift-clocks.build/Debug-iphonesimulator/Clocks.build/DerivedSources/arm64 -Xcc -I/Users/rioallen/Library/Developer/Xcode/DerivedData/TradeFly-cjeitwgqikminlegqmjwowkwbezn/Build/Intermediates.noindex/swift-clocks.build/Debug-iphonesimulator/Clocks.build/DerivedSources -Xcc -DSWIFT_PACKAGE -Xcc -DDEBUG\=1 -emit-objc-header -emit-objc-header-path /Users/rioallen/Library/Developer/Xcode/DerivedData/TradeFly-cjeitwgqikminlegqmjwowkwbezn/Build/Intermediates.noindex/swift-clocks.build/Debug-iphonesimulator/Clocks.build/Objects-normal/arm64/Clocks-Swift.h -working-directory /Users/rioallen/Documents/DropFly-OS-App-Builder/DropFly-PROJECTS/TradeFly-iOS/TradeFly.xcodeproj -experimental-emit-module-separately -disable-cmo

SwiftDriverJobDiscovery normal arm64 Compiling Result.swift (in target 'ConcurrencyExtras' from project 'swift-concurrency-extras')

ExtractAppIntentsMetadata (in target 'HTTPTypes' from project 'swift-http-types')
    cd /Users/rioallen/Library/Developer/Xcode/DerivedData/TradeFly-cjeitwgqikminlegqmjwowkwbezn/SourcePackages/checkouts/swift-http-types
    /Applications/Xcode.app/Contents/Developer/Toolchains/XcodeDefault.xctoolchain/usr/bin/appintentsmetadataprocessor --toolchain-dir /Applications/Xcode.app/Contents/Developer/Toolchains/XcodeDefault.xctoolchain --module-name HTTPTypes --sdk-root /Applications/Xcode.app/Contents/Developer/Platforms/iPhoneSimulator.platform/Developer/SDKs/iPhoneSimulator26.1.sdk --xcode-version 17B100 --platform-family iOS --deployment-target 12.0 --bundle-identifier swift-http-types.HTTPTypes --output /Users/rioallen/Library/Developer/Xcode/DerivedData/TradeFly-cjeitwgqikminlegqmjwowkwbezn/Build/Products/Debug-iphonesimulator/HTTPTypes.appintents --target-triple arm64-apple-ios12.0-simulator --binary-file /Users/rioallen/Library/Developer/Xcode/DerivedData/TradeFly-cjeitwgqikminlegqmjwowkwbezn/Build/Products/Debug-iphonesimulator/HTTPTypes.o --dependency-file /Users/rioallen/Library/Developer/Xcode/DerivedData/TradeFly-cjeitwgqikminlegqmjwowkwbezn/Build/Intermediates.noindex/swift-http-types.build/Debug-iphonesimulator/HTTPTypes.build/Objects-normal/arm64/HTTPTypes_dependency_info.dat --stringsdata-file /Users/rioallen/Library/Developer/Xcode/DerivedData/TradeFly-cjeitwgqikminlegqmjwowkwbezn/Build/Intermediates.noindex/swift-http-types.build/Debug-iphonesimulator/HTTPTypes.build/Objects-normal/arm64/ExtractedAppShortcutsMetadata.stringsdata --source-file-list /Users/rioallen/Library/Developer/Xcode/DerivedData/TradeFly-cjeitwgqikminlegqmjwowkwbezn/Build/Intermediates.noindex/swift-http-types.build/Debug-iphonesimulator/HTTPTypes.build/Objects-normal/arm64/HTTPTypes.SwiftFileList --metadata-file-list /Users/rioallen/Library/Developer/Xcode/DerivedData/TradeFly-cjeitwgqikminlegqmjwowkwbezn/Build/Intermediates.noindex/swift-http-types.build/Debug-iphonesimulator/HTTPTypes.build/HTTPTypes.DependencyMetadataFileList --static-metadata-file-list /Users/rioallen/Library/Developer/Xcode/DerivedData/TradeFly-cjeitwgqikminlegqmjwowkwbezn/Build/Intermediates.noindex/swift-http-types.build/Debug-iphonesimulator/HTTPTypes.build/HTTPTypes.DependencyStaticMetadataFileList --swift-const-vals-list /Users/rioallen/Library/Developer/Xcode/DerivedData/TradeFly-cjeitwgqikminlegqmjwowkwbezn/Build/Intermediates.noindex/swift-http-types.build/Debug-iphonesimulator/HTTPTypes.build/Objects-normal/arm64/HTTPTypes.SwiftConstValuesFileList --force --compile-time-extraction --deployment-aware-processing --validate-assistant-intents --no-app-shortcuts-localization
2025-12-04 00:32:53.544 appintentsmetadataprocessor[44961:7891164] Starting appintentsmetadataprocessor export
2025-12-04 00:32:53.641 appintentsmetadataprocessor[44961:7891164] Extracted no relevant App Intents symbols, skipping writing output

SwiftDriverJobDiscovery normal arm64 Compiling Locking.swift (in target 'ConcurrencyExtras' from project 'swift-concurrency-extras')

SwiftDriverJobDiscovery normal arm64 Compiling resource_bundle_accessor.swift, AES-GCM.swift, AES-GCM_boring.swift, ChaChaPoly_boring.swift, ChaChaPoly.swift, Cipher.swift (in target 'Crypto' from project 'swift-crypto')

SwiftDriverJobDiscovery normal arm64 Compiling UncheckedBox.swift (in target 'ConcurrencyExtras' from project 'swift-concurrency-extras')

SwiftDriverJobDiscovery normal arm64 Compiling MainSerialExecutor.swift (in target 'ConcurrencyExtras' from project 'swift-concurrency-extras')

SwiftDriverJobDiscovery normal arm64 Compiling LockIsolated.swift (in target 'ConcurrencyExtras' from project 'swift-concurrency-extras')

SwiftDriverJobDiscovery normal arm64 Compiling Zeroization_boring.swift, PrettyBytes.swift, SafeCompare.swift, SecureBytes.swift, Zeroization.swift (in target 'Crypto' from project 'swift-crypto')

SwiftDriver\ Compilation Crypto normal arm64 com.apple.xcode.tools.swift.compiler (in target 'Crypto' from project 'swift-crypto')
    cd /Users/rioallen/Documents/DropFly-OS-App-Builder/DropFly-PROJECTS/TradeFly-iOS/TradeFly.xcodeproj
    builtin-Swift-Compilation -- /Applications/Xcode.app/Contents/Developer/Toolchains/XcodeDefault.xctoolchain/usr/bin/swiftc -module-name Crypto -Onone -enforce-exclusivity\=checked @/Users/rioallen/Library/Developer/Xcode/DerivedData/TradeFly-cjeitwgqikminlegqmjwowkwbezn/Build/Intermediates.noindex/swift-crypto.build/Debug-iphonesimulator/Crypto.build/Objects-normal/arm64/Crypto.SwiftFileList -DSWIFT_PACKAGE -DDEBUG -DSWIFT_MODULE_RESOURCE_BUNDLE_AVAILABLE -DCRYPTO_IN_SWIFTPM -DXcode -enable-upcoming-feature MemberImportVisibility -plugin-path /Applications/Xcode.app/Contents/Developer/Toolchains/XcodeDefault.xctoolchain/usr/lib/swift/host/plugins/testing -enable-experimental-feature DebugDescriptionMacro -sdk /Applications/Xcode.app/Contents/Developer/Platforms/iPhoneSimulator.platform/Developer/SDKs/iPhoneSimulator26.1.sdk -target arm64-apple-ios12.0-simulator -g -module-cache-path /Users/rioallen/Library/Developer/Xcode/DerivedData/ModuleCache.noindex -Xfrontend -serialize-debugging-options -enable-testing -suppress-warnings -index-store-path /Users/rioallen/Library/Developer/Xcode/DerivedData/TradeFly-cjeitwgqikminlegqmjwowkwbezn/Index.noindex/DataStore -Xcc -D_LIBCPP_HARDENING_MODE\=_LIBCPP_HARDENING_MODE_DEBUG -swift-version 6 -I /Users/rioallen/Library/Developer/Xcode/DerivedData/TradeFly-cjeitwgqikminlegqmjwowkwbezn/Build/Products/Debug-iphonesimulator -Isystem /Applications/Xcode.app/Contents/Developer/Platforms/iPhoneSimulator.platform/Developer/usr/lib -F /Users/rioallen/Library/Developer/Xcode/DerivedData/TradeFly-cjeitwgqikminlegqmjwowkwbezn/Build/Products/Debug-iphonesimulator -F /Applications/Xcode.app/Contents/Developer/Platforms/iPhoneSimulator.platform/Developer/Library/Frameworks -F /Applications/Xcode.app/Contents/Developer/Platforms/iPhoneSimulator.platform/Developer/SDKs/iPhoneSimulator26.1.sdk/Developer/Library/Frameworks -c -j16 -enable-batch-mode -incremental -Xcc -ivfsstatcache -Xcc /Users/rioallen/Library/Developer/Xcode/DerivedData/SDKStatCaches.noindex/iphonesimulator26.1-23B77-90cf18a4295e390e64c810bc6bd7acbc.sdkstatcache -output-file-map /Users/rioallen/Library/Developer/Xcode/DerivedData/TradeFly-cjeitwgqikminlegqmjwowkwbezn/Build/Intermediates.noindex/swift-crypto.build/Debug-iphonesimulator/Crypto.build/Objects-normal/arm64/Crypto-OutputFileMap.json -use-frontend-parseable-output -save-temps -no-color-diagnostics -explicit-module-build -module-cache-path /Users/rioallen/Library/Developer/Xcode/DerivedData/TradeFly-cjeitwgqikminlegqmjwowkwbezn/Build/Intermediates.noindex/SwiftExplicitPrecompiledModules -clang-scanner-module-cache-path /Users/rioallen/Library/Developer/Xcode/DerivedData/ModuleCache.noindex -sdk-module-cache-path /Users/rioallen/Library/Developer/Xcode/DerivedData/ModuleCache.noindex -serialize-diagnostics -emit-dependencies -emit-module -emit-module-path /Users/rioallen/Library/Developer/Xcode/DerivedData/TradeFly-cjeitwgqikminlegqmjwowkwbezn/Build/Intermediates.noindex/swift-crypto.build/Debug-iphonesimulator/Crypto.build/Objects-normal/arm64/Crypto.swiftmodule -user-module-version 4.2.0 -validate-clang-modules-once -clang-build-session-file /Users/rioallen/Library/Developer/Xcode/DerivedData/ModuleCache.noindex/Session.modulevalidation -package-name swift_crypto -Xcc -I/Users/rioallen/Library/Developer/Xcode/DerivedData/TradeFly-cjeitwgqikminlegqmjwowkwbezn/Build/Intermediates.noindex/swift-crypto.build/Debug-iphonesimulator/Crypto.build/swift-overrides.hmap -emit-const-values -Xfrontend -const-gather-protocols-file -Xfrontend /Users/rioallen/Library/Developer/Xcode/DerivedData/TradeFly-cjeitwgqikminlegqmjwowkwbezn/Build/Intermediates.noindex/swift-crypto.build/Debug-iphonesimulator/Crypto.build/Objects-normal/arm64/Crypto_const_extract_protocols.json -Xcc -I/Users/rioallen/Library/Developer/Xcode/DerivedData/TradeFly-cjeitwgqikminlegqmjwowkwbezn/Build/Products/Debug-iphonesimulator/include -Xcc -I/Users/rioallen/Library/Developer/Xcode/DerivedData/TradeFly-cjeitwgqikminlegqmjwowkwbezn/Build/Intermediates.noindex/swift-crypto.build/Debug-iphonesimulator/Crypto.build/DerivedSources-normal/arm64 -Xcc -I/Users/rioallen/Library/Developer/Xcode/DerivedData/TradeFly-cjeitwgqikminlegqmjwowkwbezn/Build/Intermediates.noindex/swift-crypto.build/Debug-iphonesimulator/Crypto.build/DerivedSources/arm64 -Xcc -I/Users/rioallen/Library/Developer/Xcode/DerivedData/TradeFly-cjeitwgqikminlegqmjwowkwbezn/Build/Intermediates.noindex/swift-crypto.build/Debug-iphonesimulator/Crypto.build/DerivedSources -Xcc -DSWIFT_PACKAGE -Xcc -DDEBUG\=1 -emit-objc-header -emit-objc-header-path /Users/rioallen/Library/Developer/Xcode/DerivedData/TradeFly-cjeitwgqikminlegqmjwowkwbezn/Build/Intermediates.noindex/swift-crypto.build/Debug-iphonesimulator/Crypto.build/Objects-normal/arm64/Crypto-Swift.h -working-directory /Users/rioallen/Documents/DropFly-OS-App-Builder/DropFly-PROJECTS/TradeFly-iOS/TradeFly.xcodeproj -experimental-emit-module-separately -disable-cmo

Ld /Users/rioallen/Library/Developer/Xcode/DerivedData/TradeFly-cjeitwgqikminlegqmjwowkwbezn/Build/Products/Debug-iphonesimulator/Crypto.o normal (in target 'Crypto' from project 'swift-crypto')
    cd /Users/rioallen/Library/Developer/Xcode/DerivedData/TradeFly-cjeitwgqikminlegqmjwowkwbezn/SourcePackages/checkouts/swift-crypto
    /Applications/Xcode.app/Contents/Developer/Toolchains/XcodeDefault.xctoolchain/usr/bin/clang -Xlinker -reproducible -target arm64-apple-ios12.0-simulator -r -isysroot /Applications/Xcode.app/Contents/Developer/Platforms/iPhoneSimulator.platform/Developer/SDKs/iPhoneSimulator26.1.sdk -O0 -w -L/Users/rioallen/Library/Developer/Xcode/DerivedData/TradeFly-cjeitwgqikminlegqmjwowkwbezn/Build/Intermediates.noindex/EagerLinkingTBDs/Debug-iphonesimulator -L/Users/rioallen/Library/Developer/Xcode/DerivedData/TradeFly-cjeitwgqikminlegqmjwowkwbezn/Build/Products/Debug-iphonesimulator -L/Applications/Xcode.app/Contents/Developer/Platforms/iPhoneSimulator.platform/Developer/usr/lib -F/Users/rioallen/Library/Developer/Xcode/DerivedData/TradeFly-cjeitwgqikminlegqmjwowkwbezn/Build/Intermediates.noindex/EagerLinkingTBDs/Debug-iphonesimulator -F/Users/rioallen/Library/Developer/Xcode/DerivedData/TradeFly-cjeitwgqikminlegqmjwowkwbezn/Build/Products/Debug-iphonesimulator -iframework /Applications/Xcode.app/Contents/Developer/Platforms/iPhoneSimulator.platform/Developer/Library/Frameworks -iframework /Applications/Xcode.app/Contents/Developer/Platforms/iPhoneSimulator.platform/Developer/SDKs/iPhoneSimulator26.1.sdk/Developer/Library/Frameworks -filelist /Users/rioallen/Library/Developer/Xcode/DerivedData/TradeFly-cjeitwgqikminlegqmjwowkwbezn/Build/Intermediates.noindex/swift-crypto.build/Debug-iphonesimulator/Crypto.build/Objects-normal/arm64/Crypto.LinkFileList -nostdlib -Xlinker -object_path_lto -Xlinker /Users/rioallen/Library/Developer/Xcode/DerivedData/TradeFly-cjeitwgqikminlegqmjwowkwbezn/Build/Intermediates.noindex/swift-crypto.build/Debug-iphonesimulator/Crypto.build/Objects-normal/arm64/Crypto_lto.o -rdynamic -Xlinker -no_deduplicate -Xlinker -objc_abi_version -Xlinker 2 -Xlinker -dependency_info -Xlinker /Users/rioallen/Library/Developer/Xcode/DerivedData/TradeFly-cjeitwgqikminlegqmjwowkwbezn/Build/Intermediates.noindex/swift-crypto.build/Debug-iphonesimulator/Crypto.build/Objects-normal/arm64/Crypto_dependency_info.dat -fobjc-link-runtime -L/Applications/Xcode.app/Contents/Developer/Toolchains/XcodeDefault.xctoolchain/usr/lib/swift/iphonesimulator -L/usr/lib/swift -Xlinker -add_ast_path -Xlinker /Users/rioallen/Library/Developer/Xcode/DerivedData/TradeFly-cjeitwgqikminlegqmjwowkwbezn/Build/Intermediates.noindex/swift-crypto.build/Debug-iphonesimulator/Crypto.build/Objects-normal/arm64/Crypto.swiftmodule @/Users/rioallen/Library/Developer/Xcode/DerivedData/TradeFly-cjeitwgqikminlegqmjwowkwbezn/Build/Intermediates.noindex/swift-crypto.build/Debug-iphonesimulator/Crypto.build/Objects-normal/arm64/Crypto-linker-args.resp -o /Users/rioallen/Library/Developer/Xcode/DerivedData/TradeFly-cjeitwgqikminlegqmjwowkwbezn/Build/Products/Debug-iphonesimulator/Crypto.o

SwiftDriverJobDiscovery normal arm64 Compiling AsyncThrowingStream.swift (in target 'ConcurrencyExtras' from project 'swift-concurrency-extras')

ExtractAppIntentsMetadata (in target 'Crypto' from project 'swift-crypto')
    cd /Users/rioallen/Library/Developer/Xcode/DerivedData/TradeFly-cjeitwgqikminlegqmjwowkwbezn/SourcePackages/checkouts/swift-crypto
    /Applications/Xcode.app/Contents/Developer/Toolchains/XcodeDefault.xctoolchain/usr/bin/appintentsmetadataprocessor --toolchain-dir /Applications/Xcode.app/Contents/Developer/Toolchains/XcodeDefault.xctoolchain --module-name Crypto --sdk-root /Applications/Xcode.app/Contents/Developer/Platforms/iPhoneSimulator.platform/Developer/SDKs/iPhoneSimulator26.1.sdk --xcode-version 17B100 --platform-family iOS --deployment-target 12.0 --bundle-identifier swift-crypto.Crypto --output /Users/rioallen/Library/Developer/Xcode/DerivedData/TradeFly-cjeitwgqikminlegqmjwowkwbezn/Build/Products/Debug-iphonesimulator/Crypto.appintents --target-triple arm64-apple-ios12.0-simulator --binary-file /Users/rioallen/Library/Developer/Xcode/DerivedData/TradeFly-cjeitwgqikminlegqmjwowkwbezn/Build/Products/Debug-iphonesimulator/Crypto.o --dependency-file /Users/rioallen/Library/Developer/Xcode/DerivedData/TradeFly-cjeitwgqikminlegqmjwowkwbezn/Build/Intermediates.noindex/swift-crypto.build/Debug-iphonesimulator/Crypto.build/Objects-normal/arm64/Crypto_dependency_info.dat --stringsdata-file /Users/rioallen/Library/Developer/Xcode/DerivedData/TradeFly-cjeitwgqikminlegqmjwowkwbezn/Build/Intermediates.noindex/swift-crypto.build/Debug-iphonesimulator/Crypto.build/Objects-normal/arm64/ExtractedAppShortcutsMetadata.stringsdata --source-file-list /Users/rioallen/Library/Developer/Xcode/DerivedData/TradeFly-cjeitwgqikminlegqmjwowkwbezn/Build/Intermediates.noindex/swift-crypto.build/Debug-iphonesimulator/Crypto.build/Objects-normal/arm64/Crypto.SwiftFileList --metadata-file-list /Users/rioallen/Library/Developer/Xcode/DerivedData/TradeFly-cjeitwgqikminlegqmjwowkwbezn/Build/Intermediates.noindex/swift-crypto.build/Debug-iphonesimulator/Crypto.build/Crypto.DependencyMetadataFileList --static-metadata-file-list /Users/rioallen/Library/Developer/Xcode/DerivedData/TradeFly-cjeitwgqikminlegqmjwowkwbezn/Build/Intermediates.noindex/swift-crypto.build/Debug-iphonesimulator/Crypto.build/Crypto.DependencyStaticMetadataFileList --swift-const-vals-list /Users/rioallen/Library/Developer/Xcode/DerivedData/TradeFly-cjeitwgqikminlegqmjwowkwbezn/Build/Intermediates.noindex/swift-crypto.build/Debug-iphonesimulator/Crypto.build/Objects-normal/arm64/Crypto.SwiftConstValuesFileList --force --compile-time-extraction --deployment-aware-processing --validate-assistant-intents --no-app-shortcuts-localization
2025-12-04 00:32:53.636 appintentsmetadataprocessor[44968:7891239] Starting appintentsmetadataprocessor export
2025-12-04 00:32:53.739 appintentsmetadataprocessor[44968:7891239] Extracted no relevant App Intents symbols, skipping writing output

SwiftDriverJobDiscovery normal arm64 Compiling SwiftTesting.swift, UncheckedSendable.swift (in target 'IssueReporting' from project 'xctest-dynamic-overlay')

SwiftDriver\ Compilation IssueReporting normal arm64 com.apple.xcode.tools.swift.compiler (in target 'IssueReporting' from project 'xctest-dynamic-overlay')
    cd /Users/rioallen/Documents/DropFly-OS-App-Builder/DropFly-PROJECTS/TradeFly-iOS/TradeFly.xcodeproj
    builtin-Swift-Compilation -- /Applications/Xcode.app/Contents/Developer/Toolchains/XcodeDefault.xctoolchain/usr/bin/swiftc -module-name IssueReporting -Onone -enforce-exclusivity\=checked @/Users/rioallen/Library/Developer/Xcode/DerivedData/TradeFly-cjeitwgqikminlegqmjwowkwbezn/Build/Intermediates.noindex/xctest-dynamic-overlay.build/Debug-iphonesimulator/IssueReporting.build/Objects-normal/arm64/IssueReporting.SwiftFileList -DSWIFT_PACKAGE -DDEBUG -DSWIFT_MODULE_RESOURCE_BUNDLE_UNAVAILABLE -DXcode -plugin-path /Applications/Xcode.app/Contents/Developer/Toolchains/XcodeDefault.xctoolchain/usr/lib/swift/host/plugins/testing -enable-experimental-feature DebugDescriptionMacro -sdk /Applications/Xcode.app/Contents/Developer/Platforms/iPhoneSimulator.platform/Developer/SDKs/iPhoneSimulator26.1.sdk -target arm64-apple-ios13.0-simulator -g -module-cache-path /Users/rioallen/Library/Developer/Xcode/DerivedData/ModuleCache.noindex -Xfrontend -serialize-debugging-options -enable-testing -suppress-warnings -index-store-path /Users/rioallen/Library/Developer/Xcode/DerivedData/TradeFly-cjeitwgqikminlegqmjwowkwbezn/Index.noindex/DataStore -Xcc -D_LIBCPP_HARDENING_MODE\=_LIBCPP_HARDENING_MODE_DEBUG -swift-version 6 -I /Users/rioallen/Library/Developer/Xcode/DerivedData/TradeFly-cjeitwgqikminlegqmjwowkwbezn/Build/Products/Debug-iphonesimulator -Isystem /Applications/Xcode.app/Contents/Developer/Platforms/iPhoneSimulator.platform/Developer/usr/lib -F /Users/rioallen/Library/Developer/Xcode/DerivedData/TradeFly-cjeitwgqikminlegqmjwowkwbezn/Build/Products/Debug-iphonesimulator/PackageFrameworks -F /Users/rioallen/Library/Developer/Xcode/DerivedData/TradeFly-cjeitwgqikminlegqmjwowkwbezn/Build/Products/Debug-iphonesimulator -F /Applications/Xcode.app/Contents/Developer/Platforms/iPhoneSimulator.platform/Developer/Library/Frameworks -F /Applications/Xcode.app/Contents/Developer/Platforms/iPhoneSimulator.platform/Developer/SDKs/iPhoneSimulator26.1.sdk/Developer/Library/Frameworks -c -j16 -enable-batch-mode -incremental -Xcc -ivfsstatcache -Xcc /Users/rioallen/Library/Developer/Xcode/DerivedData/SDKStatCaches.noindex/iphonesimulator26.1-23B77-90cf18a4295e390e64c810bc6bd7acbc.sdkstatcache -output-file-map /Users/rioallen/Library/Developer/Xcode/DerivedData/TradeFly-cjeitwgqikminlegqmjwowkwbezn/Build/Intermediates.noindex/xctest-dynamic-overlay.build/Debug-iphonesimulator/IssueReporting.build/Objects-normal/arm64/IssueReporting-OutputFileMap.json -use-frontend-parseable-output -save-temps -no-color-diagnostics -explicit-module-build -module-cache-path /Users/rioallen/Library/Developer/Xcode/DerivedData/TradeFly-cjeitwgqikminlegqmjwowkwbezn/Build/Intermediates.noindex/SwiftExplicitPrecompiledModules -clang-scanner-module-cache-path /Users/rioallen/Library/Developer/Xcode/DerivedData/ModuleCache.noindex -sdk-module-cache-path /Users/rioallen/Library/Developer/Xcode/DerivedData/ModuleCache.noindex -serialize-diagnostics -emit-dependencies -emit-module -emit-module-path /Users/rioallen/Library/Developer/Xcode/DerivedData/TradeFly-cjeitwgqikminlegqmjwowkwbezn/Build/Intermediates.noindex/xctest-dynamic-overlay.build/Debug-iphonesimulator/IssueReporting.build/Objects-normal/arm64/IssueReporting.swiftmodule -user-module-version 1.7.0 -validate-clang-modules-once -clang-build-session-file /Users/rioallen/Library/Developer/Xcode/DerivedData/ModuleCache.noindex/Session.modulevalidation -package-name xctest_dynamic_overlay -Xcc -I/Users/rioallen/Library/Developer/Xcode/DerivedData/TradeFly-cjeitwgqikminlegqmjwowkwbezn/Build/Intermediates.noindex/xctest-dynamic-overlay.build/Debug-iphonesimulator/IssueReporting.build/swift-overrides.hmap -emit-const-values -Xfrontend -const-gather-protocols-file -Xfrontend /Users/rioallen/Library/Developer/Xcode/DerivedData/TradeFly-cjeitwgqikminlegqmjwowkwbezn/Build/Intermediates.noindex/xctest-dynamic-overlay.build/Debug-iphonesimulator/IssueReporting.build/Objects-normal/arm64/IssueReporting_const_extract_protocols.json -Xcc -I/Users/rioallen/Library/Developer/Xcode/DerivedData/TradeFly-cjeitwgqikminlegqmjwowkwbezn/Build/Products/Debug-iphonesimulator/include -Xcc -I/Users/rioallen/Library/Developer/Xcode/DerivedData/TradeFly-cjeitwgqikminlegqmjwowkwbezn/Build/Intermediates.noindex/xctest-dynamic-overlay.build/Debug-iphonesimulator/IssueReporting.build/DerivedSources-normal/arm64 -Xcc -I/Users/rioallen/Library/Developer/Xcode/DerivedData/TradeFly-cjeitwgqikminlegqmjwowkwbezn/Build/Intermediates.noindex/xctest-dynamic-overlay.build/Debug-iphonesimulator/IssueReporting.build/DerivedSources/arm64 -Xcc -I/Users/rioallen/Library/Developer/Xcode/DerivedData/TradeFly-cjeitwgqikminlegqmjwowkwbezn/Build/Intermediates.noindex/xctest-dynamic-overlay.build/Debug-iphonesimulator/IssueReporting.build/DerivedSources -Xcc -DSWIFT_PACKAGE -Xcc -DDEBUG\=1 -emit-objc-header -emit-objc-header-path /Users/rioallen/Library/Developer/Xcode/DerivedData/TradeFly-cjeitwgqikminlegqmjwowkwbezn/Build/Intermediates.noindex/xctest-dynamic-overlay.build/Debug-iphonesimulator/IssueReporting.build/Objects-normal/arm64/IssueReporting-Swift.h -working-directory /Users/rioallen/Documents/DropFly-OS-App-Builder/DropFly-PROJECTS/TradeFly-iOS/TradeFly.xcodeproj -experimental-emit-module-separately -disable-cmo

Ld /Users/rioallen/Library/Developer/Xcode/DerivedData/TradeFly-cjeitwgqikminlegqmjwowkwbezn/Build/Products/Debug-iphonesimulator/IssueReporting.o normal (in target 'IssueReporting' from project 'xctest-dynamic-overlay')
    cd /Users/rioallen/Library/Developer/Xcode/DerivedData/TradeFly-cjeitwgqikminlegqmjwowkwbezn/SourcePackages/checkouts/xctest-dynamic-overlay
    /Applications/Xcode.app/Contents/Developer/Toolchains/XcodeDefault.xctoolchain/usr/bin/clang -Xlinker -reproducible -target arm64-apple-ios13.0-simulator -r -isysroot /Applications/Xcode.app/Contents/Developer/Platforms/iPhoneSimulator.platform/Developer/SDKs/iPhoneSimulator26.1.sdk -O0 -w -L/Users/rioallen/Library/Developer/Xcode/DerivedData/TradeFly-cjeitwgqikminlegqmjwowkwbezn/Build/Intermediates.noindex/EagerLinkingTBDs/Debug-iphonesimulator -L/Users/rioallen/Library/Developer/Xcode/DerivedData/TradeFly-cjeitwgqikminlegqmjwowkwbezn/Build/Products/Debug-iphonesimulator -L/Applications/Xcode.app/Contents/Developer/Platforms/iPhoneSimulator.platform/Developer/usr/lib -F/Users/rioallen/Library/Developer/Xcode/DerivedData/TradeFly-cjeitwgqikminlegqmjwowkwbezn/Build/Intermediates.noindex/EagerLinkingTBDs/Debug-iphonesimulator -F/Users/rioallen/Library/Developer/Xcode/DerivedData/TradeFly-cjeitwgqikminlegqmjwowkwbezn/Build/Products/Debug-iphonesimulator/PackageFrameworks -F/Users/rioallen/Library/Developer/Xcode/DerivedData/TradeFly-cjeitwgqikminlegqmjwowkwbezn/Build/Products/Debug-iphonesimulator -iframework /Applications/Xcode.app/Contents/Developer/Platforms/iPhoneSimulator.platform/Developer/Library/Frameworks -iframework /Applications/Xcode.app/Contents/Developer/Platforms/iPhoneSimulator.platform/Developer/SDKs/iPhoneSimulator26.1.sdk/Developer/Library/Frameworks -filelist /Users/rioallen/Library/Developer/Xcode/DerivedData/TradeFly-cjeitwgqikminlegqmjwowkwbezn/Build/Intermediates.noindex/xctest-dynamic-overlay.build/Debug-iphonesimulator/IssueReporting.build/Objects-normal/arm64/IssueReporting.LinkFileList -nostdlib -Xlinker -object_path_lto -Xlinker /Users/rioallen/Library/Developer/Xcode/DerivedData/TradeFly-cjeitwgqikminlegqmjwowkwbezn/Build/Intermediates.noindex/xctest-dynamic-overlay.build/Debug-iphonesimulator/IssueReporting.build/Objects-normal/arm64/IssueReporting_lto.o -rdynamic -Xlinker -no_deduplicate -Xlinker -objc_abi_version -Xlinker 2 -Xlinker -dependency_info -Xlinker /Users/rioallen/Library/Developer/Xcode/DerivedData/TradeFly-cjeitwgqikminlegqmjwowkwbezn/Build/Intermediates.noindex/xctest-dynamic-overlay.build/Debug-iphonesimulator/IssueReporting.build/Objects-normal/arm64/IssueReporting_dependency_info.dat -fobjc-link-runtime -L/Applications/Xcode.app/Contents/Developer/Toolchains/XcodeDefault.xctoolchain/usr/lib/swift/iphonesimulator -L/usr/lib/swift -Xlinker -add_ast_path -Xlinker /Users/rioallen/Library/Developer/Xcode/DerivedData/TradeFly-cjeitwgqikminlegqmjwowkwbezn/Build/Intermediates.noindex/xctest-dynamic-overlay.build/Debug-iphonesimulator/IssueReporting.build/Objects-normal/arm64/IssueReporting.swiftmodule @/Users/rioallen/Library/Developer/Xcode/DerivedData/TradeFly-cjeitwgqikminlegqmjwowkwbezn/Build/Intermediates.noindex/xctest-dynamic-overlay.build/Debug-iphonesimulator/IssueReporting.build/Objects-normal/arm64/IssueReporting-linker-args.resp -o /Users/rioallen/Library/Developer/Xcode/DerivedData/TradeFly-cjeitwgqikminlegqmjwowkwbezn/Build/Products/Debug-iphonesimulator/IssueReporting.o

SwiftDriverJobDiscovery normal arm64 Compiling Task.swift (in target 'ConcurrencyExtras' from project 'swift-concurrency-extras')

SwiftDriver\ Compilation ConcurrencyExtras normal arm64 com.apple.xcode.tools.swift.compiler (in target 'ConcurrencyExtras' from project 'swift-concurrency-extras')
    cd /Users/rioallen/Documents/DropFly-OS-App-Builder/DropFly-PROJECTS/TradeFly-iOS/TradeFly.xcodeproj
    builtin-Swift-Compilation -- /Applications/Xcode.app/Contents/Developer/Toolchains/XcodeDefault.xctoolchain/usr/bin/swiftc -module-name ConcurrencyExtras -Onone -enforce-exclusivity\=checked @/Users/rioallen/Library/Developer/Xcode/DerivedData/TradeFly-cjeitwgqikminlegqmjwowkwbezn/Build/Intermediates.noindex/swift-concurrency-extras.build/Debug-iphonesimulator/ConcurrencyExtras.build/Objects-normal/arm64/ConcurrencyExtras.SwiftFileList -DSWIFT_PACKAGE -DDEBUG -DSWIFT_MODULE_RESOURCE_BUNDLE_UNAVAILABLE -DXcode -plugin-path /Applications/Xcode.app/Contents/Developer/Toolchains/XcodeDefault.xctoolchain/usr/lib/swift/host/plugins/testing -enable-experimental-feature DebugDescriptionMacro -sdk /Applications/Xcode.app/Contents/Developer/Platforms/iPhoneSimulator.platform/Developer/SDKs/iPhoneSimulator26.1.sdk -target arm64-apple-ios13.0-simulator -g -module-cache-path /Users/rioallen/Library/Developer/Xcode/DerivedData/ModuleCache.noindex -Xfrontend -serialize-debugging-options -enable-testing -suppress-warnings -index-store-path /Users/rioallen/Library/Developer/Xcode/DerivedData/TradeFly-cjeitwgqikminlegqmjwowkwbezn/Index.noindex/DataStore -Xcc -D_LIBCPP_HARDENING_MODE\=_LIBCPP_HARDENING_MODE_DEBUG -swift-version 6 -I /Users/rioallen/Library/Developer/Xcode/DerivedData/TradeFly-cjeitwgqikminlegqmjwowkwbezn/Build/Products/Debug-iphonesimulator -Isystem /Applications/Xcode.app/Contents/Developer/Platforms/iPhoneSimulator.platform/Developer/usr/lib -F /Users/rioallen/Library/Developer/Xcode/DerivedData/TradeFly-cjeitwgqikminlegqmjwowkwbezn/Build/Products/Debug-iphonesimulator -F /Applications/Xcode.app/Contents/Developer/Platforms/iPhoneSimulator.platform/Developer/Library/Frameworks -F /Applications/Xcode.app/Contents/Developer/Platforms/iPhoneSimulator.platform/Developer/SDKs/iPhoneSimulator26.1.sdk/Developer/Library/Frameworks -c -j16 -enable-batch-mode -incremental -Xcc -ivfsstatcache -Xcc /Users/rioallen/Library/Developer/Xcode/DerivedData/SDKStatCaches.noindex/iphonesimulator26.1-23B77-90cf18a4295e390e64c810bc6bd7acbc.sdkstatcache -output-file-map /Users/rioallen/Library/Developer/Xcode/DerivedData/TradeFly-cjeitwgqikminlegqmjwowkwbezn/Build/Intermediates.noindex/swift-concurrency-extras.build/Debug-iphonesimulator/ConcurrencyExtras.build/Objects-normal/arm64/ConcurrencyExtras-OutputFileMap.json -use-frontend-parseable-output -save-temps -no-color-diagnostics -explicit-module-build -module-cache-path /Users/rioallen/Library/Developer/Xcode/DerivedData/TradeFly-cjeitwgqikminlegqmjwowkwbezn/Build/Intermediates.noindex/SwiftExplicitPrecompiledModules -clang-scanner-module-cache-path /Users/rioallen/Library/Developer/Xcode/DerivedData/ModuleCache.noindex -sdk-module-cache-path /Users/rioallen/Library/Developer/Xcode/DerivedData/ModuleCache.noindex -serialize-diagnostics -emit-dependencies -emit-module -emit-module-path /Users/rioallen/Library/Developer/Xcode/DerivedData/TradeFly-cjeitwgqikminlegqmjwowkwbezn/Build/Intermediates.noindex/swift-concurrency-extras.build/Debug-iphonesimulator/ConcurrencyExtras.build/Objects-normal/arm64/ConcurrencyExtras.swiftmodule -user-module-version 1.3.2 -validate-clang-modules-once -clang-build-session-file /Users/rioallen/Library/Developer/Xcode/DerivedData/ModuleCache.noindex/Session.modulevalidation -package-name swift_concurrency_extras -Xcc -I/Users/rioallen/Library/Developer/Xcode/DerivedData/TradeFly-cjeitwgqikminlegqmjwowkwbezn/Build/Intermediates.noindex/swift-concurrency-extras.build/Debug-iphonesimulator/ConcurrencyExtras.build/swift-overrides.hmap -emit-const-values -Xfrontend -const-gather-protocols-file -Xfrontend /Users/rioallen/Library/Developer/Xcode/DerivedData/TradeFly-cjeitwgqikminlegqmjwowkwbezn/Build/Intermediates.noindex/swift-concurrency-extras.build/Debug-iphonesimulator/ConcurrencyExtras.build/Objects-normal/arm64/ConcurrencyExtras_const_extract_protocols.json -Xcc -I/Users/rioallen/Library/Developer/Xcode/DerivedData/TradeFly-cjeitwgqikminlegqmjwowkwbezn/Build/Products/Debug-iphonesimulator/include -Xcc -I/Users/rioallen/Library/Developer/Xcode/DerivedData/TradeFly-cjeitwgqikminlegqmjwowkwbezn/Build/Intermediates.noindex/swift-concurrency-extras.build/Debug-iphonesimulator/ConcurrencyExtras.build/DerivedSources-normal/arm64 -Xcc -I/Users/rioallen/Library/Developer/Xcode/DerivedData/TradeFly-cjeitwgqikminlegqmjwowkwbezn/Build/Intermediates.noindex/swift-concurrency-extras.build/Debug-iphonesimulator/ConcurrencyExtras.build/DerivedSources/arm64 -Xcc -I/Users/rioallen/Library/Developer/Xcode/DerivedData/TradeFly-cjeitwgqikminlegqmjwowkwbezn/Build/Intermediates.noindex/swift-concurrency-extras.build/Debug-iphonesimulator/ConcurrencyExtras.build/DerivedSources -Xcc -DSWIFT_PACKAGE -Xcc -DDEBUG\=1 -emit-objc-header -emit-objc-header-path /Users/rioallen/Library/Developer/Xcode/DerivedData/TradeFly-cjeitwgqikminlegqmjwowkwbezn/Build/Intermediates.noindex/swift-concurrency-extras.build/Debug-iphonesimulator/ConcurrencyExtras.build/Objects-normal/arm64/ConcurrencyExtras-Swift.h -working-directory /Users/rioallen/Documents/DropFly-OS-App-Builder/DropFly-PROJECTS/TradeFly-iOS/TradeFly.xcodeproj -experimental-emit-module-separately -disable-cmo

Ld /Users/rioallen/Library/Developer/Xcode/DerivedData/TradeFly-cjeitwgqikminlegqmjwowkwbezn/Build/Products/Debug-iphonesimulator/ConcurrencyExtras.o normal (in target 'ConcurrencyExtras' from project 'swift-concurrency-extras')
    cd /Users/rioallen/Library/Developer/Xcode/DerivedData/TradeFly-cjeitwgqikminlegqmjwowkwbezn/SourcePackages/checkouts/swift-concurrency-extras
    /Applications/Xcode.app/Contents/Developer/Toolchains/XcodeDefault.xctoolchain/usr/bin/clang -Xlinker -reproducible -target arm64-apple-ios13.0-simulator -r -isysroot /Applications/Xcode.app/Contents/Developer/Platforms/iPhoneSimulator.platform/Developer/SDKs/iPhoneSimulator26.1.sdk -O0 -w -L/Users/rioallen/Library/Developer/Xcode/DerivedData/TradeFly-cjeitwgqikminlegqmjwowkwbezn/Build/Intermediates.noindex/EagerLinkingTBDs/Debug-iphonesimulator -L/Users/rioallen/Library/Developer/Xcode/DerivedData/TradeFly-cjeitwgqikminlegqmjwowkwbezn/Build/Products/Debug-iphonesimulator -L/Applications/Xcode.app/Contents/Developer/Platforms/iPhoneSimulator.platform/Developer/usr/lib -F/Users/rioallen/Library/Developer/Xcode/DerivedData/TradeFly-cjeitwgqikminlegqmjwowkwbezn/Build/Intermediates.noindex/EagerLinkingTBDs/Debug-iphonesimulator -F/Users/rioallen/Library/Developer/Xcode/DerivedData/TradeFly-cjeitwgqikminlegqmjwowkwbezn/Build/Products/Debug-iphonesimulator -iframework /Applications/Xcode.app/Contents/Developer/Platforms/iPhoneSimulator.platform/Developer/Library/Frameworks -iframework /Applications/Xcode.app/Contents/Developer/Platforms/iPhoneSimulator.platform/Developer/SDKs/iPhoneSimulator26.1.sdk/Developer/Library/Frameworks -filelist /Users/rioallen/Library/Developer/Xcode/DerivedData/TradeFly-cjeitwgqikminlegqmjwowkwbezn/Build/Intermediates.noindex/swift-concurrency-extras.build/Debug-iphonesimulator/ConcurrencyExtras.build/Objects-normal/arm64/ConcurrencyExtras.LinkFileList -nostdlib -Xlinker -object_path_lto -Xlinker /Users/rioallen/Library/Developer/Xcode/DerivedData/TradeFly-cjeitwgqikminlegqmjwowkwbezn/Build/Intermediates.noindex/swift-concurrency-extras.build/Debug-iphonesimulator/ConcurrencyExtras.build/Objects-normal/arm64/ConcurrencyExtras_lto.o -rdynamic -Xlinker -no_deduplicate -Xlinker -objc_abi_version -Xlinker 2 -Xlinker -dependency_info -Xlinker /Users/rioallen/Library/Developer/Xcode/DerivedData/TradeFly-cjeitwgqikminlegqmjwowkwbezn/Build/Intermediates.noindex/swift-concurrency-extras.build/Debug-iphonesimulator/ConcurrencyExtras.build/Objects-normal/arm64/ConcurrencyExtras_dependency_info.dat -fobjc-link-runtime -L/Applications/Xcode.app/Contents/Developer/Toolchains/XcodeDefault.xctoolchain/usr/lib/swift/iphonesimulator -L/usr/lib/swift -Xlinker -add_ast_path -Xlinker /Users/rioallen/Library/Developer/Xcode/DerivedData/TradeFly-cjeitwgqikminlegqmjwowkwbezn/Build/Intermediates.noindex/swift-concurrency-extras.build/Debug-iphonesimulator/ConcurrencyExtras.build/Objects-normal/arm64/ConcurrencyExtras.swiftmodule @/Users/rioallen/Library/Developer/Xcode/DerivedData/TradeFly-cjeitwgqikminlegqmjwowkwbezn/Build/Intermediates.noindex/swift-concurrency-extras.build/Debug-iphonesimulator/ConcurrencyExtras.build/Objects-normal/arm64/ConcurrencyExtras-linker-args.resp -o /Users/rioallen/Library/Developer/Xcode/DerivedData/TradeFly-cjeitwgqikminlegqmjwowkwbezn/Build/Products/Debug-iphonesimulator/ConcurrencyExtras.o

SwiftCompile normal arm64 Compiling\ Exports.swift /Users/rioallen/Library/Developer/Xcode/DerivedData/TradeFly-cjeitwgqikminlegqmjwowkwbezn/SourcePackages/checkouts/xctest-dynamic-overlay/Sources/XCTestDynamicOverlay/Internal/Exports.swift (in target 'XCTestDynamicOverlay' from project 'xctest-dynamic-overlay')

SwiftCompile normal arm64 /Users/rioallen/Library/Developer/Xcode/DerivedData/TradeFly-cjeitwgqikminlegqmjwowkwbezn/SourcePackages/checkouts/xctest-dynamic-overlay/Sources/XCTestDynamicOverlay/Internal/Exports.swift (in target 'XCTestDynamicOverlay' from project 'xctest-dynamic-overlay')
    cd /Users/rioallen/Documents/DropFly-OS-App-Builder/DropFly-PROJECTS/TradeFly-iOS/TradeFly.xcodeproj
    

SwiftCompile normal arm64 Compiling\ Deprecations.swift /Users/rioallen/Library/Developer/Xcode/DerivedData/TradeFly-cjeitwgqikminlegqmjwowkwbezn/SourcePackages/checkouts/xctest-dynamic-overlay/Sources/XCTestDynamicOverlay/Internal/Deprecations.swift (in target 'XCTestDynamicOverlay' from project 'xctest-dynamic-overlay')
SwiftCompile normal arm64 /Users/rioallen/Library/Developer/Xcode/DerivedData/TradeFly-cjeitwgqikminlegqmjwowkwbezn/SourcePackages/checkouts/xctest-dynamic-overlay/Sources/XCTestDynamicOverlay/Internal/Deprecations.swift (in target 'XCTestDynamicOverlay' from project 'xctest-dynamic-overlay')
    cd /Users/rioallen/Documents/DropFly-OS-App-Builder/DropFly-PROJECTS/TradeFly-iOS/TradeFly.xcodeproj
    

SwiftEmitModule normal arm64 Emitting\ module\ for\ XCTestDynamicOverlay (in target 'XCTestDynamicOverlay' from project 'xctest-dynamic-overlay')

EmitSwiftModule normal arm64 (in target 'XCTestDynamicOverlay' from project 'xctest-dynamic-overlay')
    cd /Users/rioallen/Documents/DropFly-OS-App-Builder/DropFly-PROJECTS/TradeFly-iOS/TradeFly.xcodeproj
    

RegisterExecutionPolicyException /Users/rioallen/Library/Developer/Xcode/DerivedData/TradeFly-cjeitwgqikminlegqmjwowkwbezn/Build/Products/Debug-iphonesimulator/HTTPTypes.o (in target 'HTTPTypes' from project 'swift-http-types')
    cd /Users/rioallen/Library/Developer/Xcode/DerivedData/TradeFly-cjeitwgqikminlegqmjwowkwbezn/SourcePackages/checkouts/swift-http-types
    builtin-RegisterExecutionPolicyException /Users/rioallen/Library/Developer/Xcode/DerivedData/TradeFly-cjeitwgqikminlegqmjwowkwbezn/Build/Products/Debug-iphonesimulator/HTTPTypes.o

ExtractAppIntentsMetadata (in target 'IssueReporting' from project 'xctest-dynamic-overlay')
    cd /Users/rioallen/Library/Developer/Xcode/DerivedData/TradeFly-cjeitwgqikminlegqmjwowkwbezn/SourcePackages/checkouts/xctest-dynamic-overlay
    /Applications/Xcode.app/Contents/Developer/Toolchains/XcodeDefault.xctoolchain/usr/bin/appintentsmetadataprocessor --toolchain-dir /Applications/Xcode.app/Contents/Developer/Toolchains/XcodeDefault.xctoolchain --module-name IssueReporting --sdk-root /Applications/Xcode.app/Contents/Developer/Platforms/iPhoneSimulator.platform/Developer/SDKs/iPhoneSimulator26.1.sdk --xcode-version 17B100 --platform-family iOS --deployment-target 13.0 --bundle-identifier xctest-dynamic-overlay.IssueReporting --output /Users/rioallen/Library/Developer/Xcode/DerivedData/TradeFly-cjeitwgqikminlegqmjwowkwbezn/Build/Products/Debug-iphonesimulator/IssueReporting.appintents --target-triple arm64-apple-ios13.0-simulator --binary-file /Users/rioallen/Library/Developer/Xcode/DerivedData/TradeFly-cjeitwgqikminlegqmjwowkwbezn/Build/Products/Debug-iphonesimulator/IssueReporting.o --dependency-file /Users/rioallen/Library/Developer/Xcode/DerivedData/TradeFly-cjeitwgqikminlegqmjwowkwbezn/Build/Intermediates.noindex/xctest-dynamic-overlay.build/Debug-iphonesimulator/IssueReporting.build/Objects-normal/arm64/IssueReporting_dependency_info.dat --stringsdata-file /Users/rioallen/Library/Developer/Xcode/DerivedData/TradeFly-cjeitwgqikminlegqmjwowkwbezn/Build/Intermediates.noindex/xctest-dynamic-overlay.build/Debug-iphonesimulator/IssueReporting.build/Objects-normal/arm64/ExtractedAppShortcutsMetadata.stringsdata --source-file-list /Users/rioallen/Library/Developer/Xcode/DerivedData/TradeFly-cjeitwgqikminlegqmjwowkwbezn/Build/Intermediates.noindex/xctest-dynamic-overlay.build/Debug-iphonesimulator/IssueReporting.build/Objects-normal/arm64/IssueReporting.SwiftFileList --metadata-file-list /Users/rioallen/Library/Developer/Xcode/DerivedData/TradeFly-cjeitwgqikminlegqmjwowkwbezn/Build/Intermediates.noindex/xctest-dynamic-overlay.build/Debug-iphonesimulator/IssueReporting.build/IssueReporting.DependencyMetadataFileList --static-metadata-file-list /Users/rioallen/Library/Developer/Xcode/DerivedData/TradeFly-cjeitwgqikminlegqmjwowkwbezn/Build/Intermediates.noindex/xctest-dynamic-overlay.build/Debug-iphonesimulator/IssueReporting.build/IssueReporting.DependencyStaticMetadataFileList --swift-const-vals-list /Users/rioallen/Library/Developer/Xcode/DerivedData/TradeFly-cjeitwgqikminlegqmjwowkwbezn/Build/Intermediates.noindex/xctest-dynamic-overlay.build/Debug-iphonesimulator/IssueReporting.build/Objects-normal/arm64/IssueReporting.SwiftConstValuesFileList --force --compile-time-extraction --deployment-aware-processing --validate-assistant-intents --no-app-shortcuts-localization
2025-12-04 00:32:53.680 appintentsmetadataprocessor[44976:7891280] Starting appintentsmetadataprocessor export
2025-12-04 00:32:53.768 appintentsmetadataprocessor[44976:7891280] Extracted no relevant App Intents symbols, skipping writing output

ExtractAppIntentsMetadata (in target 'ConcurrencyExtras' from project 'swift-concurrency-extras')
    cd /Users/rioallen/Library/Developer/Xcode/DerivedData/TradeFly-cjeitwgqikminlegqmjwowkwbezn/SourcePackages/checkouts/swift-concurrency-extras
    /Applications/Xcode.app/Contents/Developer/Toolchains/XcodeDefault.xctoolchain/usr/bin/appintentsmetadataprocessor --toolchain-dir /Applications/Xcode.app/Contents/Developer/Toolchains/XcodeDefault.xctoolchain --module-name ConcurrencyExtras --sdk-root /Applications/Xcode.app/Contents/Developer/Platforms/iPhoneSimulator.platform/Developer/SDKs/iPhoneSimulator26.1.sdk --xcode-version 17B100 --platform-family iOS --deployment-target 13.0 --bundle-identifier swift-concurrency-extras.ConcurrencyExtras --output /Users/rioallen/Library/Developer/Xcode/DerivedData/TradeFly-cjeitwgqikminlegqmjwowkwbezn/Build/Products/Debug-iphonesimulator/ConcurrencyExtras.appintents --target-triple arm64-apple-ios13.0-simulator --binary-file /Users/rioallen/Library/Developer/Xcode/DerivedData/TradeFly-cjeitwgqikminlegqmjwowkwbezn/Build/Products/Debug-iphonesimulator/ConcurrencyExtras.o --dependency-file /Users/rioallen/Library/Developer/Xcode/DerivedData/TradeFly-cjeitwgqikminlegqmjwowkwbezn/Build/Intermediates.noindex/swift-concurrency-extras.build/Debug-iphonesimulator/ConcurrencyExtras.build/Objects-normal/arm64/ConcurrencyExtras_dependency_info.dat --stringsdata-file /Users/rioallen/Library/Developer/Xcode/DerivedData/TradeFly-cjeitwgqikminlegqmjwowkwbezn/Build/Intermediates.noindex/swift-concurrency-extras.build/Debug-iphonesimulator/ConcurrencyExtras.build/Objects-normal/arm64/ExtractedAppShortcutsMetadata.stringsdata --source-file-list /Users/rioallen/Library/Developer/Xcode/DerivedData/TradeFly-cjeitwgqikminlegqmjwowkwbezn/Build/Intermediates.noindex/swift-concurrency-extras.build/Debug-iphonesimulator/ConcurrencyExtras.build/Objects-normal/arm64/ConcurrencyExtras.SwiftFileList --metadata-file-list /Users/rioallen/Library/Developer/Xcode/DerivedData/TradeFly-cjeitwgqikminlegqmjwowkwbezn/Build/Intermediates.noindex/swift-concurrency-extras.build/Debug-iphonesimulator/ConcurrencyExtras.build/ConcurrencyExtras.DependencyMetadataFileList --static-metadata-file-list /Users/rioallen/Library/Developer/Xcode/DerivedData/TradeFly-cjeitwgqikminlegqmjwowkwbezn/Build/Intermediates.noindex/swift-concurrency-extras.build/Debug-iphonesimulator/ConcurrencyExtras.build/ConcurrencyExtras.DependencyStaticMetadataFileList --swift-const-vals-list /Users/rioallen/Library/Developer/Xcode/DerivedData/TradeFly-cjeitwgqikminlegqmjwowkwbezn/Build/Intermediates.noindex/swift-concurrency-extras.build/Debug-iphonesimulator/ConcurrencyExtras.build/Objects-normal/arm64/ConcurrencyExtras.SwiftConstValuesFileList --force --compile-time-extraction --deployment-aware-processing --validate-assistant-intents --no-app-shortcuts-localization
2025-12-04 00:32:53.687 appintentsmetadataprocessor[44977:7891300] Starting appintentsmetadataprocessor export
2025-12-04 00:32:53.771 appintentsmetadataprocessor[44977:7891300] Extracted no relevant App Intents symbols, skipping writing output

SwiftDriverJobDiscovery normal arm64 Compiling Exports.swift (in target 'XCTestDynamicOverlay' from project 'xctest-dynamic-overlay')

RegisterExecutionPolicyException /Users/rioallen/Library/Developer/Xcode/DerivedData/TradeFly-cjeitwgqikminlegqmjwowkwbezn/Build/Products/Debug-iphonesimulator/Crypto.o (in target 'Crypto' from project 'swift-crypto')
    cd /Users/rioallen/Library/Developer/Xcode/DerivedData/TradeFly-cjeitwgqikminlegqmjwowkwbezn/SourcePackages/checkouts/swift-crypto
    builtin-RegisterExecutionPolicyException /Users/rioallen/Library/Developer/Xcode/DerivedData/TradeFly-cjeitwgqikminlegqmjwowkwbezn/Build/Products/Debug-iphonesimulator/Crypto.o

SwiftCompile normal arm64 Compiling\ AnyClock.swift /Users/rioallen/Library/Developer/Xcode/DerivedData/TradeFly-cjeitwgqikminlegqmjwowkwbezn/SourcePackages/checkouts/swift-clocks/Sources/Clocks/AnyClock.swift (in target 'Clocks' from project 'swift-clocks')
SwiftCompile normal arm64 /Users/rioallen/Library/Developer/Xcode/DerivedData/TradeFly-cjeitwgqikminlegqmjwowkwbezn/SourcePackages/checkouts/swift-clocks/Sources/Clocks/AnyClock.swift (in target 'Clocks' from project 'swift-clocks')
    cd /Users/rioallen/Documents/DropFly-OS-App-Builder/DropFly-PROJECTS/TradeFly-iOS/TradeFly.xcodeproj
    

SwiftCompile normal arm64 Compiling\ ImmediateClock.swift /Users/rioallen/Library/Developer/Xcode/DerivedData/TradeFly-cjeitwgqikminlegqmjwowkwbezn/SourcePackages/checkouts/swift-clocks/Sources/Clocks/ImmediateClock.swift (in target 'Clocks' from project 'swift-clocks')
SwiftCompile normal arm64 /Users/rioallen/Library/Developer/Xcode/DerivedData/TradeFly-cjeitwgqikminlegqmjwowkwbezn/SourcePackages/checkouts/swift-clocks/Sources/Clocks/ImmediateClock.swift (in target 'Clocks' from project 'swift-clocks')
    cd /Users/rioallen/Documents/DropFly-OS-App-Builder/DropFly-PROJECTS/TradeFly-iOS/TradeFly.xcodeproj
    

SwiftCompile normal arm64 Compiling\ SwiftUI.swift /Users/rioallen/Library/Developer/Xcode/DerivedData/TradeFly-cjeitwgqikminlegqmjwowkwbezn/SourcePackages/checkouts/swift-clocks/Sources/Clocks/SwiftUI.swift (in target 'Clocks' from project 'swift-clocks')

SwiftCompile normal arm64 /Users/rioallen/Library/Developer/Xcode/DerivedData/TradeFly-cjeitwgqikminlegqmjwowkwbezn/SourcePackages/checkouts/swift-clocks/Sources/Clocks/SwiftUI.swift (in target 'Clocks' from project 'swift-clocks')
    cd /Users/rioallen/Documents/DropFly-OS-App-Builder/DropFly-PROJECTS/TradeFly-iOS/TradeFly.xcodeproj
    

SwiftCompile normal arm64 Compiling\ TestClock.swift /Users/rioallen/Library/Developer/Xcode/DerivedData/TradeFly-cjeitwgqikminlegqmjwowkwbezn/SourcePackages/checkouts/swift-clocks/Sources/Clocks/TestClock.swift (in target 'Clocks' from project 'swift-clocks')
SwiftCompile normal arm64 /Users/rioallen/Library/Developer/Xcode/DerivedData/TradeFly-cjeitwgqikminlegqmjwowkwbezn/SourcePackages/checkouts/swift-clocks/Sources/Clocks/TestClock.swift (in target 'Clocks' from project 'swift-clocks')
    cd /Users/rioallen/Documents/DropFly-OS-App-Builder/DropFly-PROJECTS/TradeFly-iOS/TradeFly.xcodeproj
    

SwiftCompile normal arm64 Compiling\ _AsyncTimerSequence.swift /Users/rioallen/Library/Developer/Xcode/DerivedData/TradeFly-cjeitwgqikminlegqmjwowkwbezn/SourcePackages/checkouts/swift-clocks/Sources/Clocks/Internal/_AsyncTimerSequence.swift (in target 'Clocks' from project 'swift-clocks')

SwiftCompile normal arm64 /Users/rioallen/Library/Developer/Xcode/DerivedData/TradeFly-cjeitwgqikminlegqmjwowkwbezn/SourcePackages/checkouts/swift-clocks/Sources/Clocks/Internal/_AsyncTimerSequence.swift (in target 'Clocks' from project 'swift-clocks')
    cd /Users/rioallen/Documents/DropFly-OS-App-Builder/DropFly-PROJECTS/TradeFly-iOS/TradeFly.xcodeproj
    

SwiftCompile normal arm64 Compiling\ UnimplementedClock.swift /Users/rioallen/Library/Developer/Xcode/DerivedData/TradeFly-cjeitwgqikminlegqmjwowkwbezn/SourcePackages/checkouts/swift-clocks/Sources/Clocks/UnimplementedClock.swift (in target 'Clocks' from project 'swift-clocks')

SwiftCompile normal arm64 /Users/rioallen/Library/Developer/Xcode/DerivedData/TradeFly-cjeitwgqikminlegqmjwowkwbezn/SourcePackages/checkouts/swift-clocks/Sources/Clocks/UnimplementedClock.swift (in target 'Clocks' from project 'swift-clocks')
    cd /Users/rioallen/Documents/DropFly-OS-App-Builder/DropFly-PROJECTS/TradeFly-iOS/TradeFly.xcodeproj
    

SwiftEmitModule normal arm64 Emitting\ module\ for\ Clocks (in target 'Clocks' from project 'swift-clocks')

EmitSwiftModule normal arm64 (in target 'Clocks' from project 'swift-clocks')
    cd /Users/rioallen/Documents/DropFly-OS-App-Builder/DropFly-PROJECTS/TradeFly-iOS/TradeFly.xcodeproj
    

SwiftCompile normal arm64 Compiling\ Timer.swift /Users/rioallen/Library/Developer/Xcode/DerivedData/TradeFly-cjeitwgqikminlegqmjwowkwbezn/SourcePackages/checkouts/swift-clocks/Sources/Clocks/Timer.swift (in target 'Clocks' from project 'swift-clocks')

SwiftCompile normal arm64 /Users/rioallen/Library/Developer/Xcode/DerivedData/TradeFly-cjeitwgqikminlegqmjwowkwbezn/SourcePackages/checkouts/swift-clocks/Sources/Clocks/Timer.swift (in target 'Clocks' from project 'swift-clocks')
    cd /Users/rioallen/Documents/DropFly-OS-App-Builder/DropFly-PROJECTS/TradeFly-iOS/TradeFly.xcodeproj
    

SwiftCompile normal arm64 Compiling\ Lock.swift /Users/rioallen/Library/Developer/Xcode/DerivedData/TradeFly-cjeitwgqikminlegqmjwowkwbezn/SourcePackages/checkouts/swift-clocks/Sources/Clocks/Internal/Lock.swift (in target 'Clocks' from project 'swift-clocks')

SwiftCompile normal arm64 /Users/rioallen/Library/Developer/Xcode/DerivedData/TradeFly-cjeitwgqikminlegqmjwowkwbezn/SourcePackages/checkouts/swift-clocks/Sources/Clocks/Internal/Lock.swift (in target 'Clocks' from project 'swift-clocks')
    cd /Users/rioallen/Documents/DropFly-OS-App-Builder/DropFly-PROJECTS/TradeFly-iOS/TradeFly.xcodeproj
    

RegisterExecutionPolicyException /Users/rioallen/Library/Developer/Xcode/DerivedData/TradeFly-cjeitwgqikminlegqmjwowkwbezn/Build/Products/Debug-iphonesimulator/IssueReporting.o (in target 'IssueReporting' from project 'xctest-dynamic-overlay')
    cd /Users/rioallen/Library/Developer/Xcode/DerivedData/TradeFly-cjeitwgqikminlegqmjwowkwbezn/SourcePackages/checkouts/xctest-dynamic-overlay
    builtin-RegisterExecutionPolicyException /Users/rioallen/Library/Developer/Xcode/DerivedData/TradeFly-cjeitwgqikminlegqmjwowkwbezn/Build/Products/Debug-iphonesimulator/IssueReporting.o

RegisterExecutionPolicyException /Users/rioallen/Library/Developer/Xcode/DerivedData/TradeFly-cjeitwgqikminlegqmjwowkwbezn/Build/Products/Debug-iphonesimulator/ConcurrencyExtras.o (in target 'ConcurrencyExtras' from project 'swift-concurrency-extras')
    cd /Users/rioallen/Library/Developer/Xcode/DerivedData/TradeFly-cjeitwgqikminlegqmjwowkwbezn/SourcePackages/checkouts/swift-concurrency-extras
    builtin-RegisterExecutionPolicyException /Users/rioallen/Library/Developer/Xcode/DerivedData/TradeFly-cjeitwgqikminlegqmjwowkwbezn/Build/Products/Debug-iphonesimulator/ConcurrencyExtras.o

SwiftDriverJobDiscovery normal arm64 Emitting module for XCTestDynamicOverlay (in target 'XCTestDynamicOverlay' from project 'xctest-dynamic-overlay')

SwiftDriver\ Compilation\ Requirements XCTestDynamicOverlay normal arm64 com.apple.xcode.tools.swift.compiler (in target 'XCTestDynamicOverlay' from project 'xctest-dynamic-overlay')
    cd /Users/rioallen/Documents/DropFly-OS-App-Builder/DropFly-PROJECTS/TradeFly-iOS/TradeFly.xcodeproj
    builtin-Swift-Compilation-Requirements -- /Applications/Xcode.app/Contents/Developer/Toolchains/XcodeDefault.xctoolchain/usr/bin/swiftc -module-name XCTestDynamicOverlay -Onone -enforce-exclusivity\=checked @/Users/rioallen/Library/Developer/Xcode/DerivedData/TradeFly-cjeitwgqikminlegqmjwowkwbezn/Build/Intermediates.noindex/xctest-dynamic-overlay.build/Debug-iphonesimulator/XCTestDynamicOverlay.build/Objects-normal/arm64/XCTestDynamicOverlay.SwiftFileList -DSWIFT_PACKAGE -DDEBUG -DSWIFT_MODULE_RESOURCE_BUNDLE_UNAVAILABLE -DXcode -plugin-path /Applications/Xcode.app/Contents/Developer/Toolchains/XcodeDefault.xctoolchain/usr/lib/swift/host/plugins/testing -enable-experimental-feature DebugDescriptionMacro -sdk /Applications/Xcode.app/Contents/Developer/Platforms/iPhoneSimulator.platform/Developer/SDKs/iPhoneSimulator26.1.sdk -target arm64-apple-ios13.0-simulator -g -module-cache-path /Users/rioallen/Library/Developer/Xcode/DerivedData/ModuleCache.noindex -Xfrontend -serialize-debugging-options -enable-testing -suppress-warnings -index-store-path /Users/rioallen/Library/Developer/Xcode/DerivedData/TradeFly-cjeitwgqikminlegqmjwowkwbezn/Index.noindex/DataStore -Xcc -D_LIBCPP_HARDENING_MODE\=_LIBCPP_HARDENING_MODE_DEBUG -swift-version 6 -I /Users/rioallen/Library/Developer/Xcode/DerivedData/TradeFly-cjeitwgqikminlegqmjwowkwbezn/Build/Products/Debug-iphonesimulator -Isystem /Applications/Xcode.app/Contents/Developer/Platforms/iPhoneSimulator.platform/Developer/usr/lib -F /Users/rioallen/Library/Developer/Xcode/DerivedData/TradeFly-cjeitwgqikminlegqmjwowkwbezn/Build/Products/Debug-iphonesimulator/PackageFrameworks -F /Users/rioallen/Library/Developer/Xcode/DerivedData/TradeFly-cjeitwgqikminlegqmjwowkwbezn/Build/Products/Debug-iphonesimulator/PackageFrameworks -F /Users/rioallen/Library/Developer/Xcode/DerivedData/TradeFly-cjeitwgqikminlegqmjwowkwbezn/Build/Products/Debug-iphonesimulator -F /Applications/Xcode.app/Contents/Developer/Platforms/iPhoneSimulator.platform/Developer/Library/Frameworks -F /Applications/Xcode.app/Contents/Developer/Platforms/iPhoneSimulator.platform/Developer/SDKs/iPhoneSimulator26.1.sdk/Developer/Library/Frameworks -c -j16 -enable-batch-mode -incremental -Xcc -ivfsstatcache -Xcc /Users/rioallen/Library/Developer/Xcode/DerivedData/SDKStatCaches.noindex/iphonesimulator26.1-23B77-90cf18a4295e390e64c810bc6bd7acbc.sdkstatcache -output-file-map /Users/rioallen/Library/Developer/Xcode/DerivedData/TradeFly-cjeitwgqikminlegqmjwowkwbezn/Build/Intermediates.noindex/xctest-dynamic-overlay.build/Debug-iphonesimulator/XCTestDynamicOverlay.build/Objects-normal/arm64/XCTestDynamicOverlay-OutputFileMap.json -use-frontend-parseable-output -save-temps -no-color-diagnostics -explicit-module-build -module-cache-path /Users/rioallen/Library/Developer/Xcode/DerivedData/TradeFly-cjeitwgqikminlegqmjwowkwbezn/Build/Intermediates.noindex/SwiftExplicitPrecompiledModules -clang-scanner-module-cache-path /Users/rioallen/Library/Developer/Xcode/DerivedData/ModuleCache.noindex -sdk-module-cache-path /Users/rioallen/Library/Developer/Xcode/DerivedData/ModuleCache.noindex -serialize-diagnostics -emit-dependencies -emit-module -emit-module-path /Users/rioallen/Library/Developer/Xcode/DerivedData/TradeFly-cjeitwgqikminlegqmjwowkwbezn/Build/Intermediates.noindex/xctest-dynamic-overlay.build/Debug-iphonesimulator/XCTestDynamicOverlay.build/Objects-normal/arm64/XCTestDynamicOverlay.swiftmodule -user-module-version 1.7.0 -validate-clang-modules-once -clang-build-session-file /Users/rioallen/Library/Developer/Xcode/DerivedData/ModuleCache.noindex/Session.modulevalidation -package-name xctest_dynamic_overlay -Xcc -I/Users/rioallen/Library/Developer/Xcode/DerivedData/TradeFly-cjeitwgqikminlegqmjwowkwbezn/Build/Intermediates.noindex/xctest-dynamic-overlay.build/Debug-iphonesimulator/XCTestDynamicOverlay.build/swift-overrides.hmap -emit-const-values -Xfrontend -const-gather-protocols-file -Xfrontend /Users/rioallen/Library/Developer/Xcode/DerivedData/TradeFly-cjeitwgqikminlegqmjwowkwbezn/Build/Intermediates.noindex/xctest-dynamic-overlay.build/Debug-iphonesimulator/XCTestDynamicOverlay.build/Objects-normal/arm64/XCTestDynamicOverlay_const_extract_protocols.json -Xcc -I/Users/rioallen/Library/Developer/Xcode/DerivedData/TradeFly-cjeitwgqikminlegqmjwowkwbezn/Build/Products/Debug-iphonesimulator/include -Xcc -I/Users/rioallen/Library/Developer/Xcode/DerivedData/TradeFly-cjeitwgqikminlegqmjwowkwbezn/Build/Intermediates.noindex/xctest-dynamic-overlay.build/Debug-iphonesimulator/XCTestDynamicOverlay.build/DerivedSources-normal/arm64 -Xcc -I/Users/rioallen/Library/Developer/Xcode/DerivedData/TradeFly-cjeitwgqikminlegqmjwowkwbezn/Build/Intermediates.noindex/xctest-dynamic-overlay.build/Debug-iphonesimulator/XCTestDynamicOverlay.build/DerivedSources/arm64 -Xcc -I/Users/rioallen/Library/Developer/Xcode/DerivedData/TradeFly-cjeitwgqikminlegqmjwowkwbezn/Build/Intermediates.noindex/xctest-dynamic-overlay.build/Debug-iphonesimulator/XCTestDynamicOverlay.build/DerivedSources -Xcc -DSWIFT_PACKAGE -Xcc -DDEBUG\=1 -emit-objc-header -emit-objc-header-path /Users/rioallen/Library/Developer/Xcode/DerivedData/TradeFly-cjeitwgqikminlegqmjwowkwbezn/Build/Intermediates.noindex/xctest-dynamic-overlay.build/Debug-iphonesimulator/XCTestDynamicOverlay.build/Objects-normal/arm64/XCTestDynamicOverlay-Swift.h -working-directory /Users/rioallen/Documents/DropFly-OS-App-Builder/DropFly-PROJECTS/TradeFly-iOS/TradeFly.xcodeproj -experimental-emit-module-separately -disable-cmo

SwiftMergeGeneratedHeaders /Users/rioallen/Library/Developer/Xcode/DerivedData/TradeFly-cjeitwgqikminlegqmjwowkwbezn/Build/Intermediates.noindex/GeneratedModuleMaps-iphonesimulator/XCTestDynamicOverlay-Swift.h /Users/rioallen/Library/Developer/Xcode/DerivedData/TradeFly-cjeitwgqikminlegqmjwowkwbezn/Build/Intermediates.noindex/xctest-dynamic-overlay.build/Debug-iphonesimulator/XCTestDynamicOverlay.build/Objects-normal/arm64/XCTestDynamicOverlay-Swift.h (in target 'XCTestDynamicOverlay' from project 'xctest-dynamic-overlay')
    cd /Users/rioallen/Library/Developer/Xcode/DerivedData/TradeFly-cjeitwgqikminlegqmjwowkwbezn/SourcePackages/checkouts/xctest-dynamic-overlay
    builtin-swiftHeaderTool -arch arm64 /Users/rioallen/Library/Developer/Xcode/DerivedData/TradeFly-cjeitwgqikminlegqmjwowkwbezn/Build/Intermediates.noindex/xctest-dynamic-overlay.build/Debug-iphonesimulator/XCTestDynamicOverlay.build/Objects-normal/arm64/XCTestDynamicOverlay-Swift.h -o /Users/rioallen/Library/Developer/Xcode/DerivedData/TradeFly-cjeitwgqikminlegqmjwowkwbezn/Build/Intermediates.noindex/GeneratedModuleMaps-iphonesimulator/XCTestDynamicOverlay-Swift.h

Copy /Users/rioallen/Library/Developer/Xcode/DerivedData/TradeFly-cjeitwgqikminlegqmjwowkwbezn/Build/Products/Debug-iphonesimulator/XCTestDynamicOverlay.swiftmodule/arm64-apple-ios-simulator.swiftmodule /Users/rioallen/Library/Developer/Xcode/DerivedData/TradeFly-cjeitwgqikminlegqmjwowkwbezn/Build/Intermediates.noindex/xctest-dynamic-overlay.build/Debug-iphonesimulator/XCTestDynamicOverlay.build/Objects-normal/arm64/XCTestDynamicOverlay.swiftmodule (in target 'XCTestDynamicOverlay' from project 'xctest-dynamic-overlay')
    cd /Users/rioallen/Library/Developer/Xcode/DerivedData/TradeFly-cjeitwgqikminlegqmjwowkwbezn/SourcePackages/checkouts/xctest-dynamic-overlay
    builtin-copy -exclude .DS_Store -exclude CVS -exclude .svn -exclude .git -exclude .hg -resolve-src-symlinks -rename /Users/rioallen/Library/Developer/Xcode/DerivedData/TradeFly-cjeitwgqikminlegqmjwowkwbezn/Build/Intermediates.noindex/xctest-dynamic-overlay.build/Debug-iphonesimulator/XCTestDynamicOverlay.build/Objects-normal/arm64/XCTestDynamicOverlay.swiftmodule /Users/rioallen/Library/Developer/Xcode/DerivedData/TradeFly-cjeitwgqikminlegqmjwowkwbezn/Build/Products/Debug-iphonesimulator/XCTestDynamicOverlay.swiftmodule/arm64-apple-ios-simulator.swiftmodule

Copy /Users/rioallen/Library/Developer/Xcode/DerivedData/TradeFly-cjeitwgqikminlegqmjwowkwbezn/Build/Products/Debug-iphonesimulator/XCTestDynamicOverlay.swiftmodule/arm64-apple-ios-simulator.swiftdoc /Users/rioallen/Library/Developer/Xcode/DerivedData/TradeFly-cjeitwgqikminlegqmjwowkwbezn/Build/Intermediates.noindex/xctest-dynamic-overlay.build/Debug-iphonesimulator/XCTestDynamicOverlay.build/Objects-normal/arm64/XCTestDynamicOverlay.swiftdoc (in target 'XCTestDynamicOverlay' from project 'xctest-dynamic-overlay')
    cd /Users/rioallen/Library/Developer/Xcode/DerivedData/TradeFly-cjeitwgqikminlegqmjwowkwbezn/SourcePackages/checkouts/xctest-dynamic-overlay
    builtin-copy -exclude .DS_Store -exclude CVS -exclude .svn -exclude .git -exclude .hg -resolve-src-symlinks -rename /Users/rioallen/Library/Developer/Xcode/DerivedData/TradeFly-cjeitwgqikminlegqmjwowkwbezn/Build/Intermediates.noindex/xctest-dynamic-overlay.build/Debug-iphonesimulator/XCTestDynamicOverlay.build/Objects-normal/arm64/XCTestDynamicOverlay.swiftdoc /Users/rioallen/Library/Developer/Xcode/DerivedData/TradeFly-cjeitwgqikminlegqmjwowkwbezn/Build/Products/Debug-iphonesimulator/XCTestDynamicOverlay.swiftmodule/arm64-apple-ios-simulator.swiftdoc

Copy /Users/rioallen/Library/Developer/Xcode/DerivedData/TradeFly-cjeitwgqikminlegqmjwowkwbezn/Build/Products/Debug-iphonesimulator/XCTestDynamicOverlay.swiftmodule/arm64-apple-ios-simulator.abi.json /Users/rioallen/Library/Developer/Xcode/DerivedData/TradeFly-cjeitwgqikminlegqmjwowkwbezn/Build/Intermediates.noindex/xctest-dynamic-overlay.build/Debug-iphonesimulator/XCTestDynamicOverlay.build/Objects-normal/arm64/XCTestDynamicOverlay.abi.json (in target 'XCTestDynamicOverlay' from project 'xctest-dynamic-overlay')
    cd /Users/rioallen/Library/Developer/Xcode/DerivedData/TradeFly-cjeitwgqikminlegqmjwowkwbezn/SourcePackages/checkouts/xctest-dynamic-overlay
    builtin-copy -exclude .DS_Store -exclude CVS -exclude .svn -exclude .git -exclude .hg -resolve-src-symlinks -rename /Users/rioallen/Library/Developer/Xcode/DerivedData/TradeFly-cjeitwgqikminlegqmjwowkwbezn/Build/Intermediates.noindex/xctest-dynamic-overlay.build/Debug-iphonesimulator/XCTestDynamicOverlay.build/Objects-normal/arm64/XCTestDynamicOverlay.abi.json /Users/rioallen/Library/Developer/Xcode/DerivedData/TradeFly-cjeitwgqikminlegqmjwowkwbezn/Build/Products/Debug-iphonesimulator/XCTestDynamicOverlay.swiftmodule/arm64-apple-ios-simulator.abi.json

Copy /Users/rioallen/Library/Developer/Xcode/DerivedData/TradeFly-cjeitwgqikminlegqmjwowkwbezn/Build/Products/Debug-iphonesimulator/XCTestDynamicOverlay.swiftmodule/Project/arm64-apple-ios-simulator.swiftsourceinfo /Users/rioallen/Library/Developer/Xcode/DerivedData/TradeFly-cjeitwgqikminlegqmjwowkwbezn/Build/Intermediates.noindex/xctest-dynamic-overlay.build/Debug-iphonesimulator/XCTestDynamicOverlay.build/Objects-normal/arm64/XCTestDynamicOverlay.swiftsourceinfo (in target 'XCTestDynamicOverlay' from project 'xctest-dynamic-overlay')
    cd /Users/rioallen/Library/Developer/Xcode/DerivedData/TradeFly-cjeitwgqikminlegqmjwowkwbezn/SourcePackages/checkouts/xctest-dynamic-overlay
    builtin-copy -exclude .DS_Store -exclude CVS -exclude .svn -exclude .git -exclude .hg -resolve-src-symlinks -rename /Users/rioallen/Library/Developer/Xcode/DerivedData/TradeFly-cjeitwgqikminlegqmjwowkwbezn/Build/Intermediates.noindex/xctest-dynamic-overlay.build/Debug-iphonesimulator/XCTestDynamicOverlay.build/Objects-normal/arm64/XCTestDynamicOverlay.swiftsourceinfo /Users/rioallen/Library/Developer/Xcode/DerivedData/TradeFly-cjeitwgqikminlegqmjwowkwbezn/Build/Products/Debug-iphonesimulator/XCTestDynamicOverlay.swiftmodule/Project/arm64-apple-ios-simulator.swiftsourceinfo

SwiftDriverJobDiscovery normal arm64 Compiling Lock.swift (in target 'Clocks' from project 'swift-clocks')

SwiftDriverJobDiscovery normal arm64 Compiling Timer.swift (in target 'Clocks' from project 'swift-clocks')

SwiftDriverJobDiscovery normal arm64 Compiling SwiftUI.swift (in target 'Clocks' from project 'swift-clocks')

SwiftDriverJobDiscovery normal arm64 Emitting module for Clocks (in target 'Clocks' from project 'swift-clocks')

SwiftDriver\ Compilation\ Requirements Clocks normal arm64 com.apple.xcode.tools.swift.compiler (in target 'Clocks' from project 'swift-clocks')
    cd /Users/rioallen/Documents/DropFly-OS-App-Builder/DropFly-PROJECTS/TradeFly-iOS/TradeFly.xcodeproj
    builtin-Swift-Compilation-Requirements -- /Applications/Xcode.app/Contents/Developer/Toolchains/XcodeDefault.xctoolchain/usr/bin/swiftc -module-name Clocks -Onone -enforce-exclusivity\=checked @/Users/rioallen/Library/Developer/Xcode/DerivedData/TradeFly-cjeitwgqikminlegqmjwowkwbezn/Build/Intermediates.noindex/swift-clocks.build/Debug-iphonesimulator/Clocks.build/Objects-normal/arm64/Clocks.SwiftFileList -DSWIFT_PACKAGE -DDEBUG -DSWIFT_MODULE_RESOURCE_BUNDLE_UNAVAILABLE -DXcode -plugin-path /Applications/Xcode.app/Contents/Developer/Toolchains/XcodeDefault.xctoolchain/usr/lib/swift/host/plugins/testing -enable-experimental-feature DebugDescriptionMacro -sdk /Applications/Xcode.app/Contents/Developer/Platforms/iPhoneSimulator.platform/Developer/SDKs/iPhoneSimulator26.1.sdk -target arm64-apple-ios13.0-simulator -g -module-cache-path /Users/rioallen/Library/Developer/Xcode/DerivedData/ModuleCache.noindex -Xfrontend -serialize-debugging-options -enable-testing -suppress-warnings -index-store-path /Users/rioallen/Library/Developer/Xcode/DerivedData/TradeFly-cjeitwgqikminlegqmjwowkwbezn/Index.noindex/DataStore -Xcc -D_LIBCPP_HARDENING_MODE\=_LIBCPP_HARDENING_MODE_DEBUG -swift-version 6 -I /Users/rioallen/Library/Developer/Xcode/DerivedData/TradeFly-cjeitwgqikminlegqmjwowkwbezn/Build/Products/Debug-iphonesimulator -Isystem /Applications/Xcode.app/Contents/Developer/Platforms/iPhoneSimulator.platform/Developer/usr/lib -F /Users/rioallen/Library/Developer/Xcode/DerivedData/TradeFly-cjeitwgqikminlegqmjwowkwbezn/Build/Products/Debug-iphonesimulator/PackageFrameworks -F /Users/rioallen/Library/Developer/Xcode/DerivedData/TradeFly-cjeitwgqikminlegqmjwowkwbezn/Build/Products/Debug-iphonesimulator/PackageFrameworks -F /Users/rioallen/Library/Developer/Xcode/DerivedData/TradeFly-cjeitwgqikminlegqmjwowkwbezn/Build/Products/Debug-iphonesimulator/PackageFrameworks -F /Users/rioallen/Library/Developer/Xcode/DerivedData/TradeFly-cjeitwgqikminlegqmjwowkwbezn/Build/Products/Debug-iphonesimulator -F /Applications/Xcode.app/Contents/Developer/Platforms/iPhoneSimulator.platform/Developer/Library/Frameworks -F /Applications/Xcode.app/Contents/Developer/Platforms/iPhoneSimulator.platform/Developer/SDKs/iPhoneSimulator26.1.sdk/Developer/Library/Frameworks -c -j16 -enable-batch-mode -incremental -Xcc -ivfsstatcache -Xcc /Users/rioallen/Library/Developer/Xcode/DerivedData/SDKStatCaches.noindex/iphonesimulator26.1-23B77-90cf18a4295e390e64c810bc6bd7acbc.sdkstatcache -output-file-map /Users/rioallen/Library/Developer/Xcode/DerivedData/TradeFly-cjeitwgqikminlegqmjwowkwbezn/Build/Intermediates.noindex/swift-clocks.build/Debug-iphonesimulator/Clocks.build/Objects-normal/arm64/Clocks-OutputFileMap.json -use-frontend-parseable-output -save-temps -no-color-diagnostics -explicit-module-build -module-cache-path /Users/rioallen/Library/Developer/Xcode/DerivedData/TradeFly-cjeitwgqikminlegqmjwowkwbezn/Build/Intermediates.noindex/SwiftExplicitPrecompiledModules -clang-scanner-module-cache-path /Users/rioallen/Library/Developer/Xcode/DerivedData/ModuleCache.noindex -sdk-module-cache-path /Users/rioallen/Library/Developer/Xcode/DerivedData/ModuleCache.noindex -serialize-diagnostics -emit-dependencies -emit-module -emit-module-path /Users/rioallen/Library/Developer/Xcode/DerivedData/TradeFly-cjeitwgqikminlegqmjwowkwbezn/Build/Intermediates.noindex/swift-clocks.build/Debug-iphonesimulator/Clocks.build/Objects-normal/arm64/Clocks.swiftmodule -user-module-version 1.0.6 -validate-clang-modules-once -clang-build-session-file /Users/rioallen/Library/Developer/Xcode/DerivedData/ModuleCache.noindex/Session.modulevalidation -package-name swift_clocks -Xcc -I/Users/rioallen/Library/Developer/Xcode/DerivedData/TradeFly-cjeitwgqikminlegqmjwowkwbezn/Build/Intermediates.noindex/swift-clocks.build/Debug-iphonesimulator/Clocks.build/swift-overrides.hmap -emit-const-values -Xfrontend -const-gather-protocols-file -Xfrontend /Users/rioallen/Library/Developer/Xcode/DerivedData/TradeFly-cjeitwgqikminlegqmjwowkwbezn/Build/Intermediates.noindex/swift-clocks.build/Debug-iphonesimulator/Clocks.build/Objects-normal/arm64/Clocks_const_extract_protocols.json -Xcc -I/Users/rioallen/Library/Developer/Xcode/DerivedData/TradeFly-cjeitwgqikminlegqmjwowkwbezn/Build/Products/Debug-iphonesimulator/include -Xcc -I/Users/rioallen/Library/Developer/Xcode/DerivedData/TradeFly-cjeitwgqikminlegqmjwowkwbezn/Build/Intermediates.noindex/swift-clocks.build/Debug-iphonesimulator/Clocks.build/DerivedSources-normal/arm64 -Xcc -I/Users/rioallen/Library/Developer/Xcode/DerivedData/TradeFly-cjeitwgqikminlegqmjwowkwbezn/Build/Intermediates.noindex/swift-clocks.build/Debug-iphonesimulator/Clocks.build/DerivedSources/arm64 -Xcc -I/Users/rioallen/Library/Developer/Xcode/DerivedData/TradeFly-cjeitwgqikminlegqmjwowkwbezn/Build/Intermediates.noindex/swift-clocks.build/Debug-iphonesimulator/Clocks.build/DerivedSources -Xcc -DSWIFT_PACKAGE -Xcc -DDEBUG\=1 -emit-objc-header -emit-objc-header-path /Users/rioallen/Library/Developer/Xcode/DerivedData/TradeFly-cjeitwgqikminlegqmjwowkwbezn/Build/Intermediates.noindex/swift-clocks.build/Debug-iphonesimulator/Clocks.build/Objects-normal/arm64/Clocks-Swift.h -working-directory /Users/rioallen/Documents/DropFly-OS-App-Builder/DropFly-PROJECTS/TradeFly-iOS/TradeFly.xcodeproj -experimental-emit-module-separately -disable-cmo

SwiftMergeGeneratedHeaders /Users/rioallen/Library/Developer/Xcode/DerivedData/TradeFly-cjeitwgqikminlegqmjwowkwbezn/Build/Intermediates.noindex/GeneratedModuleMaps-iphonesimulator/Clocks-Swift.h /Users/rioallen/Library/Developer/Xcode/DerivedData/TradeFly-cjeitwgqikminlegqmjwowkwbezn/Build/Intermediates.noindex/swift-clocks.build/Debug-iphonesimulator/Clocks.build/Objects-normal/arm64/Clocks-Swift.h (in target 'Clocks' from project 'swift-clocks')
    cd /Users/rioallen/Library/Developer/Xcode/DerivedData/TradeFly-cjeitwgqikminlegqmjwowkwbezn/SourcePackages/checkouts/swift-clocks
    builtin-swiftHeaderTool -arch arm64 /Users/rioallen/Library/Developer/Xcode/DerivedData/TradeFly-cjeitwgqikminlegqmjwowkwbezn/Build/Intermediates.noindex/swift-clocks.build/Debug-iphonesimulator/Clocks.build/Objects-normal/arm64/Clocks-Swift.h -o /Users/rioallen/Library/Developer/Xcode/DerivedData/TradeFly-cjeitwgqikminlegqmjwowkwbezn/Build/Intermediates.noindex/GeneratedModuleMaps-iphonesimulator/Clocks-Swift.h

Copy /Users/rioallen/Library/Developer/Xcode/DerivedData/TradeFly-cjeitwgqikminlegqmjwowkwbezn/Build/Products/Debug-iphonesimulator/Clocks.swiftmodule/arm64-apple-ios-simulator.swiftmodule /Users/rioallen/Library/Developer/Xcode/DerivedData/TradeFly-cjeitwgqikminlegqmjwowkwbezn/Build/Intermediates.noindex/swift-clocks.build/Debug-iphonesimulator/Clocks.build/Objects-normal/arm64/Clocks.swiftmodule (in target 'Clocks' from project 'swift-clocks')
    cd /Users/rioallen/Library/Developer/Xcode/DerivedData/TradeFly-cjeitwgqikminlegqmjwowkwbezn/SourcePackages/checkouts/swift-clocks
    builtin-copy -exclude .DS_Store -exclude CVS -exclude .svn -exclude .git -exclude .hg -resolve-src-symlinks -rename /Users/rioallen/Library/Developer/Xcode/DerivedData/TradeFly-cjeitwgqikminlegqmjwowkwbezn/Build/Intermediates.noindex/swift-clocks.build/Debug-iphonesimulator/Clocks.build/Objects-normal/arm64/Clocks.swiftmodule /Users/rioallen/Library/Developer/Xcode/DerivedData/TradeFly-cjeitwgqikminlegqmjwowkwbezn/Build/Products/Debug-iphonesimulator/Clocks.swiftmodule/arm64-apple-ios-simulator.swiftmodule

Copy /Users/rioallen/Library/Developer/Xcode/DerivedData/TradeFly-cjeitwgqikminlegqmjwowkwbezn/Build/Products/Debug-iphonesimulator/Clocks.swiftmodule/arm64-apple-ios-simulator.abi.json /Users/rioallen/Library/Developer/Xcode/DerivedData/TradeFly-cjeitwgqikminlegqmjwowkwbezn/Build/Intermediates.noindex/swift-clocks.build/Debug-iphonesimulator/Clocks.build/Objects-normal/arm64/Clocks.abi.json (in target 'Clocks' from project 'swift-clocks')
    cd /Users/rioallen/Library/Developer/Xcode/DerivedData/TradeFly-cjeitwgqikminlegqmjwowkwbezn/SourcePackages/checkouts/swift-clocks
    builtin-copy -exclude .DS_Store -exclude CVS -exclude .svn -exclude .git -exclude .hg -resolve-src-symlinks -rename /Users/rioallen/Library/Developer/Xcode/DerivedData/TradeFly-cjeitwgqikminlegqmjwowkwbezn/Build/Intermediates.noindex/swift-clocks.build/Debug-iphonesimulator/Clocks.build/Objects-normal/arm64/Clocks.abi.json /Users/rioallen/Library/Developer/Xcode/DerivedData/TradeFly-cjeitwgqikminlegqmjwowkwbezn/Build/Products/Debug-iphonesimulator/Clocks.swiftmodule/arm64-apple-ios-simulator.abi.json

Copy /Users/rioallen/Library/Developer/Xcode/DerivedData/TradeFly-cjeitwgqikminlegqmjwowkwbezn/Build/Products/Debug-iphonesimulator/Clocks.swiftmodule/arm64-apple-ios-simulator.swiftdoc /Users/rioallen/Library/Developer/Xcode/DerivedData/TradeFly-cjeitwgqikminlegqmjwowkwbezn/Build/Intermediates.noindex/swift-clocks.build/Debug-iphonesimulator/Clocks.build/Objects-normal/arm64/Clocks.swiftdoc (in target 'Clocks' from project 'swift-clocks')
    cd /Users/rioallen/Library/Developer/Xcode/DerivedData/TradeFly-cjeitwgqikminlegqmjwowkwbezn/SourcePackages/checkouts/swift-clocks
    builtin-copy -exclude .DS_Store -exclude CVS -exclude .svn -exclude .git -exclude .hg -resolve-src-symlinks -rename /Users/rioallen/Library/Developer/Xcode/DerivedData/TradeFly-cjeitwgqikminlegqmjwowkwbezn/Build/Intermediates.noindex/swift-clocks.build/Debug-iphonesimulator/Clocks.build/Objects-normal/arm64/Clocks.swiftdoc /Users/rioallen/Library/Developer/Xcode/DerivedData/TradeFly-cjeitwgqikminlegqmjwowkwbezn/Build/Products/Debug-iphonesimulator/Clocks.swiftmodule/arm64-apple-ios-simulator.swiftdoc

Copy /Users/rioallen/Library/Developer/Xcode/DerivedData/TradeFly-cjeitwgqikminlegqmjwowkwbezn/Build/Products/Debug-iphonesimulator/Clocks.swiftmodule/Project/arm64-apple-ios-simulator.swiftsourceinfo /Users/rioallen/Library/Developer/Xcode/DerivedData/TradeFly-cjeitwgqikminlegqmjwowkwbezn/Build/Intermediates.noindex/swift-clocks.build/Debug-iphonesimulator/Clocks.build/Objects-normal/arm64/Clocks.swiftsourceinfo (in target 'Clocks' from project 'swift-clocks')
    cd /Users/rioallen/Library/Developer/Xcode/DerivedData/TradeFly-cjeitwgqikminlegqmjwowkwbezn/SourcePackages/checkouts/swift-clocks
    builtin-copy -exclude .DS_Store -exclude CVS -exclude .svn -exclude .git -exclude .hg -resolve-src-symlinks -rename /Users/rioallen/Library/Developer/Xcode/DerivedData/TradeFly-cjeitwgqikminlegqmjwowkwbezn/Build/Intermediates.noindex/swift-clocks.build/Debug-iphonesimulator/Clocks.build/Objects-normal/arm64/Clocks.swiftsourceinfo /Users/rioallen/Library/Developer/Xcode/DerivedData/TradeFly-cjeitwgqikminlegqmjwowkwbezn/Build/Products/Debug-iphonesimulator/Clocks.swiftmodule/Project/arm64-apple-ios-simulator.swiftsourceinfo

SwiftDriverJobDiscovery normal arm64 Compiling Deprecations.swift (in target 'XCTestDynamicOverlay' from project 'xctest-dynamic-overlay')

SwiftDriver\ Compilation XCTestDynamicOverlay normal arm64 com.apple.xcode.tools.swift.compiler (in target 'XCTestDynamicOverlay' from project 'xctest-dynamic-overlay')
    cd /Users/rioallen/Documents/DropFly-OS-App-Builder/DropFly-PROJECTS/TradeFly-iOS/TradeFly.xcodeproj
    builtin-Swift-Compilation -- /Applications/Xcode.app/Contents/Developer/Toolchains/XcodeDefault.xctoolchain/usr/bin/swiftc -module-name XCTestDynamicOverlay -Onone -enforce-exclusivity\=checked @/Users/rioallen/Library/Developer/Xcode/DerivedData/TradeFly-cjeitwgqikminlegqmjwowkwbezn/Build/Intermediates.noindex/xctest-dynamic-overlay.build/Debug-iphonesimulator/XCTestDynamicOverlay.build/Objects-normal/arm64/XCTestDynamicOverlay.SwiftFileList -DSWIFT_PACKAGE -DDEBUG -DSWIFT_MODULE_RESOURCE_BUNDLE_UNAVAILABLE -DXcode -plugin-path /Applications/Xcode.app/Contents/Developer/Toolchains/XcodeDefault.xctoolchain/usr/lib/swift/host/plugins/testing -enable-experimental-feature DebugDescriptionMacro -sdk /Applications/Xcode.app/Contents/Developer/Platforms/iPhoneSimulator.platform/Developer/SDKs/iPhoneSimulator26.1.sdk -target arm64-apple-ios13.0-simulator -g -module-cache-path /Users/rioallen/Library/Developer/Xcode/DerivedData/ModuleCache.noindex -Xfrontend -serialize-debugging-options -enable-testing -suppress-warnings -index-store-path /Users/rioallen/Library/Developer/Xcode/DerivedData/TradeFly-cjeitwgqikminlegqmjwowkwbezn/Index.noindex/DataStore -Xcc -D_LIBCPP_HARDENING_MODE\=_LIBCPP_HARDENING_MODE_DEBUG -swift-version 6 -I /Users/rioallen/Library/Developer/Xcode/DerivedData/TradeFly-cjeitwgqikminlegqmjwowkwbezn/Build/Products/Debug-iphonesimulator -Isystem /Applications/Xcode.app/Contents/Developer/Platforms/iPhoneSimulator.platform/Developer/usr/lib -F /Users/rioallen/Library/Developer/Xcode/DerivedData/TradeFly-cjeitwgqikminlegqmjwowkwbezn/Build/Products/Debug-iphonesimulator/PackageFrameworks -F /Users/rioallen/Library/Developer/Xcode/DerivedData/TradeFly-cjeitwgqikminlegqmjwowkwbezn/Build/Products/Debug-iphonesimulator/PackageFrameworks -F /Users/rioallen/Library/Developer/Xcode/DerivedData/TradeFly-cjeitwgqikminlegqmjwowkwbezn/Build/Products/Debug-iphonesimulator -F /Applications/Xcode.app/Contents/Developer/Platforms/iPhoneSimulator.platform/Developer/Library/Frameworks -F /Applications/Xcode.app/Contents/Developer/Platforms/iPhoneSimulator.platform/Developer/SDKs/iPhoneSimulator26.1.sdk/Developer/Library/Frameworks -c -j16 -enable-batch-mode -incremental -Xcc -ivfsstatcache -Xcc /Users/rioallen/Library/Developer/Xcode/DerivedData/SDKStatCaches.noindex/iphonesimulator26.1-23B77-90cf18a4295e390e64c810bc6bd7acbc.sdkstatcache -output-file-map /Users/rioallen/Library/Developer/Xcode/DerivedData/TradeFly-cjeitwgqikminlegqmjwowkwbezn/Build/Intermediates.noindex/xctest-dynamic-overlay.build/Debug-iphonesimulator/XCTestDynamicOverlay.build/Objects-normal/arm64/XCTestDynamicOverlay-OutputFileMap.json -use-frontend-parseable-output -save-temps -no-color-diagnostics -explicit-module-build -module-cache-path /Users/rioallen/Library/Developer/Xcode/DerivedData/TradeFly-cjeitwgqikminlegqmjwowkwbezn/Build/Intermediates.noindex/SwiftExplicitPrecompiledModules -clang-scanner-module-cache-path /Users/rioallen/Library/Developer/Xcode/DerivedData/ModuleCache.noindex -sdk-module-cache-path /Users/rioallen/Library/Developer/Xcode/DerivedData/ModuleCache.noindex -serialize-diagnostics -emit-dependencies -emit-module -emit-module-path /Users/rioallen/Library/Developer/Xcode/DerivedData/TradeFly-cjeitwgqikminlegqmjwowkwbezn/Build/Intermediates.noindex/xctest-dynamic-overlay.build/Debug-iphonesimulator/XCTestDynamicOverlay.build/Objects-normal/arm64/XCTestDynamicOverlay.swiftmodule -user-module-version 1.7.0 -validate-clang-modules-once -clang-build-session-file /Users/rioallen/Library/Developer/Xcode/DerivedData/ModuleCache.noindex/Session.modulevalidation -package-name xctest_dynamic_overlay -Xcc -I/Users/rioallen/Library/Developer/Xcode/DerivedData/TradeFly-cjeitwgqikminlegqmjwowkwbezn/Build/Intermediates.noindex/xctest-dynamic-overlay.build/Debug-iphonesimulator/XCTestDynamicOverlay.build/swift-overrides.hmap -emit-const-values -Xfrontend -const-gather-protocols-file -Xfrontend /Users/rioallen/Library/Developer/Xcode/DerivedData/TradeFly-cjeitwgqikminlegqmjwowkwbezn/Build/Intermediates.noindex/xctest-dynamic-overlay.build/Debug-iphonesimulator/XCTestDynamicOverlay.build/Objects-normal/arm64/XCTestDynamicOverlay_const_extract_protocols.json -Xcc -I/Users/rioallen/Library/Developer/Xcode/DerivedData/TradeFly-cjeitwgqikminlegqmjwowkwbezn/Build/Products/Debug-iphonesimulator/include -Xcc -I/Users/rioallen/Library/Developer/Xcode/DerivedData/TradeFly-cjeitwgqikminlegqmjwowkwbezn/Build/Intermediates.noindex/xctest-dynamic-overlay.build/Debug-iphonesimulator/XCTestDynamicOverlay.build/DerivedSources-normal/arm64 -Xcc -I/Users/rioallen/Library/Developer/Xcode/DerivedData/TradeFly-cjeitwgqikminlegqmjwowkwbezn/Build/Intermediates.noindex/xctest-dynamic-overlay.build/Debug-iphonesimulator/XCTestDynamicOverlay.build/DerivedSources/arm64 -Xcc -I/Users/rioallen/Library/Developer/Xcode/DerivedData/TradeFly-cjeitwgqikminlegqmjwowkwbezn/Build/Intermediates.noindex/xctest-dynamic-overlay.build/Debug-iphonesimulator/XCTestDynamicOverlay.build/DerivedSources -Xcc -DSWIFT_PACKAGE -Xcc -DDEBUG\=1 -emit-objc-header -emit-objc-header-path /Users/rioallen/Library/Developer/Xcode/DerivedData/TradeFly-cjeitwgqikminlegqmjwowkwbezn/Build/Intermediates.noindex/xctest-dynamic-overlay.build/Debug-iphonesimulator/XCTestDynamicOverlay.build/Objects-normal/arm64/XCTestDynamicOverlay-Swift.h -working-directory /Users/rioallen/Documents/DropFly-OS-App-Builder/DropFly-PROJECTS/TradeFly-iOS/TradeFly.xcodeproj -experimental-emit-module-separately -disable-cmo

SwiftDriverJobDiscovery normal arm64 Compiling AnyClock.swift (in target 'Clocks' from project 'swift-clocks')

Ld /Users/rioallen/Library/Developer/Xcode/DerivedData/TradeFly-cjeitwgqikminlegqmjwowkwbezn/Build/Products/Debug-iphonesimulator/XCTestDynamicOverlay.o normal (in target 'XCTestDynamicOverlay' from project 'xctest-dynamic-overlay')
    cd /Users/rioallen/Library/Developer/Xcode/DerivedData/TradeFly-cjeitwgqikminlegqmjwowkwbezn/SourcePackages/checkouts/xctest-dynamic-overlay
    /Applications/Xcode.app/Contents/Developer/Toolchains/XcodeDefault.xctoolchain/usr/bin/clang -Xlinker -reproducible -target arm64-apple-ios13.0-simulator -r -isysroot /Applications/Xcode.app/Contents/Developer/Platforms/iPhoneSimulator.platform/Developer/SDKs/iPhoneSimulator26.1.sdk -O0 -w -L/Users/rioallen/Library/Developer/Xcode/DerivedData/TradeFly-cjeitwgqikminlegqmjwowkwbezn/Build/Intermediates.noindex/EagerLinkingTBDs/Debug-iphonesimulator -L/Users/rioallen/Library/Developer/Xcode/DerivedData/TradeFly-cjeitwgqikminlegqmjwowkwbezn/Build/Products/Debug-iphonesimulator -L/Applications/Xcode.app/Contents/Developer/Platforms/iPhoneSimulator.platform/Developer/usr/lib -F/Users/rioallen/Library/Developer/Xcode/DerivedData/TradeFly-cjeitwgqikminlegqmjwowkwbezn/Build/Intermediates.noindex/EagerLinkingTBDs/Debug-iphonesimulator -F/Users/rioallen/Library/Developer/Xcode/DerivedData/TradeFly-cjeitwgqikminlegqmjwowkwbezn/Build/Products/Debug-iphonesimulator/PackageFrameworks -F/Users/rioallen/Library/Developer/Xcode/DerivedData/TradeFly-cjeitwgqikminlegqmjwowkwbezn/Build/Products/Debug-iphonesimulator/PackageFrameworks -F/Users/rioallen/Library/Developer/Xcode/DerivedData/TradeFly-cjeitwgqikminlegqmjwowkwbezn/Build/Products/Debug-iphonesimulator -iframework /Applications/Xcode.app/Contents/Developer/Platforms/iPhoneSimulator.platform/Developer/Library/Frameworks -iframework /Applications/Xcode.app/Contents/Developer/Platforms/iPhoneSimulator.platform/Developer/SDKs/iPhoneSimulator26.1.sdk/Developer/Library/Frameworks -filelist /Users/rioallen/Library/Developer/Xcode/DerivedData/TradeFly-cjeitwgqikminlegqmjwowkwbezn/Build/Intermediates.noindex/xctest-dynamic-overlay.build/Debug-iphonesimulator/XCTestDynamicOverlay.build/Objects-normal/arm64/XCTestDynamicOverlay.LinkFileList -nostdlib -Xlinker -object_path_lto -Xlinker /Users/rioallen/Library/Developer/Xcode/DerivedData/TradeFly-cjeitwgqikminlegqmjwowkwbezn/Build/Intermediates.noindex/xctest-dynamic-overlay.build/Debug-iphonesimulator/XCTestDynamicOverlay.build/Objects-normal/arm64/XCTestDynamicOverlay_lto.o -rdynamic -Xlinker -no_deduplicate -Xlinker -objc_abi_version -Xlinker 2 -Xlinker -dependency_info -Xlinker /Users/rioallen/Library/Developer/Xcode/DerivedData/TradeFly-cjeitwgqikminlegqmjwowkwbezn/Build/Intermediates.noindex/xctest-dynamic-overlay.build/Debug-iphonesimulator/XCTestDynamicOverlay.build/Objects-normal/arm64/XCTestDynamicOverlay_dependency_info.dat -fobjc-link-runtime -L/Applications/Xcode.app/Contents/Developer/Toolchains/XcodeDefault.xctoolchain/usr/lib/swift/iphonesimulator -L/usr/lib/swift -Xlinker -add_ast_path -Xlinker /Users/rioallen/Library/Developer/Xcode/DerivedData/TradeFly-cjeitwgqikminlegqmjwowkwbezn/Build/Intermediates.noindex/xctest-dynamic-overlay.build/Debug-iphonesimulator/XCTestDynamicOverlay.build/Objects-normal/arm64/XCTestDynamicOverlay.swiftmodule @/Users/rioallen/Library/Developer/Xcode/DerivedData/TradeFly-cjeitwgqikminlegqmjwowkwbezn/Build/Intermediates.noindex/xctest-dynamic-overlay.build/Debug-iphonesimulator/XCTestDynamicOverlay.build/Objects-normal/arm64/XCTestDynamicOverlay-linker-args.resp -o /Users/rioallen/Library/Developer/Xcode/DerivedData/TradeFly-cjeitwgqikminlegqmjwowkwbezn/Build/Products/Debug-iphonesimulator/XCTestDynamicOverlay.o

SwiftDriver Helpers normal arm64 com.apple.xcode.tools.swift.compiler (in target 'Helpers' from project 'Supabase')
    cd /Users/rioallen/Documents/DropFly-OS-App-Builder/DropFly-PROJECTS/TradeFly-iOS/TradeFly.xcodeproj
    builtin-SwiftDriver -- /Applications/Xcode.app/Contents/Developer/Toolchains/XcodeDefault.xctoolchain/usr/bin/swiftc -module-name Helpers -Onone -enforce-exclusivity\=checked @/Users/rioallen/Library/Developer/Xcode/DerivedData/TradeFly-cjeitwgqikminlegqmjwowkwbezn/Build/Intermediates.noindex/Supabase.build/Debug-iphonesimulator/Helpers.build/Objects-normal/arm64/Helpers.SwiftFileList -DSWIFT_PACKAGE -DDEBUG -DSWIFT_MODULE_RESOURCE_BUNDLE_UNAVAILABLE -DXcode -enable-upcoming-feature ExistentialAny -enable-experimental-feature StrictConcurrency -plugin-path /Applications/Xcode.app/Contents/Developer/Toolchains/XcodeDefault.xctoolchain/usr/lib/swift/host/plugins/testing -enable-experimental-feature DebugDescriptionMacro -sdk /Applications/Xcode.app/Contents/Developer/Platforms/iPhoneSimulator.platform/Developer/SDKs/iPhoneSimulator26.1.sdk -target arm64-apple-ios13.0-simulator -g -module-cache-path /Users/rioallen/Library/Developer/Xcode/DerivedData/ModuleCache.noindex -Xfrontend -serialize-debugging-options -enable-testing -suppress-warnings -index-store-path /Users/rioallen/Library/Developer/Xcode/DerivedData/TradeFly-cjeitwgqikminlegqmjwowkwbezn/Index.noindex/DataStore -Xcc -D_LIBCPP_HARDENING_MODE\=_LIBCPP_HARDENING_MODE_DEBUG -swift-version 5 -I /Users/rioallen/Library/Developer/Xcode/DerivedData/TradeFly-cjeitwgqikminlegqmjwowkwbezn/Build/Products/Debug-iphonesimulator -Isystem /Applications/Xcode.app/Contents/Developer/Platforms/iPhoneSimulator.platform/Developer/usr/lib -F /Users/rioallen/Library/Developer/Xcode/DerivedData/TradeFly-cjeitwgqikminlegqmjwowkwbezn/Build/Products/Debug-iphonesimulator/PackageFrameworks -F /Users/rioallen/Library/Developer/Xcode/DerivedData/TradeFly-cjeitwgqikminlegqmjwowkwbezn/Build/Products/Debug-iphonesimulator/PackageFrameworks -F /Users/rioallen/Library/Developer/Xcode/DerivedData/TradeFly-cjeitwgqikminlegqmjwowkwbezn/Build/Products/Debug-iphonesimulator/PackageFrameworks -F /Users/rioallen/Library/Developer/Xcode/DerivedData/TradeFly-cjeitwgqikminlegqmjwowkwbezn/Build/Products/Debug-iphonesimulator/PackageFrameworks -F /Users/rioallen/Library/Developer/Xcode/DerivedData/TradeFly-cjeitwgqikminlegqmjwowkwbezn/Build/Products/Debug-iphonesimulator/PackageFrameworks -F /Users/rioallen/Library/Developer/Xcode/DerivedData/TradeFly-cjeitwgqikminlegqmjwowkwbezn/Build/Products/Debug-iphonesimulator/PackageFrameworks -F /Users/rioallen/Library/Developer/Xcode/DerivedData/TradeFly-cjeitwgqikminlegqmjwowkwbezn/Build/Products/Debug-iphonesimulator -F /Applications/Xcode.app/Contents/Developer/Platforms/iPhoneSimulator.platform/Developer/Library/Frameworks -F /Applications/Xcode.app/Contents/Developer/Platforms/iPhoneSimulator.platform/Developer/SDKs/iPhoneSimulator26.1.sdk/Developer/Library/Frameworks -c -j16 -enable-batch-mode -incremental -Xcc -ivfsstatcache -Xcc /Users/rioallen/Library/Developer/Xcode/DerivedData/SDKStatCaches.noindex/iphonesimulator26.1-23B77-90cf18a4295e390e64c810bc6bd7acbc.sdkstatcache -output-file-map /Users/rioallen/Library/Developer/Xcode/DerivedData/TradeFly-cjeitwgqikminlegqmjwowkwbezn/Build/Intermediates.noindex/Supabase.build/Debug-iphonesimulator/Helpers.build/Objects-normal/arm64/Helpers-OutputFileMap.json -use-frontend-parseable-output -save-temps -no-color-diagnostics -explicit-module-build -module-cache-path /Users/rioallen/Library/Developer/Xcode/DerivedData/TradeFly-cjeitwgqikminlegqmjwowkwbezn/Build/Intermediates.noindex/SwiftExplicitPrecompiledModules -clang-scanner-module-cache-path /Users/rioallen/Library/Developer/Xcode/DerivedData/ModuleCache.noindex -sdk-module-cache-path /Users/rioallen/Library/Developer/Xcode/DerivedData/ModuleCache.noindex -serialize-diagnostics -emit-dependencies -emit-module -emit-module-path /Users/rioallen/Library/Developer/Xcode/DerivedData/TradeFly-cjeitwgqikminlegqmjwowkwbezn/Build/Intermediates.noindex/Supabase.build/Debug-iphonesimulator/Helpers.build/Objects-normal/arm64/Helpers.swiftmodule -validate-clang-modules-once -clang-build-session-file /Users/rioallen/Library/Developer/Xcode/DerivedData/ModuleCache.noindex/Session.modulevalidation -package-name supabase_swift -Xcc -I/Users/rioallen/Library/Developer/Xcode/DerivedData/TradeFly-cjeitwgqikminlegqmjwowkwbezn/Build/Intermediates.noindex/Supabase.build/Debug-iphonesimulator/Helpers.build/swift-overrides.hmap -emit-const-values -Xfrontend -const-gather-protocols-file -Xfrontend /Users/rioallen/Library/Developer/Xcode/DerivedData/TradeFly-cjeitwgqikminlegqmjwowkwbezn/Build/Intermediates.noindex/Supabase.build/Debug-iphonesimulator/Helpers.build/Objects-normal/arm64/Helpers_const_extract_protocols.json -Xcc -I/Users/rioallen/Library/Developer/Xcode/DerivedData/TradeFly-cjeitwgqikminlegqmjwowkwbezn/Build/Products/Debug-iphonesimulator/include -Xcc -I/Users/rioallen/Library/Developer/Xcode/DerivedData/TradeFly-cjeitwgqikminlegqmjwowkwbezn/Build/Intermediates.noindex/Supabase.build/Debug-iphonesimulator/Helpers.build/DerivedSources-normal/arm64 -Xcc -I/Users/rioallen/Library/Developer/Xcode/DerivedData/TradeFly-cjeitwgqikminlegqmjwowkwbezn/Build/Intermediates.noindex/Supabase.build/Debug-iphonesimulator/Helpers.build/DerivedSources/arm64 -Xcc -I/Users/rioallen/Library/Developer/Xcode/DerivedData/TradeFly-cjeitwgqikminlegqmjwowkwbezn/Build/Intermediates.noindex/Supabase.build/Debug-iphonesimulator/Helpers.build/DerivedSources -Xcc -DSWIFT_PACKAGE -Xcc -DDEBUG\=1 -emit-objc-header -emit-objc-header-path /Users/rioallen/Library/Developer/Xcode/DerivedData/TradeFly-cjeitwgqikminlegqmjwowkwbezn/Build/Intermediates.noindex/Supabase.build/Debug-iphonesimulator/Helpers.build/Objects-normal/arm64/Helpers-Swift.h -working-directory /Users/rioallen/Documents/DropFly-OS-App-Builder/DropFly-PROJECTS/TradeFly-iOS/TradeFly.xcodeproj -experimental-emit-module-separately -disable-cmo

SwiftDriverJobDiscovery normal arm64 Compiling ImmediateClock.swift (in target 'Clocks' from project 'swift-clocks')

ExtractAppIntentsMetadata (in target 'XCTestDynamicOverlay' from project 'xctest-dynamic-overlay')
    cd /Users/rioallen/Library/Developer/Xcode/DerivedData/TradeFly-cjeitwgqikminlegqmjwowkwbezn/SourcePackages/checkouts/xctest-dynamic-overlay
    /Applications/Xcode.app/Contents/Developer/Toolchains/XcodeDefault.xctoolchain/usr/bin/appintentsmetadataprocessor --toolchain-dir /Applications/Xcode.app/Contents/Developer/Toolchains/XcodeDefault.xctoolchain --module-name XCTestDynamicOverlay --sdk-root /Applications/Xcode.app/Contents/Developer/Platforms/iPhoneSimulator.platform/Developer/SDKs/iPhoneSimulator26.1.sdk --xcode-version 17B100 --platform-family iOS --deployment-target 13.0 --bundle-identifier xctest-dynamic-overlay.XCTestDynamicOverlay --output /Users/rioallen/Library/Developer/Xcode/DerivedData/TradeFly-cjeitwgqikminlegqmjwowkwbezn/Build/Products/Debug-iphonesimulator/XCTestDynamicOverlay.appintents --target-triple arm64-apple-ios13.0-simulator --binary-file /Users/rioallen/Library/Developer/Xcode/DerivedData/TradeFly-cjeitwgqikminlegqmjwowkwbezn/Build/Products/Debug-iphonesimulator/XCTestDynamicOverlay.o --dependency-file /Users/rioallen/Library/Developer/Xcode/DerivedData/TradeFly-cjeitwgqikminlegqmjwowkwbezn/Build/Intermediates.noindex/xctest-dynamic-overlay.build/Debug-iphonesimulator/XCTestDynamicOverlay.build/Objects-normal/arm64/XCTestDynamicOverlay_dependency_info.dat --stringsdata-file /Users/rioallen/Library/Developer/Xcode/DerivedData/TradeFly-cjeitwgqikminlegqmjwowkwbezn/Build/Intermediates.noindex/xctest-dynamic-overlay.build/Debug-iphonesimulator/XCTestDynamicOverlay.build/Objects-normal/arm64/ExtractedAppShortcutsMetadata.stringsdata --source-file-list /Users/rioallen/Library/Developer/Xcode/DerivedData/TradeFly-cjeitwgqikminlegqmjwowkwbezn/Build/Intermediates.noindex/xctest-dynamic-overlay.build/Debug-iphonesimulator/XCTestDynamicOverlay.build/Objects-normal/arm64/XCTestDynamicOverlay.SwiftFileList --metadata-file-list /Users/rioallen/Library/Developer/Xcode/DerivedData/TradeFly-cjeitwgqikminlegqmjwowkwbezn/Build/Intermediates.noindex/xctest-dynamic-overlay.build/Debug-iphonesimulator/XCTestDynamicOverlay.build/XCTestDynamicOverlay.DependencyMetadataFileList --static-metadata-file-list /Users/rioallen/Library/Developer/Xcode/DerivedData/TradeFly-cjeitwgqikminlegqmjwowkwbezn/Build/Intermediates.noindex/xctest-dynamic-overlay.build/Debug-iphonesimulator/XCTestDynamicOverlay.build/XCTestDynamicOverlay.DependencyStaticMetadataFileList --swift-const-vals-list /Users/rioallen/Library/Developer/Xcode/DerivedData/TradeFly-cjeitwgqikminlegqmjwowkwbezn/Build/Intermediates.noindex/xctest-dynamic-overlay.build/Debug-iphonesimulator/XCTestDynamicOverlay.build/Objects-normal/arm64/XCTestDynamicOverlay.SwiftConstValuesFileList --force --compile-time-extraction --deployment-aware-processing --validate-assistant-intents --no-app-shortcuts-localization
2025-12-04 00:32:53.968 appintentsmetadataprocessor[45026:7891596] Starting appintentsmetadataprocessor export
2025-12-04 00:32:54.062 appintentsmetadataprocessor[45026:7891596] Extracted no relevant App Intents symbols, skipping writing output

SwiftDriverJobDiscovery normal arm64 Compiling _AsyncTimerSequence.swift (in target 'Clocks' from project 'swift-clocks')

SwiftDriverJobDiscovery normal arm64 Compiling UnimplementedClock.swift (in target 'Clocks' from project 'swift-clocks')

SwiftDriverJobDiscovery normal arm64 Compiling TestClock.swift (in target 'Clocks' from project 'swift-clocks')

SwiftDriver\ Compilation Clocks normal arm64 com.apple.xcode.tools.swift.compiler (in target 'Clocks' from project 'swift-clocks')
    cd /Users/rioallen/Documents/DropFly-OS-App-Builder/DropFly-PROJECTS/TradeFly-iOS/TradeFly.xcodeproj
    builtin-Swift-Compilation -- /Applications/Xcode.app/Contents/Developer/Toolchains/XcodeDefault.xctoolchain/usr/bin/swiftc -module-name Clocks -Onone -enforce-exclusivity\=checked @/Users/rioallen/Library/Developer/Xcode/DerivedData/TradeFly-cjeitwgqikminlegqmjwowkwbezn/Build/Intermediates.noindex/swift-clocks.build/Debug-iphonesimulator/Clocks.build/Objects-normal/arm64/Clocks.SwiftFileList -DSWIFT_PACKAGE -DDEBUG -DSWIFT_MODULE_RESOURCE_BUNDLE_UNAVAILABLE -DXcode -plugin-path /Applications/Xcode.app/Contents/Developer/Toolchains/XcodeDefault.xctoolchain/usr/lib/swift/host/plugins/testing -enable-experimental-feature DebugDescriptionMacro -sdk /Applications/Xcode.app/Contents/Developer/Platforms/iPhoneSimulator.platform/Developer/SDKs/iPhoneSimulator26.1.sdk -target arm64-apple-ios13.0-simulator -g -module-cache-path /Users/rioallen/Library/Developer/Xcode/DerivedData/ModuleCache.noindex -Xfrontend -serialize-debugging-options -enable-testing -suppress-warnings -index-store-path /Users/rioallen/Library/Developer/Xcode/DerivedData/TradeFly-cjeitwgqikminlegqmjwowkwbezn/Index.noindex/DataStore -Xcc -D_LIBCPP_HARDENING_MODE\=_LIBCPP_HARDENING_MODE_DEBUG -swift-version 6 -I /Users/rioallen/Library/Developer/Xcode/DerivedData/TradeFly-cjeitwgqikminlegqmjwowkwbezn/Build/Products/Debug-iphonesimulator -Isystem /Applications/Xcode.app/Contents/Developer/Platforms/iPhoneSimulator.platform/Developer/usr/lib -F /Users/rioallen/Library/Developer/Xcode/DerivedData/TradeFly-cjeitwgqikminlegqmjwowkwbezn/Build/Products/Debug-iphonesimulator/PackageFrameworks -F /Users/rioallen/Library/Developer/Xcode/DerivedData/TradeFly-cjeitwgqikminlegqmjwowkwbezn/Build/Products/Debug-iphonesimulator/PackageFrameworks -F /Users/rioallen/Library/Developer/Xcode/DerivedData/TradeFly-cjeitwgqikminlegqmjwowkwbezn/Build/Products/Debug-iphonesimulator/PackageFrameworks -F /Users/rioallen/Library/Developer/Xcode/DerivedData/TradeFly-cjeitwgqikminlegqmjwowkwbezn/Build/Products/Debug-iphonesimulator -F /Applications/Xcode.app/Contents/Developer/Platforms/iPhoneSimulator.platform/Developer/Library/Frameworks -F /Applications/Xcode.app/Contents/Developer/Platforms/iPhoneSimulator.platform/Developer/SDKs/iPhoneSimulator26.1.sdk/Developer/Library/Frameworks -c -j16 -enable-batch-mode -incremental -Xcc -ivfsstatcache -Xcc /Users/rioallen/Library/Developer/Xcode/DerivedData/SDKStatCaches.noindex/iphonesimulator26.1-23B77-90cf18a4295e390e64c810bc6bd7acbc.sdkstatcache -output-file-map /Users/rioallen/Library/Developer/Xcode/DerivedData/TradeFly-cjeitwgqikminlegqmjwowkwbezn/Build/Intermediates.noindex/swift-clocks.build/Debug-iphonesimulator/Clocks.build/Objects-normal/arm64/Clocks-OutputFileMap.json -use-frontend-parseable-output -save-temps -no-color-diagnostics -explicit-module-build -module-cache-path /Users/rioallen/Library/Developer/Xcode/DerivedData/TradeFly-cjeitwgqikminlegqmjwowkwbezn/Build/Intermediates.noindex/SwiftExplicitPrecompiledModules -clang-scanner-module-cache-path /Users/rioallen/Library/Developer/Xcode/DerivedData/ModuleCache.noindex -sdk-module-cache-path /Users/rioallen/Library/Developer/Xcode/DerivedData/ModuleCache.noindex -serialize-diagnostics -emit-dependencies -emit-module -emit-module-path /Users/rioallen/Library/Developer/Xcode/DerivedData/TradeFly-cjeitwgqikminlegqmjwowkwbezn/Build/Intermediates.noindex/swift-clocks.build/Debug-iphonesimulator/Clocks.build/Objects-normal/arm64/Clocks.swiftmodule -user-module-version 1.0.6 -validate-clang-modules-once -clang-build-session-file /Users/rioallen/Library/Developer/Xcode/DerivedData/ModuleCache.noindex/Session.modulevalidation -package-name swift_clocks -Xcc -I/Users/rioallen/Library/Developer/Xcode/DerivedData/TradeFly-cjeitwgqikminlegqmjwowkwbezn/Build/Intermediates.noindex/swift-clocks.build/Debug-iphonesimulator/Clocks.build/swift-overrides.hmap -emit-const-values -Xfrontend -const-gather-protocols-file -Xfrontend /Users/rioallen/Library/Developer/Xcode/DerivedData/TradeFly-cjeitwgqikminlegqmjwowkwbezn/Build/Intermediates.noindex/swift-clocks.build/Debug-iphonesimulator/Clocks.build/Objects-normal/arm64/Clocks_const_extract_protocols.json -Xcc -I/Users/rioallen/Library/Developer/Xcode/DerivedData/TradeFly-cjeitwgqikminlegqmjwowkwbezn/Build/Products/Debug-iphonesimulator/include -Xcc -I/Users/rioallen/Library/Developer/Xcode/DerivedData/TradeFly-cjeitwgqikminlegqmjwowkwbezn/Build/Intermediates.noindex/swift-clocks.build/Debug-iphonesimulator/Clocks.build/DerivedSources-normal/arm64 -Xcc -I/Users/rioallen/Library/Developer/Xcode/DerivedData/TradeFly-cjeitwgqikminlegqmjwowkwbezn/Build/Intermediates.noindex/swift-clocks.build/Debug-iphonesimulator/Clocks.build/DerivedSources/arm64 -Xcc -I/Users/rioallen/Library/Developer/Xcode/DerivedData/TradeFly-cjeitwgqikminlegqmjwowkwbezn/Build/Intermediates.noindex/swift-clocks.build/Debug-iphonesimulator/Clocks.build/DerivedSources -Xcc -DSWIFT_PACKAGE -Xcc -DDEBUG\=1 -emit-objc-header -emit-objc-header-path /Users/rioallen/Library/Developer/Xcode/DerivedData/TradeFly-cjeitwgqikminlegqmjwowkwbezn/Build/Intermediates.noindex/swift-clocks.build/Debug-iphonesimulator/Clocks.build/Objects-normal/arm64/Clocks-Swift.h -working-directory /Users/rioallen/Documents/DropFly-OS-App-Builder/DropFly-PROJECTS/TradeFly-iOS/TradeFly.xcodeproj -experimental-emit-module-separately -disable-cmo

Ld /Users/rioallen/Library/Developer/Xcode/DerivedData/TradeFly-cjeitwgqikminlegqmjwowkwbezn/Build/Products/Debug-iphonesimulator/Clocks.o normal (in target 'Clocks' from project 'swift-clocks')
    cd /Users/rioallen/Library/Developer/Xcode/DerivedData/TradeFly-cjeitwgqikminlegqmjwowkwbezn/SourcePackages/checkouts/swift-clocks
    /Applications/Xcode.app/Contents/Developer/Toolchains/XcodeDefault.xctoolchain/usr/bin/clang -Xlinker -reproducible -target arm64-apple-ios13.0-simulator -r -isysroot /Applications/Xcode.app/Contents/Developer/Platforms/iPhoneSimulator.platform/Developer/SDKs/iPhoneSimulator26.1.sdk -O0 -w -L/Users/rioallen/Library/Developer/Xcode/DerivedData/TradeFly-cjeitwgqikminlegqmjwowkwbezn/Build/Intermediates.noindex/EagerLinkingTBDs/Debug-iphonesimulator -L/Users/rioallen/Library/Developer/Xcode/DerivedData/TradeFly-cjeitwgqikminlegqmjwowkwbezn/Build/Products/Debug-iphonesimulator -L/Applications/Xcode.app/Contents/Developer/Platforms/iPhoneSimulator.platform/Developer/usr/lib -F/Users/rioallen/Library/Developer/Xcode/DerivedData/TradeFly-cjeitwgqikminlegqmjwowkwbezn/Build/Intermediates.noindex/EagerLinkingTBDs/Debug-iphonesimulator -F/Users/rioallen/Library/Developer/Xcode/DerivedData/TradeFly-cjeitwgqikminlegqmjwowkwbezn/Build/Products/Debug-iphonesimulator/PackageFrameworks -F/Users/rioallen/Library/Developer/Xcode/DerivedData/TradeFly-cjeitwgqikminlegqmjwowkwbezn/Build/Products/Debug-iphonesimulator/PackageFrameworks -F/Users/rioallen/Library/Developer/Xcode/DerivedData/TradeFly-cjeitwgqikminlegqmjwowkwbezn/Build/Products/Debug-iphonesimulator/PackageFrameworks -F/Users/rioallen/Library/Developer/Xcode/DerivedData/TradeFly-cjeitwgqikminlegqmjwowkwbezn/Build/Products/Debug-iphonesimulator -iframework /Applications/Xcode.app/Contents/Developer/Platforms/iPhoneSimulator.platform/Developer/Library/Frameworks -iframework /Applications/Xcode.app/Contents/Developer/Platforms/iPhoneSimulator.platform/Developer/SDKs/iPhoneSimulator26.1.sdk/Developer/Library/Frameworks -filelist /Users/rioallen/Library/Developer/Xcode/DerivedData/TradeFly-cjeitwgqikminlegqmjwowkwbezn/Build/Intermediates.noindex/swift-clocks.build/Debug-iphonesimulator/Clocks.build/Objects-normal/arm64/Clocks.LinkFileList -nostdlib -Xlinker -object_path_lto -Xlinker /Users/rioallen/Library/Developer/Xcode/DerivedData/TradeFly-cjeitwgqikminlegqmjwowkwbezn/Build/Intermediates.noindex/swift-clocks.build/Debug-iphonesimulator/Clocks.build/Objects-normal/arm64/Clocks_lto.o -rdynamic -Xlinker -no_deduplicate -Xlinker -objc_abi_version -Xlinker 2 -Xlinker -dependency_info -Xlinker /Users/rioallen/Library/Developer/Xcode/DerivedData/TradeFly-cjeitwgqikminlegqmjwowkwbezn/Build/Intermediates.noindex/swift-clocks.build/Debug-iphonesimulator/Clocks.build/Objects-normal/arm64/Clocks_dependency_info.dat -fobjc-link-runtime -L/Applications/Xcode.app/Contents/Developer/Toolchains/XcodeDefault.xctoolchain/usr/lib/swift/iphonesimulator -L/usr/lib/swift -Xlinker -add_ast_path -Xlinker /Users/rioallen/Library/Developer/Xcode/DerivedData/TradeFly-cjeitwgqikminlegqmjwowkwbezn/Build/Intermediates.noindex/swift-clocks.build/Debug-iphonesimulator/Clocks.build/Objects-normal/arm64/Clocks.swiftmodule @/Users/rioallen/Library/Developer/Xcode/DerivedData/TradeFly-cjeitwgqikminlegqmjwowkwbezn/Build/Intermediates.noindex/swift-clocks.build/Debug-iphonesimulator/Clocks.build/Objects-normal/arm64/Clocks-linker-args.resp -o /Users/rioallen/Library/Developer/Xcode/DerivedData/TradeFly-cjeitwgqikminlegqmjwowkwbezn/Build/Products/Debug-iphonesimulator/Clocks.o

ExtractAppIntentsMetadata (in target 'Clocks' from project 'swift-clocks')
    cd /Users/rioallen/Library/Developer/Xcode/DerivedData/TradeFly-cjeitwgqikminlegqmjwowkwbezn/SourcePackages/checkouts/swift-clocks
    /Applications/Xcode.app/Contents/Developer/Toolchains/XcodeDefault.xctoolchain/usr/bin/appintentsmetadataprocessor --toolchain-dir /Applications/Xcode.app/Contents/Developer/Toolchains/XcodeDefault.xctoolchain --module-name Clocks --sdk-root /Applications/Xcode.app/Contents/Developer/Platforms/iPhoneSimulator.platform/Developer/SDKs/iPhoneSimulator26.1.sdk --xcode-version 17B100 --platform-family iOS --deployment-target 13.0 --bundle-identifier swift-clocks.Clocks --output /Users/rioallen/Library/Developer/Xcode/DerivedData/TradeFly-cjeitwgqikminlegqmjwowkwbezn/Build/Products/Debug-iphonesimulator/Clocks.appintents --target-triple arm64-apple-ios13.0-simulator --binary-file /Users/rioallen/Library/Developer/Xcode/DerivedData/TradeFly-cjeitwgqikminlegqmjwowkwbezn/Build/Products/Debug-iphonesimulator/Clocks.o --dependency-file /Users/rioallen/Library/Developer/Xcode/DerivedData/TradeFly-cjeitwgqikminlegqmjwowkwbezn/Build/Intermediates.noindex/swift-clocks.build/Debug-iphonesimulator/Clocks.build/Objects-normal/arm64/Clocks_dependency_info.dat --stringsdata-file /Users/rioallen/Library/Developer/Xcode/DerivedData/TradeFly-cjeitwgqikminlegqmjwowkwbezn/Build/Intermediates.noindex/swift-clocks.build/Debug-iphonesimulator/Clocks.build/Objects-normal/arm64/ExtractedAppShortcutsMetadata.stringsdata --source-file-list /Users/rioallen/Library/Developer/Xcode/DerivedData/TradeFly-cjeitwgqikminlegqmjwowkwbezn/Build/Intermediates.noindex/swift-clocks.build/Debug-iphonesimulator/Clocks.build/Objects-normal/arm64/Clocks.SwiftFileList --metadata-file-list /Users/rioallen/Library/Developer/Xcode/DerivedData/TradeFly-cjeitwgqikminlegqmjwowkwbezn/Build/Intermediates.noindex/swift-clocks.build/Debug-iphonesimulator/Clocks.build/Clocks.DependencyMetadataFileList --static-metadata-file-list /Users/rioallen/Library/Developer/Xcode/DerivedData/TradeFly-cjeitwgqikminlegqmjwowkwbezn/Build/Intermediates.noindex/swift-clocks.build/Debug-iphonesimulator/Clocks.build/Clocks.DependencyStaticMetadataFileList --swift-const-vals-list /Users/rioallen/Library/Developer/Xcode/DerivedData/TradeFly-cjeitwgqikminlegqmjwowkwbezn/Build/Intermediates.noindex/swift-clocks.build/Debug-iphonesimulator/Clocks.build/Objects-normal/arm64/Clocks.SwiftConstValuesFileList --force --compile-time-extraction --deployment-aware-processing --validate-assistant-intents --no-app-shortcuts-localization
2025-12-04 00:32:54.071 appintentsmetadataprocessor[45065:7891737] Starting appintentsmetadataprocessor export
2025-12-04 00:32:54.183 appintentsmetadataprocessor[45065:7891737] Extracted no relevant App Intents symbols, skipping writing output

RegisterExecutionPolicyException /Users/rioallen/Library/Developer/Xcode/DerivedData/TradeFly-cjeitwgqikminlegqmjwowkwbezn/Build/Products/Debug-iphonesimulator/XCTestDynamicOverlay.o (in target 'XCTestDynamicOverlay' from project 'xctest-dynamic-overlay')
    cd /Users/rioallen/Library/Developer/Xcode/DerivedData/TradeFly-cjeitwgqikminlegqmjwowkwbezn/SourcePackages/checkouts/xctest-dynamic-overlay
    builtin-RegisterExecutionPolicyException /Users/rioallen/Library/Developer/Xcode/DerivedData/TradeFly-cjeitwgqikminlegqmjwowkwbezn/Build/Products/Debug-iphonesimulator/XCTestDynamicOverlay.o

SwiftCompile normal arm64 Compiling\ AsyncValueSubject.swift,\ Base64URL.swift /Users/rioallen/Library/Developer/Xcode/DerivedData/TradeFly-cjeitwgqikminlegqmjwowkwbezn/SourcePackages/checkouts/supabase-swift/Sources/Helpers/AsyncValueSubject.swift /Users/rioallen/Library/Developer/Xcode/DerivedData/TradeFly-cjeitwgqikminlegqmjwowkwbezn/SourcePackages/checkouts/supabase-swift/Sources/Helpers/Base64URL.swift (in target 'Helpers' from project 'Supabase')
SwiftCompile normal arm64 /Users/rioallen/Library/Developer/Xcode/DerivedData/TradeFly-cjeitwgqikminlegqmjwowkwbezn/SourcePackages/checkouts/supabase-swift/Sources/Helpers/AsyncValueSubject.swift (in target 'Helpers' from project 'Supabase')
    cd /Users/rioallen/Documents/DropFly-OS-App-Builder/DropFly-PROJECTS/TradeFly-iOS/TradeFly.xcodeproj
    

SwiftCompile normal arm64 /Users/rioallen/Library/Developer/Xcode/DerivedData/TradeFly-cjeitwgqikminlegqmjwowkwbezn/SourcePackages/checkouts/supabase-swift/Sources/Helpers/Base64URL.swift (in target 'Helpers' from project 'Supabase')
    cd /Users/rioallen/Documents/DropFly-OS-App-Builder/DropFly-PROJECTS/TradeFly-iOS/TradeFly.xcodeproj
    

SwiftCompile normal arm64 Compiling\ HTTPRequest.swift,\ HTTPResponse.swift /Users/rioallen/Library/Developer/Xcode/DerivedData/TradeFly-cjeitwgqikminlegqmjwowkwbezn/SourcePackages/checkouts/supabase-swift/Sources/Helpers/HTTP/HTTPRequest.swift /Users/rioallen/Library/Developer/Xcode/DerivedData/TradeFly-cjeitwgqikminlegqmjwowkwbezn/SourcePackages/checkouts/supabase-swift/Sources/Helpers/HTTP/HTTPResponse.swift (in target 'Helpers' from project 'Supabase')

SwiftCompile normal arm64 /Users/rioallen/Library/Developer/Xcode/DerivedData/TradeFly-cjeitwgqikminlegqmjwowkwbezn/SourcePackages/checkouts/supabase-swift/Sources/Helpers/HTTP/HTTPRequest.swift (in target 'Helpers' from project 'Supabase')
    cd /Users/rioallen/Documents/DropFly-OS-App-Builder/DropFly-PROJECTS/TradeFly-iOS/TradeFly.xcodeproj
    

SwiftCompile normal arm64 /Users/rioallen/Library/Developer/Xcode/DerivedData/TradeFly-cjeitwgqikminlegqmjwowkwbezn/SourcePackages/checkouts/supabase-swift/Sources/Helpers/HTTP/HTTPResponse.swift (in target 'Helpers' from project 'Supabase')
    cd /Users/rioallen/Documents/DropFly-OS-App-Builder/DropFly-PROJECTS/TradeFly-iOS/TradeFly.xcodeproj
    

SwiftCompile normal arm64 Compiling\ AnyJSON+Codable.swift,\ AnyJSON.swift /Users/rioallen/Library/Developer/Xcode/DerivedData/TradeFly-cjeitwgqikminlegqmjwowkwbezn/SourcePackages/checkouts/supabase-swift/Sources/Helpers/AnyJSON/AnyJSON+Codable.swift /Users/rioallen/Library/Developer/Xcode/DerivedData/TradeFly-cjeitwgqikminlegqmjwowkwbezn/SourcePackages/checkouts/supabase-swift/Sources/Helpers/AnyJSON/AnyJSON.swift (in target 'Helpers' from project 'Supabase')

SwiftCompile normal arm64 /Users/rioallen/Library/Developer/Xcode/DerivedData/TradeFly-cjeitwgqikminlegqmjwowkwbezn/SourcePackages/checkouts/supabase-swift/Sources/Helpers/AnyJSON/AnyJSON+Codable.swift (in target 'Helpers' from project 'Supabase')
    cd /Users/rioallen/Documents/DropFly-OS-App-Builder/DropFly-PROJECTS/TradeFly-iOS/TradeFly.xcodeproj
    

SwiftCompile normal arm64 /Users/rioallen/Library/Developer/Xcode/DerivedData/TradeFly-cjeitwgqikminlegqmjwowkwbezn/SourcePackages/checkouts/supabase-swift/Sources/Helpers/AnyJSON/AnyJSON.swift (in target 'Helpers' from project 'Supabase')
    cd /Users/rioallen/Documents/DropFly-OS-App-Builder/DropFly-PROJECTS/TradeFly-iOS/TradeFly.xcodeproj
    

SwiftCompile normal arm64 Compiling\ Codable.swift,\ DateFormatter.swift /Users/rioallen/Library/Developer/Xcode/DerivedData/TradeFly-cjeitwgqikminlegqmjwowkwbezn/SourcePackages/checkouts/supabase-swift/Sources/Helpers/Codable.swift /Users/rioallen/Library/Developer/Xcode/DerivedData/TradeFly-cjeitwgqikminlegqmjwowkwbezn/SourcePackages/checkouts/supabase-swift/Sources/Helpers/DateFormatter.swift (in target 'Helpers' from project 'Supabase')

SwiftCompile normal arm64 /Users/rioallen/Library/Developer/Xcode/DerivedData/TradeFly-cjeitwgqikminlegqmjwowkwbezn/SourcePackages/checkouts/supabase-swift/Sources/Helpers/Codable.swift (in target 'Helpers' from project 'Supabase')
    cd /Users/rioallen/Documents/DropFly-OS-App-Builder/DropFly-PROJECTS/TradeFly-iOS/TradeFly.xcodeproj
    

SwiftCompile normal arm64 /Users/rioallen/Library/Developer/Xcode/DerivedData/TradeFly-cjeitwgqikminlegqmjwowkwbezn/SourcePackages/checkouts/supabase-swift/Sources/Helpers/DateFormatter.swift (in target 'Helpers' from project 'Supabase')
    cd /Users/rioallen/Documents/DropFly-OS-App-Builder/DropFly-PROJECTS/TradeFly-iOS/TradeFly.xcodeproj
    

SwiftCompile normal arm64 Compiling\ HTTPClient.swift,\ HTTPFields.swift /Users/rioallen/Library/Developer/Xcode/DerivedData/TradeFly-cjeitwgqikminlegqmjwowkwbezn/SourcePackages/checkouts/supabase-swift/Sources/Helpers/HTTP/HTTPClient.swift /Users/rioallen/Library/Developer/Xcode/DerivedData/TradeFly-cjeitwgqikminlegqmjwowkwbezn/SourcePackages/checkouts/supabase-swift/Sources/Helpers/HTTP/HTTPFields.swift (in target 'Helpers' from project 'Supabase')

SwiftCompile normal arm64 /Users/rioallen/Library/Developer/Xcode/DerivedData/TradeFly-cjeitwgqikminlegqmjwowkwbezn/SourcePackages/checkouts/supabase-swift/Sources/Helpers/HTTP/HTTPClient.swift (in target 'Helpers' from project 'Supabase')
    cd /Users/rioallen/Documents/DropFly-OS-App-Builder/DropFly-PROJECTS/TradeFly-iOS/TradeFly.xcodeproj
    

SwiftCompile normal arm64 /Users/rioallen/Library/Developer/Xcode/DerivedData/TradeFly-cjeitwgqikminlegqmjwowkwbezn/SourcePackages/checkouts/supabase-swift/Sources/Helpers/HTTP/HTTPFields.swift (in target 'Helpers' from project 'Supabase')
    cd /Users/rioallen/Documents/DropFly-OS-App-Builder/DropFly-PROJECTS/TradeFly-iOS/TradeFly.xcodeproj
    

SwiftCompile normal arm64 Compiling\ LoggerInterceptor.swift,\ RetryRequestInterceptor.swift /Users/rioallen/Library/Developer/Xcode/DerivedData/TradeFly-cjeitwgqikminlegqmjwowkwbezn/SourcePackages/checkouts/supabase-swift/Sources/Helpers/HTTP/LoggerInterceptor.swift /Users/rioallen/Library/Developer/Xcode/DerivedData/TradeFly-cjeitwgqikminlegqmjwowkwbezn/SourcePackages/checkouts/supabase-swift/Sources/Helpers/HTTP/RetryRequestInterceptor.swift (in target 'Helpers' from project 'Supabase')
SwiftCompile normal arm64 /Users/rioallen/Library/Developer/Xcode/DerivedData/TradeFly-cjeitwgqikminlegqmjwowkwbezn/SourcePackages/checkouts/supabase-swift/Sources/Helpers/HTTP/LoggerInterceptor.swift (in target 'Helpers' from project 'Supabase')
    cd /Users/rioallen/Documents/DropFly-OS-App-Builder/DropFly-PROJECTS/TradeFly-iOS/TradeFly.xcodeproj
    

SwiftCompile normal arm64 /Users/rioallen/Library/Developer/Xcode/DerivedData/TradeFly-cjeitwgqikminlegqmjwowkwbezn/SourcePackages/checkouts/supabase-swift/Sources/Helpers/HTTP/RetryRequestInterceptor.swift (in target 'Helpers' from project 'Supabase')
    cd /Users/rioallen/Documents/DropFly-OS-App-Builder/DropFly-PROJECTS/TradeFly-iOS/TradeFly.xcodeproj
    

SwiftCompile normal arm64 Compiling\ HTTPError.swift /Users/rioallen/Library/Developer/Xcode/DerivedData/TradeFly-cjeitwgqikminlegqmjwowkwbezn/SourcePackages/checkouts/supabase-swift/Sources/Helpers/SharedModels/HTTPError.swift (in target 'Helpers' from project 'Supabase')

SwiftCompile normal arm64 /Users/rioallen/Library/Developer/Xcode/DerivedData/TradeFly-cjeitwgqikminlegqmjwowkwbezn/SourcePackages/checkouts/supabase-swift/Sources/Helpers/SharedModels/HTTPError.swift (in target 'Helpers' from project 'Supabase')
    cd /Users/rioallen/Documents/DropFly-OS-App-Builder/DropFly-PROJECTS/TradeFly-iOS/TradeFly.xcodeproj
    

SwiftCompile normal arm64 Compiling\ Task+withTimeout.swift /Users/rioallen/Library/Developer/Xcode/DerivedData/TradeFly-cjeitwgqikminlegqmjwowkwbezn/SourcePackages/checkouts/supabase-swift/Sources/Helpers/Task+withTimeout.swift (in target 'Helpers' from project 'Supabase')

SwiftCompile normal arm64 /Users/rioallen/Library/Developer/Xcode/DerivedData/TradeFly-cjeitwgqikminlegqmjwowkwbezn/SourcePackages/checkouts/supabase-swift/Sources/Helpers/Task+withTimeout.swift (in target 'Helpers' from project 'Supabase')
    cd /Users/rioallen/Documents/DropFly-OS-App-Builder/DropFly-PROJECTS/TradeFly-iOS/TradeFly.xcodeproj
    

SwiftCompile normal arm64 Compiling\ TaskLocalHelpers.swift /Users/rioallen/Library/Developer/Xcode/DerivedData/TradeFly-cjeitwgqikminlegqmjwowkwbezn/SourcePackages/checkouts/supabase-swift/Sources/Helpers/TaskLocalHelpers.swift (in target 'Helpers' from project 'Supabase')

SwiftCompile normal arm64 /Users/rioallen/Library/Developer/Xcode/DerivedData/TradeFly-cjeitwgqikminlegqmjwowkwbezn/SourcePackages/checkouts/supabase-swift/Sources/Helpers/TaskLocalHelpers.swift (in target 'Helpers' from project 'Supabase')
    cd /Users/rioallen/Documents/DropFly-OS-App-Builder/DropFly-PROJECTS/TradeFly-iOS/TradeFly.xcodeproj
    

SwiftCompile normal arm64 Compiling\ Version.swift /Users/rioallen/Library/Developer/Xcode/DerivedData/TradeFly-cjeitwgqikminlegqmjwowkwbezn/SourcePackages/checkouts/supabase-swift/Sources/Helpers/Version.swift (in target 'Helpers' from project 'Supabase')

SwiftCompile normal arm64 /Users/rioallen/Library/Developer/Xcode/DerivedData/TradeFly-cjeitwgqikminlegqmjwowkwbezn/SourcePackages/checkouts/supabase-swift/Sources/Helpers/Version.swift (in target 'Helpers' from project 'Supabase')
    cd /Users/rioallen/Documents/DropFly-OS-App-Builder/DropFly-PROJECTS/TradeFly-iOS/TradeFly.xcodeproj
    

SwiftCompile normal arm64 Compiling\ JWT.swift,\ OSLogSupabaseLogger.swift /Users/rioallen/Library/Developer/Xcode/DerivedData/TradeFly-cjeitwgqikminlegqmjwowkwbezn/SourcePackages/checkouts/supabase-swift/Sources/Helpers/JWT.swift /Users/rioallen/Library/Developer/Xcode/DerivedData/TradeFly-cjeitwgqikminlegqmjwowkwbezn/SourcePackages/checkouts/supabase-swift/Sources/Helpers/Logger/OSLogSupabaseLogger.swift (in target 'Helpers' from project 'Supabase')

SwiftCompile normal arm64 /Users/rioallen/Library/Developer/Xcode/DerivedData/TradeFly-cjeitwgqikminlegqmjwowkwbezn/SourcePackages/checkouts/supabase-swift/Sources/Helpers/JWT.swift (in target 'Helpers' from project 'Supabase')
    cd /Users/rioallen/Documents/DropFly-OS-App-Builder/DropFly-PROJECTS/TradeFly-iOS/TradeFly.xcodeproj
    

SwiftCompile normal arm64 /Users/rioallen/Library/Developer/Xcode/DerivedData/TradeFly-cjeitwgqikminlegqmjwowkwbezn/SourcePackages/checkouts/supabase-swift/Sources/Helpers/Logger/OSLogSupabaseLogger.swift (in target 'Helpers' from project 'Supabase')
    cd /Users/rioallen/Documents/DropFly-OS-App-Builder/DropFly-PROJECTS/TradeFly-iOS/TradeFly.xcodeproj
    

SwiftCompile normal arm64 Compiling\ EventEmitter.swift,\ FoundationExtensions.swift /Users/rioallen/Library/Developer/Xcode/DerivedData/TradeFly-cjeitwgqikminlegqmjwowkwbezn/SourcePackages/checkouts/supabase-swift/Sources/Helpers/EventEmitter.swift /Users/rioallen/Library/Developer/Xcode/DerivedData/TradeFly-cjeitwgqikminlegqmjwowkwbezn/SourcePackages/checkouts/supabase-swift/Sources/Helpers/FoundationExtensions.swift (in target 'Helpers' from project 'Supabase')

SwiftCompile normal arm64 /Users/rioallen/Library/Developer/Xcode/DerivedData/TradeFly-cjeitwgqikminlegqmjwowkwbezn/SourcePackages/checkouts/supabase-swift/Sources/Helpers/EventEmitter.swift (in target 'Helpers' from project 'Supabase')
    cd /Users/rioallen/Documents/DropFly-OS-App-Builder/DropFly-PROJECTS/TradeFly-iOS/TradeFly.xcodeproj
    

SwiftCompile normal arm64 /Users/rioallen/Library/Developer/Xcode/DerivedData/TradeFly-cjeitwgqikminlegqmjwowkwbezn/SourcePackages/checkouts/supabase-swift/Sources/Helpers/FoundationExtensions.swift (in target 'Helpers' from project 'Supabase')
    cd /Users/rioallen/Documents/DropFly-OS-App-Builder/DropFly-PROJECTS/TradeFly-iOS/TradeFly.xcodeproj
    

SwiftCompile normal arm64 Compiling\ _Clock.swift /Users/rioallen/Library/Developer/Xcode/DerivedData/TradeFly-cjeitwgqikminlegqmjwowkwbezn/SourcePackages/checkouts/supabase-swift/Sources/Helpers/_Clock.swift (in target 'Helpers' from project 'Supabase')

SwiftCompile normal arm64 /Users/rioallen/Library/Developer/Xcode/DerivedData/TradeFly-cjeitwgqikminlegqmjwowkwbezn/SourcePackages/checkouts/supabase-swift/Sources/Helpers/_Clock.swift (in target 'Helpers' from project 'Supabase')
    cd /Users/rioallen/Documents/DropFly-OS-App-Builder/DropFly-PROJECTS/TradeFly-iOS/TradeFly.xcodeproj
    

SwiftCompile normal arm64 Compiling\ SupabaseLogger.swift /Users/rioallen/Library/Developer/Xcode/DerivedData/TradeFly-cjeitwgqikminlegqmjwowkwbezn/SourcePackages/checkouts/supabase-swift/Sources/Helpers/Logger/SupabaseLogger.swift (in target 'Helpers' from project 'Supabase')

SwiftCompile normal arm64 /Users/rioallen/Library/Developer/Xcode/DerivedData/TradeFly-cjeitwgqikminlegqmjwowkwbezn/SourcePackages/checkouts/supabase-swift/Sources/Helpers/Logger/SupabaseLogger.swift (in target 'Helpers' from project 'Supabase')
    cd /Users/rioallen/Documents/DropFly-OS-App-Builder/DropFly-PROJECTS/TradeFly-iOS/TradeFly.xcodeproj
    

SwiftCompile normal arm64 Compiling\ PostgrestError.swift /Users/rioallen/Library/Developer/Xcode/DerivedData/TradeFly-cjeitwgqikminlegqmjwowkwbezn/SourcePackages/checkouts/supabase-swift/Sources/Helpers/SharedModels/PostgrestError.swift (in target 'Helpers' from project 'Supabase')

SwiftCompile normal arm64 /Users/rioallen/Library/Developer/Xcode/DerivedData/TradeFly-cjeitwgqikminlegqmjwowkwbezn/SourcePackages/checkouts/supabase-swift/Sources/Helpers/SharedModels/PostgrestError.swift (in target 'Helpers' from project 'Supabase')
    cd /Users/rioallen/Documents/DropFly-OS-App-Builder/DropFly-PROJECTS/TradeFly-iOS/TradeFly.xcodeproj
    

SwiftEmitModule normal arm64 Emitting\ module\ for\ Helpers (in target 'Helpers' from project 'Supabase')

EmitSwiftModule normal arm64 (in target 'Helpers' from project 'Supabase')
    cd /Users/rioallen/Documents/DropFly-OS-App-Builder/DropFly-PROJECTS/TradeFly-iOS/TradeFly.xcodeproj
    

SwiftCompile normal arm64 Compiling\ URLSession+AsyncAwait.swift /Users/rioallen/Library/Developer/Xcode/DerivedData/TradeFly-cjeitwgqikminlegqmjwowkwbezn/SourcePackages/checkouts/supabase-swift/Sources/Helpers/URLSession+AsyncAwait.swift (in target 'Helpers' from project 'Supabase')

SwiftCompile normal arm64 /Users/rioallen/Library/Developer/Xcode/DerivedData/TradeFly-cjeitwgqikminlegqmjwowkwbezn/SourcePackages/checkouts/supabase-swift/Sources/Helpers/URLSession+AsyncAwait.swift (in target 'Helpers' from project 'Supabase')
    cd /Users/rioallen/Documents/DropFly-OS-App-Builder/DropFly-PROJECTS/TradeFly-iOS/TradeFly.xcodeproj
    

SwiftDriverJobDiscovery normal arm64 Compiling Version.swift (in target 'Helpers' from project 'Supabase')

SwiftDriverJobDiscovery normal arm64 Compiling TaskLocalHelpers.swift (in target 'Helpers' from project 'Supabase')

SwiftDriverJobDiscovery normal arm64 Compiling HTTPError.swift (in target 'Helpers' from project 'Supabase')

SwiftDriverJobDiscovery normal arm64 Compiling _Clock.swift (in target 'Helpers' from project 'Supabase')

SwiftDriverJobDiscovery normal arm64 Compiling PostgrestError.swift (in target 'Helpers' from project 'Supabase')

SwiftDriverJobDiscovery normal arm64 Compiling Task+withTimeout.swift (in target 'Helpers' from project 'Supabase')

RegisterExecutionPolicyException /Users/rioallen/Library/Developer/Xcode/DerivedData/TradeFly-cjeitwgqikminlegqmjwowkwbezn/Build/Products/Debug-iphonesimulator/Clocks.o (in target 'Clocks' from project 'swift-clocks')
    cd /Users/rioallen/Library/Developer/Xcode/DerivedData/TradeFly-cjeitwgqikminlegqmjwowkwbezn/SourcePackages/checkouts/swift-clocks
    builtin-RegisterExecutionPolicyException /Users/rioallen/Library/Developer/Xcode/DerivedData/TradeFly-cjeitwgqikminlegqmjwowkwbezn/Build/Products/Debug-iphonesimulator/Clocks.o

SwiftDriverJobDiscovery normal arm64 Compiling Codable.swift, DateFormatter.swift (in target 'Helpers' from project 'Supabase')

SwiftDriverJobDiscovery normal arm64 Compiling HTTPClient.swift, HTTPFields.swift (in target 'Helpers' from project 'Supabase')

SwiftDriverJobDiscovery normal arm64 Compiling HTTPRequest.swift, HTTPResponse.swift (in target 'Helpers' from project 'Supabase')

SwiftDriverJobDiscovery normal arm64 Compiling URLSession+AsyncAwait.swift (in target 'Helpers' from project 'Supabase')

SwiftDriverJobDiscovery normal arm64 Compiling EventEmitter.swift, FoundationExtensions.swift (in target 'Helpers' from project 'Supabase')

SwiftDriverJobDiscovery normal arm64 Compiling AnyJSON+Codable.swift, AnyJSON.swift (in target 'Helpers' from project 'Supabase')

SwiftDriverJobDiscovery normal arm64 Compiling JWT.swift, OSLogSupabaseLogger.swift (in target 'Helpers' from project 'Supabase')

SwiftDriverJobDiscovery normal arm64 Compiling AsyncValueSubject.swift, Base64URL.swift (in target 'Helpers' from project 'Supabase')

SwiftDriverJobDiscovery normal arm64 Compiling SupabaseLogger.swift (in target 'Helpers' from project 'Supabase')

SwiftDriverJobDiscovery normal arm64 Emitting module for Helpers (in target 'Helpers' from project 'Supabase')

SwiftDriver\ Compilation\ Requirements Helpers normal arm64 com.apple.xcode.tools.swift.compiler (in target 'Helpers' from project 'Supabase')
    cd /Users/rioallen/Documents/DropFly-OS-App-Builder/DropFly-PROJECTS/TradeFly-iOS/TradeFly.xcodeproj
    builtin-Swift-Compilation-Requirements -- /Applications/Xcode.app/Contents/Developer/Toolchains/XcodeDefault.xctoolchain/usr/bin/swiftc -module-name Helpers -Onone -enforce-exclusivity\=checked @/Users/rioallen/Library/Developer/Xcode/DerivedData/TradeFly-cjeitwgqikminlegqmjwowkwbezn/Build/Intermediates.noindex/Supabase.build/Debug-iphonesimulator/Helpers.build/Objects-normal/arm64/Helpers.SwiftFileList -DSWIFT_PACKAGE -DDEBUG -DSWIFT_MODULE_RESOURCE_BUNDLE_UNAVAILABLE -DXcode -enable-upcoming-feature ExistentialAny -enable-experimental-feature StrictConcurrency -plugin-path /Applications/Xcode.app/Contents/Developer/Toolchains/XcodeDefault.xctoolchain/usr/lib/swift/host/plugins/testing -enable-experimental-feature DebugDescriptionMacro -sdk /Applications/Xcode.app/Contents/Developer/Platforms/iPhoneSimulator.platform/Developer/SDKs/iPhoneSimulator26.1.sdk -target arm64-apple-ios13.0-simulator -g -module-cache-path /Users/rioallen/Library/Developer/Xcode/DerivedData/ModuleCache.noindex -Xfrontend -serialize-debugging-options -enable-testing -suppress-warnings -index-store-path /Users/rioallen/Library/Developer/Xcode/DerivedData/TradeFly-cjeitwgqikminlegqmjwowkwbezn/Index.noindex/DataStore -Xcc -D_LIBCPP_HARDENING_MODE\=_LIBCPP_HARDENING_MODE_DEBUG -swift-version 5 -I /Users/rioallen/Library/Developer/Xcode/DerivedData/TradeFly-cjeitwgqikminlegqmjwowkwbezn/Build/Products/Debug-iphonesimulator -Isystem /Applications/Xcode.app/Contents/Developer/Platforms/iPhoneSimulator.platform/Developer/usr/lib -F /Users/rioallen/Library/Developer/Xcode/DerivedData/TradeFly-cjeitwgqikminlegqmjwowkwbezn/Build/Products/Debug-iphonesimulator/PackageFrameworks -F /Users/rioallen/Library/Developer/Xcode/DerivedData/TradeFly-cjeitwgqikminlegqmjwowkwbezn/Build/Products/Debug-iphonesimulator/PackageFrameworks -F /Users/rioallen/Library/Developer/Xcode/DerivedData/TradeFly-cjeitwgqikminlegqmjwowkwbezn/Build/Products/Debug-iphonesimulator/PackageFrameworks -F /Users/rioallen/Library/Developer/Xcode/DerivedData/TradeFly-cjeitwgqikminlegqmjwowkwbezn/Build/Products/Debug-iphonesimulator/PackageFrameworks -F /Users/rioallen/Library/Developer/Xcode/DerivedData/TradeFly-cjeitwgqikminlegqmjwowkwbezn/Build/Products/Debug-iphonesimulator/PackageFrameworks -F /Users/rioallen/Library/Developer/Xcode/DerivedData/TradeFly-cjeitwgqikminlegqmjwowkwbezn/Build/Products/Debug-iphonesimulator/PackageFrameworks -F /Users/rioallen/Library/Developer/Xcode/DerivedData/TradeFly-cjeitwgqikminlegqmjwowkwbezn/Build/Products/Debug-iphonesimulator -F /Applications/Xcode.app/Contents/Developer/Platforms/iPhoneSimulator.platform/Developer/Library/Frameworks -F /Applications/Xcode.app/Contents/Developer/Platforms/iPhoneSimulator.platform/Developer/SDKs/iPhoneSimulator26.1.sdk/Developer/Library/Frameworks -c -j16 -enable-batch-mode -incremental -Xcc -ivfsstatcache -Xcc /Users/rioallen/Library/Developer/Xcode/DerivedData/SDKStatCaches.noindex/iphonesimulator26.1-23B77-90cf18a4295e390e64c810bc6bd7acbc.sdkstatcache -output-file-map /Users/rioallen/Library/Developer/Xcode/DerivedData/TradeFly-cjeitwgqikminlegqmjwowkwbezn/Build/Intermediates.noindex/Supabase.build/Debug-iphonesimulator/Helpers.build/Objects-normal/arm64/Helpers-OutputFileMap.json -use-frontend-parseable-output -save-temps -no-color-diagnostics -explicit-module-build -module-cache-path /Users/rioallen/Library/Developer/Xcode/DerivedData/TradeFly-cjeitwgqikminlegqmjwowkwbezn/Build/Intermediates.noindex/SwiftExplicitPrecompiledModules -clang-scanner-module-cache-path /Users/rioallen/Library/Developer/Xcode/DerivedData/ModuleCache.noindex -sdk-module-cache-path /Users/rioallen/Library/Developer/Xcode/DerivedData/ModuleCache.noindex -serialize-diagnostics -emit-dependencies -emit-module -emit-module-path /Users/rioallen/Library/Developer/Xcode/DerivedData/TradeFly-cjeitwgqikminlegqmjwowkwbezn/Build/Intermediates.noindex/Supabase.build/Debug-iphonesimulator/Helpers.build/Objects-normal/arm64/Helpers.swiftmodule -validate-clang-modules-once -clang-build-session-file /Users/rioallen/Library/Developer/Xcode/DerivedData/ModuleCache.noindex/Session.modulevalidation -package-name supabase_swift -Xcc -I/Users/rioallen/Library/Developer/Xcode/DerivedData/TradeFly-cjeitwgqikminlegqmjwowkwbezn/Build/Intermediates.noindex/Supabase.build/Debug-iphonesimulator/Helpers.build/swift-overrides.hmap -emit-const-values -Xfrontend -const-gather-protocols-file -Xfrontend /Users/rioallen/Library/Developer/Xcode/DerivedData/TradeFly-cjeitwgqikminlegqmjwowkwbezn/Build/Intermediates.noindex/Supabase.build/Debug-iphonesimulator/Helpers.build/Objects-normal/arm64/Helpers_const_extract_protocols.json -Xcc -I/Users/rioallen/Library/Developer/Xcode/DerivedData/TradeFly-cjeitwgqikminlegqmjwowkwbezn/Build/Products/Debug-iphonesimulator/include -Xcc -I/Users/rioallen/Library/Developer/Xcode/DerivedData/TradeFly-cjeitwgqikminlegqmjwowkwbezn/Build/Intermediates.noindex/Supabase.build/Debug-iphonesimulator/Helpers.build/DerivedSources-normal/arm64 -Xcc -I/Users/rioallen/Library/Developer/Xcode/DerivedData/TradeFly-cjeitwgqikminlegqmjwowkwbezn/Build/Intermediates.noindex/Supabase.build/Debug-iphonesimulator/Helpers.build/DerivedSources/arm64 -Xcc -I/Users/rioallen/Library/Developer/Xcode/DerivedData/TradeFly-cjeitwgqikminlegqmjwowkwbezn/Build/Intermediates.noindex/Supabase.build/Debug-iphonesimulator/Helpers.build/DerivedSources -Xcc -DSWIFT_PACKAGE -Xcc -DDEBUG\=1 -emit-objc-header -emit-objc-header-path /Users/rioallen/Library/Developer/Xcode/DerivedData/TradeFly-cjeitwgqikminlegqmjwowkwbezn/Build/Intermediates.noindex/Supabase.build/Debug-iphonesimulator/Helpers.build/Objects-normal/arm64/Helpers-Swift.h -working-directory /Users/rioallen/Documents/DropFly-OS-App-Builder/DropFly-PROJECTS/TradeFly-iOS/TradeFly.xcodeproj -experimental-emit-module-separately -disable-cmo

SwiftMergeGeneratedHeaders /Users/rioallen/Library/Developer/Xcode/DerivedData/TradeFly-cjeitwgqikminlegqmjwowkwbezn/Build/Intermediates.noindex/GeneratedModuleMaps-iphonesimulator/Helpers-Swift.h /Users/rioallen/Library/Developer/Xcode/DerivedData/TradeFly-cjeitwgqikminlegqmjwowkwbezn/Build/Intermediates.noindex/Supabase.build/Debug-iphonesimulator/Helpers.build/Objects-normal/arm64/Helpers-Swift.h (in target 'Helpers' from project 'Supabase')
    cd /Users/rioallen/Library/Developer/Xcode/DerivedData/TradeFly-cjeitwgqikminlegqmjwowkwbezn/SourcePackages/checkouts/supabase-swift
    builtin-swiftHeaderTool -arch arm64 /Users/rioallen/Library/Developer/Xcode/DerivedData/TradeFly-cjeitwgqikminlegqmjwowkwbezn/Build/Intermediates.noindex/Supabase.build/Debug-iphonesimulator/Helpers.build/Objects-normal/arm64/Helpers-Swift.h -o /Users/rioallen/Library/Developer/Xcode/DerivedData/TradeFly-cjeitwgqikminlegqmjwowkwbezn/Build/Intermediates.noindex/GeneratedModuleMaps-iphonesimulator/Helpers-Swift.h

Copy /Users/rioallen/Library/Developer/Xcode/DerivedData/TradeFly-cjeitwgqikminlegqmjwowkwbezn/Build/Products/Debug-iphonesimulator/Helpers.swiftmodule/arm64-apple-ios-simulator.abi.json /Users/rioallen/Library/Developer/Xcode/DerivedData/TradeFly-cjeitwgqikminlegqmjwowkwbezn/Build/Intermediates.noindex/Supabase.build/Debug-iphonesimulator/Helpers.build/Objects-normal/arm64/Helpers.abi.json (in target 'Helpers' from project 'Supabase')
    cd /Users/rioallen/Library/Developer/Xcode/DerivedData/TradeFly-cjeitwgqikminlegqmjwowkwbezn/SourcePackages/checkouts/supabase-swift
    builtin-copy -exclude .DS_Store -exclude CVS -exclude .svn -exclude .git -exclude .hg -resolve-src-symlinks -rename /Users/rioallen/Library/Developer/Xcode/DerivedData/TradeFly-cjeitwgqikminlegqmjwowkwbezn/Build/Intermediates.noindex/Supabase.build/Debug-iphonesimulator/Helpers.build/Objects-normal/arm64/Helpers.abi.json /Users/rioallen/Library/Developer/Xcode/DerivedData/TradeFly-cjeitwgqikminlegqmjwowkwbezn/Build/Products/Debug-iphonesimulator/Helpers.swiftmodule/arm64-apple-ios-simulator.abi.json

Copy /Users/rioallen/Library/Developer/Xcode/DerivedData/TradeFly-cjeitwgqikminlegqmjwowkwbezn/Build/Products/Debug-iphonesimulator/Helpers.swiftmodule/arm64-apple-ios-simulator.swiftdoc /Users/rioallen/Library/Developer/Xcode/DerivedData/TradeFly-cjeitwgqikminlegqmjwowkwbezn/Build/Intermediates.noindex/Supabase.build/Debug-iphonesimulator/Helpers.build/Objects-normal/arm64/Helpers.swiftdoc (in target 'Helpers' from project 'Supabase')
    cd /Users/rioallen/Library/Developer/Xcode/DerivedData/TradeFly-cjeitwgqikminlegqmjwowkwbezn/SourcePackages/checkouts/supabase-swift
    builtin-copy -exclude .DS_Store -exclude CVS -exclude .svn -exclude .git -exclude .hg -resolve-src-symlinks -rename /Users/rioallen/Library/Developer/Xcode/DerivedData/TradeFly-cjeitwgqikminlegqmjwowkwbezn/Build/Intermediates.noindex/Supabase.build/Debug-iphonesimulator/Helpers.build/Objects-normal/arm64/Helpers.swiftdoc /Users/rioallen/Library/Developer/Xcode/DerivedData/TradeFly-cjeitwgqikminlegqmjwowkwbezn/Build/Products/Debug-iphonesimulator/Helpers.swiftmodule/arm64-apple-ios-simulator.swiftdoc

Copy /Users/rioallen/Library/Developer/Xcode/DerivedData/TradeFly-cjeitwgqikminlegqmjwowkwbezn/Build/Products/Debug-iphonesimulator/Helpers.swiftmodule/arm64-apple-ios-simulator.swiftmodule /Users/rioallen/Library/Developer/Xcode/DerivedData/TradeFly-cjeitwgqikminlegqmjwowkwbezn/Build/Intermediates.noindex/Supabase.build/Debug-iphonesimulator/Helpers.build/Objects-normal/arm64/Helpers.swiftmodule (in target 'Helpers' from project 'Supabase')
    cd /Users/rioallen/Library/Developer/Xcode/DerivedData/TradeFly-cjeitwgqikminlegqmjwowkwbezn/SourcePackages/checkouts/supabase-swift
    builtin-copy -exclude .DS_Store -exclude CVS -exclude .svn -exclude .git -exclude .hg -resolve-src-symlinks -rename /Users/rioallen/Library/Developer/Xcode/DerivedData/TradeFly-cjeitwgqikminlegqmjwowkwbezn/Build/Intermediates.noindex/Supabase.build/Debug-iphonesimulator/Helpers.build/Objects-normal/arm64/Helpers.swiftmodule /Users/rioallen/Library/Developer/Xcode/DerivedData/TradeFly-cjeitwgqikminlegqmjwowkwbezn/Build/Products/Debug-iphonesimulator/Helpers.swiftmodule/arm64-apple-ios-simulator.swiftmodule

Copy /Users/rioallen/Library/Developer/Xcode/DerivedData/TradeFly-cjeitwgqikminlegqmjwowkwbezn/Build/Products/Debug-iphonesimulator/Helpers.swiftmodule/Project/arm64-apple-ios-simulator.swiftsourceinfo /Users/rioallen/Library/Developer/Xcode/DerivedData/TradeFly-cjeitwgqikminlegqmjwowkwbezn/Build/Intermediates.noindex/Supabase.build/Debug-iphonesimulator/Helpers.build/Objects-normal/arm64/Helpers.swiftsourceinfo (in target 'Helpers' from project 'Supabase')
    cd /Users/rioallen/Library/Developer/Xcode/DerivedData/TradeFly-cjeitwgqikminlegqmjwowkwbezn/SourcePackages/checkouts/supabase-swift
    builtin-copy -exclude .DS_Store -exclude CVS -exclude .svn -exclude .git -exclude .hg -resolve-src-symlinks -rename /Users/rioallen/Library/Developer/Xcode/DerivedData/TradeFly-cjeitwgqikminlegqmjwowkwbezn/Build/Intermediates.noindex/Supabase.build/Debug-iphonesimulator/Helpers.build/Objects-normal/arm64/Helpers.swiftsourceinfo /Users/rioallen/Library/Developer/Xcode/DerivedData/TradeFly-cjeitwgqikminlegqmjwowkwbezn/Build/Products/Debug-iphonesimulator/Helpers.swiftmodule/Project/arm64-apple-ios-simulator.swiftsourceinfo

SwiftDriver Storage normal arm64 com.apple.xcode.tools.swift.compiler (in target 'Storage' from project 'Supabase')
    cd /Users/rioallen/Documents/DropFly-OS-App-Builder/DropFly-PROJECTS/TradeFly-iOS/TradeFly.xcodeproj
    builtin-SwiftDriver -- /Applications/Xcode.app/Contents/Developer/Toolchains/XcodeDefault.xctoolchain/usr/bin/swiftc -module-name Storage -Onone -enforce-exclusivity\=checked @/Users/rioallen/Library/Developer/Xcode/DerivedData/TradeFly-cjeitwgqikminlegqmjwowkwbezn/Build/Intermediates.noindex/Supabase.build/Debug-iphonesimulator/Storage.build/Objects-normal/arm64/Storage.SwiftFileList -DSWIFT_PACKAGE -DDEBUG -DSWIFT_MODULE_RESOURCE_BUNDLE_UNAVAILABLE -DXcode -enable-upcoming-feature ExistentialAny -enable-experimental-feature StrictConcurrency -plugin-path /Applications/Xcode.app/Contents/Developer/Toolchains/XcodeDefault.xctoolchain/usr/lib/swift/host/plugins/testing -enable-experimental-feature DebugDescriptionMacro -sdk /Applications/Xcode.app/Contents/Developer/Platforms/iPhoneSimulator.platform/Developer/SDKs/iPhoneSimulator26.1.sdk -target arm64-apple-ios13.0-simulator -g -module-cache-path /Users/rioallen/Library/Developer/Xcode/DerivedData/ModuleCache.noindex -Xfrontend -serialize-debugging-options -enable-testing -suppress-warnings -index-store-path /Users/rioallen/Library/Developer/Xcode/DerivedData/TradeFly-cjeitwgqikminlegqmjwowkwbezn/Index.noindex/DataStore -Xcc -D_LIBCPP_HARDENING_MODE\=_LIBCPP_HARDENING_MODE_DEBUG -swift-version 5 -I /Users/rioallen/Library/Developer/Xcode/DerivedData/TradeFly-cjeitwgqikminlegqmjwowkwbezn/Build/Products/Debug-iphonesimulator -Isystem /Applications/Xcode.app/Contents/Developer/Platforms/iPhoneSimulator.platform/Developer/usr/lib -F /Users/rioallen/Library/Developer/Xcode/DerivedData/TradeFly-cjeitwgqikminlegqmjwowkwbezn/Build/Products/Debug-iphonesimulator/PackageFrameworks -F /Users/rioallen/Library/Developer/Xcode/DerivedData/TradeFly-cjeitwgqikminlegqmjwowkwbezn/Build/Products/Debug-iphonesimulator/PackageFrameworks -F /Users/rioallen/Library/Developer/Xcode/DerivedData/TradeFly-cjeitwgqikminlegqmjwowkwbezn/Build/Products/Debug-iphonesimulator/PackageFrameworks -F /Users/rioallen/Library/Developer/Xcode/DerivedData/TradeFly-cjeitwgqikminlegqmjwowkwbezn/Build/Products/Debug-iphonesimulator/PackageFrameworks -F /Users/rioallen/Library/Developer/Xcode/DerivedData/TradeFly-cjeitwgqikminlegqmjwowkwbezn/Build/Products/Debug-iphonesimulator/PackageFrameworks -F /Users/rioallen/Library/Developer/Xcode/DerivedData/TradeFly-cjeitwgqikminlegqmjwowkwbezn/Build/Products/Debug-iphonesimulator/PackageFrameworks -F /Users/rioallen/Library/Developer/Xcode/DerivedData/TradeFly-cjeitwgqikminlegqmjwowkwbezn/Build/Products/Debug-iphonesimulator/PackageFrameworks -F /Users/rioallen/Library/Developer/Xcode/DerivedData/TradeFly-cjeitwgqikminlegqmjwowkwbezn/Build/Products/Debug-iphonesimulator -F /Applications/Xcode.app/Contents/Developer/Platforms/iPhoneSimulator.platform/Developer/Library/Frameworks -F /Applications/Xcode.app/Contents/Developer/Platforms/iPhoneSimulator.platform/Developer/SDKs/iPhoneSimulator26.1.sdk/Developer/Library/Frameworks -c -j16 -enable-batch-mode -incremental -Xcc -ivfsstatcache -Xcc /Users/rioallen/Library/Developer/Xcode/DerivedData/SDKStatCaches.noindex/iphonesimulator26.1-23B77-90cf18a4295e390e64c810bc6bd7acbc.sdkstatcache -output-file-map /Users/rioallen/Library/Developer/Xcode/DerivedData/TradeFly-cjeitwgqikminlegqmjwowkwbezn/Build/Intermediates.noindex/Supabase.build/Debug-iphonesimulator/Storage.build/Objects-normal/arm64/Storage-OutputFileMap.json -use-frontend-parseable-output -save-temps -no-color-diagnostics -explicit-module-build -module-cache-path /Users/rioallen/Library/Developer/Xcode/DerivedData/TradeFly-cjeitwgqikminlegqmjwowkwbezn/Build/Intermediates.noindex/SwiftExplicitPrecompiledModules -clang-scanner-module-cache-path /Users/rioallen/Library/Developer/Xcode/DerivedData/ModuleCache.noindex -sdk-module-cache-path /Users/rioallen/Library/Developer/Xcode/DerivedData/ModuleCache.noindex -serialize-diagnostics -emit-dependencies -emit-module -emit-module-path /Users/rioallen/Library/Developer/Xcode/DerivedData/TradeFly-cjeitwgqikminlegqmjwowkwbezn/Build/Intermediates.noindex/Supabase.build/Debug-iphonesimulator/Storage.build/Objects-normal/arm64/Storage.swiftmodule -validate-clang-modules-once -clang-build-session-file /Users/rioallen/Library/Developer/Xcode/DerivedData/ModuleCache.noindex/Session.modulevalidation -package-name supabase_swift -Xcc -I/Users/rioallen/Library/Developer/Xcode/DerivedData/TradeFly-cjeitwgqikminlegqmjwowkwbezn/Build/Intermediates.noindex/Supabase.build/Debug-iphonesimulator/Storage.build/swift-overrides.hmap -emit-const-values -Xfrontend -const-gather-protocols-file -Xfrontend /Users/rioallen/Library/Developer/Xcode/DerivedData/TradeFly-cjeitwgqikminlegqmjwowkwbezn/Build/Intermediates.noindex/Supabase.build/Debug-iphonesimulator/Storage.build/Objects-normal/arm64/Storage_const_extract_protocols.json -Xcc -I/Users/rioallen/Library/Developer/Xcode/DerivedData/TradeFly-cjeitwgqikminlegqmjwowkwbezn/Build/Products/Debug-iphonesimulator/include -Xcc -I/Users/rioallen/Library/Developer/Xcode/DerivedData/TradeFly-cjeitwgqikminlegqmjwowkwbezn/Build/Intermediates.noindex/Supabase.build/Debug-iphonesimulator/Storage.build/DerivedSources-normal/arm64 -Xcc -I/Users/rioallen/Library/Developer/Xcode/DerivedData/TradeFly-cjeitwgqikminlegqmjwowkwbezn/Build/Intermediates.noindex/Supabase.build/Debug-iphonesimulator/Storage.build/DerivedSources/arm64 -Xcc -I/Users/rioallen/Library/Developer/Xcode/DerivedData/TradeFly-cjeitwgqikminlegqmjwowkwbezn/Build/Intermediates.noindex/Supabase.build/Debug-iphonesimulator/Storage.build/DerivedSources -Xcc -DSWIFT_PACKAGE -Xcc -DDEBUG\=1 -emit-objc-header -emit-objc-header-path /Users/rioallen/Library/Developer/Xcode/DerivedData/TradeFly-cjeitwgqikminlegqmjwowkwbezn/Build/Intermediates.noindex/Supabase.build/Debug-iphonesimulator/Storage.build/Objects-normal/arm64/Storage-Swift.h -working-directory /Users/rioallen/Documents/DropFly-OS-App-Builder/DropFly-PROJECTS/TradeFly-iOS/TradeFly.xcodeproj -experimental-emit-module-separately -disable-cmo

SwiftDriver Realtime normal arm64 com.apple.xcode.tools.swift.compiler (in target 'Realtime' from project 'Supabase')
    cd /Users/rioallen/Documents/DropFly-OS-App-Builder/DropFly-PROJECTS/TradeFly-iOS/TradeFly.xcodeproj
    builtin-SwiftDriver -- /Applications/Xcode.app/Contents/Developer/Toolchains/XcodeDefault.xctoolchain/usr/bin/swiftc -module-name Realtime -Onone -enforce-exclusivity\=checked @/Users/rioallen/Library/Developer/Xcode/DerivedData/TradeFly-cjeitwgqikminlegqmjwowkwbezn/Build/Intermediates.noindex/Supabase.build/Debug-iphonesimulator/Realtime.build/Objects-normal/arm64/Realtime.SwiftFileList -DSWIFT_PACKAGE -DDEBUG -DSWIFT_MODULE_RESOURCE_BUNDLE_UNAVAILABLE -DXcode -enable-upcoming-feature ExistentialAny -enable-experimental-feature StrictConcurrency -plugin-path /Applications/Xcode.app/Contents/Developer/Toolchains/XcodeDefault.xctoolchain/usr/lib/swift/host/plugins/testing -enable-experimental-feature DebugDescriptionMacro -sdk /Applications/Xcode.app/Contents/Developer/Platforms/iPhoneSimulator.platform/Developer/SDKs/iPhoneSimulator26.1.sdk -target arm64-apple-ios13.0-simulator -g -module-cache-path /Users/rioallen/Library/Developer/Xcode/DerivedData/ModuleCache.noindex -Xfrontend -serialize-debugging-options -enable-testing -suppress-warnings -index-store-path /Users/rioallen/Library/Developer/Xcode/DerivedData/TradeFly-cjeitwgqikminlegqmjwowkwbezn/Index.noindex/DataStore -Xcc -D_LIBCPP_HARDENING_MODE\=_LIBCPP_HARDENING_MODE_DEBUG -swift-version 5 -I /Users/rioallen/Library/Developer/Xcode/DerivedData/TradeFly-cjeitwgqikminlegqmjwowkwbezn/Build/Products/Debug-iphonesimulator -Isystem /Applications/Xcode.app/Contents/Developer/Platforms/iPhoneSimulator.platform/Developer/usr/lib -F /Users/rioallen/Library/Developer/Xcode/DerivedData/TradeFly-cjeitwgqikminlegqmjwowkwbezn/Build/Products/Debug-iphonesimulator/PackageFrameworks -F /Users/rioallen/Library/Developer/Xcode/DerivedData/TradeFly-cjeitwgqikminlegqmjwowkwbezn/Build/Products/Debug-iphonesimulator/PackageFrameworks -F /Users/rioallen/Library/Developer/Xcode/DerivedData/TradeFly-cjeitwgqikminlegqmjwowkwbezn/Build/Products/Debug-iphonesimulator/PackageFrameworks -F /Users/rioallen/Library/Developer/Xcode/DerivedData/TradeFly-cjeitwgqikminlegqmjwowkwbezn/Build/Products/Debug-iphonesimulator/PackageFrameworks -F /Users/rioallen/Library/Developer/Xcode/DerivedData/TradeFly-cjeitwgqikminlegqmjwowkwbezn/Build/Products/Debug-iphonesimulator/PackageFrameworks -F /Users/rioallen/Library/Developer/Xcode/DerivedData/TradeFly-cjeitwgqikminlegqmjwowkwbezn/Build/Products/Debug-iphonesimulator/PackageFrameworks -F /Users/rioallen/Library/Developer/Xcode/DerivedData/TradeFly-cjeitwgqikminlegqmjwowkwbezn/Build/Products/Debug-iphonesimulator/PackageFrameworks -F /Users/rioallen/Library/Developer/Xcode/DerivedData/TradeFly-cjeitwgqikminlegqmjwowkwbezn/Build/Products/Debug-iphonesimulator -F /Applications/Xcode.app/Contents/Developer/Platforms/iPhoneSimulator.platform/Developer/Library/Frameworks -F /Applications/Xcode.app/Contents/Developer/Platforms/iPhoneSimulator.platform/Developer/SDKs/iPhoneSimulator26.1.sdk/Developer/Library/Frameworks -c -j16 -enable-batch-mode -incremental -Xcc -ivfsstatcache -Xcc /Users/rioallen/Library/Developer/Xcode/DerivedData/SDKStatCaches.noindex/iphonesimulator26.1-23B77-90cf18a4295e390e64c810bc6bd7acbc.sdkstatcache -output-file-map /Users/rioallen/Library/Developer/Xcode/DerivedData/TradeFly-cjeitwgqikminlegqmjwowkwbezn/Build/Intermediates.noindex/Supabase.build/Debug-iphonesimulator/Realtime.build/Objects-normal/arm64/Realtime-OutputFileMap.json -use-frontend-parseable-output -save-temps -no-color-diagnostics -explicit-module-build -module-cache-path /Users/rioallen/Library/Developer/Xcode/DerivedData/TradeFly-cjeitwgqikminlegqmjwowkwbezn/Build/Intermediates.noindex/SwiftExplicitPrecompiledModules -clang-scanner-module-cache-path /Users/rioallen/Library/Developer/Xcode/DerivedData/ModuleCache.noindex -sdk-module-cache-path /Users/rioallen/Library/Developer/Xcode/DerivedData/ModuleCache.noindex -serialize-diagnostics -emit-dependencies -emit-module -emit-module-path /Users/rioallen/Library/Developer/Xcode/DerivedData/TradeFly-cjeitwgqikminlegqmjwowkwbezn/Build/Intermediates.noindex/Supabase.build/Debug-iphonesimulator/Realtime.build/Objects-normal/arm64/Realtime.swiftmodule -validate-clang-modules-once -clang-build-session-file /Users/rioallen/Library/Developer/Xcode/DerivedData/ModuleCache.noindex/Session.modulevalidation -package-name supabase_swift -Xcc -I/Users/rioallen/Library/Developer/Xcode/DerivedData/TradeFly-cjeitwgqikminlegqmjwowkwbezn/Build/Intermediates.noindex/Supabase.build/Debug-iphonesimulator/Realtime.build/swift-overrides.hmap -emit-const-values -Xfrontend -const-gather-protocols-file -Xfrontend /Users/rioallen/Library/Developer/Xcode/DerivedData/TradeFly-cjeitwgqikminlegqmjwowkwbezn/Build/Intermediates.noindex/Supabase.build/Debug-iphonesimulator/Realtime.build/Objects-normal/arm64/Realtime_const_extract_protocols.json -Xcc -I/Users/rioallen/Library/Developer/Xcode/DerivedData/TradeFly-cjeitwgqikminlegqmjwowkwbezn/Build/Products/Debug-iphonesimulator/include -Xcc -I/Users/rioallen/Library/Developer/Xcode/DerivedData/TradeFly-cjeitwgqikminlegqmjwowkwbezn/Build/Intermediates.noindex/Supabase.build/Debug-iphonesimulator/Realtime.build/DerivedSources-normal/arm64 -Xcc -I/Users/rioallen/Library/Developer/Xcode/DerivedData/TradeFly-cjeitwgqikminlegqmjwowkwbezn/Build/Intermediates.noindex/Supabase.build/Debug-iphonesimulator/Realtime.build/DerivedSources/arm64 -Xcc -I/Users/rioallen/Library/Developer/Xcode/DerivedData/TradeFly-cjeitwgqikminlegqmjwowkwbezn/Build/Intermediates.noindex/Supabase.build/Debug-iphonesimulator/Realtime.build/DerivedSources -Xcc -DSWIFT_PACKAGE -Xcc -DDEBUG\=1 -emit-objc-header -emit-objc-header-path /Users/rioallen/Library/Developer/Xcode/DerivedData/TradeFly-cjeitwgqikminlegqmjwowkwbezn/Build/Intermediates.noindex/Supabase.build/Debug-iphonesimulator/Realtime.build/Objects-normal/arm64/Realtime-Swift.h -working-directory /Users/rioallen/Documents/DropFly-OS-App-Builder/DropFly-PROJECTS/TradeFly-iOS/TradeFly.xcodeproj -experimental-emit-module-separately -disable-cmo

SwiftDriver Auth normal arm64 com.apple.xcode.tools.swift.compiler (in target 'Auth' from project 'Supabase')
    cd /Users/rioallen/Documents/DropFly-OS-App-Builder/DropFly-PROJECTS/TradeFly-iOS/TradeFly.xcodeproj
    builtin-SwiftDriver -- /Applications/Xcode.app/Contents/Developer/Toolchains/XcodeDefault.xctoolchain/usr/bin/swiftc -module-name Auth -Onone -enforce-exclusivity\=checked @/Users/rioallen/Library/Developer/Xcode/DerivedData/TradeFly-cjeitwgqikminlegqmjwowkwbezn/Build/Intermediates.noindex/Supabase.build/Debug-iphonesimulator/Auth.build/Objects-normal/arm64/Auth.SwiftFileList -DSWIFT_PACKAGE -DDEBUG -DSWIFT_MODULE_RESOURCE_BUNDLE_UNAVAILABLE -DXcode -enable-upcoming-feature ExistentialAny -enable-experimental-feature StrictConcurrency -plugin-path /Applications/Xcode.app/Contents/Developer/Toolchains/XcodeDefault.xctoolchain/usr/lib/swift/host/plugins/testing -enable-experimental-feature DebugDescriptionMacro -sdk /Applications/Xcode.app/Contents/Developer/Platforms/iPhoneSimulator.platform/Developer/SDKs/iPhoneSimulator26.1.sdk -target arm64-apple-ios13.0-simulator -g -module-cache-path /Users/rioallen/Library/Developer/Xcode/DerivedData/ModuleCache.noindex -Xfrontend -serialize-debugging-options -enable-testing -suppress-warnings -index-store-path /Users/rioallen/Library/Developer/Xcode/DerivedData/TradeFly-cjeitwgqikminlegqmjwowkwbezn/Index.noindex/DataStore -Xcc -D_LIBCPP_HARDENING_MODE\=_LIBCPP_HARDENING_MODE_DEBUG -swift-version 5 -I /Users/rioallen/Library/Developer/Xcode/DerivedData/TradeFly-cjeitwgqikminlegqmjwowkwbezn/Build/Products/Debug-iphonesimulator -Isystem /Applications/Xcode.app/Contents/Developer/Platforms/iPhoneSimulator.platform/Developer/usr/lib -F /Users/rioallen/Library/Developer/Xcode/DerivedData/TradeFly-cjeitwgqikminlegqmjwowkwbezn/Build/Products/Debug-iphonesimulator/PackageFrameworks -F /Users/rioallen/Library/Developer/Xcode/DerivedData/TradeFly-cjeitwgqikminlegqmjwowkwbezn/Build/Products/Debug-iphonesimulator/PackageFrameworks -F /Users/rioallen/Library/Developer/Xcode/DerivedData/TradeFly-cjeitwgqikminlegqmjwowkwbezn/Build/Products/Debug-iphonesimulator/PackageFrameworks -F /Users/rioallen/Library/Developer/Xcode/DerivedData/TradeFly-cjeitwgqikminlegqmjwowkwbezn/Build/Products/Debug-iphonesimulator/PackageFrameworks -F /Users/rioallen/Library/Developer/Xcode/DerivedData/TradeFly-cjeitwgqikminlegqmjwowkwbezn/Build/Products/Debug-iphonesimulator/PackageFrameworks -F /Users/rioallen/Library/Developer/Xcode/DerivedData/TradeFly-cjeitwgqikminlegqmjwowkwbezn/Build/Products/Debug-iphonesimulator/PackageFrameworks -F /Users/rioallen/Library/Developer/Xcode/DerivedData/TradeFly-cjeitwgqikminlegqmjwowkwbezn/Build/Products/Debug-iphonesimulator/PackageFrameworks -F /Users/rioallen/Library/Developer/Xcode/DerivedData/TradeFly-cjeitwgqikminlegqmjwowkwbezn/Build/Products/Debug-iphonesimulator/PackageFrameworks -F /Users/rioallen/Library/Developer/Xcode/DerivedData/TradeFly-cjeitwgqikminlegqmjwowkwbezn/Build/Products/Debug-iphonesimulator -F /Applications/Xcode.app/Contents/Developer/Platforms/iPhoneSimulator.platform/Developer/Library/Frameworks -F /Applications/Xcode.app/Contents/Developer/Platforms/iPhoneSimulator.platform/Developer/SDKs/iPhoneSimulator26.1.sdk/Developer/Library/Frameworks -c -j16 -enable-batch-mode -incremental -Xcc -ivfsstatcache -Xcc /Users/rioallen/Library/Developer/Xcode/DerivedData/SDKStatCaches.noindex/iphonesimulator26.1-23B77-90cf18a4295e390e64c810bc6bd7acbc.sdkstatcache -output-file-map /Users/rioallen/Library/Developer/Xcode/DerivedData/TradeFly-cjeitwgqikminlegqmjwowkwbezn/Build/Intermediates.noindex/Supabase.build/Debug-iphonesimulator/Auth.build/Objects-normal/arm64/Auth-OutputFileMap.json -use-frontend-parseable-output -save-temps -no-color-diagnostics -explicit-module-build -module-cache-path /Users/rioallen/Library/Developer/Xcode/DerivedData/TradeFly-cjeitwgqikminlegqmjwowkwbezn/Build/Intermediates.noindex/SwiftExplicitPrecompiledModules -clang-scanner-module-cache-path /Users/rioallen/Library/Developer/Xcode/DerivedData/ModuleCache.noindex -sdk-module-cache-path /Users/rioallen/Library/Developer/Xcode/DerivedData/ModuleCache.noindex -serialize-diagnostics -emit-dependencies -emit-module -emit-module-path /Users/rioallen/Library/Developer/Xcode/DerivedData/TradeFly-cjeitwgqikminlegqmjwowkwbezn/Build/Intermediates.noindex/Supabase.build/Debug-iphonesimulator/Auth.build/Objects-normal/arm64/Auth.swiftmodule -validate-clang-modules-once -clang-build-session-file /Users/rioallen/Library/Developer/Xcode/DerivedData/ModuleCache.noindex/Session.modulevalidation -package-name supabase_swift -Xcc -I/Users/rioallen/Library/Developer/Xcode/DerivedData/TradeFly-cjeitwgqikminlegqmjwowkwbezn/Build/Intermediates.noindex/Supabase.build/Debug-iphonesimulator/Auth.build/swift-overrides.hmap -emit-const-values -Xfrontend -const-gather-protocols-file -Xfrontend /Users/rioallen/Library/Developer/Xcode/DerivedData/TradeFly-cjeitwgqikminlegqmjwowkwbezn/Build/Intermediates.noindex/Supabase.build/Debug-iphonesimulator/Auth.build/Objects-normal/arm64/Auth_const_extract_protocols.json -Xcc -I/Users/rioallen/Library/Developer/Xcode/DerivedData/TradeFly-cjeitwgqikminlegqmjwowkwbezn/Build/Products/Debug-iphonesimulator/include -Xcc -I/Users/rioallen/Library/Developer/Xcode/DerivedData/TradeFly-cjeitwgqikminlegqmjwowkwbezn/Build/Intermediates.noindex/Supabase.build/Debug-iphonesimulator/Auth.build/DerivedSources-normal/arm64 -Xcc -I/Users/rioallen/Library/Developer/Xcode/DerivedData/TradeFly-cjeitwgqikminlegqmjwowkwbezn/Build/Intermediates.noindex/Supabase.build/Debug-iphonesimulator/Auth.build/DerivedSources/arm64 -Xcc -I/Users/rioallen/Library/Developer/Xcode/DerivedData/TradeFly-cjeitwgqikminlegqmjwowkwbezn/Build/Intermediates.noindex/Supabase.build/Debug-iphonesimulator/Auth.build/DerivedSources -Xcc -DSWIFT_PACKAGE -Xcc -DDEBUG\=1 -emit-objc-header -emit-objc-header-path /Users/rioallen/Library/Developer/Xcode/DerivedData/TradeFly-cjeitwgqikminlegqmjwowkwbezn/Build/Intermediates.noindex/Supabase.build/Debug-iphonesimulator/Auth.build/Objects-normal/arm64/Auth-Swift.h -working-directory /Users/rioallen/Documents/DropFly-OS-App-Builder/DropFly-PROJECTS/TradeFly-iOS/TradeFly.xcodeproj -experimental-emit-module-separately -disable-cmo

SwiftDriver PostgREST normal arm64 com.apple.xcode.tools.swift.compiler (in target 'PostgREST' from project 'Supabase')
    cd /Users/rioallen/Documents/DropFly-OS-App-Builder/DropFly-PROJECTS/TradeFly-iOS/TradeFly.xcodeproj
    builtin-SwiftDriver -- /Applications/Xcode.app/Contents/Developer/Toolchains/XcodeDefault.xctoolchain/usr/bin/swiftc -module-name PostgREST -Onone -enforce-exclusivity\=checked @/Users/rioallen/Library/Developer/Xcode/DerivedData/TradeFly-cjeitwgqikminlegqmjwowkwbezn/Build/Intermediates.noindex/Supabase.build/Debug-iphonesimulator/PostgREST.build/Objects-normal/arm64/PostgREST.SwiftFileList -DSWIFT_PACKAGE -DDEBUG -DSWIFT_MODULE_RESOURCE_BUNDLE_UNAVAILABLE -DXcode -enable-upcoming-feature ExistentialAny -enable-experimental-feature StrictConcurrency -plugin-path /Applications/Xcode.app/Contents/Developer/Toolchains/XcodeDefault.xctoolchain/usr/lib/swift/host/plugins/testing -enable-experimental-feature DebugDescriptionMacro -sdk /Applications/Xcode.app/Contents/Developer/Platforms/iPhoneSimulator.platform/Developer/SDKs/iPhoneSimulator26.1.sdk -target arm64-apple-ios13.0-simulator -g -module-cache-path /Users/rioallen/Library/Developer/Xcode/DerivedData/ModuleCache.noindex -Xfrontend -serialize-debugging-options -enable-testing -suppress-warnings -index-store-path /Users/rioallen/Library/Developer/Xcode/DerivedData/TradeFly-cjeitwgqikminlegqmjwowkwbezn/Index.noindex/DataStore -Xcc -D_LIBCPP_HARDENING_MODE\=_LIBCPP_HARDENING_MODE_DEBUG -swift-version 5 -I /Users/rioallen/Library/Developer/Xcode/DerivedData/TradeFly-cjeitwgqikminlegqmjwowkwbezn/Build/Products/Debug-iphonesimulator -Isystem /Applications/Xcode.app/Contents/Developer/Platforms/iPhoneSimulator.platform/Developer/usr/lib -F /Users/rioallen/Library/Developer/Xcode/DerivedData/TradeFly-cjeitwgqikminlegqmjwowkwbezn/Build/Products/Debug-iphonesimulator/PackageFrameworks -F /Users/rioallen/Library/Developer/Xcode/DerivedData/TradeFly-cjeitwgqikminlegqmjwowkwbezn/Build/Products/Debug-iphonesimulator/PackageFrameworks -F /Users/rioallen/Library/Developer/Xcode/DerivedData/TradeFly-cjeitwgqikminlegqmjwowkwbezn/Build/Products/Debug-iphonesimulator/PackageFrameworks -F /Users/rioallen/Library/Developer/Xcode/DerivedData/TradeFly-cjeitwgqikminlegqmjwowkwbezn/Build/Products/Debug-iphonesimulator/PackageFrameworks -F /Users/rioallen/Library/Developer/Xcode/DerivedData/TradeFly-cjeitwgqikminlegqmjwowkwbezn/Build/Products/Debug-iphonesimulator/PackageFrameworks -F /Users/rioallen/Library/Developer/Xcode/DerivedData/TradeFly-cjeitwgqikminlegqmjwowkwbezn/Build/Products/Debug-iphonesimulator/PackageFrameworks -F /Users/rioallen/Library/Developer/Xcode/DerivedData/TradeFly-cjeitwgqikminlegqmjwowkwbezn/Build/Products/Debug-iphonesimulator/PackageFrameworks -F /Users/rioallen/Library/Developer/Xcode/DerivedData/TradeFly-cjeitwgqikminlegqmjwowkwbezn/Build/Products/Debug-iphonesimulator -F /Applications/Xcode.app/Contents/Developer/Platforms/iPhoneSimulator.platform/Developer/Library/Frameworks -F /Applications/Xcode.app/Contents/Developer/Platforms/iPhoneSimulator.platform/Developer/SDKs/iPhoneSimulator26.1.sdk/Developer/Library/Frameworks -c -j16 -enable-batch-mode -incremental -Xcc -ivfsstatcache -Xcc /Users/rioallen/Library/Developer/Xcode/DerivedData/SDKStatCaches.noindex/iphonesimulator26.1-23B77-90cf18a4295e390e64c810bc6bd7acbc.sdkstatcache -output-file-map /Users/rioallen/Library/Developer/Xcode/DerivedData/TradeFly-cjeitwgqikminlegqmjwowkwbezn/Build/Intermediates.noindex/Supabase.build/Debug-iphonesimulator/PostgREST.build/Objects-normal/arm64/PostgREST-OutputFileMap.json -use-frontend-parseable-output -save-temps -no-color-diagnostics -explicit-module-build -module-cache-path /Users/rioallen/Library/Developer/Xcode/DerivedData/TradeFly-cjeitwgqikminlegqmjwowkwbezn/Build/Intermediates.noindex/SwiftExplicitPrecompiledModules -clang-scanner-module-cache-path /Users/rioallen/Library/Developer/Xcode/DerivedData/ModuleCache.noindex -sdk-module-cache-path /Users/rioallen/Library/Developer/Xcode/DerivedData/ModuleCache.noindex -serialize-diagnostics -emit-dependencies -emit-module -emit-module-path /Users/rioallen/Library/Developer/Xcode/DerivedData/TradeFly-cjeitwgqikminlegqmjwowkwbezn/Build/Intermediates.noindex/Supabase.build/Debug-iphonesimulator/PostgREST.build/Objects-normal/arm64/PostgREST.swiftmodule -validate-clang-modules-once -clang-build-session-file /Users/rioallen/Library/Developer/Xcode/DerivedData/ModuleCache.noindex/Session.modulevalidation -package-name supabase_swift -Xcc -I/Users/rioallen/Library/Developer/Xcode/DerivedData/TradeFly-cjeitwgqikminlegqmjwowkwbezn/Build/Intermediates.noindex/Supabase.build/Debug-iphonesimulator/PostgREST.build/swift-overrides.hmap -emit-const-values -Xfrontend -const-gather-protocols-file -Xfrontend /Users/rioallen/Library/Developer/Xcode/DerivedData/TradeFly-cjeitwgqikminlegqmjwowkwbezn/Build/Intermediates.noindex/Supabase.build/Debug-iphonesimulator/PostgREST.build/Objects-normal/arm64/PostgREST_const_extract_protocols.json -Xcc -I/Users/rioallen/Library/Developer/Xcode/DerivedData/TradeFly-cjeitwgqikminlegqmjwowkwbezn/Build/Products/Debug-iphonesimulator/include -Xcc -I/Users/rioallen/Library/Developer/Xcode/DerivedData/TradeFly-cjeitwgqikminlegqmjwowkwbezn/Build/Intermediates.noindex/Supabase.build/Debug-iphonesimulator/PostgREST.build/DerivedSources-normal/arm64 -Xcc -I/Users/rioallen/Library/Developer/Xcode/DerivedData/TradeFly-cjeitwgqikminlegqmjwowkwbezn/Build/Intermediates.noindex/Supabase.build/Debug-iphonesimulator/PostgREST.build/DerivedSources/arm64 -Xcc -I/Users/rioallen/Library/Developer/Xcode/DerivedData/TradeFly-cjeitwgqikminlegqmjwowkwbezn/Build/Intermediates.noindex/Supabase.build/Debug-iphonesimulator/PostgREST.build/DerivedSources -Xcc -DSWIFT_PACKAGE -Xcc -DDEBUG\=1 -emit-objc-header -emit-objc-header-path /Users/rioallen/Library/Developer/Xcode/DerivedData/TradeFly-cjeitwgqikminlegqmjwowkwbezn/Build/Intermediates.noindex/Supabase.build/Debug-iphonesimulator/PostgREST.build/Objects-normal/arm64/PostgREST-Swift.h -working-directory /Users/rioallen/Documents/DropFly-OS-App-Builder/DropFly-PROJECTS/TradeFly-iOS/TradeFly.xcodeproj -experimental-emit-module-separately -disable-cmo

SwiftDriver Functions normal arm64 com.apple.xcode.tools.swift.compiler (in target 'Functions' from project 'Supabase')
    cd /Users/rioallen/Documents/DropFly-OS-App-Builder/DropFly-PROJECTS/TradeFly-iOS/TradeFly.xcodeproj
    builtin-SwiftDriver -- /Applications/Xcode.app/Contents/Developer/Toolchains/XcodeDefault.xctoolchain/usr/bin/swiftc -module-name Functions -Onone -enforce-exclusivity\=checked @/Users/rioallen/Library/Developer/Xcode/DerivedData/TradeFly-cjeitwgqikminlegqmjwowkwbezn/Build/Intermediates.noindex/Supabase.build/Debug-iphonesimulator/Functions.build/Objects-normal/arm64/Functions.SwiftFileList -DSWIFT_PACKAGE -DDEBUG -DSWIFT_MODULE_RESOURCE_BUNDLE_UNAVAILABLE -DXcode -enable-upcoming-feature ExistentialAny -enable-experimental-feature StrictConcurrency -plugin-path /Applications/Xcode.app/Contents/Developer/Toolchains/XcodeDefault.xctoolchain/usr/lib/swift/host/plugins/testing -enable-experimental-feature DebugDescriptionMacro -sdk /Applications/Xcode.app/Contents/Developer/Platforms/iPhoneSimulator.platform/Developer/SDKs/iPhoneSimulator26.1.sdk -target arm64-apple-ios13.0-simulator -g -module-cache-path /Users/rioallen/Library/Developer/Xcode/DerivedData/ModuleCache.noindex -Xfrontend -serialize-debugging-options -enable-testing -suppress-warnings -index-store-path /Users/rioallen/Library/Developer/Xcode/DerivedData/TradeFly-cjeitwgqikminlegqmjwowkwbezn/Index.noindex/DataStore -Xcc -D_LIBCPP_HARDENING_MODE\=_LIBCPP_HARDENING_MODE_DEBUG -swift-version 5 -I /Users/rioallen/Library/Developer/Xcode/DerivedData/TradeFly-cjeitwgqikminlegqmjwowkwbezn/Build/Products/Debug-iphonesimulator -Isystem /Applications/Xcode.app/Contents/Developer/Platforms/iPhoneSimulator.platform/Developer/usr/lib -F /Users/rioallen/Library/Developer/Xcode/DerivedData/TradeFly-cjeitwgqikminlegqmjwowkwbezn/Build/Products/Debug-iphonesimulator/PackageFrameworks -F /Users/rioallen/Library/Developer/Xcode/DerivedData/TradeFly-cjeitwgqikminlegqmjwowkwbezn/Build/Products/Debug-iphonesimulator/PackageFrameworks -F /Users/rioallen/Library/Developer/Xcode/DerivedData/TradeFly-cjeitwgqikminlegqmjwowkwbezn/Build/Products/Debug-iphonesimulator/PackageFrameworks -F /Users/rioallen/Library/Developer/Xcode/DerivedData/TradeFly-cjeitwgqikminlegqmjwowkwbezn/Build/Products/Debug-iphonesimulator/PackageFrameworks -F /Users/rioallen/Library/Developer/Xcode/DerivedData/TradeFly-cjeitwgqikminlegqmjwowkwbezn/Build/Products/Debug-iphonesimulator/PackageFrameworks -F /Users/rioallen/Library/Developer/Xcode/DerivedData/TradeFly-cjeitwgqikminlegqmjwowkwbezn/Build/Products/Debug-iphonesimulator/PackageFrameworks -F /Users/rioallen/Library/Developer/Xcode/DerivedData/TradeFly-cjeitwgqikminlegqmjwowkwbezn/Build/Products/Debug-iphonesimulator/PackageFrameworks -F /Users/rioallen/Library/Developer/Xcode/DerivedData/TradeFly-cjeitwgqikminlegqmjwowkwbezn/Build/Products/Debug-iphonesimulator -F /Applications/Xcode.app/Contents/Developer/Platforms/iPhoneSimulator.platform/Developer/Library/Frameworks -F /Applications/Xcode.app/Contents/Developer/Platforms/iPhoneSimulator.platform/Developer/SDKs/iPhoneSimulator26.1.sdk/Developer/Library/Frameworks -c -j16 -enable-batch-mode -incremental -Xcc -ivfsstatcache -Xcc /Users/rioallen/Library/Developer/Xcode/DerivedData/SDKStatCaches.noindex/iphonesimulator26.1-23B77-90cf18a4295e390e64c810bc6bd7acbc.sdkstatcache -output-file-map /Users/rioallen/Library/Developer/Xcode/DerivedData/TradeFly-cjeitwgqikminlegqmjwowkwbezn/Build/Intermediates.noindex/Supabase.build/Debug-iphonesimulator/Functions.build/Objects-normal/arm64/Functions-OutputFileMap.json -use-frontend-parseable-output -save-temps -no-color-diagnostics -explicit-module-build -module-cache-path /Users/rioallen/Library/Developer/Xcode/DerivedData/TradeFly-cjeitwgqikminlegqmjwowkwbezn/Build/Intermediates.noindex/SwiftExplicitPrecompiledModules -clang-scanner-module-cache-path /Users/rioallen/Library/Developer/Xcode/DerivedData/ModuleCache.noindex -sdk-module-cache-path /Users/rioallen/Library/Developer/Xcode/DerivedData/ModuleCache.noindex -serialize-diagnostics -emit-dependencies -emit-module -emit-module-path /Users/rioallen/Library/Developer/Xcode/DerivedData/TradeFly-cjeitwgqikminlegqmjwowkwbezn/Build/Intermediates.noindex/Supabase.build/Debug-iphonesimulator/Functions.build/Objects-normal/arm64/Functions.swiftmodule -validate-clang-modules-once -clang-build-session-file /Users/rioallen/Library/Developer/Xcode/DerivedData/ModuleCache.noindex/Session.modulevalidation -package-name supabase_swift -Xcc -I/Users/rioallen/Library/Developer/Xcode/DerivedData/TradeFly-cjeitwgqikminlegqmjwowkwbezn/Build/Intermediates.noindex/Supabase.build/Debug-iphonesimulator/Functions.build/swift-overrides.hmap -emit-const-values -Xfrontend -const-gather-protocols-file -Xfrontend /Users/rioallen/Library/Developer/Xcode/DerivedData/TradeFly-cjeitwgqikminlegqmjwowkwbezn/Build/Intermediates.noindex/Supabase.build/Debug-iphonesimulator/Functions.build/Objects-normal/arm64/Functions_const_extract_protocols.json -Xcc -I/Users/rioallen/Library/Developer/Xcode/DerivedData/TradeFly-cjeitwgqikminlegqmjwowkwbezn/Build/Products/Debug-iphonesimulator/include -Xcc -I/Users/rioallen/Library/Developer/Xcode/DerivedData/TradeFly-cjeitwgqikminlegqmjwowkwbezn/Build/Intermediates.noindex/Supabase.build/Debug-iphonesimulator/Functions.build/DerivedSources-normal/arm64 -Xcc -I/Users/rioallen/Library/Developer/Xcode/DerivedData/TradeFly-cjeitwgqikminlegqmjwowkwbezn/Build/Intermediates.noindex/Supabase.build/Debug-iphonesimulator/Functions.build/DerivedSources/arm64 -Xcc -I/Users/rioallen/Library/Developer/Xcode/DerivedData/TradeFly-cjeitwgqikminlegqmjwowkwbezn/Build/Intermediates.noindex/Supabase.build/Debug-iphonesimulator/Functions.build/DerivedSources -Xcc -DSWIFT_PACKAGE -Xcc -DDEBUG\=1 -emit-objc-header -emit-objc-header-path /Users/rioallen/Library/Developer/Xcode/DerivedData/TradeFly-cjeitwgqikminlegqmjwowkwbezn/Build/Intermediates.noindex/Supabase.build/Debug-iphonesimulator/Functions.build/Objects-normal/arm64/Functions-Swift.h -working-directory /Users/rioallen/Documents/DropFly-OS-App-Builder/DropFly-PROJECTS/TradeFly-iOS/TradeFly.xcodeproj -experimental-emit-module-separately -disable-cmo

SwiftDriverJobDiscovery normal arm64 Compiling LoggerInterceptor.swift, RetryRequestInterceptor.swift (in target 'Helpers' from project 'Supabase')

SwiftDriver\ Compilation Helpers normal arm64 com.apple.xcode.tools.swift.compiler (in target 'Helpers' from project 'Supabase')
    cd /Users/rioallen/Documents/DropFly-OS-App-Builder/DropFly-PROJECTS/TradeFly-iOS/TradeFly.xcodeproj
    builtin-Swift-Compilation -- /Applications/Xcode.app/Contents/Developer/Toolchains/XcodeDefault.xctoolchain/usr/bin/swiftc -module-name Helpers -Onone -enforce-exclusivity\=checked @/Users/rioallen/Library/Developer/Xcode/DerivedData/TradeFly-cjeitwgqikminlegqmjwowkwbezn/Build/Intermediates.noindex/Supabase.build/Debug-iphonesimulator/Helpers.build/Objects-normal/arm64/Helpers.SwiftFileList -DSWIFT_PACKAGE -DDEBUG -DSWIFT_MODULE_RESOURCE_BUNDLE_UNAVAILABLE -DXcode -enable-upcoming-feature ExistentialAny -enable-experimental-feature StrictConcurrency -plugin-path /Applications/Xcode.app/Contents/Developer/Toolchains/XcodeDefault.xctoolchain/usr/lib/swift/host/plugins/testing -enable-experimental-feature DebugDescriptionMacro -sdk /Applications/Xcode.app/Contents/Developer/Platforms/iPhoneSimulator.platform/Developer/SDKs/iPhoneSimulator26.1.sdk -target arm64-apple-ios13.0-simulator -g -module-cache-path /Users/rioallen/Library/Developer/Xcode/DerivedData/ModuleCache.noindex -Xfrontend -serialize-debugging-options -enable-testing -suppress-warnings -index-store-path /Users/rioallen/Library/Developer/Xcode/DerivedData/TradeFly-cjeitwgqikminlegqmjwowkwbezn/Index.noindex/DataStore -Xcc -D_LIBCPP_HARDENING_MODE\=_LIBCPP_HARDENING_MODE_DEBUG -swift-version 5 -I /Users/rioallen/Library/Developer/Xcode/DerivedData/TradeFly-cjeitwgqikminlegqmjwowkwbezn/Build/Products/Debug-iphonesimulator -Isystem /Applications/Xcode.app/Contents/Developer/Platforms/iPhoneSimulator.platform/Developer/usr/lib -F /Users/rioallen/Library/Developer/Xcode/DerivedData/TradeFly-cjeitwgqikminlegqmjwowkwbezn/Build/Products/Debug-iphonesimulator/PackageFrameworks -F /Users/rioallen/Library/Developer/Xcode/DerivedData/TradeFly-cjeitwgqikminlegqmjwowkwbezn/Build/Products/Debug-iphonesimulator/PackageFrameworks -F /Users/rioallen/Library/Developer/Xcode/DerivedData/TradeFly-cjeitwgqikminlegqmjwowkwbezn/Build/Products/Debug-iphonesimulator/PackageFrameworks -F /Users/rioallen/Library/Developer/Xcode/DerivedData/TradeFly-cjeitwgqikminlegqmjwowkwbezn/Build/Products/Debug-iphonesimulator/PackageFrameworks -F /Users/rioallen/Library/Developer/Xcode/DerivedData/TradeFly-cjeitwgqikminlegqmjwowkwbezn/Build/Products/Debug-iphonesimulator/PackageFrameworks -F /Users/rioallen/Library/Developer/Xcode/DerivedData/TradeFly-cjeitwgqikminlegqmjwowkwbezn/Build/Products/Debug-iphonesimulator/PackageFrameworks -F /Users/rioallen/Library/Developer/Xcode/DerivedData/TradeFly-cjeitwgqikminlegqmjwowkwbezn/Build/Products/Debug-iphonesimulator -F /Applications/Xcode.app/Contents/Developer/Platforms/iPhoneSimulator.platform/Developer/Library/Frameworks -F /Applications/Xcode.app/Contents/Developer/Platforms/iPhoneSimulator.platform/Developer/SDKs/iPhoneSimulator26.1.sdk/Developer/Library/Frameworks -c -j16 -enable-batch-mode -incremental -Xcc -ivfsstatcache -Xcc /Users/rioallen/Library/Developer/Xcode/DerivedData/SDKStatCaches.noindex/iphonesimulator26.1-23B77-90cf18a4295e390e64c810bc6bd7acbc.sdkstatcache -output-file-map /Users/rioallen/Library/Developer/Xcode/DerivedData/TradeFly-cjeitwgqikminlegqmjwowkwbezn/Build/Intermediates.noindex/Supabase.build/Debug-iphonesimulator/Helpers.build/Objects-normal/arm64/Helpers-OutputFileMap.json -use-frontend-parseable-output -save-temps -no-color-diagnostics -explicit-module-build -module-cache-path /Users/rioallen/Library/Developer/Xcode/DerivedData/TradeFly-cjeitwgqikminlegqmjwowkwbezn/Build/Intermediates.noindex/SwiftExplicitPrecompiledModules -clang-scanner-module-cache-path /Users/rioallen/Library/Developer/Xcode/DerivedData/ModuleCache.noindex -sdk-module-cache-path /Users/rioallen/Library/Developer/Xcode/DerivedData/ModuleCache.noindex -serialize-diagnostics -emit-dependencies -emit-module -emit-module-path /Users/rioallen/Library/Developer/Xcode/DerivedData/TradeFly-cjeitwgqikminlegqmjwowkwbezn/Build/Intermediates.noindex/Supabase.build/Debug-iphonesimulator/Helpers.build/Objects-normal/arm64/Helpers.swiftmodule -validate-clang-modules-once -clang-build-session-file /Users/rioallen/Library/Developer/Xcode/DerivedData/ModuleCache.noindex/Session.modulevalidation -package-name supabase_swift -Xcc -I/Users/rioallen/Library/Developer/Xcode/DerivedData/TradeFly-cjeitwgqikminlegqmjwowkwbezn/Build/Intermediates.noindex/Supabase.build/Debug-iphonesimulator/Helpers.build/swift-overrides.hmap -emit-const-values -Xfrontend -const-gather-protocols-file -Xfrontend /Users/rioallen/Library/Developer/Xcode/DerivedData/TradeFly-cjeitwgqikminlegqmjwowkwbezn/Build/Intermediates.noindex/Supabase.build/Debug-iphonesimulator/Helpers.build/Objects-normal/arm64/Helpers_const_extract_protocols.json -Xcc -I/Users/rioallen/Library/Developer/Xcode/DerivedData/TradeFly-cjeitwgqikminlegqmjwowkwbezn/Build/Products/Debug-iphonesimulator/include -Xcc -I/Users/rioallen/Library/Developer/Xcode/DerivedData/TradeFly-cjeitwgqikminlegqmjwowkwbezn/Build/Intermediates.noindex/Supabase.build/Debug-iphonesimulator/Helpers.build/DerivedSources-normal/arm64 -Xcc -I/Users/rioallen/Library/Developer/Xcode/DerivedData/TradeFly-cjeitwgqikminlegqmjwowkwbezn/Build/Intermediates.noindex/Supabase.build/Debug-iphonesimulator/Helpers.build/DerivedSources/arm64 -Xcc -I/Users/rioallen/Library/Developer/Xcode/DerivedData/TradeFly-cjeitwgqikminlegqmjwowkwbezn/Build/Intermediates.noindex/Supabase.build/Debug-iphonesimulator/Helpers.build/DerivedSources -Xcc -DSWIFT_PACKAGE -Xcc -DDEBUG\=1 -emit-objc-header -emit-objc-header-path /Users/rioallen/Library/Developer/Xcode/DerivedData/TradeFly-cjeitwgqikminlegqmjwowkwbezn/Build/Intermediates.noindex/Supabase.build/Debug-iphonesimulator/Helpers.build/Objects-normal/arm64/Helpers-Swift.h -working-directory /Users/rioallen/Documents/DropFly-OS-App-Builder/DropFly-PROJECTS/TradeFly-iOS/TradeFly.xcodeproj -experimental-emit-module-separately -disable-cmo

Ld /Users/rioallen/Library/Developer/Xcode/DerivedData/TradeFly-cjeitwgqikminlegqmjwowkwbezn/Build/Products/Debug-iphonesimulator/Helpers.o normal (in target 'Helpers' from project 'Supabase')
    cd /Users/rioallen/Library/Developer/Xcode/DerivedData/TradeFly-cjeitwgqikminlegqmjwowkwbezn/SourcePackages/checkouts/supabase-swift
    /Applications/Xcode.app/Contents/Developer/Toolchains/XcodeDefault.xctoolchain/usr/bin/clang -Xlinker -reproducible -target arm64-apple-ios13.0-simulator -r -isysroot /Applications/Xcode.app/Contents/Developer/Platforms/iPhoneSimulator.platform/Developer/SDKs/iPhoneSimulator26.1.sdk -O0 -w -L/Users/rioallen/Library/Developer/Xcode/DerivedData/TradeFly-cjeitwgqikminlegqmjwowkwbezn/Build/Intermediates.noindex/EagerLinkingTBDs/Debug-iphonesimulator -L/Users/rioallen/Library/Developer/Xcode/DerivedData/TradeFly-cjeitwgqikminlegqmjwowkwbezn/Build/Products/Debug-iphonesimulator -L/Applications/Xcode.app/Contents/Developer/Platforms/iPhoneSimulator.platform/Developer/usr/lib -F/Users/rioallen/Library/Developer/Xcode/DerivedData/TradeFly-cjeitwgqikminlegqmjwowkwbezn/Build/Intermediates.noindex/EagerLinkingTBDs/Debug-iphonesimulator -F/Users/rioallen/Library/Developer/Xcode/DerivedData/TradeFly-cjeitwgqikminlegqmjwowkwbezn/Build/Products/Debug-iphonesimulator/PackageFrameworks -F/Users/rioallen/Library/Developer/Xcode/DerivedData/TradeFly-cjeitwgqikminlegqmjwowkwbezn/Build/Products/Debug-iphonesimulator/PackageFrameworks -F/Users/rioallen/Library/Developer/Xcode/DerivedData/TradeFly-cjeitwgqikminlegqmjwowkwbezn/Build/Products/Debug-iphonesimulator/PackageFrameworks -F/Users/rioallen/Library/Developer/Xcode/DerivedData/TradeFly-cjeitwgqikminlegqmjwowkwbezn/Build/Products/Debug-iphonesimulator/PackageFrameworks -F/Users/rioallen/Library/Developer/Xcode/DerivedData/TradeFly-cjeitwgqikminlegqmjwowkwbezn/Build/Products/Debug-iphonesimulator/PackageFrameworks -F/Users/rioallen/Library/Developer/Xcode/DerivedData/TradeFly-cjeitwgqikminlegqmjwowkwbezn/Build/Products/Debug-iphonesimulator/PackageFrameworks -F/Users/rioallen/Library/Developer/Xcode/DerivedData/TradeFly-cjeitwgqikminlegqmjwowkwbezn/Build/Products/Debug-iphonesimulator -iframework /Applications/Xcode.app/Contents/Developer/Platforms/iPhoneSimulator.platform/Developer/Library/Frameworks -iframework /Applications/Xcode.app/Contents/Developer/Platforms/iPhoneSimulator.platform/Developer/SDKs/iPhoneSimulator26.1.sdk/Developer/Library/Frameworks -filelist /Users/rioallen/Library/Developer/Xcode/DerivedData/TradeFly-cjeitwgqikminlegqmjwowkwbezn/Build/Intermediates.noindex/Supabase.build/Debug-iphonesimulator/Helpers.build/Objects-normal/arm64/Helpers.LinkFileList -nostdlib -Xlinker -object_path_lto -Xlinker /Users/rioallen/Library/Developer/Xcode/DerivedData/TradeFly-cjeitwgqikminlegqmjwowkwbezn/Build/Intermediates.noindex/Supabase.build/Debug-iphonesimulator/Helpers.build/Objects-normal/arm64/Helpers_lto.o -rdynamic -Xlinker -no_deduplicate -Xlinker -objc_abi_version -Xlinker 2 -Xlinker -dependency_info -Xlinker /Users/rioallen/Library/Developer/Xcode/DerivedData/TradeFly-cjeitwgqikminlegqmjwowkwbezn/Build/Intermediates.noindex/Supabase.build/Debug-iphonesimulator/Helpers.build/Objects-normal/arm64/Helpers_dependency_info.dat -fobjc-link-runtime -L/Applications/Xcode.app/Contents/Developer/Toolchains/XcodeDefault.xctoolchain/usr/lib/swift/iphonesimulator -L/usr/lib/swift -Xlinker -add_ast_path -Xlinker /Users/rioallen/Library/Developer/Xcode/DerivedData/TradeFly-cjeitwgqikminlegqmjwowkwbezn/Build/Intermediates.noindex/Supabase.build/Debug-iphonesimulator/Helpers.build/Objects-normal/arm64/Helpers.swiftmodule @/Users/rioallen/Library/Developer/Xcode/DerivedData/TradeFly-cjeitwgqikminlegqmjwowkwbezn/Build/Intermediates.noindex/Supabase.build/Debug-iphonesimulator/Helpers.build/Objects-normal/arm64/Helpers-linker-args.resp -o /Users/rioallen/Library/Developer/Xcode/DerivedData/TradeFly-cjeitwgqikminlegqmjwowkwbezn/Build/Products/Debug-iphonesimulator/Helpers.o

ExtractAppIntentsMetadata (in target 'Helpers' from project 'Supabase')
    cd /Users/rioallen/Library/Developer/Xcode/DerivedData/TradeFly-cjeitwgqikminlegqmjwowkwbezn/SourcePackages/checkouts/supabase-swift
    /Applications/Xcode.app/Contents/Developer/Toolchains/XcodeDefault.xctoolchain/usr/bin/appintentsmetadataprocessor --toolchain-dir /Applications/Xcode.app/Contents/Developer/Toolchains/XcodeDefault.xctoolchain --module-name Helpers --sdk-root /Applications/Xcode.app/Contents/Developer/Platforms/iPhoneSimulator.platform/Developer/SDKs/iPhoneSimulator26.1.sdk --xcode-version 17B100 --platform-family iOS --deployment-target 13.0 --bundle-identifier supabase-swift.Helpers --output /Users/rioallen/Library/Developer/Xcode/DerivedData/TradeFly-cjeitwgqikminlegqmjwowkwbezn/Build/Products/Debug-iphonesimulator/Helpers.appintents --target-triple arm64-apple-ios13.0-simulator --binary-file /Users/rioallen/Library/Developer/Xcode/DerivedData/TradeFly-cjeitwgqikminlegqmjwowkwbezn/Build/Products/Debug-iphonesimulator/Helpers.o --dependency-file /Users/rioallen/Library/Developer/Xcode/DerivedData/TradeFly-cjeitwgqikminlegqmjwowkwbezn/Build/Intermediates.noindex/Supabase.build/Debug-iphonesimulator/Helpers.build/Objects-normal/arm64/Helpers_dependency_info.dat --stringsdata-file /Users/rioallen/Library/Developer/Xcode/DerivedData/TradeFly-cjeitwgqikminlegqmjwowkwbezn/Build/Intermediates.noindex/Supabase.build/Debug-iphonesimulator/Helpers.build/Objects-normal/arm64/ExtractedAppShortcutsMetadata.stringsdata --source-file-list /Users/rioallen/Library/Developer/Xcode/DerivedData/TradeFly-cjeitwgqikminlegqmjwowkwbezn/Build/Intermediates.noindex/Supabase.build/Debug-iphonesimulator/Helpers.build/Objects-normal/arm64/Helpers.SwiftFileList --metadata-file-list /Users/rioallen/Library/Developer/Xcode/DerivedData/TradeFly-cjeitwgqikminlegqmjwowkwbezn/Build/Intermediates.noindex/Supabase.build/Debug-iphonesimulator/Helpers.build/Helpers.DependencyMetadataFileList --static-metadata-file-list /Users/rioallen/Library/Developer/Xcode/DerivedData/TradeFly-cjeitwgqikminlegqmjwowkwbezn/Build/Intermediates.noindex/Supabase.build/Debug-iphonesimulator/Helpers.build/Helpers.DependencyStaticMetadataFileList --swift-const-vals-list /Users/rioallen/Library/Developer/Xcode/DerivedData/TradeFly-cjeitwgqikminlegqmjwowkwbezn/Build/Intermediates.noindex/Supabase.build/Debug-iphonesimulator/Helpers.build/Objects-normal/arm64/Helpers.SwiftConstValuesFileList --force --compile-time-extraction --deployment-aware-processing --validate-assistant-intents --no-app-shortcuts-localization
2025-12-04 00:32:54.502 appintentsmetadataprocessor[45150:7892031] Starting appintentsmetadataprocessor export
2025-12-04 00:32:54.687 appintentsmetadataprocessor[45150:7892031] Extracted no relevant App Intents symbols, skipping writing output

RegisterExecutionPolicyException /Users/rioallen/Library/Developer/Xcode/DerivedData/TradeFly-cjeitwgqikminlegqmjwowkwbezn/Build/Products/Debug-iphonesimulator/Helpers.o (in target 'Helpers' from project 'Supabase')
    cd /Users/rioallen/Library/Developer/Xcode/DerivedData/TradeFly-cjeitwgqikminlegqmjwowkwbezn/SourcePackages/checkouts/supabase-swift
    builtin-RegisterExecutionPolicyException /Users/rioallen/Library/Developer/Xcode/DerivedData/TradeFly-cjeitwgqikminlegqmjwowkwbezn/Build/Products/Debug-iphonesimulator/Helpers.o

SwiftCompile normal arm64 Compiling\ FunctionsClient.swift /Users/rioallen/Library/Developer/Xcode/DerivedData/TradeFly-cjeitwgqikminlegqmjwowkwbezn/SourcePackages/checkouts/supabase-swift/Sources/Functions/FunctionsClient.swift (in target 'Functions' from project 'Supabase')
SwiftCompile normal arm64 /Users/rioallen/Library/Developer/Xcode/DerivedData/TradeFly-cjeitwgqikminlegqmjwowkwbezn/SourcePackages/checkouts/supabase-swift/Sources/Functions/FunctionsClient.swift (in target 'Functions' from project 'Supabase')
    cd /Users/rioallen/Documents/DropFly-OS-App-Builder/DropFly-PROJECTS/TradeFly-iOS/TradeFly.xcodeproj
    

SwiftCompile normal arm64 Compiling\ Exports.swift /Users/rioallen/Library/Developer/Xcode/DerivedData/TradeFly-cjeitwgqikminlegqmjwowkwbezn/SourcePackages/checkouts/supabase-swift/Sources/Functions/Exports.swift (in target 'Functions' from project 'Supabase')

SwiftCompile normal arm64 /Users/rioallen/Library/Developer/Xcode/DerivedData/TradeFly-cjeitwgqikminlegqmjwowkwbezn/SourcePackages/checkouts/supabase-swift/Sources/Functions/Exports.swift (in target 'Functions' from project 'Supabase')
    cd /Users/rioallen/Documents/DropFly-OS-App-Builder/DropFly-PROJECTS/TradeFly-iOS/TradeFly.xcodeproj
    

SwiftEmitModule normal arm64 Emitting\ module\ for\ Functions (in target 'Functions' from project 'Supabase')

EmitSwiftModule normal arm64 (in target 'Functions' from project 'Supabase')
    cd /Users/rioallen/Documents/DropFly-OS-App-Builder/DropFly-PROJECTS/TradeFly-iOS/TradeFly.xcodeproj
    

SwiftCompile normal arm64 Compiling\ Types.swift /Users/rioallen/Library/Developer/Xcode/DerivedData/TradeFly-cjeitwgqikminlegqmjwowkwbezn/SourcePackages/checkouts/supabase-swift/Sources/Functions/Types.swift (in target 'Functions' from project 'Supabase')

SwiftCompile normal arm64 /Users/rioallen/Library/Developer/Xcode/DerivedData/TradeFly-cjeitwgqikminlegqmjwowkwbezn/SourcePackages/checkouts/supabase-swift/Sources/Functions/Types.swift (in target 'Functions' from project 'Supabase')
    cd /Users/rioallen/Documents/DropFly-OS-App-Builder/DropFly-PROJECTS/TradeFly-iOS/TradeFly.xcodeproj
    

SwiftCompile normal arm64 Compiling\ PostgrestBuilder.swift /Users/rioallen/Library/Developer/Xcode/DerivedData/TradeFly-cjeitwgqikminlegqmjwowkwbezn/SourcePackages/checkouts/supabase-swift/Sources/PostgREST/PostgrestBuilder.swift (in target 'PostgREST' from project 'Supabase')

SwiftCompile normal arm64 /Users/rioallen/Library/Developer/Xcode/DerivedData/TradeFly-cjeitwgqikminlegqmjwowkwbezn/SourcePackages/checkouts/supabase-swift/Sources/PostgREST/PostgrestBuilder.swift (in target 'PostgREST' from project 'Supabase')
    cd /Users/rioallen/Documents/DropFly-OS-App-Builder/DropFly-PROJECTS/TradeFly-iOS/TradeFly.xcodeproj
    

SwiftCompile normal arm64 Compiling\ PostgrestFilterValue.swift /Users/rioallen/Library/Developer/Xcode/DerivedData/TradeFly-cjeitwgqikminlegqmjwowkwbezn/SourcePackages/checkouts/supabase-swift/Sources/PostgREST/PostgrestFilterValue.swift (in target 'PostgREST' from project 'Supabase')

SwiftCompile normal arm64 /Users/rioallen/Library/Developer/Xcode/DerivedData/TradeFly-cjeitwgqikminlegqmjwowkwbezn/SourcePackages/checkouts/supabase-swift/Sources/PostgREST/PostgrestFilterValue.swift (in target 'PostgREST' from project 'Supabase')
    cd /Users/rioallen/Documents/DropFly-OS-App-Builder/DropFly-PROJECTS/TradeFly-iOS/TradeFly.xcodeproj
    

SwiftCompile normal arm64 Compiling\ PostgrestFilterBuilder.swift /Users/rioallen/Library/Developer/Xcode/DerivedData/TradeFly-cjeitwgqikminlegqmjwowkwbezn/SourcePackages/checkouts/supabase-swift/Sources/PostgREST/PostgrestFilterBuilder.swift (in target 'PostgREST' from project 'Supabase')

SwiftCompile normal arm64 /Users/rioallen/Library/Developer/Xcode/DerivedData/TradeFly-cjeitwgqikminlegqmjwowkwbezn/SourcePackages/checkouts/supabase-swift/Sources/PostgREST/PostgrestFilterBuilder.swift (in target 'PostgREST' from project 'Supabase')
    cd /Users/rioallen/Documents/DropFly-OS-App-Builder/DropFly-PROJECTS/TradeFly-iOS/TradeFly.xcodeproj
    

SwiftCompile normal arm64 Compiling\ Deprecated.swift /Users/rioallen/Library/Developer/Xcode/DerivedData/TradeFly-cjeitwgqikminlegqmjwowkwbezn/SourcePackages/checkouts/supabase-swift/Sources/PostgREST/Deprecated.swift (in target 'PostgREST' from project 'Supabase')

SwiftCompile normal arm64 /Users/rioallen/Library/Developer/Xcode/DerivedData/TradeFly-cjeitwgqikminlegqmjwowkwbezn/SourcePackages/checkouts/supabase-swift/Sources/PostgREST/Deprecated.swift (in target 'PostgREST' from project 'Supabase')
    cd /Users/rioallen/Documents/DropFly-OS-App-Builder/DropFly-PROJECTS/TradeFly-iOS/TradeFly.xcodeproj
    

SwiftCompile normal arm64 Compiling\ Defaults.swift /Users/rioallen/Library/Developer/Xcode/DerivedData/TradeFly-cjeitwgqikminlegqmjwowkwbezn/SourcePackages/checkouts/supabase-swift/Sources/PostgREST/Defaults.swift (in target 'PostgREST' from project 'Supabase')

SwiftCompile normal arm64 /Users/rioallen/Library/Developer/Xcode/DerivedData/TradeFly-cjeitwgqikminlegqmjwowkwbezn/SourcePackages/checkouts/supabase-swift/Sources/PostgREST/Defaults.swift (in target 'PostgREST' from project 'Supabase')
    cd /Users/rioallen/Documents/DropFly-OS-App-Builder/DropFly-PROJECTS/TradeFly-iOS/TradeFly.xcodeproj
    

SwiftCompile normal arm64 Compiling\ Exports.swift /Users/rioallen/Library/Developer/Xcode/DerivedData/TradeFly-cjeitwgqikminlegqmjwowkwbezn/SourcePackages/checkouts/supabase-swift/Sources/PostgREST/Exports.swift (in target 'PostgREST' from project 'Supabase')

SwiftCompile normal arm64 /Users/rioallen/Library/Developer/Xcode/DerivedData/TradeFly-cjeitwgqikminlegqmjwowkwbezn/SourcePackages/checkouts/supabase-swift/Sources/PostgREST/Exports.swift (in target 'PostgREST' from project 'Supabase')
    cd /Users/rioallen/Documents/DropFly-OS-App-Builder/DropFly-PROJECTS/TradeFly-iOS/TradeFly.xcodeproj
    

SwiftCompile normal arm64 Compiling\ Types.swift /Users/rioallen/Library/Developer/Xcode/DerivedData/TradeFly-cjeitwgqikminlegqmjwowkwbezn/SourcePackages/checkouts/supabase-swift/Sources/PostgREST/Types.swift (in target 'PostgREST' from project 'Supabase')

SwiftCompile normal arm64 /Users/rioallen/Library/Developer/Xcode/DerivedData/TradeFly-cjeitwgqikminlegqmjwowkwbezn/SourcePackages/checkouts/supabase-swift/Sources/PostgREST/Types.swift (in target 'PostgREST' from project 'Supabase')
    cd /Users/rioallen/Documents/DropFly-OS-App-Builder/DropFly-PROJECTS/TradeFly-iOS/TradeFly.xcodeproj
    

SwiftEmitModule normal arm64 Emitting\ module\ for\ PostgREST (in target 'PostgREST' from project 'Supabase')

EmitSwiftModule normal arm64 (in target 'PostgREST' from project 'Supabase')
    cd /Users/rioallen/Documents/DropFly-OS-App-Builder/DropFly-PROJECTS/TradeFly-iOS/TradeFly.xcodeproj
    

SwiftCompile normal arm64 Compiling\ PostgrestQueryBuilder.swift /Users/rioallen/Library/Developer/Xcode/DerivedData/TradeFly-cjeitwgqikminlegqmjwowkwbezn/SourcePackages/checkouts/supabase-swift/Sources/PostgREST/PostgrestQueryBuilder.swift (in target 'PostgREST' from project 'Supabase')

SwiftCompile normal arm64 /Users/rioallen/Library/Developer/Xcode/DerivedData/TradeFly-cjeitwgqikminlegqmjwowkwbezn/SourcePackages/checkouts/supabase-swift/Sources/PostgREST/PostgrestQueryBuilder.swift (in target 'PostgREST' from project 'Supabase')
    cd /Users/rioallen/Documents/DropFly-OS-App-Builder/DropFly-PROJECTS/TradeFly-iOS/TradeFly.xcodeproj
    

SwiftCompile normal arm64 Compiling\ PostgrestTransformBuilder.swift /Users/rioallen/Library/Developer/Xcode/DerivedData/TradeFly-cjeitwgqikminlegqmjwowkwbezn/SourcePackages/checkouts/supabase-swift/Sources/PostgREST/PostgrestTransformBuilder.swift (in target 'PostgREST' from project 'Supabase')
SwiftCompile normal arm64 /Users/rioallen/Library/Developer/Xcode/DerivedData/TradeFly-cjeitwgqikminlegqmjwowkwbezn/SourcePackages/checkouts/supabase-swift/Sources/PostgREST/PostgrestTransformBuilder.swift (in target 'PostgREST' from project 'Supabase')
    cd /Users/rioallen/Documents/DropFly-OS-App-Builder/DropFly-PROJECTS/TradeFly-iOS/TradeFly.xcodeproj
    

SwiftDriverJobDiscovery normal arm64 Compiling Exports.swift (in target 'Functions' from project 'Supabase')

SwiftCompile normal arm64 Compiling\ PostgrestClient.swift /Users/rioallen/Library/Developer/Xcode/DerivedData/TradeFly-cjeitwgqikminlegqmjwowkwbezn/SourcePackages/checkouts/supabase-swift/Sources/PostgREST/PostgrestClient.swift (in target 'PostgREST' from project 'Supabase')
SwiftCompile normal arm64 /Users/rioallen/Library/Developer/Xcode/DerivedData/TradeFly-cjeitwgqikminlegqmjwowkwbezn/SourcePackages/checkouts/supabase-swift/Sources/PostgREST/PostgrestClient.swift (in target 'PostgREST' from project 'Supabase')
    cd /Users/rioallen/Documents/DropFly-OS-App-Builder/DropFly-PROJECTS/TradeFly-iOS/TradeFly.xcodeproj
    

SwiftDriverJobDiscovery normal arm64 Compiling Exports.swift (in target 'PostgREST' from project 'Supabase')

SwiftDriverJobDiscovery normal arm64 Compiling Defaults.swift (in target 'PostgREST' from project 'Supabase')

SwiftDriverJobDiscovery normal arm64 Emitting module for Functions (in target 'Functions' from project 'Supabase')

SwiftDriver\ Compilation\ Requirements Functions normal arm64 com.apple.xcode.tools.swift.compiler (in target 'Functions' from project 'Supabase')
    cd /Users/rioallen/Documents/DropFly-OS-App-Builder/DropFly-PROJECTS/TradeFly-iOS/TradeFly.xcodeproj
    builtin-Swift-Compilation-Requirements -- /Applications/Xcode.app/Contents/Developer/Toolchains/XcodeDefault.xctoolchain/usr/bin/swiftc -module-name Functions -Onone -enforce-exclusivity\=checked @/Users/rioallen/Library/Developer/Xcode/DerivedData/TradeFly-cjeitwgqikminlegqmjwowkwbezn/Build/Intermediates.noindex/Supabase.build/Debug-iphonesimulator/Functions.build/Objects-normal/arm64/Functions.SwiftFileList -DSWIFT_PACKAGE -DDEBUG -DSWIFT_MODULE_RESOURCE_BUNDLE_UNAVAILABLE -DXcode -enable-upcoming-feature ExistentialAny -enable-experimental-feature StrictConcurrency -plugin-path /Applications/Xcode.app/Contents/Developer/Toolchains/XcodeDefault.xctoolchain/usr/lib/swift/host/plugins/testing -enable-experimental-feature DebugDescriptionMacro -sdk /Applications/Xcode.app/Contents/Developer/Platforms/iPhoneSimulator.platform/Developer/SDKs/iPhoneSimulator26.1.sdk -target arm64-apple-ios13.0-simulator -g -module-cache-path /Users/rioallen/Library/Developer/Xcode/DerivedData/ModuleCache.noindex -Xfrontend -serialize-debugging-options -enable-testing -suppress-warnings -index-store-path /Users/rioallen/Library/Developer/Xcode/DerivedData/TradeFly-cjeitwgqikminlegqmjwowkwbezn/Index.noindex/DataStore -Xcc -D_LIBCPP_HARDENING_MODE\=_LIBCPP_HARDENING_MODE_DEBUG -swift-version 5 -I /Users/rioallen/Library/Developer/Xcode/DerivedData/TradeFly-cjeitwgqikminlegqmjwowkwbezn/Build/Products/Debug-iphonesimulator -Isystem /Applications/Xcode.app/Contents/Developer/Platforms/iPhoneSimulator.platform/Developer/usr/lib -F /Users/rioallen/Library/Developer/Xcode/DerivedData/TradeFly-cjeitwgqikminlegqmjwowkwbezn/Build/Products/Debug-iphonesimulator/PackageFrameworks -F /Users/rioallen/Library/Developer/Xcode/DerivedData/TradeFly-cjeitwgqikminlegqmjwowkwbezn/Build/Products/Debug-iphonesimulator/PackageFrameworks -F /Users/rioallen/Library/Developer/Xcode/DerivedData/TradeFly-cjeitwgqikminlegqmjwowkwbezn/Build/Products/Debug-iphonesimulator/PackageFrameworks -F /Users/rioallen/Library/Developer/Xcode/DerivedData/TradeFly-cjeitwgqikminlegqmjwowkwbezn/Build/Products/Debug-iphonesimulator/PackageFrameworks -F /Users/rioallen/Library/Developer/Xcode/DerivedData/TradeFly-cjeitwgqikminlegqmjwowkwbezn/Build/Products/Debug-iphonesimulator/PackageFrameworks -F /Users/rioallen/Library/Developer/Xcode/DerivedData/TradeFly-cjeitwgqikminlegqmjwowkwbezn/Build/Products/Debug-iphonesimulator/PackageFrameworks -F /Users/rioallen/Library/Developer/Xcode/DerivedData/TradeFly-cjeitwgqikminlegqmjwowkwbezn/Build/Products/Debug-iphonesimulator/PackageFrameworks -F /Users/rioallen/Library/Developer/Xcode/DerivedData/TradeFly-cjeitwgqikminlegqmjwowkwbezn/Build/Products/Debug-iphonesimulator -F /Applications/Xcode.app/Contents/Developer/Platforms/iPhoneSimulator.platform/Developer/Library/Frameworks -F /Applications/Xcode.app/Contents/Developer/Platforms/iPhoneSimulator.platform/Developer/SDKs/iPhoneSimulator26.1.sdk/Developer/Library/Frameworks -c -j16 -enable-batch-mode -incremental -Xcc -ivfsstatcache -Xcc /Users/rioallen/Library/Developer/Xcode/DerivedData/SDKStatCaches.noindex/iphonesimulator26.1-23B77-90cf18a4295e390e64c810bc6bd7acbc.sdkstatcache -output-file-map /Users/rioallen/Library/Developer/Xcode/DerivedData/TradeFly-cjeitwgqikminlegqmjwowkwbezn/Build/Intermediates.noindex/Supabase.build/Debug-iphonesimulator/Functions.build/Objects-normal/arm64/Functions-OutputFileMap.json -use-frontend-parseable-output -save-temps -no-color-diagnostics -explicit-module-build -module-cache-path /Users/rioallen/Library/Developer/Xcode/DerivedData/TradeFly-cjeitwgqikminlegqmjwowkwbezn/Build/Intermediates.noindex/SwiftExplicitPrecompiledModules -clang-scanner-module-cache-path /Users/rioallen/Library/Developer/Xcode/DerivedData/ModuleCache.noindex -sdk-module-cache-path /Users/rioallen/Library/Developer/Xcode/DerivedData/ModuleCache.noindex -serialize-diagnostics -emit-dependencies -emit-module -emit-module-path /Users/rioallen/Library/Developer/Xcode/DerivedData/TradeFly-cjeitwgqikminlegqmjwowkwbezn/Build/Intermediates.noindex/Supabase.build/Debug-iphonesimulator/Functions.build/Objects-normal/arm64/Functions.swiftmodule -validate-clang-modules-once -clang-build-session-file /Users/rioallen/Library/Developer/Xcode/DerivedData/ModuleCache.noindex/Session.modulevalidation -package-name supabase_swift -Xcc -I/Users/rioallen/Library/Developer/Xcode/DerivedData/TradeFly-cjeitwgqikminlegqmjwowkwbezn/Build/Intermediates.noindex/Supabase.build/Debug-iphonesimulator/Functions.build/swift-overrides.hmap -emit-const-values -Xfrontend -const-gather-protocols-file -Xfrontend /Users/rioallen/Library/Developer/Xcode/DerivedData/TradeFly-cjeitwgqikminlegqmjwowkwbezn/Build/Intermediates.noindex/Supabase.build/Debug-iphonesimulator/Functions.build/Objects-normal/arm64/Functions_const_extract_protocols.json -Xcc -I/Users/rioallen/Library/Developer/Xcode/DerivedData/TradeFly-cjeitwgqikminlegqmjwowkwbezn/Build/Products/Debug-iphonesimulator/include -Xcc -I/Users/rioallen/Library/Developer/Xcode/DerivedData/TradeFly-cjeitwgqikminlegqmjwowkwbezn/Build/Intermediates.noindex/Supabase.build/Debug-iphonesimulator/Functions.build/DerivedSources-normal/arm64 -Xcc -I/Users/rioallen/Library/Developer/Xcode/DerivedData/TradeFly-cjeitwgqikminlegqmjwowkwbezn/Build/Intermediates.noindex/Supabase.build/Debug-iphonesimulator/Functions.build/DerivedSources/arm64 -Xcc -I/Users/rioallen/Library/Developer/Xcode/DerivedData/TradeFly-cjeitwgqikminlegqmjwowkwbezn/Build/Intermediates.noindex/Supabase.build/Debug-iphonesimulator/Functions.build/DerivedSources -Xcc -DSWIFT_PACKAGE -Xcc -DDEBUG\=1 -emit-objc-header -emit-objc-header-path /Users/rioallen/Library/Developer/Xcode/DerivedData/TradeFly-cjeitwgqikminlegqmjwowkwbezn/Build/Intermediates.noindex/Supabase.build/Debug-iphonesimulator/Functions.build/Objects-normal/arm64/Functions-Swift.h -working-directory /Users/rioallen/Documents/DropFly-OS-App-Builder/DropFly-PROJECTS/TradeFly-iOS/TradeFly.xcodeproj -experimental-emit-module-separately -disable-cmo

SwiftDriverJobDiscovery normal arm64 Compiling Deprecated.swift (in target 'PostgREST' from project 'Supabase')

SwiftDriverJobDiscovery normal arm64 Emitting module for PostgREST (in target 'PostgREST' from project 'Supabase')

SwiftDriver\ Compilation\ Requirements PostgREST normal arm64 com.apple.xcode.tools.swift.compiler (in target 'PostgREST' from project 'Supabase')
    cd /Users/rioallen/Documents/DropFly-OS-App-Builder/DropFly-PROJECTS/TradeFly-iOS/TradeFly.xcodeproj
    builtin-Swift-Compilation-Requirements -- /Applications/Xcode.app/Contents/Developer/Toolchains/XcodeDefault.xctoolchain/usr/bin/swiftc -module-name PostgREST -Onone -enforce-exclusivity\=checked @/Users/rioallen/Library/Developer/Xcode/DerivedData/TradeFly-cjeitwgqikminlegqmjwowkwbezn/Build/Intermediates.noindex/Supabase.build/Debug-iphonesimulator/PostgREST.build/Objects-normal/arm64/PostgREST.SwiftFileList -DSWIFT_PACKAGE -DDEBUG -DSWIFT_MODULE_RESOURCE_BUNDLE_UNAVAILABLE -DXcode -enable-upcoming-feature ExistentialAny -enable-experimental-feature StrictConcurrency -plugin-path /Applications/Xcode.app/Contents/Developer/Toolchains/XcodeDefault.xctoolchain/usr/lib/swift/host/plugins/testing -enable-experimental-feature DebugDescriptionMacro -sdk /Applications/Xcode.app/Contents/Developer/Platforms/iPhoneSimulator.platform/Developer/SDKs/iPhoneSimulator26.1.sdk -target arm64-apple-ios13.0-simulator -g -module-cache-path /Users/rioallen/Library/Developer/Xcode/DerivedData/ModuleCache.noindex -Xfrontend -serialize-debugging-options -enable-testing -suppress-warnings -index-store-path /Users/rioallen/Library/Developer/Xcode/DerivedData/TradeFly-cjeitwgqikminlegqmjwowkwbezn/Index.noindex/DataStore -Xcc -D_LIBCPP_HARDENING_MODE\=_LIBCPP_HARDENING_MODE_DEBUG -swift-version 5 -I /Users/rioallen/Library/Developer/Xcode/DerivedData/TradeFly-cjeitwgqikminlegqmjwowkwbezn/Build/Products/Debug-iphonesimulator -Isystem /Applications/Xcode.app/Contents/Developer/Platforms/iPhoneSimulator.platform/Developer/usr/lib -F /Users/rioallen/Library/Developer/Xcode/DerivedData/TradeFly-cjeitwgqikminlegqmjwowkwbezn/Build/Products/Debug-iphonesimulator/PackageFrameworks -F /Users/rioallen/Library/Developer/Xcode/DerivedData/TradeFly-cjeitwgqikminlegqmjwowkwbezn/Build/Products/Debug-iphonesimulator/PackageFrameworks -F /Users/rioallen/Library/Developer/Xcode/DerivedData/TradeFly-cjeitwgqikminlegqmjwowkwbezn/Build/Products/Debug-iphonesimulator/PackageFrameworks -F /Users/rioallen/Library/Developer/Xcode/DerivedData/TradeFly-cjeitwgqikminlegqmjwowkwbezn/Build/Products/Debug-iphonesimulator/PackageFrameworks -F /Users/rioallen/Library/Developer/Xcode/DerivedData/TradeFly-cjeitwgqikminlegqmjwowkwbezn/Build/Products/Debug-iphonesimulator/PackageFrameworks -F /Users/rioallen/Library/Developer/Xcode/DerivedData/TradeFly-cjeitwgqikminlegqmjwowkwbezn/Build/Products/Debug-iphonesimulator/PackageFrameworks -F /Users/rioallen/Library/Developer/Xcode/DerivedData/TradeFly-cjeitwgqikminlegqmjwowkwbezn/Build/Products/Debug-iphonesimulator/PackageFrameworks -F /Users/rioallen/Library/Developer/Xcode/DerivedData/TradeFly-cjeitwgqikminlegqmjwowkwbezn/Build/Products/Debug-iphonesimulator -F /Applications/Xcode.app/Contents/Developer/Platforms/iPhoneSimulator.platform/Developer/Library/Frameworks -F /Applications/Xcode.app/Contents/Developer/Platforms/iPhoneSimulator.platform/Developer/SDKs/iPhoneSimulator26.1.sdk/Developer/Library/Frameworks -c -j16 -enable-batch-mode -incremental -Xcc -ivfsstatcache -Xcc /Users/rioallen/Library/Developer/Xcode/DerivedData/SDKStatCaches.noindex/iphonesimulator26.1-23B77-90cf18a4295e390e64c810bc6bd7acbc.sdkstatcache -output-file-map /Users/rioallen/Library/Developer/Xcode/DerivedData/TradeFly-cjeitwgqikminlegqmjwowkwbezn/Build/Intermediates.noindex/Supabase.build/Debug-iphonesimulator/PostgREST.build/Objects-normal/arm64/PostgREST-OutputFileMap.json -use-frontend-parseable-output -save-temps -no-color-diagnostics -explicit-module-build -module-cache-path /Users/rioallen/Library/Developer/Xcode/DerivedData/TradeFly-cjeitwgqikminlegqmjwowkwbezn/Build/Intermediates.noindex/SwiftExplicitPrecompiledModules -clang-scanner-module-cache-path /Users/rioallen/Library/Developer/Xcode/DerivedData/ModuleCache.noindex -sdk-module-cache-path /Users/rioallen/Library/Developer/Xcode/DerivedData/ModuleCache.noindex -serialize-diagnostics -emit-dependencies -emit-module -emit-module-path /Users/rioallen/Library/Developer/Xcode/DerivedData/TradeFly-cjeitwgqikminlegqmjwowkwbezn/Build/Intermediates.noindex/Supabase.build/Debug-iphonesimulator/PostgREST.build/Objects-normal/arm64/PostgREST.swiftmodule -validate-clang-modules-once -clang-build-session-file /Users/rioallen/Library/Developer/Xcode/DerivedData/ModuleCache.noindex/Session.modulevalidation -package-name supabase_swift -Xcc -I/Users/rioallen/Library/Developer/Xcode/DerivedData/TradeFly-cjeitwgqikminlegqmjwowkwbezn/Build/Intermediates.noindex/Supabase.build/Debug-iphonesimulator/PostgREST.build/swift-overrides.hmap -emit-const-values -Xfrontend -const-gather-protocols-file -Xfrontend /Users/rioallen/Library/Developer/Xcode/DerivedData/TradeFly-cjeitwgqikminlegqmjwowkwbezn/Build/Intermediates.noindex/Supabase.build/Debug-iphonesimulator/PostgREST.build/Objects-normal/arm64/PostgREST_const_extract_protocols.json -Xcc -I/Users/rioallen/Library/Developer/Xcode/DerivedData/TradeFly-cjeitwgqikminlegqmjwowkwbezn/Build/Products/Debug-iphonesimulator/include -Xcc -I/Users/rioallen/Library/Developer/Xcode/DerivedData/TradeFly-cjeitwgqikminlegqmjwowkwbezn/Build/Intermediates.noindex/Supabase.build/Debug-iphonesimulator/PostgREST.build/DerivedSources-normal/arm64 -Xcc -I/Users/rioallen/Library/Developer/Xcode/DerivedData/TradeFly-cjeitwgqikminlegqmjwowkwbezn/Build/Intermediates.noindex/Supabase.build/Debug-iphonesimulator/PostgREST.build/DerivedSources/arm64 -Xcc -I/Users/rioallen/Library/Developer/Xcode/DerivedData/TradeFly-cjeitwgqikminlegqmjwowkwbezn/Build/Intermediates.noindex/Supabase.build/Debug-iphonesimulator/PostgREST.build/DerivedSources -Xcc -DSWIFT_PACKAGE -Xcc -DDEBUG\=1 -emit-objc-header -emit-objc-header-path /Users/rioallen/Library/Developer/Xcode/DerivedData/TradeFly-cjeitwgqikminlegqmjwowkwbezn/Build/Intermediates.noindex/Supabase.build/Debug-iphonesimulator/PostgREST.build/Objects-normal/arm64/PostgREST-Swift.h -working-directory /Users/rioallen/Documents/DropFly-OS-App-Builder/DropFly-PROJECTS/TradeFly-iOS/TradeFly.xcodeproj -experimental-emit-module-separately -disable-cmo

SwiftMergeGeneratedHeaders /Users/rioallen/Library/Developer/Xcode/DerivedData/TradeFly-cjeitwgqikminlegqmjwowkwbezn/Build/Intermediates.noindex/GeneratedModuleMaps-iphonesimulator/Functions-Swift.h /Users/rioallen/Library/Developer/Xcode/DerivedData/TradeFly-cjeitwgqikminlegqmjwowkwbezn/Build/Intermediates.noindex/Supabase.build/Debug-iphonesimulator/Functions.build/Objects-normal/arm64/Functions-Swift.h (in target 'Functions' from project 'Supabase')
    cd /Users/rioallen/Library/Developer/Xcode/DerivedData/TradeFly-cjeitwgqikminlegqmjwowkwbezn/SourcePackages/checkouts/supabase-swift
    builtin-swiftHeaderTool -arch arm64 /Users/rioallen/Library/Developer/Xcode/DerivedData/TradeFly-cjeitwgqikminlegqmjwowkwbezn/Build/Intermediates.noindex/Supabase.build/Debug-iphonesimulator/Functions.build/Objects-normal/arm64/Functions-Swift.h -o /Users/rioallen/Library/Developer/Xcode/DerivedData/TradeFly-cjeitwgqikminlegqmjwowkwbezn/Build/Intermediates.noindex/GeneratedModuleMaps-iphonesimulator/Functions-Swift.h

Copy /Users/rioallen/Library/Developer/Xcode/DerivedData/TradeFly-cjeitwgqikminlegqmjwowkwbezn/Build/Products/Debug-iphonesimulator/Functions.swiftmodule/arm64-apple-ios-simulator.swiftdoc /Users/rioallen/Library/Developer/Xcode/DerivedData/TradeFly-cjeitwgqikminlegqmjwowkwbezn/Build/Intermediates.noindex/Supabase.build/Debug-iphonesimulator/Functions.build/Objects-normal/arm64/Functions.swiftdoc (in target 'Functions' from project 'Supabase')
    cd /Users/rioallen/Library/Developer/Xcode/DerivedData/TradeFly-cjeitwgqikminlegqmjwowkwbezn/SourcePackages/checkouts/supabase-swift
    builtin-copy -exclude .DS_Store -exclude CVS -exclude .svn -exclude .git -exclude .hg -resolve-src-symlinks -rename /Users/rioallen/Library/Developer/Xcode/DerivedData/TradeFly-cjeitwgqikminlegqmjwowkwbezn/Build/Intermediates.noindex/Supabase.build/Debug-iphonesimulator/Functions.build/Objects-normal/arm64/Functions.swiftdoc /Users/rioallen/Library/Developer/Xcode/DerivedData/TradeFly-cjeitwgqikminlegqmjwowkwbezn/Build/Products/Debug-iphonesimulator/Functions.swiftmodule/arm64-apple-ios-simulator.swiftdoc

Copy /Users/rioallen/Library/Developer/Xcode/DerivedData/TradeFly-cjeitwgqikminlegqmjwowkwbezn/Build/Products/Debug-iphonesimulator/Functions.swiftmodule/arm64-apple-ios-simulator.swiftmodule /Users/rioallen/Library/Developer/Xcode/DerivedData/TradeFly-cjeitwgqikminlegqmjwowkwbezn/Build/Intermediates.noindex/Supabase.build/Debug-iphonesimulator/Functions.build/Objects-normal/arm64/Functions.swiftmodule (in target 'Functions' from project 'Supabase')
    cd /Users/rioallen/Library/Developer/Xcode/DerivedData/TradeFly-cjeitwgqikminlegqmjwowkwbezn/SourcePackages/checkouts/supabase-swift
    builtin-copy -exclude .DS_Store -exclude CVS -exclude .svn -exclude .git -exclude .hg -resolve-src-symlinks -rename /Users/rioallen/Library/Developer/Xcode/DerivedData/TradeFly-cjeitwgqikminlegqmjwowkwbezn/Build/Intermediates.noindex/Supabase.build/Debug-iphonesimulator/Functions.build/Objects-normal/arm64/Functions.swiftmodule /Users/rioallen/Library/Developer/Xcode/DerivedData/TradeFly-cjeitwgqikminlegqmjwowkwbezn/Build/Products/Debug-iphonesimulator/Functions.swiftmodule/arm64-apple-ios-simulator.swiftmodule

Copy /Users/rioallen/Library/Developer/Xcode/DerivedData/TradeFly-cjeitwgqikminlegqmjwowkwbezn/Build/Products/Debug-iphonesimulator/Functions.swiftmodule/arm64-apple-ios-simulator.abi.json /Users/rioallen/Library/Developer/Xcode/DerivedData/TradeFly-cjeitwgqikminlegqmjwowkwbezn/Build/Intermediates.noindex/Supabase.build/Debug-iphonesimulator/Functions.build/Objects-normal/arm64/Functions.abi.json (in target 'Functions' from project 'Supabase')
    cd /Users/rioallen/Library/Developer/Xcode/DerivedData/TradeFly-cjeitwgqikminlegqmjwowkwbezn/SourcePackages/checkouts/supabase-swift
    builtin-copy -exclude .DS_Store -exclude CVS -exclude .svn -exclude .git -exclude .hg -resolve-src-symlinks -rename /Users/rioallen/Library/Developer/Xcode/DerivedData/TradeFly-cjeitwgqikminlegqmjwowkwbezn/Build/Intermediates.noindex/Supabase.build/Debug-iphonesimulator/Functions.build/Objects-normal/arm64/Functions.abi.json /Users/rioallen/Library/Developer/Xcode/DerivedData/TradeFly-cjeitwgqikminlegqmjwowkwbezn/Build/Products/Debug-iphonesimulator/Functions.swiftmodule/arm64-apple-ios-simulator.abi.json

Copy /Users/rioallen/Library/Developer/Xcode/DerivedData/TradeFly-cjeitwgqikminlegqmjwowkwbezn/Build/Products/Debug-iphonesimulator/Functions.swiftmodule/Project/arm64-apple-ios-simulator.swiftsourceinfo /Users/rioallen/Library/Developer/Xcode/DerivedData/TradeFly-cjeitwgqikminlegqmjwowkwbezn/Build/Intermediates.noindex/Supabase.build/Debug-iphonesimulator/Functions.build/Objects-normal/arm64/Functions.swiftsourceinfo (in target 'Functions' from project 'Supabase')
    cd /Users/rioallen/Library/Developer/Xcode/DerivedData/TradeFly-cjeitwgqikminlegqmjwowkwbezn/SourcePackages/checkouts/supabase-swift
    builtin-copy -exclude .DS_Store -exclude CVS -exclude .svn -exclude .git -exclude .hg -resolve-src-symlinks -rename /Users/rioallen/Library/Developer/Xcode/DerivedData/TradeFly-cjeitwgqikminlegqmjwowkwbezn/Build/Intermediates.noindex/Supabase.build/Debug-iphonesimulator/Functions.build/Objects-normal/arm64/Functions.swiftsourceinfo /Users/rioallen/Library/Developer/Xcode/DerivedData/TradeFly-cjeitwgqikminlegqmjwowkwbezn/Build/Products/Debug-iphonesimulator/Functions.swiftmodule/Project/arm64-apple-ios-simulator.swiftsourceinfo

SwiftDriverJobDiscovery normal arm64 Compiling Types.swift (in target 'Functions' from project 'Supabase')

SwiftMergeGeneratedHeaders /Users/rioallen/Library/Developer/Xcode/DerivedData/TradeFly-cjeitwgqikminlegqmjwowkwbezn/Build/Intermediates.noindex/GeneratedModuleMaps-iphonesimulator/PostgREST-Swift.h /Users/rioallen/Library/Developer/Xcode/DerivedData/TradeFly-cjeitwgqikminlegqmjwowkwbezn/Build/Intermediates.noindex/Supabase.build/Debug-iphonesimulator/PostgREST.build/Objects-normal/arm64/PostgREST-Swift.h (in target 'PostgREST' from project 'Supabase')
    cd /Users/rioallen/Library/Developer/Xcode/DerivedData/TradeFly-cjeitwgqikminlegqmjwowkwbezn/SourcePackages/checkouts/supabase-swift
    builtin-swiftHeaderTool -arch arm64 /Users/rioallen/Library/Developer/Xcode/DerivedData/TradeFly-cjeitwgqikminlegqmjwowkwbezn/Build/Intermediates.noindex/Supabase.build/Debug-iphonesimulator/PostgREST.build/Objects-normal/arm64/PostgREST-Swift.h -o /Users/rioallen/Library/Developer/Xcode/DerivedData/TradeFly-cjeitwgqikminlegqmjwowkwbezn/Build/Intermediates.noindex/GeneratedModuleMaps-iphonesimulator/PostgREST-Swift.h

Copy /Users/rioallen/Library/Developer/Xcode/DerivedData/TradeFly-cjeitwgqikminlegqmjwowkwbezn/Build/Products/Debug-iphonesimulator/PostgREST.swiftmodule/arm64-apple-ios-simulator.abi.json /Users/rioallen/Library/Developer/Xcode/DerivedData/TradeFly-cjeitwgqikminlegqmjwowkwbezn/Build/Intermediates.noindex/Supabase.build/Debug-iphonesimulator/PostgREST.build/Objects-normal/arm64/PostgREST.abi.json (in target 'PostgREST' from project 'Supabase')
    cd /Users/rioallen/Library/Developer/Xcode/DerivedData/TradeFly-cjeitwgqikminlegqmjwowkwbezn/SourcePackages/checkouts/supabase-swift
    builtin-copy -exclude .DS_Store -exclude CVS -exclude .svn -exclude .git -exclude .hg -resolve-src-symlinks -rename /Users/rioallen/Library/Developer/Xcode/DerivedData/TradeFly-cjeitwgqikminlegqmjwowkwbezn/Build/Intermediates.noindex/Supabase.build/Debug-iphonesimulator/PostgREST.build/Objects-normal/arm64/PostgREST.abi.json /Users/rioallen/Library/Developer/Xcode/DerivedData/TradeFly-cjeitwgqikminlegqmjwowkwbezn/Build/Products/Debug-iphonesimulator/PostgREST.swiftmodule/arm64-apple-ios-simulator.abi.json

Copy /Users/rioallen/Library/Developer/Xcode/DerivedData/TradeFly-cjeitwgqikminlegqmjwowkwbezn/Build/Products/Debug-iphonesimulator/PostgREST.swiftmodule/arm64-apple-ios-simulator.swiftdoc /Users/rioallen/Library/Developer/Xcode/DerivedData/TradeFly-cjeitwgqikminlegqmjwowkwbezn/Build/Intermediates.noindex/Supabase.build/Debug-iphonesimulator/PostgREST.build/Objects-normal/arm64/PostgREST.swiftdoc (in target 'PostgREST' from project 'Supabase')
    cd /Users/rioallen/Library/Developer/Xcode/DerivedData/TradeFly-cjeitwgqikminlegqmjwowkwbezn/SourcePackages/checkouts/supabase-swift
    builtin-copy -exclude .DS_Store -exclude CVS -exclude .svn -exclude .git -exclude .hg -resolve-src-symlinks -rename /Users/rioallen/Library/Developer/Xcode/DerivedData/TradeFly-cjeitwgqikminlegqmjwowkwbezn/Build/Intermediates.noindex/Supabase.build/Debug-iphonesimulator/PostgREST.build/Objects-normal/arm64/PostgREST.swiftdoc /Users/rioallen/Library/Developer/Xcode/DerivedData/TradeFly-cjeitwgqikminlegqmjwowkwbezn/Build/Products/Debug-iphonesimulator/PostgREST.swiftmodule/arm64-apple-ios-simulator.swiftdoc

Copy /Users/rioallen/Library/Developer/Xcode/DerivedData/TradeFly-cjeitwgqikminlegqmjwowkwbezn/Build/Products/Debug-iphonesimulator/PostgREST.swiftmodule/arm64-apple-ios-simulator.swiftmodule /Users/rioallen/Library/Developer/Xcode/DerivedData/TradeFly-cjeitwgqikminlegqmjwowkwbezn/Build/Intermediates.noindex/Supabase.build/Debug-iphonesimulator/PostgREST.build/Objects-normal/arm64/PostgREST.swiftmodule (in target 'PostgREST' from project 'Supabase')
    cd /Users/rioallen/Library/Developer/Xcode/DerivedData/TradeFly-cjeitwgqikminlegqmjwowkwbezn/SourcePackages/checkouts/supabase-swift
    builtin-copy -exclude .DS_Store -exclude CVS -exclude .svn -exclude .git -exclude .hg -resolve-src-symlinks -rename /Users/rioallen/Library/Developer/Xcode/DerivedData/TradeFly-cjeitwgqikminlegqmjwowkwbezn/Build/Intermediates.noindex/Supabase.build/Debug-iphonesimulator/PostgREST.build/Objects-normal/arm64/PostgREST.swiftmodule /Users/rioallen/Library/Developer/Xcode/DerivedData/TradeFly-cjeitwgqikminlegqmjwowkwbezn/Build/Products/Debug-iphonesimulator/PostgREST.swiftmodule/arm64-apple-ios-simulator.swiftmodule

Copy /Users/rioallen/Library/Developer/Xcode/DerivedData/TradeFly-cjeitwgqikminlegqmjwowkwbezn/Build/Products/Debug-iphonesimulator/PostgREST.swiftmodule/Project/arm64-apple-ios-simulator.swiftsourceinfo /Users/rioallen/Library/Developer/Xcode/DerivedData/TradeFly-cjeitwgqikminlegqmjwowkwbezn/Build/Intermediates.noindex/Supabase.build/Debug-iphonesimulator/PostgREST.build/Objects-normal/arm64/PostgREST.swiftsourceinfo (in target 'PostgREST' from project 'Supabase')
    cd /Users/rioallen/Library/Developer/Xcode/DerivedData/TradeFly-cjeitwgqikminlegqmjwowkwbezn/SourcePackages/checkouts/supabase-swift
    builtin-copy -exclude .DS_Store -exclude CVS -exclude .svn -exclude .git -exclude .hg -resolve-src-symlinks -rename /Users/rioallen/Library/Developer/Xcode/DerivedData/TradeFly-cjeitwgqikminlegqmjwowkwbezn/Build/Intermediates.noindex/Supabase.build/Debug-iphonesimulator/PostgREST.build/Objects-normal/arm64/PostgREST.swiftsourceinfo /Users/rioallen/Library/Developer/Xcode/DerivedData/TradeFly-cjeitwgqikminlegqmjwowkwbezn/Build/Products/Debug-iphonesimulator/PostgREST.swiftmodule/Project/arm64-apple-ios-simulator.swiftsourceinfo

SwiftDriverJobDiscovery normal arm64 Compiling PostgrestFilterValue.swift (in target 'PostgREST' from project 'Supabase')

SwiftDriverJobDiscovery normal arm64 Compiling Types.swift (in target 'PostgREST' from project 'Supabase')

SwiftCompile normal arm64 Compiling\ PushV2.swift,\ RealtimeChannel+AsyncAwait.swift /Users/rioallen/Library/Developer/Xcode/DerivedData/TradeFly-cjeitwgqikminlegqmjwowkwbezn/SourcePackages/checkouts/supabase-swift/Sources/Realtime/PushV2.swift /Users/rioallen/Library/Developer/Xcode/DerivedData/TradeFly-cjeitwgqikminlegqmjwowkwbezn/SourcePackages/checkouts/supabase-swift/Sources/Realtime/RealtimeChannel+AsyncAwait.swift (in target 'Realtime' from project 'Supabase')
SwiftCompile normal arm64 /Users/rioallen/Library/Developer/Xcode/DerivedData/TradeFly-cjeitwgqikminlegqmjwowkwbezn/SourcePackages/checkouts/supabase-swift/Sources/Realtime/PushV2.swift (in target 'Realtime' from project 'Supabase')
    cd /Users/rioallen/Documents/DropFly-OS-App-Builder/DropFly-PROJECTS/TradeFly-iOS/TradeFly.xcodeproj
    

SwiftCompile normal arm64 /Users/rioallen/Library/Developer/Xcode/DerivedData/TradeFly-cjeitwgqikminlegqmjwowkwbezn/SourcePackages/checkouts/supabase-swift/Sources/Realtime/RealtimeChannel+AsyncAwait.swift (in target 'Realtime' from project 'Supabase')
    cd /Users/rioallen/Documents/DropFly-OS-App-Builder/DropFly-PROJECTS/TradeFly-iOS/TradeFly.xcodeproj
    

SwiftCompile normal arm64 Compiling\ PostgresActionData.swift,\ PresenceAction.swift /Users/rioallen/Library/Developer/Xcode/DerivedData/TradeFly-cjeitwgqikminlegqmjwowkwbezn/SourcePackages/checkouts/supabase-swift/Sources/Realtime/PostgresActionData.swift /Users/rioallen/Library/Developer/Xcode/DerivedData/TradeFly-cjeitwgqikminlegqmjwowkwbezn/SourcePackages/checkouts/supabase-swift/Sources/Realtime/PresenceAction.swift (in target 'Realtime' from project 'Supabase')
SwiftCompile normal arm64 /Users/rioallen/Library/Developer/Xcode/DerivedData/TradeFly-cjeitwgqikminlegqmjwowkwbezn/SourcePackages/checkouts/supabase-swift/Sources/Realtime/PostgresActionData.swift (in target 'Realtime' from project 'Supabase')
    cd /Users/rioallen/Documents/DropFly-OS-App-Builder/DropFly-PROJECTS/TradeFly-iOS/TradeFly.xcodeproj
    

SwiftCompile normal arm64 /Users/rioallen/Library/Developer/Xcode/DerivedData/TradeFly-cjeitwgqikminlegqmjwowkwbezn/SourcePackages/checkouts/supabase-swift/Sources/Realtime/PresenceAction.swift (in target 'Realtime' from project 'Supabase')
    cd /Users/rioallen/Documents/DropFly-OS-App-Builder/DropFly-PROJECTS/TradeFly-iOS/TradeFly.xcodeproj
    

SwiftCompile normal arm64 Compiling\ CallbackManager.swift,\ Defaults.swift /Users/rioallen/Library/Developer/Xcode/DerivedData/TradeFly-cjeitwgqikminlegqmjwowkwbezn/SourcePackages/checkouts/supabase-swift/Sources/Realtime/CallbackManager.swift /Users/rioallen/Library/Developer/Xcode/DerivedData/TradeFly-cjeitwgqikminlegqmjwowkwbezn/SourcePackages/checkouts/supabase-swift/Sources/Realtime/Deprecated/Defaults.swift (in target 'Realtime' from project 'Supabase')
SwiftCompile normal arm64 /Users/rioallen/Library/Developer/Xcode/DerivedData/TradeFly-cjeitwgqikminlegqmjwowkwbezn/SourcePackages/checkouts/supabase-swift/Sources/Realtime/CallbackManager.swift (in target 'Realtime' from project 'Supabase')
    cd /Users/rioallen/Documents/DropFly-OS-App-Builder/DropFly-PROJECTS/TradeFly-iOS/TradeFly.xcodeproj
    

SwiftCompile normal arm64 /Users/rioallen/Library/Developer/Xcode/DerivedData/TradeFly-cjeitwgqikminlegqmjwowkwbezn/SourcePackages/checkouts/supabase-swift/Sources/Realtime/Deprecated/Defaults.swift (in target 'Realtime' from project 'Supabase')
    cd /Users/rioallen/Documents/DropFly-OS-App-Builder/DropFly-PROJECTS/TradeFly-iOS/TradeFly.xcodeproj
    

SwiftCompile normal arm64 Compiling\ RealtimeError.swift,\ RealtimeJoinConfig.swift /Users/rioallen/Library/Developer/Xcode/DerivedData/TradeFly-cjeitwgqikminlegqmjwowkwbezn/SourcePackages/checkouts/supabase-swift/Sources/Realtime/RealtimeError.swift /Users/rioallen/Library/Developer/Xcode/DerivedData/TradeFly-cjeitwgqikminlegqmjwowkwbezn/SourcePackages/checkouts/supabase-swift/Sources/Realtime/RealtimeJoinConfig.swift (in target 'Realtime' from project 'Supabase')
SwiftCompile normal arm64 /Users/rioallen/Library/Developer/Xcode/DerivedData/TradeFly-cjeitwgqikminlegqmjwowkwbezn/SourcePackages/checkouts/supabase-swift/Sources/Realtime/RealtimeError.swift (in target 'Realtime' from project 'Supabase')
    cd /Users/rioallen/Documents/DropFly-OS-App-Builder/DropFly-PROJECTS/TradeFly-iOS/TradeFly.xcodeproj
    

SwiftCompile normal arm64 /Users/rioallen/Library/Developer/Xcode/DerivedData/TradeFly-cjeitwgqikminlegqmjwowkwbezn/SourcePackages/checkouts/supabase-swift/Sources/Realtime/RealtimeJoinConfig.swift (in target 'Realtime' from project 'Supabase')
    cd /Users/rioallen/Documents/DropFly-OS-App-Builder/DropFly-PROJECTS/TradeFly-iOS/TradeFly.xcodeproj
    

SwiftCompile normal arm64 Compiling\ RealtimePostgresFilterValue.swift /Users/rioallen/Library/Developer/Xcode/DerivedData/TradeFly-cjeitwgqikminlegqmjwowkwbezn/SourcePackages/checkouts/supabase-swift/Sources/Realtime/RealtimePostgresFilterValue.swift (in target 'Realtime' from project 'Supabase')

SwiftCompile normal arm64 /Users/rioallen/Library/Developer/Xcode/DerivedData/TradeFly-cjeitwgqikminlegqmjwowkwbezn/SourcePackages/checkouts/supabase-swift/Sources/Realtime/RealtimePostgresFilterValue.swift (in target 'Realtime' from project 'Supabase')
    cd /Users/rioallen/Documents/DropFly-OS-App-Builder/DropFly-PROJECTS/TradeFly-iOS/TradeFly.xcodeproj
    

SwiftCompile normal arm64 Compiling\ RealtimeMessageV2.swift,\ RealtimePostgresFilter.swift /Users/rioallen/Library/Developer/Xcode/DerivedData/TradeFly-cjeitwgqikminlegqmjwowkwbezn/SourcePackages/checkouts/supabase-swift/Sources/Realtime/RealtimeMessageV2.swift /Users/rioallen/Library/Developer/Xcode/DerivedData/TradeFly-cjeitwgqikminlegqmjwowkwbezn/SourcePackages/checkouts/supabase-swift/Sources/Realtime/RealtimePostgresFilter.swift (in target 'Realtime' from project 'Supabase')

SwiftCompile normal arm64 /Users/rioallen/Library/Developer/Xcode/DerivedData/TradeFly-cjeitwgqikminlegqmjwowkwbezn/SourcePackages/checkouts/supabase-swift/Sources/Realtime/RealtimeMessageV2.swift (in target 'Realtime' from project 'Supabase')
    cd /Users/rioallen/Documents/DropFly-OS-App-Builder/DropFly-PROJECTS/TradeFly-iOS/TradeFly.xcodeproj
    

SwiftCompile normal arm64 /Users/rioallen/Library/Developer/Xcode/DerivedData/TradeFly-cjeitwgqikminlegqmjwowkwbezn/SourcePackages/checkouts/supabase-swift/Sources/Realtime/RealtimePostgresFilter.swift (in target 'Realtime' from project 'Supabase')
    cd /Users/rioallen/Documents/DropFly-OS-App-Builder/DropFly-PROJECTS/TradeFly-iOS/TradeFly.xcodeproj
    

SwiftCompile normal arm64 Compiling\ RealtimeChannelV2.swift,\ RealtimeClientV2.swift /Users/rioallen/Library/Developer/Xcode/DerivedData/TradeFly-cjeitwgqikminlegqmjwowkwbezn/SourcePackages/checkouts/supabase-swift/Sources/Realtime/RealtimeChannelV2.swift /Users/rioallen/Library/Developer/Xcode/DerivedData/TradeFly-cjeitwgqikminlegqmjwowkwbezn/SourcePackages/checkouts/supabase-swift/Sources/Realtime/RealtimeClientV2.swift (in target 'Realtime' from project 'Supabase')
SwiftCompile normal arm64 /Users/rioallen/Library/Developer/Xcode/DerivedData/TradeFly-cjeitwgqikminlegqmjwowkwbezn/SourcePackages/checkouts/supabase-swift/Sources/Realtime/RealtimeChannelV2.swift (in target 'Realtime' from project 'Supabase')
    cd /Users/rioallen/Documents/DropFly-OS-App-Builder/DropFly-PROJECTS/TradeFly-iOS/TradeFly.xcodeproj
    

SwiftCompile normal arm64 /Users/rioallen/Library/Developer/Xcode/DerivedData/TradeFly-cjeitwgqikminlegqmjwowkwbezn/SourcePackages/checkouts/supabase-swift/Sources/Realtime/RealtimeClientV2.swift (in target 'Realtime' from project 'Supabase')
    cd /Users/rioallen/Documents/DropFly-OS-App-Builder/DropFly-PROJECTS/TradeFly-iOS/TradeFly.xcodeproj
    

SwiftCompile normal arm64 Compiling\ RealtimeMessage.swift,\ TimeoutTimer.swift /Users/rioallen/Library/Developer/Xcode/DerivedData/TradeFly-cjeitwgqikminlegqmjwowkwbezn/SourcePackages/checkouts/supabase-swift/Sources/Realtime/Deprecated/RealtimeMessage.swift /Users/rioallen/Library/Developer/Xcode/DerivedData/TradeFly-cjeitwgqikminlegqmjwowkwbezn/SourcePackages/checkouts/supabase-swift/Sources/Realtime/Deprecated/TimeoutTimer.swift (in target 'Realtime' from project 'Supabase')

SwiftCompile normal arm64 /Users/rioallen/Library/Developer/Xcode/DerivedData/TradeFly-cjeitwgqikminlegqmjwowkwbezn/SourcePackages/checkouts/supabase-swift/Sources/Realtime/Deprecated/RealtimeMessage.swift (in target 'Realtime' from project 'Supabase')
    cd /Users/rioallen/Documents/DropFly-OS-App-Builder/DropFly-PROJECTS/TradeFly-iOS/TradeFly.xcodeproj
    

SwiftCompile normal arm64 /Users/rioallen/Library/Developer/Xcode/DerivedData/TradeFly-cjeitwgqikminlegqmjwowkwbezn/SourcePackages/checkouts/supabase-swift/Sources/Realtime/Deprecated/TimeoutTimer.swift (in target 'Realtime' from project 'Supabase')
    cd /Users/rioallen/Documents/DropFly-OS-App-Builder/DropFly-PROJECTS/TradeFly-iOS/TradeFly.xcodeproj
    

SwiftEmitModule normal arm64 Emitting\ module\ for\ Realtime (in target 'Realtime' from project 'Supabase')

EmitSwiftModule normal arm64 (in target 'Realtime' from project 'Supabase')
    cd /Users/rioallen/Documents/DropFly-OS-App-Builder/DropFly-PROJECTS/TradeFly-iOS/TradeFly.xcodeproj
    

SwiftEmitModule normal arm64 Emitting\ module\ for\ Storage (in target 'Storage' from project 'Supabase')

EmitSwiftModule normal arm64 (in target 'Storage' from project 'Supabase')
    cd /Users/rioallen/Documents/DropFly-OS-App-Builder/DropFly-PROJECTS/TradeFly-iOS/TradeFly.xcodeproj
    

SwiftEmitModule normal arm64 Emitting\ module\ for\ Auth (in target 'Auth' from project 'Supabase')

EmitSwiftModule normal arm64 (in target 'Auth' from project 'Supabase')
    cd /Users/rioallen/Documents/DropFly-OS-App-Builder/DropFly-PROJECTS/TradeFly-iOS/TradeFly.xcodeproj
    

SwiftDriverJobDiscovery normal arm64 Compiling PostgrestQueryBuilder.swift (in target 'PostgREST' from project 'Supabase')

SwiftCompile normal arm64 Compiling\ Exports.swift /Users/rioallen/Library/Developer/Xcode/DerivedData/TradeFly-cjeitwgqikminlegqmjwowkwbezn/SourcePackages/checkouts/supabase-swift/Sources/Storage/Exports.swift (in target 'Storage' from project 'Supabase')

SwiftCompile normal arm64 /Users/rioallen/Library/Developer/Xcode/DerivedData/TradeFly-cjeitwgqikminlegqmjwowkwbezn/SourcePackages/checkouts/supabase-swift/Sources/Storage/Exports.swift (in target 'Storage' from project 'Supabase')
    cd /Users/rioallen/Documents/DropFly-OS-App-Builder/DropFly-PROJECTS/TradeFly-iOS/TradeFly.xcodeproj
    

SwiftDriverJobDiscovery normal arm64 Compiling PostgrestBuilder.swift (in target 'PostgREST' from project 'Supabase')

SwiftCompile normal arm64 Compiling\ Deprecated.swift /Users/rioallen/Library/Developer/Xcode/DerivedData/TradeFly-cjeitwgqikminlegqmjwowkwbezn/SourcePackages/checkouts/supabase-swift/Sources/Storage/Deprecated.swift (in target 'Storage' from project 'Supabase')

SwiftCompile normal arm64 /Users/rioallen/Library/Developer/Xcode/DerivedData/TradeFly-cjeitwgqikminlegqmjwowkwbezn/SourcePackages/checkouts/supabase-swift/Sources/Storage/Deprecated.swift (in target 'Storage' from project 'Supabase')
    cd /Users/rioallen/Documents/DropFly-OS-App-Builder/DropFly-PROJECTS/TradeFly-iOS/TradeFly.xcodeproj
    

SwiftDriverJobDiscovery normal arm64 Compiling Exports.swift (in target 'Storage' from project 'Supabase')

SwiftCompile normal arm64 Compiling\ StorageApi.swift /Users/rioallen/Library/Developer/Xcode/DerivedData/TradeFly-cjeitwgqikminlegqmjwowkwbezn/SourcePackages/checkouts/supabase-swift/Sources/Storage/StorageApi.swift (in target 'Storage' from project 'Supabase')

SwiftCompile normal arm64 /Users/rioallen/Library/Developer/Xcode/DerivedData/TradeFly-cjeitwgqikminlegqmjwowkwbezn/SourcePackages/checkouts/supabase-swift/Sources/Storage/StorageApi.swift (in target 'Storage' from project 'Supabase')
    cd /Users/rioallen/Documents/DropFly-OS-App-Builder/DropFly-PROJECTS/TradeFly-iOS/TradeFly.xcodeproj
    

SwiftDriverJobDiscovery normal arm64 Compiling PostgrestFilterBuilder.swift (in target 'PostgREST' from project 'Supabase')

SwiftCompile normal arm64 Compiling\ SupabaseStorage.swift /Users/rioallen/Library/Developer/Xcode/DerivedData/TradeFly-cjeitwgqikminlegqmjwowkwbezn/SourcePackages/checkouts/supabase-swift/Sources/Storage/SupabaseStorage.swift (in target 'Storage' from project 'Supabase')

SwiftCompile normal arm64 /Users/rioallen/Library/Developer/Xcode/DerivedData/TradeFly-cjeitwgqikminlegqmjwowkwbezn/SourcePackages/checkouts/supabase-swift/Sources/Storage/SupabaseStorage.swift (in target 'Storage' from project 'Supabase')
    cd /Users/rioallen/Documents/DropFly-OS-App-Builder/DropFly-PROJECTS/TradeFly-iOS/TradeFly.xcodeproj
    

SwiftDriverJobDiscovery normal arm64 Compiling RealtimePostgresFilterValue.swift (in target 'Realtime' from project 'Supabase')

SwiftCompile normal arm64 Compiling\ Types.swift /Users/rioallen/Library/Developer/Xcode/DerivedData/TradeFly-cjeitwgqikminlegqmjwowkwbezn/SourcePackages/checkouts/supabase-swift/Sources/Storage/Types.swift (in target 'Storage' from project 'Supabase')

SwiftCompile normal arm64 /Users/rioallen/Library/Developer/Xcode/DerivedData/TradeFly-cjeitwgqikminlegqmjwowkwbezn/SourcePackages/checkouts/supabase-swift/Sources/Storage/Types.swift (in target 'Storage' from project 'Supabase')
    cd /Users/rioallen/Documents/DropFly-OS-App-Builder/DropFly-PROJECTS/TradeFly-iOS/TradeFly.xcodeproj
    

SwiftDriverJobDiscovery normal arm64 Compiling FunctionsClient.swift (in target 'Functions' from project 'Supabase')

SwiftCompile normal arm64 Compiling\ MultipartFormData.swift /Users/rioallen/Library/Developer/Xcode/DerivedData/TradeFly-cjeitwgqikminlegqmjwowkwbezn/SourcePackages/checkouts/supabase-swift/Sources/Storage/MultipartFormData.swift (in target 'Storage' from project 'Supabase')

SwiftCompile normal arm64 /Users/rioallen/Library/Developer/Xcode/DerivedData/TradeFly-cjeitwgqikminlegqmjwowkwbezn/SourcePackages/checkouts/supabase-swift/Sources/Storage/MultipartFormData.swift (in target 'Storage' from project 'Supabase')
    cd /Users/rioallen/Documents/DropFly-OS-App-Builder/DropFly-PROJECTS/TradeFly-iOS/TradeFly.xcodeproj
    

SwiftDriverJobDiscovery normal arm64 Compiling PostgrestTransformBuilder.swift (in target 'PostgREST' from project 'Supabase')

SwiftCompile normal arm64 Compiling\ BucketOptions.swift /Users/rioallen/Library/Developer/Xcode/DerivedData/TradeFly-cjeitwgqikminlegqmjwowkwbezn/SourcePackages/checkouts/supabase-swift/Sources/Storage/BucketOptions.swift (in target 'Storage' from project 'Supabase')

SwiftCompile normal arm64 /Users/rioallen/Library/Developer/Xcode/DerivedData/TradeFly-cjeitwgqikminlegqmjwowkwbezn/SourcePackages/checkouts/supabase-swift/Sources/Storage/BucketOptions.swift (in target 'Storage' from project 'Supabase')
    cd /Users/rioallen/Documents/DropFly-OS-App-Builder/DropFly-PROJECTS/TradeFly-iOS/TradeFly.xcodeproj
    

SwiftCompile normal arm64 Compiling\ StorageHTTPClient.swift /Users/rioallen/Library/Developer/Xcode/DerivedData/TradeFly-cjeitwgqikminlegqmjwowkwbezn/SourcePackages/checkouts/supabase-swift/Sources/Storage/StorageHTTPClient.swift (in target 'Storage' from project 'Supabase')

SwiftCompile normal arm64 /Users/rioallen/Library/Developer/Xcode/DerivedData/TradeFly-cjeitwgqikminlegqmjwowkwbezn/SourcePackages/checkouts/supabase-swift/Sources/Storage/StorageHTTPClient.swift (in target 'Storage' from project 'Supabase')
    cd /Users/rioallen/Documents/DropFly-OS-App-Builder/DropFly-PROJECTS/TradeFly-iOS/TradeFly.xcodeproj
    

SwiftDriverJobDiscovery normal arm64 Compiling PostgrestClient.swift (in target 'PostgREST' from project 'Supabase')

SwiftDriverJobDiscovery normal arm64 Compiling RealtimeMessage.swift, TimeoutTimer.swift (in target 'Realtime' from project 'Supabase')

SwiftCompile normal arm64 Compiling\ StorageFileApi.swift /Users/rioallen/Library/Developer/Xcode/DerivedData/TradeFly-cjeitwgqikminlegqmjwowkwbezn/SourcePackages/checkouts/supabase-swift/Sources/Storage/StorageFileApi.swift (in target 'Storage' from project 'Supabase')

SwiftCompile normal arm64 /Users/rioallen/Library/Developer/Xcode/DerivedData/TradeFly-cjeitwgqikminlegqmjwowkwbezn/SourcePackages/checkouts/supabase-swift/Sources/Storage/StorageFileApi.swift (in target 'Storage' from project 'Supabase')
    cd /Users/rioallen/Documents/DropFly-OS-App-Builder/DropFly-PROJECTS/TradeFly-iOS/TradeFly.xcodeproj
    

SwiftDriverJobDiscovery normal arm64 Compiling RealtimeMessageV2.swift, RealtimePostgresFilter.swift (in target 'Realtime' from project 'Supabase')

SwiftCompile normal arm64 Compiling\ Helpers.swift /Users/rioallen/Library/Developer/Xcode/DerivedData/TradeFly-cjeitwgqikminlegqmjwowkwbezn/SourcePackages/checkouts/supabase-swift/Sources/Storage/Helpers.swift (in target 'Storage' from project 'Supabase')

SwiftCompile normal arm64 /Users/rioallen/Library/Developer/Xcode/DerivedData/TradeFly-cjeitwgqikminlegqmjwowkwbezn/SourcePackages/checkouts/supabase-swift/Sources/Storage/Helpers.swift (in target 'Storage' from project 'Supabase')
    cd /Users/rioallen/Documents/DropFly-OS-App-Builder/DropFly-PROJECTS/TradeFly-iOS/TradeFly.xcodeproj
    

SwiftDriverJobDiscovery normal arm64 Compiling PushV2.swift, RealtimeChannel+AsyncAwait.swift (in target 'Realtime' from project 'Supabase')

SwiftCompile normal arm64 Compiling\ StorageError.swift /Users/rioallen/Library/Developer/Xcode/DerivedData/TradeFly-cjeitwgqikminlegqmjwowkwbezn/SourcePackages/checkouts/supabase-swift/Sources/Storage/StorageError.swift (in target 'Storage' from project 'Supabase')

SwiftCompile normal arm64 /Users/rioallen/Library/Developer/Xcode/DerivedData/TradeFly-cjeitwgqikminlegqmjwowkwbezn/SourcePackages/checkouts/supabase-swift/Sources/Storage/StorageError.swift (in target 'Storage' from project 'Supabase')
    cd /Users/rioallen/Documents/DropFly-OS-App-Builder/DropFly-PROJECTS/TradeFly-iOS/TradeFly.xcodeproj
    

SwiftDriverJobDiscovery normal arm64 Compiling PostgresActionData.swift, PresenceAction.swift (in target 'Realtime' from project 'Supabase')

SwiftCompile normal arm64 Compiling\ Codable.swift /Users/rioallen/Library/Developer/Xcode/DerivedData/TradeFly-cjeitwgqikminlegqmjwowkwbezn/SourcePackages/checkouts/supabase-swift/Sources/Storage/Codable.swift (in target 'Storage' from project 'Supabase')

SwiftCompile normal arm64 /Users/rioallen/Library/Developer/Xcode/DerivedData/TradeFly-cjeitwgqikminlegqmjwowkwbezn/SourcePackages/checkouts/supabase-swift/Sources/Storage/Codable.swift (in target 'Storage' from project 'Supabase')
    cd /Users/rioallen/Documents/DropFly-OS-App-Builder/DropFly-PROJECTS/TradeFly-iOS/TradeFly.xcodeproj
    

SwiftDriverJobDiscovery normal arm64 Compiling SupabaseStorage.swift (in target 'Storage' from project 'Supabase')

SwiftCompile normal arm64 Compiling\ TransformOptions.swift /Users/rioallen/Library/Developer/Xcode/DerivedData/TradeFly-cjeitwgqikminlegqmjwowkwbezn/SourcePackages/checkouts/supabase-swift/Sources/Storage/TransformOptions.swift (in target 'Storage' from project 'Supabase')

SwiftCompile normal arm64 /Users/rioallen/Library/Developer/Xcode/DerivedData/TradeFly-cjeitwgqikminlegqmjwowkwbezn/SourcePackages/checkouts/supabase-swift/Sources/Storage/TransformOptions.swift (in target 'Storage' from project 'Supabase')
    cd /Users/rioallen/Documents/DropFly-OS-App-Builder/DropFly-PROJECTS/TradeFly-iOS/TradeFly.xcodeproj
    

SwiftDriverJobDiscovery normal arm64 Emitting module for Storage (in target 'Storage' from project 'Supabase')

SwiftDriver\ Compilation\ Requirements Storage normal arm64 com.apple.xcode.tools.swift.compiler (in target 'Storage' from project 'Supabase')
    cd /Users/rioallen/Documents/DropFly-OS-App-Builder/DropFly-PROJECTS/TradeFly-iOS/TradeFly.xcodeproj
    builtin-Swift-Compilation-Requirements -- /Applications/Xcode.app/Contents/Developer/Toolchains/XcodeDefault.xctoolchain/usr/bin/swiftc -module-name Storage -Onone -enforce-exclusivity\=checked @/Users/rioallen/Library/Developer/Xcode/DerivedData/TradeFly-cjeitwgqikminlegqmjwowkwbezn/Build/Intermediates.noindex/Supabase.build/Debug-iphonesimulator/Storage.build/Objects-normal/arm64/Storage.SwiftFileList -DSWIFT_PACKAGE -DDEBUG -DSWIFT_MODULE_RESOURCE_BUNDLE_UNAVAILABLE -DXcode -enable-upcoming-feature ExistentialAny -enable-experimental-feature StrictConcurrency -plugin-path /Applications/Xcode.app/Contents/Developer/Toolchains/XcodeDefault.xctoolchain/usr/lib/swift/host/plugins/testing -enable-experimental-feature DebugDescriptionMacro -sdk /Applications/Xcode.app/Contents/Developer/Platforms/iPhoneSimulator.platform/Developer/SDKs/iPhoneSimulator26.1.sdk -target arm64-apple-ios13.0-simulator -g -module-cache-path /Users/rioallen/Library/Developer/Xcode/DerivedData/ModuleCache.noindex -Xfrontend -serialize-debugging-options -enable-testing -suppress-warnings -index-store-path /Users/rioallen/Library/Developer/Xcode/DerivedData/TradeFly-cjeitwgqikminlegqmjwowkwbezn/Index.noindex/DataStore -Xcc -D_LIBCPP_HARDENING_MODE\=_LIBCPP_HARDENING_MODE_DEBUG -swift-version 5 -I /Users/rioallen/Library/Developer/Xcode/DerivedData/TradeFly-cjeitwgqikminlegqmjwowkwbezn/Build/Products/Debug-iphonesimulator -Isystem /Applications/Xcode.app/Contents/Developer/Platforms/iPhoneSimulator.platform/Developer/usr/lib -F /Users/rioallen/Library/Developer/Xcode/DerivedData/TradeFly-cjeitwgqikminlegqmjwowkwbezn/Build/Products/Debug-iphonesimulator/PackageFrameworks -F /Users/rioallen/Library/Developer/Xcode/DerivedData/TradeFly-cjeitwgqikminlegqmjwowkwbezn/Build/Products/Debug-iphonesimulator/PackageFrameworks -F /Users/rioallen/Library/Developer/Xcode/DerivedData/TradeFly-cjeitwgqikminlegqmjwowkwbezn/Build/Products/Debug-iphonesimulator/PackageFrameworks -F /Users/rioallen/Library/Developer/Xcode/DerivedData/TradeFly-cjeitwgqikminlegqmjwowkwbezn/Build/Products/Debug-iphonesimulator/PackageFrameworks -F /Users/rioallen/Library/Developer/Xcode/DerivedData/TradeFly-cjeitwgqikminlegqmjwowkwbezn/Build/Products/Debug-iphonesimulator/PackageFrameworks -F /Users/rioallen/Library/Developer/Xcode/DerivedData/TradeFly-cjeitwgqikminlegqmjwowkwbezn/Build/Products/Debug-iphonesimulator/PackageFrameworks -F /Users/rioallen/Library/Developer/Xcode/DerivedData/TradeFly-cjeitwgqikminlegqmjwowkwbezn/Build/Products/Debug-iphonesimulator/PackageFrameworks -F /Users/rioallen/Library/Developer/Xcode/DerivedData/TradeFly-cjeitwgqikminlegqmjwowkwbezn/Build/Products/Debug-iphonesimulator -F /Applications/Xcode.app/Contents/Developer/Platforms/iPhoneSimulator.platform/Developer/Library/Frameworks -F /Applications/Xcode.app/Contents/Developer/Platforms/iPhoneSimulator.platform/Developer/SDKs/iPhoneSimulator26.1.sdk/Developer/Library/Frameworks -c -j16 -enable-batch-mode -incremental -Xcc -ivfsstatcache -Xcc /Users/rioallen/Library/Developer/Xcode/DerivedData/SDKStatCaches.noindex/iphonesimulator26.1-23B77-90cf18a4295e390e64c810bc6bd7acbc.sdkstatcache -output-file-map /Users/rioallen/Library/Developer/Xcode/DerivedData/TradeFly-cjeitwgqikminlegqmjwowkwbezn/Build/Intermediates.noindex/Supabase.build/Debug-iphonesimulator/Storage.build/Objects-normal/arm64/Storage-OutputFileMap.json -use-frontend-parseable-output -save-temps -no-color-diagnostics -explicit-module-build -module-cache-path /Users/rioallen/Library/Developer/Xcode/DerivedData/TradeFly-cjeitwgqikminlegqmjwowkwbezn/Build/Intermediates.noindex/SwiftExplicitPrecompiledModules -clang-scanner-module-cache-path /Users/rioallen/Library/Developer/Xcode/DerivedData/ModuleCache.noindex -sdk-module-cache-path /Users/rioallen/Library/Developer/Xcode/DerivedData/ModuleCache.noindex -serialize-diagnostics -emit-dependencies -emit-module -emit-module-path /Users/rioallen/Library/Developer/Xcode/DerivedData/TradeFly-cjeitwgqikminlegqmjwowkwbezn/Build/Intermediates.noindex/Supabase.build/Debug-iphonesimulator/Storage.build/Objects-normal/arm64/Storage.swiftmodule -validate-clang-modules-once -clang-build-session-file /Users/rioallen/Library/Developer/Xcode/DerivedData/ModuleCache.noindex/Session.modulevalidation -package-name supabase_swift -Xcc -I/Users/rioallen/Library/Developer/Xcode/DerivedData/TradeFly-cjeitwgqikminlegqmjwowkwbezn/Build/Intermediates.noindex/Supabase.build/Debug-iphonesimulator/Storage.build/swift-overrides.hmap -emit-const-values -Xfrontend -const-gather-protocols-file -Xfrontend /Users/rioallen/Library/Developer/Xcode/DerivedData/TradeFly-cjeitwgqikminlegqmjwowkwbezn/Build/Intermediates.noindex/Supabase.build/Debug-iphonesimulator/Storage.build/Objects-normal/arm64/Storage_const_extract_protocols.json -Xcc -I/Users/rioallen/Library/Developer/Xcode/DerivedData/TradeFly-cjeitwgqikminlegqmjwowkwbezn/Build/Products/Debug-iphonesimulator/include -Xcc -I/Users/rioallen/Library/Developer/Xcode/DerivedData/TradeFly-cjeitwgqikminlegqmjwowkwbezn/Build/Intermediates.noindex/Supabase.build/Debug-iphonesimulator/Storage.build/DerivedSources-normal/arm64 -Xcc -I/Users/rioallen/Library/Developer/Xcode/DerivedData/TradeFly-cjeitwgqikminlegqmjwowkwbezn/Build/Intermediates.noindex/Supabase.build/Debug-iphonesimulator/Storage.build/DerivedSources/arm64 -Xcc -I/Users/rioallen/Library/Developer/Xcode/DerivedData/TradeFly-cjeitwgqikminlegqmjwowkwbezn/Build/Intermediates.noindex/Supabase.build/Debug-iphonesimulator/Storage.build/DerivedSources -Xcc -DSWIFT_PACKAGE -Xcc -DDEBUG\=1 -emit-objc-header -emit-objc-header-path /Users/rioallen/Library/Developer/Xcode/DerivedData/TradeFly-cjeitwgqikminlegqmjwowkwbezn/Build/Intermediates.noindex/Supabase.build/Debug-iphonesimulator/Storage.build/Objects-normal/arm64/Storage-Swift.h -working-directory /Users/rioallen/Documents/DropFly-OS-App-Builder/DropFly-PROJECTS/TradeFly-iOS/TradeFly.xcodeproj -experimental-emit-module-separately -disable-cmo

SwiftDriverJobDiscovery normal arm64 Compiling BucketOptions.swift (in target 'Storage' from project 'Supabase')

SwiftCompile normal arm64 Compiling\ StorageBucketApi.swift /Users/rioallen/Library/Developer/Xcode/DerivedData/TradeFly-cjeitwgqikminlegqmjwowkwbezn/SourcePackages/checkouts/supabase-swift/Sources/Storage/StorageBucketApi.swift (in target 'Storage' from project 'Supabase')

SwiftCompile normal arm64 /Users/rioallen/Library/Developer/Xcode/DerivedData/TradeFly-cjeitwgqikminlegqmjwowkwbezn/SourcePackages/checkouts/supabase-swift/Sources/Storage/StorageBucketApi.swift (in target 'Storage' from project 'Supabase')
    cd /Users/rioallen/Documents/DropFly-OS-App-Builder/DropFly-PROJECTS/TradeFly-iOS/TradeFly.xcodeproj
    

SwiftMergeGeneratedHeaders /Users/rioallen/Library/Developer/Xcode/DerivedData/TradeFly-cjeitwgqikminlegqmjwowkwbezn/Build/Intermediates.noindex/GeneratedModuleMaps-iphonesimulator/Storage-Swift.h /Users/rioallen/Library/Developer/Xcode/DerivedData/TradeFly-cjeitwgqikminlegqmjwowkwbezn/Build/Intermediates.noindex/Supabase.build/Debug-iphonesimulator/Storage.build/Objects-normal/arm64/Storage-Swift.h (in target 'Storage' from project 'Supabase')
    cd /Users/rioallen/Library/Developer/Xcode/DerivedData/TradeFly-cjeitwgqikminlegqmjwowkwbezn/SourcePackages/checkouts/supabase-swift
    builtin-swiftHeaderTool -arch arm64 /Users/rioallen/Library/Developer/Xcode/DerivedData/TradeFly-cjeitwgqikminlegqmjwowkwbezn/Build/Intermediates.noindex/Supabase.build/Debug-iphonesimulator/Storage.build/Objects-normal/arm64/Storage-Swift.h -o /Users/rioallen/Library/Developer/Xcode/DerivedData/TradeFly-cjeitwgqikminlegqmjwowkwbezn/Build/Intermediates.noindex/GeneratedModuleMaps-iphonesimulator/Storage-Swift.h

SwiftDriverJobDiscovery normal arm64 Compiling CallbackManager.swift, Defaults.swift (in target 'Realtime' from project 'Supabase')

Copy /Users/rioallen/Library/Developer/Xcode/DerivedData/TradeFly-cjeitwgqikminlegqmjwowkwbezn/Build/Products/Debug-iphonesimulator/Storage.swiftmodule/arm64-apple-ios-simulator.swiftmodule /Users/rioallen/Library/Developer/Xcode/DerivedData/TradeFly-cjeitwgqikminlegqmjwowkwbezn/Build/Intermediates.noindex/Supabase.build/Debug-iphonesimulator/Storage.build/Objects-normal/arm64/Storage.swiftmodule (in target 'Storage' from project 'Supabase')
    cd /Users/rioallen/Library/Developer/Xcode/DerivedData/TradeFly-cjeitwgqikminlegqmjwowkwbezn/SourcePackages/checkouts/supabase-swift
    builtin-copy -exclude .DS_Store -exclude CVS -exclude .svn -exclude .git -exclude .hg -resolve-src-symlinks -rename /Users/rioallen/Library/Developer/Xcode/DerivedData/TradeFly-cjeitwgqikminlegqmjwowkwbezn/Build/Intermediates.noindex/Supabase.build/Debug-iphonesimulator/Storage.build/Objects-normal/arm64/Storage.swiftmodule /Users/rioallen/Library/Developer/Xcode/DerivedData/TradeFly-cjeitwgqikminlegqmjwowkwbezn/Build/Products/Debug-iphonesimulator/Storage.swiftmodule/arm64-apple-ios-simulator.swiftmodule

Copy /Users/rioallen/Library/Developer/Xcode/DerivedData/TradeFly-cjeitwgqikminlegqmjwowkwbezn/Build/Products/Debug-iphonesimulator/Storage.swiftmodule/arm64-apple-ios-simulator.swiftdoc /Users/rioallen/Library/Developer/Xcode/DerivedData/TradeFly-cjeitwgqikminlegqmjwowkwbezn/Build/Intermediates.noindex/Supabase.build/Debug-iphonesimulator/Storage.build/Objects-normal/arm64/Storage.swiftdoc (in target 'Storage' from project 'Supabase')
    cd /Users/rioallen/Library/Developer/Xcode/DerivedData/TradeFly-cjeitwgqikminlegqmjwowkwbezn/SourcePackages/checkouts/supabase-swift
    builtin-copy -exclude .DS_Store -exclude CVS -exclude .svn -exclude .git -exclude .hg -resolve-src-symlinks -rename /Users/rioallen/Library/Developer/Xcode/DerivedData/TradeFly-cjeitwgqikminlegqmjwowkwbezn/Build/Intermediates.noindex/Supabase.build/Debug-iphonesimulator/Storage.build/Objects-normal/arm64/Storage.swiftdoc /Users/rioallen/Library/Developer/Xcode/DerivedData/TradeFly-cjeitwgqikminlegqmjwowkwbezn/Build/Products/Debug-iphonesimulator/Storage.swiftmodule/arm64-apple-ios-simulator.swiftdoc

Copy /Users/rioallen/Library/Developer/Xcode/DerivedData/TradeFly-cjeitwgqikminlegqmjwowkwbezn/Build/Products/Debug-iphonesimulator/Storage.swiftmodule/arm64-apple-ios-simulator.abi.json /Users/rioallen/Library/Developer/Xcode/DerivedData/TradeFly-cjeitwgqikminlegqmjwowkwbezn/Build/Intermediates.noindex/Supabase.build/Debug-iphonesimulator/Storage.build/Objects-normal/arm64/Storage.abi.json (in target 'Storage' from project 'Supabase')
    cd /Users/rioallen/Library/Developer/Xcode/DerivedData/TradeFly-cjeitwgqikminlegqmjwowkwbezn/SourcePackages/checkouts/supabase-swift
    builtin-copy -exclude .DS_Store -exclude CVS -exclude .svn -exclude .git -exclude .hg -resolve-src-symlinks -rename /Users/rioallen/Library/Developer/Xcode/DerivedData/TradeFly-cjeitwgqikminlegqmjwowkwbezn/Build/Intermediates.noindex/Supabase.build/Debug-iphonesimulator/Storage.build/Objects-normal/arm64/Storage.abi.json /Users/rioallen/Library/Developer/Xcode/DerivedData/TradeFly-cjeitwgqikminlegqmjwowkwbezn/Build/Products/Debug-iphonesimulator/Storage.swiftmodule/arm64-apple-ios-simulator.abi.json

SwiftDriverJobDiscovery normal arm64 Compiling StorageApi.swift (in target 'Storage' from project 'Supabase')

Copy /Users/rioallen/Library/Developer/Xcode/DerivedData/TradeFly-cjeitwgqikminlegqmjwowkwbezn/Build/Products/Debug-iphonesimulator/Storage.swiftmodule/Project/arm64-apple-ios-simulator.swiftsourceinfo /Users/rioallen/Library/Developer/Xcode/DerivedData/TradeFly-cjeitwgqikminlegqmjwowkwbezn/Build/Intermediates.noindex/Supabase.build/Debug-iphonesimulator/Storage.build/Objects-normal/arm64/Storage.swiftsourceinfo (in target 'Storage' from project 'Supabase')
    cd /Users/rioallen/Library/Developer/Xcode/DerivedData/TradeFly-cjeitwgqikminlegqmjwowkwbezn/SourcePackages/checkouts/supabase-swift
    builtin-copy -exclude .DS_Store -exclude CVS -exclude .svn -exclude .git -exclude .hg -resolve-src-symlinks -rename /Users/rioallen/Library/Developer/Xcode/DerivedData/TradeFly-cjeitwgqikminlegqmjwowkwbezn/Build/Intermediates.noindex/Supabase.build/Debug-iphonesimulator/Storage.build/Objects-normal/arm64/Storage.swiftsourceinfo /Users/rioallen/Library/Developer/Xcode/DerivedData/TradeFly-cjeitwgqikminlegqmjwowkwbezn/Build/Products/Debug-iphonesimulator/Storage.swiftmodule/Project/arm64-apple-ios-simulator.swiftsourceinfo

SwiftCompile normal arm64 Compiling\ Types.swift /Users/rioallen/Library/Developer/Xcode/DerivedData/TradeFly-cjeitwgqikminlegqmjwowkwbezn/SourcePackages/checkouts/supabase-swift/Sources/Realtime/Types.swift (in target 'Realtime' from project 'Supabase')

SwiftCompile normal arm64 /Users/rioallen/Library/Developer/Xcode/DerivedData/TradeFly-cjeitwgqikminlegqmjwowkwbezn/SourcePackages/checkouts/supabase-swift/Sources/Realtime/Types.swift (in target 'Realtime' from project 'Supabase')
    cd /Users/rioallen/Documents/DropFly-OS-App-Builder/DropFly-PROJECTS/TradeFly-iOS/TradeFly.xcodeproj
    

SwiftCompile normal arm64 Compiling\ WebSocket.swift /Users/rioallen/Library/Developer/Xcode/DerivedData/TradeFly-cjeitwgqikminlegqmjwowkwbezn/SourcePackages/checkouts/supabase-swift/Sources/Realtime/WebSocket/WebSocket.swift (in target 'Realtime' from project 'Supabase')

SwiftCompile normal arm64 /Users/rioallen/Library/Developer/Xcode/DerivedData/TradeFly-cjeitwgqikminlegqmjwowkwbezn/SourcePackages/checkouts/supabase-swift/Sources/Realtime/WebSocket/WebSocket.swift (in target 'Realtime' from project 'Supabase')
    cd /Users/rioallen/Documents/DropFly-OS-App-Builder/DropFly-PROJECTS/TradeFly-iOS/TradeFly.xcodeproj
    

SwiftCompile normal arm64 Compiling\ Exports.swift,\ PostgresAction.swift /Users/rioallen/Library/Developer/Xcode/DerivedData/TradeFly-cjeitwgqikminlegqmjwowkwbezn/SourcePackages/checkouts/supabase-swift/Sources/Realtime/Exports.swift /Users/rioallen/Library/Developer/Xcode/DerivedData/TradeFly-cjeitwgqikminlegqmjwowkwbezn/SourcePackages/checkouts/supabase-swift/Sources/Realtime/PostgresAction.swift (in target 'Realtime' from project 'Supabase')

SwiftCompile normal arm64 /Users/rioallen/Library/Developer/Xcode/DerivedData/TradeFly-cjeitwgqikminlegqmjwowkwbezn/SourcePackages/checkouts/supabase-swift/Sources/Realtime/Exports.swift (in target 'Realtime' from project 'Supabase')
    cd /Users/rioallen/Documents/DropFly-OS-App-Builder/DropFly-PROJECTS/TradeFly-iOS/TradeFly.xcodeproj
    

SwiftCompile normal arm64 /Users/rioallen/Library/Developer/Xcode/DerivedData/TradeFly-cjeitwgqikminlegqmjwowkwbezn/SourcePackages/checkouts/supabase-swift/Sources/Realtime/PostgresAction.swift (in target 'Realtime' from project 'Supabase')
    cd /Users/rioallen/Documents/DropFly-OS-App-Builder/DropFly-PROJECTS/TradeFly-iOS/TradeFly.xcodeproj
    

SwiftDriverJobDiscovery normal arm64 Compiling Deprecated.swift (in target 'Storage' from project 'Supabase')

SwiftCompile normal arm64 Compiling\ Delegated.swift,\ Deprecated.swift /Users/rioallen/Library/Developer/Xcode/DerivedData/TradeFly-cjeitwgqikminlegqmjwowkwbezn/SourcePackages/checkouts/supabase-swift/Sources/Realtime/Deprecated/Delegated.swift /Users/rioallen/Library/Developer/Xcode/DerivedData/TradeFly-cjeitwgqikminlegqmjwowkwbezn/SourcePackages/checkouts/supabase-swift/Sources/Realtime/Deprecated/Deprecated.swift (in target 'Realtime' from project 'Supabase')

SwiftCompile normal arm64 /Users/rioallen/Library/Developer/Xcode/DerivedData/TradeFly-cjeitwgqikminlegqmjwowkwbezn/SourcePackages/checkouts/supabase-swift/Sources/Realtime/Deprecated/Delegated.swift (in target 'Realtime' from project 'Supabase')
    cd /Users/rioallen/Documents/DropFly-OS-App-Builder/DropFly-PROJECTS/TradeFly-iOS/TradeFly.xcodeproj
    

SwiftCompile normal arm64 /Users/rioallen/Library/Developer/Xcode/DerivedData/TradeFly-cjeitwgqikminlegqmjwowkwbezn/SourcePackages/checkouts/supabase-swift/Sources/Realtime/Deprecated/Deprecated.swift (in target 'Realtime' from project 'Supabase')
    cd /Users/rioallen/Documents/DropFly-OS-App-Builder/DropFly-PROJECTS/TradeFly-iOS/TradeFly.xcodeproj
    

SwiftDriverJobDiscovery normal arm64 Compiling RealtimeError.swift, RealtimeJoinConfig.swift (in target 'Realtime' from project 'Supabase')

SwiftCompile normal arm64 Compiling\ Presence.swift,\ Push.swift /Users/rioallen/Library/Developer/Xcode/DerivedData/TradeFly-cjeitwgqikminlegqmjwowkwbezn/SourcePackages/checkouts/supabase-swift/Sources/Realtime/Deprecated/Presence.swift /Users/rioallen/Library/Developer/Xcode/DerivedData/TradeFly-cjeitwgqikminlegqmjwowkwbezn/SourcePackages/checkouts/supabase-swift/Sources/Realtime/Deprecated/Push.swift (in target 'Realtime' from project 'Supabase')

SwiftCompile normal arm64 /Users/rioallen/Library/Developer/Xcode/DerivedData/TradeFly-cjeitwgqikminlegqmjwowkwbezn/SourcePackages/checkouts/supabase-swift/Sources/Realtime/Deprecated/Presence.swift (in target 'Realtime' from project 'Supabase')
    cd /Users/rioallen/Documents/DropFly-OS-App-Builder/DropFly-PROJECTS/TradeFly-iOS/TradeFly.xcodeproj
    

SwiftCompile normal arm64 /Users/rioallen/Library/Developer/Xcode/DerivedData/TradeFly-cjeitwgqikminlegqmjwowkwbezn/SourcePackages/checkouts/supabase-swift/Sources/Realtime/Deprecated/Push.swift (in target 'Realtime' from project 'Supabase')
    cd /Users/rioallen/Documents/DropFly-OS-App-Builder/DropFly-PROJECTS/TradeFly-iOS/TradeFly.xcodeproj
    

SwiftDriverJobDiscovery normal arm64 Emitting module for Realtime (in target 'Realtime' from project 'Supabase')

SwiftCompile normal arm64 Compiling\ HeartbeatTimer.swift,\ PhoenixTransport.swift /Users/rioallen/Library/Developer/Xcode/DerivedData/TradeFly-cjeitwgqikminlegqmjwowkwbezn/SourcePackages/checkouts/supabase-swift/Sources/Realtime/Deprecated/HeartbeatTimer.swift /Users/rioallen/Library/Developer/Xcode/DerivedData/TradeFly-cjeitwgqikminlegqmjwowkwbezn/SourcePackages/checkouts/supabase-swift/Sources/Realtime/Deprecated/PhoenixTransport.swift (in target 'Realtime' from project 'Supabase')

SwiftCompile normal arm64 /Users/rioallen/Library/Developer/Xcode/DerivedData/TradeFly-cjeitwgqikminlegqmjwowkwbezn/SourcePackages/checkouts/supabase-swift/Sources/Realtime/Deprecated/HeartbeatTimer.swift (in target 'Realtime' from project 'Supabase')
    cd /Users/rioallen/Documents/DropFly-OS-App-Builder/DropFly-PROJECTS/TradeFly-iOS/TradeFly.xcodeproj
    

SwiftCompile normal arm64 /Users/rioallen/Library/Developer/Xcode/DerivedData/TradeFly-cjeitwgqikminlegqmjwowkwbezn/SourcePackages/checkouts/supabase-swift/Sources/Realtime/Deprecated/PhoenixTransport.swift (in target 'Realtime' from project 'Supabase')
    cd /Users/rioallen/Documents/DropFly-OS-App-Builder/DropFly-PROJECTS/TradeFly-iOS/TradeFly.xcodeproj
    

SwiftDriverJobDiscovery normal arm64 Compiling Codable.swift (in target 'Storage' from project 'Supabase')

SwiftDriver\ Compilation\ Requirements Realtime normal arm64 com.apple.xcode.tools.swift.compiler (in target 'Realtime' from project 'Supabase')
    cd /Users/rioallen/Documents/DropFly-OS-App-Builder/DropFly-PROJECTS/TradeFly-iOS/TradeFly.xcodeproj
    builtin-Swift-Compilation-Requirements -- /Applications/Xcode.app/Contents/Developer/Toolchains/XcodeDefault.xctoolchain/usr/bin/swiftc -module-name Realtime -Onone -enforce-exclusivity\=checked @/Users/rioallen/Library/Developer/Xcode/DerivedData/TradeFly-cjeitwgqikminlegqmjwowkwbezn/Build/Intermediates.noindex/Supabase.build/Debug-iphonesimulator/Realtime.build/Objects-normal/arm64/Realtime.SwiftFileList -DSWIFT_PACKAGE -DDEBUG -DSWIFT_MODULE_RESOURCE_BUNDLE_UNAVAILABLE -DXcode -enable-upcoming-feature ExistentialAny -enable-experimental-feature StrictConcurrency -plugin-path /Applications/Xcode.app/Contents/Developer/Toolchains/XcodeDefault.xctoolchain/usr/lib/swift/host/plugins/testing -enable-experimental-feature DebugDescriptionMacro -sdk /Applications/Xcode.app/Contents/Developer/Platforms/iPhoneSimulator.platform/Developer/SDKs/iPhoneSimulator26.1.sdk -target arm64-apple-ios13.0-simulator -g -module-cache-path /Users/rioallen/Library/Developer/Xcode/DerivedData/ModuleCache.noindex -Xfrontend -serialize-debugging-options -enable-testing -suppress-warnings -index-store-path /Users/rioallen/Library/Developer/Xcode/DerivedData/TradeFly-cjeitwgqikminlegqmjwowkwbezn/Index.noindex/DataStore -Xcc -D_LIBCPP_HARDENING_MODE\=_LIBCPP_HARDENING_MODE_DEBUG -swift-version 5 -I /Users/rioallen/Library/Developer/Xcode/DerivedData/TradeFly-cjeitwgqikminlegqmjwowkwbezn/Build/Products/Debug-iphonesimulator -Isystem /Applications/Xcode.app/Contents/Developer/Platforms/iPhoneSimulator.platform/Developer/usr/lib -F /Users/rioallen/Library/Developer/Xcode/DerivedData/TradeFly-cjeitwgqikminlegqmjwowkwbezn/Build/Products/Debug-iphonesimulator/PackageFrameworks -F /Users/rioallen/Library/Developer/Xcode/DerivedData/TradeFly-cjeitwgqikminlegqmjwowkwbezn/Build/Products/Debug-iphonesimulator/PackageFrameworks -F /Users/rioallen/Library/Developer/Xcode/DerivedData/TradeFly-cjeitwgqikminlegqmjwowkwbezn/Build/Products/Debug-iphonesimulator/PackageFrameworks -F /Users/rioallen/Library/Developer/Xcode/DerivedData/TradeFly-cjeitwgqikminlegqmjwowkwbezn/Build/Products/Debug-iphonesimulator/PackageFrameworks -F /Users/rioallen/Library/Developer/Xcode/DerivedData/TradeFly-cjeitwgqikminlegqmjwowkwbezn/Build/Products/Debug-iphonesimulator/PackageFrameworks -F /Users/rioallen/Library/Developer/Xcode/DerivedData/TradeFly-cjeitwgqikminlegqmjwowkwbezn/Build/Products/Debug-iphonesimulator/PackageFrameworks -F /Users/rioallen/Library/Developer/Xcode/DerivedData/TradeFly-cjeitwgqikminlegqmjwowkwbezn/Build/Products/Debug-iphonesimulator/PackageFrameworks -F /Users/rioallen/Library/Developer/Xcode/DerivedData/TradeFly-cjeitwgqikminlegqmjwowkwbezn/Build/Products/Debug-iphonesimulator -F /Applications/Xcode.app/Contents/Developer/Platforms/iPhoneSimulator.platform/Developer/Library/Frameworks -F /Applications/Xcode.app/Contents/Developer/Platforms/iPhoneSimulator.platform/Developer/SDKs/iPhoneSimulator26.1.sdk/Developer/Library/Frameworks -c -j16 -enable-batch-mode -incremental -Xcc -ivfsstatcache -Xcc /Users/rioallen/Library/Developer/Xcode/DerivedData/SDKStatCaches.noindex/iphonesimulator26.1-23B77-90cf18a4295e390e64c810bc6bd7acbc.sdkstatcache -output-file-map /Users/rioallen/Library/Developer/Xcode/DerivedData/TradeFly-cjeitwgqikminlegqmjwowkwbezn/Build/Intermediates.noindex/Supabase.build/Debug-iphonesimulator/Realtime.build/Objects-normal/arm64/Realtime-OutputFileMap.json -use-frontend-parseable-output -save-temps -no-color-diagnostics -explicit-module-build -module-cache-path /Users/rioallen/Library/Developer/Xcode/DerivedData/TradeFly-cjeitwgqikminlegqmjwowkwbezn/Build/Intermediates.noindex/SwiftExplicitPrecompiledModules -clang-scanner-module-cache-path /Users/rioallen/Library/Developer/Xcode/DerivedData/ModuleCache.noindex -sdk-module-cache-path /Users/rioallen/Library/Developer/Xcode/DerivedData/ModuleCache.noindex -serialize-diagnostics -emit-dependencies -emit-module -emit-module-path /Users/rioallen/Library/Developer/Xcode/DerivedData/TradeFly-cjeitwgqikminlegqmjwowkwbezn/Build/Intermediates.noindex/Supabase.build/Debug-iphonesimulator/Realtime.build/Objects-normal/arm64/Realtime.swiftmodule -validate-clang-modules-once -clang-build-session-file /Users/rioallen/Library/Developer/Xcode/DerivedData/ModuleCache.noindex/Session.modulevalidation -package-name supabase_swift -Xcc -I/Users/rioallen/Library/Developer/Xcode/DerivedData/TradeFly-cjeitwgqikminlegqmjwowkwbezn/Build/Intermediates.noindex/Supabase.build/Debug-iphonesimulator/Realtime.build/swift-overrides.hmap -emit-const-values -Xfrontend -const-gather-protocols-file -Xfrontend /Users/rioallen/Library/Developer/Xcode/DerivedData/TradeFly-cjeitwgqikminlegqmjwowkwbezn/Build/Intermediates.noindex/Supabase.build/Debug-iphonesimulator/Realtime.build/Objects-normal/arm64/Realtime_const_extract_protocols.json -Xcc -I/Users/rioallen/Library/Developer/Xcode/DerivedData/TradeFly-cjeitwgqikminlegqmjwowkwbezn/Build/Products/Debug-iphonesimulator/include -Xcc -I/Users/rioallen/Library/Developer/Xcode/DerivedData/TradeFly-cjeitwgqikminlegqmjwowkwbezn/Build/Intermediates.noindex/Supabase.build/Debug-iphonesimulator/Realtime.build/DerivedSources-normal/arm64 -Xcc -I/Users/rioallen/Library/Developer/Xcode/DerivedData/TradeFly-cjeitwgqikminlegqmjwowkwbezn/Build/Intermediates.noindex/Supabase.build/Debug-iphonesimulator/Realtime.build/DerivedSources/arm64 -Xcc -I/Users/rioallen/Library/Developer/Xcode/DerivedData/TradeFly-cjeitwgqikminlegqmjwowkwbezn/Build/Intermediates.noindex/Supabase.build/Debug-iphonesimulator/Realtime.build/DerivedSources -Xcc -DSWIFT_PACKAGE -Xcc -DDEBUG\=1 -emit-objc-header -emit-objc-header-path /Users/rioallen/Library/Developer/Xcode/DerivedData/TradeFly-cjeitwgqikminlegqmjwowkwbezn/Build/Intermediates.noindex/Supabase.build/Debug-iphonesimulator/Realtime.build/Objects-normal/arm64/Realtime-Swift.h -working-directory /Users/rioallen/Documents/DropFly-OS-App-Builder/DropFly-PROJECTS/TradeFly-iOS/TradeFly.xcodeproj -experimental-emit-module-separately -disable-cmo

SwiftDriverJobDiscovery normal arm64 Compiling StorageHTTPClient.swift (in target 'Storage' from project 'Supabase')

SwiftCompile normal arm64 Compiling\ URLSessionWebSocket.swift /Users/rioallen/Library/Developer/Xcode/DerivedData/TradeFly-cjeitwgqikminlegqmjwowkwbezn/SourcePackages/checkouts/supabase-swift/Sources/Realtime/WebSocket/URLSessionWebSocket.swift (in target 'Realtime' from project 'Supabase')

SwiftCompile normal arm64 /Users/rioallen/Library/Developer/Xcode/DerivedData/TradeFly-cjeitwgqikminlegqmjwowkwbezn/SourcePackages/checkouts/supabase-swift/Sources/Realtime/WebSocket/URLSessionWebSocket.swift (in target 'Realtime' from project 'Supabase')
    cd /Users/rioallen/Documents/DropFly-OS-App-Builder/DropFly-PROJECTS/TradeFly-iOS/TradeFly.xcodeproj
    

SwiftMergeGeneratedHeaders /Users/rioallen/Library/Developer/Xcode/DerivedData/TradeFly-cjeitwgqikminlegqmjwowkwbezn/Build/Intermediates.noindex/GeneratedModuleMaps-iphonesimulator/Realtime-Swift.h /Users/rioallen/Library/Developer/Xcode/DerivedData/TradeFly-cjeitwgqikminlegqmjwowkwbezn/Build/Intermediates.noindex/Supabase.build/Debug-iphonesimulator/Realtime.build/Objects-normal/arm64/Realtime-Swift.h (in target 'Realtime' from project 'Supabase')
    cd /Users/rioallen/Library/Developer/Xcode/DerivedData/TradeFly-cjeitwgqikminlegqmjwowkwbezn/SourcePackages/checkouts/supabase-swift
    builtin-swiftHeaderTool -arch arm64 /Users/rioallen/Library/Developer/Xcode/DerivedData/TradeFly-cjeitwgqikminlegqmjwowkwbezn/Build/Intermediates.noindex/Supabase.build/Debug-iphonesimulator/Realtime.build/Objects-normal/arm64/Realtime-Swift.h -o /Users/rioallen/Library/Developer/Xcode/DerivedData/TradeFly-cjeitwgqikminlegqmjwowkwbezn/Build/Intermediates.noindex/GeneratedModuleMaps-iphonesimulator/Realtime-Swift.h

SwiftDriverJobDiscovery normal arm64 Compiling Helpers.swift (in target 'Storage' from project 'Supabase')

Copy /Users/rioallen/Library/Developer/Xcode/DerivedData/TradeFly-cjeitwgqikminlegqmjwowkwbezn/Build/Products/Debug-iphonesimulator/Realtime.swiftmodule/arm64-apple-ios-simulator.swiftmodule /Users/rioallen/Library/Developer/Xcode/DerivedData/TradeFly-cjeitwgqikminlegqmjwowkwbezn/Build/Intermediates.noindex/Supabase.build/Debug-iphonesimulator/Realtime.build/Objects-normal/arm64/Realtime.swiftmodule (in target 'Realtime' from project 'Supabase')
    cd /Users/rioallen/Library/Developer/Xcode/DerivedData/TradeFly-cjeitwgqikminlegqmjwowkwbezn/SourcePackages/checkouts/supabase-swift
    builtin-copy -exclude .DS_Store -exclude CVS -exclude .svn -exclude .git -exclude .hg -resolve-src-symlinks -rename /Users/rioallen/Library/Developer/Xcode/DerivedData/TradeFly-cjeitwgqikminlegqmjwowkwbezn/Build/Intermediates.noindex/Supabase.build/Debug-iphonesimulator/Realtime.build/Objects-normal/arm64/Realtime.swiftmodule /Users/rioallen/Library/Developer/Xcode/DerivedData/TradeFly-cjeitwgqikminlegqmjwowkwbezn/Build/Products/Debug-iphonesimulator/Realtime.swiftmodule/arm64-apple-ios-simulator.swiftmodule

Copy /Users/rioallen/Library/Developer/Xcode/DerivedData/TradeFly-cjeitwgqikminlegqmjwowkwbezn/Build/Products/Debug-iphonesimulator/Realtime.swiftmodule/arm64-apple-ios-simulator.swiftdoc /Users/rioallen/Library/Developer/Xcode/DerivedData/TradeFly-cjeitwgqikminlegqmjwowkwbezn/Build/Intermediates.noindex/Supabase.build/Debug-iphonesimulator/Realtime.build/Objects-normal/arm64/Realtime.swiftdoc (in target 'Realtime' from project 'Supabase')
    cd /Users/rioallen/Library/Developer/Xcode/DerivedData/TradeFly-cjeitwgqikminlegqmjwowkwbezn/SourcePackages/checkouts/supabase-swift
    builtin-copy -exclude .DS_Store -exclude CVS -exclude .svn -exclude .git -exclude .hg -resolve-src-symlinks -rename /Users/rioallen/Library/Developer/Xcode/DerivedData/TradeFly-cjeitwgqikminlegqmjwowkwbezn/Build/Intermediates.noindex/Supabase.build/Debug-iphonesimulator/Realtime.build/Objects-normal/arm64/Realtime.swiftdoc /Users/rioallen/Library/Developer/Xcode/DerivedData/TradeFly-cjeitwgqikminlegqmjwowkwbezn/Build/Products/Debug-iphonesimulator/Realtime.swiftmodule/arm64-apple-ios-simulator.swiftdoc

Copy /Users/rioallen/Library/Developer/Xcode/DerivedData/TradeFly-cjeitwgqikminlegqmjwowkwbezn/Build/Products/Debug-iphonesimulator/Realtime.swiftmodule/arm64-apple-ios-simulator.abi.json /Users/rioallen/Library/Developer/Xcode/DerivedData/TradeFly-cjeitwgqikminlegqmjwowkwbezn/Build/Intermediates.noindex/Supabase.build/Debug-iphonesimulator/Realtime.build/Objects-normal/arm64/Realtime.abi.json (in target 'Realtime' from project 'Supabase')
    cd /Users/rioallen/Library/Developer/Xcode/DerivedData/TradeFly-cjeitwgqikminlegqmjwowkwbezn/SourcePackages/checkouts/supabase-swift
    builtin-copy -exclude .DS_Store -exclude CVS -exclude .svn -exclude .git -exclude .hg -resolve-src-symlinks -rename /Users/rioallen/Library/Developer/Xcode/DerivedData/TradeFly-cjeitwgqikminlegqmjwowkwbezn/Build/Intermediates.noindex/Supabase.build/Debug-iphonesimulator/Realtime.build/Objects-normal/arm64/Realtime.abi.json /Users/rioallen/Library/Developer/Xcode/DerivedData/TradeFly-cjeitwgqikminlegqmjwowkwbezn/Build/Products/Debug-iphonesimulator/Realtime.swiftmodule/arm64-apple-ios-simulator.abi.json

Copy /Users/rioallen/Library/Developer/Xcode/DerivedData/TradeFly-cjeitwgqikminlegqmjwowkwbezn/Build/Products/Debug-iphonesimulator/Realtime.swiftmodule/Project/arm64-apple-ios-simulator.swiftsourceinfo /Users/rioallen/Library/Developer/Xcode/DerivedData/TradeFly-cjeitwgqikminlegqmjwowkwbezn/Build/Intermediates.noindex/Supabase.build/Debug-iphonesimulator/Realtime.build/Objects-normal/arm64/Realtime.swiftsourceinfo (in target 'Realtime' from project 'Supabase')
    cd /Users/rioallen/Library/Developer/Xcode/DerivedData/TradeFly-cjeitwgqikminlegqmjwowkwbezn/SourcePackages/checkouts/supabase-swift
    builtin-copy -exclude .DS_Store -exclude CVS -exclude .svn -exclude .git -exclude .hg -resolve-src-symlinks -rename /Users/rioallen/Library/Developer/Xcode/DerivedData/TradeFly-cjeitwgqikminlegqmjwowkwbezn/Build/Intermediates.noindex/Supabase.build/Debug-iphonesimulator/Realtime.build/Objects-normal/arm64/Realtime.swiftsourceinfo /Users/rioallen/Library/Developer/Xcode/DerivedData/TradeFly-cjeitwgqikminlegqmjwowkwbezn/Build/Products/Debug-iphonesimulator/Realtime.swiftmodule/Project/arm64-apple-ios-simulator.swiftsourceinfo

SwiftCompile normal arm64 Compiling\ RealtimeChannel.swift,\ RealtimeClient.swift /Users/rioallen/Library/Developer/Xcode/DerivedData/TradeFly-cjeitwgqikminlegqmjwowkwbezn/SourcePackages/checkouts/supabase-swift/Sources/Realtime/Deprecated/RealtimeChannel.swift /Users/rioallen/Library/Developer/Xcode/DerivedData/TradeFly-cjeitwgqikminlegqmjwowkwbezn/SourcePackages/checkouts/supabase-swift/Sources/Realtime/Deprecated/RealtimeClient.swift (in target 'Realtime' from project 'Supabase')
SwiftCompile normal arm64 /Users/rioallen/Library/Developer/Xcode/DerivedData/TradeFly-cjeitwgqikminlegqmjwowkwbezn/SourcePackages/checkouts/supabase-swift/Sources/Realtime/Deprecated/RealtimeChannel.swift (in target 'Realtime' from project 'Supabase')
    cd /Users/rioallen/Documents/DropFly-OS-App-Builder/DropFly-PROJECTS/TradeFly-iOS/TradeFly.xcodeproj
    

SwiftCompile normal arm64 /Users/rioallen/Library/Developer/Xcode/DerivedData/TradeFly-cjeitwgqikminlegqmjwowkwbezn/SourcePackages/checkouts/supabase-swift/Sources/Realtime/Deprecated/RealtimeClient.swift (in target 'Realtime' from project 'Supabase')
    cd /Users/rioallen/Documents/DropFly-OS-App-Builder/DropFly-PROJECTS/TradeFly-iOS/TradeFly.xcodeproj
    

SwiftDriver\ Compilation PostgREST normal arm64 com.apple.xcode.tools.swift.compiler (in target 'PostgREST' from project 'Supabase')
    cd /Users/rioallen/Documents/DropFly-OS-App-Builder/DropFly-PROJECTS/TradeFly-iOS/TradeFly.xcodeproj
    builtin-Swift-Compilation -- /Applications/Xcode.app/Contents/Developer/Toolchains/XcodeDefault.xctoolchain/usr/bin/swiftc -module-name PostgREST -Onone -enforce-exclusivity\=checked @/Users/rioallen/Library/Developer/Xcode/DerivedData/TradeFly-cjeitwgqikminlegqmjwowkwbezn/Build/Intermediates.noindex/Supabase.build/Debug-iphonesimulator/PostgREST.build/Objects-normal/arm64/PostgREST.SwiftFileList -DSWIFT_PACKAGE -DDEBUG -DSWIFT_MODULE_RESOURCE_BUNDLE_UNAVAILABLE -DXcode -enable-upcoming-feature ExistentialAny -enable-experimental-feature StrictConcurrency -plugin-path /Applications/Xcode.app/Contents/Developer/Toolchains/XcodeDefault.xctoolchain/usr/lib/swift/host/plugins/testing -enable-experimental-feature DebugDescriptionMacro -sdk /Applications/Xcode.app/Contents/Developer/Platforms/iPhoneSimulator.platform/Developer/SDKs/iPhoneSimulator26.1.sdk -target arm64-apple-ios13.0-simulator -g -module-cache-path /Users/rioallen/Library/Developer/Xcode/DerivedData/ModuleCache.noindex -Xfrontend -serialize-debugging-options -enable-testing -suppress-warnings -index-store-path /Users/rioallen/Library/Developer/Xcode/DerivedData/TradeFly-cjeitwgqikminlegqmjwowkwbezn/Index.noindex/DataStore -Xcc -D_LIBCPP_HARDENING_MODE\=_LIBCPP_HARDENING_MODE_DEBUG -swift-version 5 -I /Users/rioallen/Library/Developer/Xcode/DerivedData/TradeFly-cjeitwgqikminlegqmjwowkwbezn/Build/Products/Debug-iphonesimulator -Isystem /Applications/Xcode.app/Contents/Developer/Platforms/iPhoneSimulator.platform/Developer/usr/lib -F /Users/rioallen/Library/Developer/Xcode/DerivedData/TradeFly-cjeitwgqikminlegqmjwowkwbezn/Build/Products/Debug-iphonesimulator/PackageFrameworks -F /Users/rioallen/Library/Developer/Xcode/DerivedData/TradeFly-cjeitwgqikminlegqmjwowkwbezn/Build/Products/Debug-iphonesimulator/PackageFrameworks -F /Users/rioallen/Library/Developer/Xcode/DerivedData/TradeFly-cjeitwgqikminlegqmjwowkwbezn/Build/Products/Debug-iphonesimulator/PackageFrameworks -F /Users/rioallen/Library/Developer/Xcode/DerivedData/TradeFly-cjeitwgqikminlegqmjwowkwbezn/Build/Products/Debug-iphonesimulator/PackageFrameworks -F /Users/rioallen/Library/Developer/Xcode/DerivedData/TradeFly-cjeitwgqikminlegqmjwowkwbezn/Build/Products/Debug-iphonesimulator/PackageFrameworks -F /Users/rioallen/Library/Developer/Xcode/DerivedData/TradeFly-cjeitwgqikminlegqmjwowkwbezn/Build/Products/Debug-iphonesimulator/PackageFrameworks -F /Users/rioallen/Library/Developer/Xcode/DerivedData/TradeFly-cjeitwgqikminlegqmjwowkwbezn/Build/Products/Debug-iphonesimulator/PackageFrameworks -F /Users/rioallen/Library/Developer/Xcode/DerivedData/TradeFly-cjeitwgqikminlegqmjwowkwbezn/Build/Products/Debug-iphonesimulator -F /Applications/Xcode.app/Contents/Developer/Platforms/iPhoneSimulator.platform/Developer/Library/Frameworks -F /Applications/Xcode.app/Contents/Developer/Platforms/iPhoneSimulator.platform/Developer/SDKs/iPhoneSimulator26.1.sdk/Developer/Library/Frameworks -c -j16 -enable-batch-mode -incremental -Xcc -ivfsstatcache -Xcc /Users/rioallen/Library/Developer/Xcode/DerivedData/SDKStatCaches.noindex/iphonesimulator26.1-23B77-90cf18a4295e390e64c810bc6bd7acbc.sdkstatcache -output-file-map /Users/rioallen/Library/Developer/Xcode/DerivedData/TradeFly-cjeitwgqikminlegqmjwowkwbezn/Build/Intermediates.noindex/Supabase.build/Debug-iphonesimulator/PostgREST.build/Objects-normal/arm64/PostgREST-OutputFileMap.json -use-frontend-parseable-output -save-temps -no-color-diagnostics -explicit-module-build -module-cache-path /Users/rioallen/Library/Developer/Xcode/DerivedData/TradeFly-cjeitwgqikminlegqmjwowkwbezn/Build/Intermediates.noindex/SwiftExplicitPrecompiledModules -clang-scanner-module-cache-path /Users/rioallen/Library/Developer/Xcode/DerivedData/ModuleCache.noindex -sdk-module-cache-path /Users/rioallen/Library/Developer/Xcode/DerivedData/ModuleCache.noindex -serialize-diagnostics -emit-dependencies -emit-module -emit-module-path /Users/rioallen/Library/Developer/Xcode/DerivedData/TradeFly-cjeitwgqikminlegqmjwowkwbezn/Build/Intermediates.noindex/Supabase.build/Debug-iphonesimulator/PostgREST.build/Objects-normal/arm64/PostgREST.swiftmodule -validate-clang-modules-once -clang-build-session-file /Users/rioallen/Library/Developer/Xcode/DerivedData/ModuleCache.noindex/Session.modulevalidation -package-name supabase_swift -Xcc -I/Users/rioallen/Library/Developer/Xcode/DerivedData/TradeFly-cjeitwgqikminlegqmjwowkwbezn/Build/Intermediates.noindex/Supabase.build/Debug-iphonesimulator/PostgREST.build/swift-overrides.hmap -emit-const-values -Xfrontend -const-gather-protocols-file -Xfrontend /Users/rioallen/Library/Developer/Xcode/DerivedData/TradeFly-cjeitwgqikminlegqmjwowkwbezn/Build/Intermediates.noindex/Supabase.build/Debug-iphonesimulator/PostgREST.build/Objects-normal/arm64/PostgREST_const_extract_protocols.json -Xcc -I/Users/rioallen/Library/Developer/Xcode/DerivedData/TradeFly-cjeitwgqikminlegqmjwowkwbezn/Build/Products/Debug-iphonesimulator/include -Xcc -I/Users/rioallen/Library/Developer/Xcode/DerivedData/TradeFly-cjeitwgqikminlegqmjwowkwbezn/Build/Intermediates.noindex/Supabase.build/Debug-iphonesimulator/PostgREST.build/DerivedSources-normal/arm64 -Xcc -I/Users/rioallen/Library/Developer/Xcode/DerivedData/TradeFly-cjeitwgqikminlegqmjwowkwbezn/Build/Intermediates.noindex/Supabase.build/Debug-iphonesimulator/PostgREST.build/DerivedSources/arm64 -Xcc -I/Users/rioallen/Library/Developer/Xcode/DerivedData/TradeFly-cjeitwgqikminlegqmjwowkwbezn/Build/Intermediates.noindex/Supabase.build/Debug-iphonesimulator/PostgREST.build/DerivedSources -Xcc -DSWIFT_PACKAGE -Xcc -DDEBUG\=1 -emit-objc-header -emit-objc-header-path /Users/rioallen/Library/Developer/Xcode/DerivedData/TradeFly-cjeitwgqikminlegqmjwowkwbezn/Build/Intermediates.noindex/Supabase.build/Debug-iphonesimulator/PostgREST.build/Objects-normal/arm64/PostgREST-Swift.h -working-directory /Users/rioallen/Documents/DropFly-OS-App-Builder/DropFly-PROJECTS/TradeFly-iOS/TradeFly.xcodeproj -experimental-emit-module-separately -disable-cmo

SwiftDriverJobDiscovery normal arm64 Compiling StorageError.swift (in target 'Storage' from project 'Supabase')

SwiftDriver\ Compilation Functions normal arm64 com.apple.xcode.tools.swift.compiler (in target 'Functions' from project 'Supabase')
    cd /Users/rioallen/Documents/DropFly-OS-App-Builder/DropFly-PROJECTS/TradeFly-iOS/TradeFly.xcodeproj
    builtin-Swift-Compilation -- /Applications/Xcode.app/Contents/Developer/Toolchains/XcodeDefault.xctoolchain/usr/bin/swiftc -module-name Functions -Onone -enforce-exclusivity\=checked @/Users/rioallen/Library/Developer/Xcode/DerivedData/TradeFly-cjeitwgqikminlegqmjwowkwbezn/Build/Intermediates.noindex/Supabase.build/Debug-iphonesimulator/Functions.build/Objects-normal/arm64/Functions.SwiftFileList -DSWIFT_PACKAGE -DDEBUG -DSWIFT_MODULE_RESOURCE_BUNDLE_UNAVAILABLE -DXcode -enable-upcoming-feature ExistentialAny -enable-experimental-feature StrictConcurrency -plugin-path /Applications/Xcode.app/Contents/Developer/Toolchains/XcodeDefault.xctoolchain/usr/lib/swift/host/plugins/testing -enable-experimental-feature DebugDescriptionMacro -sdk /Applications/Xcode.app/Contents/Developer/Platforms/iPhoneSimulator.platform/Developer/SDKs/iPhoneSimulator26.1.sdk -target arm64-apple-ios13.0-simulator -g -module-cache-path /Users/rioallen/Library/Developer/Xcode/DerivedData/ModuleCache.noindex -Xfrontend -serialize-debugging-options -enable-testing -suppress-warnings -index-store-path /Users/rioallen/Library/Developer/Xcode/DerivedData/TradeFly-cjeitwgqikminlegqmjwowkwbezn/Index.noindex/DataStore -Xcc -D_LIBCPP_HARDENING_MODE\=_LIBCPP_HARDENING_MODE_DEBUG -swift-version 5 -I /Users/rioallen/Library/Developer/Xcode/DerivedData/TradeFly-cjeitwgqikminlegqmjwowkwbezn/Build/Products/Debug-iphonesimulator -Isystem /Applications/Xcode.app/Contents/Developer/Platforms/iPhoneSimulator.platform/Developer/usr/lib -F /Users/rioallen/Library/Developer/Xcode/DerivedData/TradeFly-cjeitwgqikminlegqmjwowkwbezn/Build/Products/Debug-iphonesimulator/PackageFrameworks -F /Users/rioallen/Library/Developer/Xcode/DerivedData/TradeFly-cjeitwgqikminlegqmjwowkwbezn/Build/Products/Debug-iphonesimulator/PackageFrameworks -F /Users/rioallen/Library/Developer/Xcode/DerivedData/TradeFly-cjeitwgqikminlegqmjwowkwbezn/Build/Products/Debug-iphonesimulator/PackageFrameworks -F /Users/rioallen/Library/Developer/Xcode/DerivedData/TradeFly-cjeitwgqikminlegqmjwowkwbezn/Build/Products/Debug-iphonesimulator/PackageFrameworks -F /Users/rioallen/Library/Developer/Xcode/DerivedData/TradeFly-cjeitwgqikminlegqmjwowkwbezn/Build/Products/Debug-iphonesimulator/PackageFrameworks -F /Users/rioallen/Library/Developer/Xcode/DerivedData/TradeFly-cjeitwgqikminlegqmjwowkwbezn/Build/Products/Debug-iphonesimulator/PackageFrameworks -F /Users/rioallen/Library/Developer/Xcode/DerivedData/TradeFly-cjeitwgqikminlegqmjwowkwbezn/Build/Products/Debug-iphonesimulator/PackageFrameworks -F /Users/rioallen/Library/Developer/Xcode/DerivedData/TradeFly-cjeitwgqikminlegqmjwowkwbezn/Build/Products/Debug-iphonesimulator -F /Applications/Xcode.app/Contents/Developer/Platforms/iPhoneSimulator.platform/Developer/Library/Frameworks -F /Applications/Xcode.app/Contents/Developer/Platforms/iPhoneSimulator.platform/Developer/SDKs/iPhoneSimulator26.1.sdk/Developer/Library/Frameworks -c -j16 -enable-batch-mode -incremental -Xcc -ivfsstatcache -Xcc /Users/rioallen/Library/Developer/Xcode/DerivedData/SDKStatCaches.noindex/iphonesimulator26.1-23B77-90cf18a4295e390e64c810bc6bd7acbc.sdkstatcache -output-file-map /Users/rioallen/Library/Developer/Xcode/DerivedData/TradeFly-cjeitwgqikminlegqmjwowkwbezn/Build/Intermediates.noindex/Supabase.build/Debug-iphonesimulator/Functions.build/Objects-normal/arm64/Functions-OutputFileMap.json -use-frontend-parseable-output -save-temps -no-color-diagnostics -explicit-module-build -module-cache-path /Users/rioallen/Library/Developer/Xcode/DerivedData/TradeFly-cjeitwgqikminlegqmjwowkwbezn/Build/Intermediates.noindex/SwiftExplicitPrecompiledModules -clang-scanner-module-cache-path /Users/rioallen/Library/Developer/Xcode/DerivedData/ModuleCache.noindex -sdk-module-cache-path /Users/rioallen/Library/Developer/Xcode/DerivedData/ModuleCache.noindex -serialize-diagnostics -emit-dependencies -emit-module -emit-module-path /Users/rioallen/Library/Developer/Xcode/DerivedData/TradeFly-cjeitwgqikminlegqmjwowkwbezn/Build/Intermediates.noindex/Supabase.build/Debug-iphonesimulator/Functions.build/Objects-normal/arm64/Functions.swiftmodule -validate-clang-modules-once -clang-build-session-file /Users/rioallen/Library/Developer/Xcode/DerivedData/ModuleCache.noindex/Session.modulevalidation -package-name supabase_swift -Xcc -I/Users/rioallen/Library/Developer/Xcode/DerivedData/TradeFly-cjeitwgqikminlegqmjwowkwbezn/Build/Intermediates.noindex/Supabase.build/Debug-iphonesimulator/Functions.build/swift-overrides.hmap -emit-const-values -Xfrontend -const-gather-protocols-file -Xfrontend /Users/rioallen/Library/Developer/Xcode/DerivedData/TradeFly-cjeitwgqikminlegqmjwowkwbezn/Build/Intermediates.noindex/Supabase.build/Debug-iphonesimulator/Functions.build/Objects-normal/arm64/Functions_const_extract_protocols.json -Xcc -I/Users/rioallen/Library/Developer/Xcode/DerivedData/TradeFly-cjeitwgqikminlegqmjwowkwbezn/Build/Products/Debug-iphonesimulator/include -Xcc -I/Users/rioallen/Library/Developer/Xcode/DerivedData/TradeFly-cjeitwgqikminlegqmjwowkwbezn/Build/Intermediates.noindex/Supabase.build/Debug-iphonesimulator/Functions.build/DerivedSources-normal/arm64 -Xcc -I/Users/rioallen/Library/Developer/Xcode/DerivedData/TradeFly-cjeitwgqikminlegqmjwowkwbezn/Build/Intermediates.noindex/Supabase.build/Debug-iphonesimulator/Functions.build/DerivedSources/arm64 -Xcc -I/Users/rioallen/Library/Developer/Xcode/DerivedData/TradeFly-cjeitwgqikminlegqmjwowkwbezn/Build/Intermediates.noindex/Supabase.build/Debug-iphonesimulator/Functions.build/DerivedSources -Xcc -DSWIFT_PACKAGE -Xcc -DDEBUG\=1 -emit-objc-header -emit-objc-header-path /Users/rioallen/Library/Developer/Xcode/DerivedData/TradeFly-cjeitwgqikminlegqmjwowkwbezn/Build/Intermediates.noindex/Supabase.build/Debug-iphonesimulator/Functions.build/Objects-normal/arm64/Functions-Swift.h -working-directory /Users/rioallen/Documents/DropFly-OS-App-Builder/DropFly-PROJECTS/TradeFly-iOS/TradeFly.xcodeproj -experimental-emit-module-separately -disable-cmo

Ld /Users/rioallen/Library/Developer/Xcode/DerivedData/TradeFly-cjeitwgqikminlegqmjwowkwbezn/Build/Products/Debug-iphonesimulator/PostgREST.o normal (in target 'PostgREST' from project 'Supabase')
    cd /Users/rioallen/Library/Developer/Xcode/DerivedData/TradeFly-cjeitwgqikminlegqmjwowkwbezn/SourcePackages/checkouts/supabase-swift
    /Applications/Xcode.app/Contents/Developer/Toolchains/XcodeDefault.xctoolchain/usr/bin/clang -Xlinker -reproducible -target arm64-apple-ios13.0-simulator -r -isysroot /Applications/Xcode.app/Contents/Developer/Platforms/iPhoneSimulator.platform/Developer/SDKs/iPhoneSimulator26.1.sdk -O0 -w -L/Users/rioallen/Library/Developer/Xcode/DerivedData/TradeFly-cjeitwgqikminlegqmjwowkwbezn/Build/Intermediates.noindex/EagerLinkingTBDs/Debug-iphonesimulator -L/Users/rioallen/Library/Developer/Xcode/DerivedData/TradeFly-cjeitwgqikminlegqmjwowkwbezn/Build/Products/Debug-iphonesimulator -L/Applications/Xcode.app/Contents/Developer/Platforms/iPhoneSimulator.platform/Developer/usr/lib -F/Users/rioallen/Library/Developer/Xcode/DerivedData/TradeFly-cjeitwgqikminlegqmjwowkwbezn/Build/Intermediates.noindex/EagerLinkingTBDs/Debug-iphonesimulator -F/Users/rioallen/Library/Developer/Xcode/DerivedData/TradeFly-cjeitwgqikminlegqmjwowkwbezn/Build/Products/Debug-iphonesimulator/PackageFrameworks -F/Users/rioallen/Library/Developer/Xcode/DerivedData/TradeFly-cjeitwgqikminlegqmjwowkwbezn/Build/Products/Debug-iphonesimulator/PackageFrameworks -F/Users/rioallen/Library/Developer/Xcode/DerivedData/TradeFly-cjeitwgqikminlegqmjwowkwbezn/Build/Products/Debug-iphonesimulator/PackageFrameworks -F/Users/rioallen/Library/Developer/Xcode/DerivedData/TradeFly-cjeitwgqikminlegqmjwowkwbezn/Build/Products/Debug-iphonesimulator/PackageFrameworks -F/Users/rioallen/Library/Developer/Xcode/DerivedData/TradeFly-cjeitwgqikminlegqmjwowkwbezn/Build/Products/Debug-iphonesimulator/PackageFrameworks -F/Users/rioallen/Library/Developer/Xcode/DerivedData/TradeFly-cjeitwgqikminlegqmjwowkwbezn/Build/Products/Debug-iphonesimulator/PackageFrameworks -F/Users/rioallen/Library/Developer/Xcode/DerivedData/TradeFly-cjeitwgqikminlegqmjwowkwbezn/Build/Products/Debug-iphonesimulator/PackageFrameworks -F/Users/rioallen/Library/Developer/Xcode/DerivedData/TradeFly-cjeitwgqikminlegqmjwowkwbezn/Build/Products/Debug-iphonesimulator -iframework /Applications/Xcode.app/Contents/Developer/Platforms/iPhoneSimulator.platform/Developer/Library/Frameworks -iframework /Applications/Xcode.app/Contents/Developer/Platforms/iPhoneSimulator.platform/Developer/SDKs/iPhoneSimulator26.1.sdk/Developer/Library/Frameworks -filelist /Users/rioallen/Library/Developer/Xcode/DerivedData/TradeFly-cjeitwgqikminlegqmjwowkwbezn/Build/Intermediates.noindex/Supabase.build/Debug-iphonesimulator/PostgREST.build/Objects-normal/arm64/PostgREST.LinkFileList -nostdlib -Xlinker -object_path_lto -Xlinker /Users/rioallen/Library/Developer/Xcode/DerivedData/TradeFly-cjeitwgqikminlegqmjwowkwbezn/Build/Intermediates.noindex/Supabase.build/Debug-iphonesimulator/PostgREST.build/Objects-normal/arm64/PostgREST_lto.o -rdynamic -Xlinker -no_deduplicate -Xlinker -objc_abi_version -Xlinker 2 -Xlinker -dependency_info -Xlinker /Users/rioallen/Library/Developer/Xcode/DerivedData/TradeFly-cjeitwgqikminlegqmjwowkwbezn/Build/Intermediates.noindex/Supabase.build/Debug-iphonesimulator/PostgREST.build/Objects-normal/arm64/PostgREST_dependency_info.dat -fobjc-link-runtime -L/Applications/Xcode.app/Contents/Developer/Toolchains/XcodeDefault.xctoolchain/usr/lib/swift/iphonesimulator -L/usr/lib/swift -Xlinker -add_ast_path -Xlinker /Users/rioallen/Library/Developer/Xcode/DerivedData/TradeFly-cjeitwgqikminlegqmjwowkwbezn/Build/Intermediates.noindex/Supabase.build/Debug-iphonesimulator/PostgREST.build/Objects-normal/arm64/PostgREST.swiftmodule @/Users/rioallen/Library/Developer/Xcode/DerivedData/TradeFly-cjeitwgqikminlegqmjwowkwbezn/Build/Intermediates.noindex/Supabase.build/Debug-iphonesimulator/PostgREST.build/Objects-normal/arm64/PostgREST-linker-args.resp -o /Users/rioallen/Library/Developer/Xcode/DerivedData/TradeFly-cjeitwgqikminlegqmjwowkwbezn/Build/Products/Debug-iphonesimulator/PostgREST.o

Ld /Users/rioallen/Library/Developer/Xcode/DerivedData/TradeFly-cjeitwgqikminlegqmjwowkwbezn/Build/Products/Debug-iphonesimulator/Functions.o normal (in target 'Functions' from project 'Supabase')
    cd /Users/rioallen/Library/Developer/Xcode/DerivedData/TradeFly-cjeitwgqikminlegqmjwowkwbezn/SourcePackages/checkouts/supabase-swift
    /Applications/Xcode.app/Contents/Developer/Toolchains/XcodeDefault.xctoolchain/usr/bin/clang -Xlinker -reproducible -target arm64-apple-ios13.0-simulator -r -isysroot /Applications/Xcode.app/Contents/Developer/Platforms/iPhoneSimulator.platform/Developer/SDKs/iPhoneSimulator26.1.sdk -O0 -w -L/Users/rioallen/Library/Developer/Xcode/DerivedData/TradeFly-cjeitwgqikminlegqmjwowkwbezn/Build/Intermediates.noindex/EagerLinkingTBDs/Debug-iphonesimulator -L/Users/rioallen/Library/Developer/Xcode/DerivedData/TradeFly-cjeitwgqikminlegqmjwowkwbezn/Build/Products/Debug-iphonesimulator -L/Applications/Xcode.app/Contents/Developer/Platforms/iPhoneSimulator.platform/Developer/usr/lib -F/Users/rioallen/Library/Developer/Xcode/DerivedData/TradeFly-cjeitwgqikminlegqmjwowkwbezn/Build/Intermediates.noindex/EagerLinkingTBDs/Debug-iphonesimulator -F/Users/rioallen/Library/Developer/Xcode/DerivedData/TradeFly-cjeitwgqikminlegqmjwowkwbezn/Build/Products/Debug-iphonesimulator/PackageFrameworks -F/Users/rioallen/Library/Developer/Xcode/DerivedData/TradeFly-cjeitwgqikminlegqmjwowkwbezn/Build/Products/Debug-iphonesimulator/PackageFrameworks -F/Users/rioallen/Library/Developer/Xcode/DerivedData/TradeFly-cjeitwgqikminlegqmjwowkwbezn/Build/Products/Debug-iphonesimulator/PackageFrameworks -F/Users/rioallen/Library/Developer/Xcode/DerivedData/TradeFly-cjeitwgqikminlegqmjwowkwbezn/Build/Products/Debug-iphonesimulator/PackageFrameworks -F/Users/rioallen/Library/Developer/Xcode/DerivedData/TradeFly-cjeitwgqikminlegqmjwowkwbezn/Build/Products/Debug-iphonesimulator/PackageFrameworks -F/Users/rioallen/Library/Developer/Xcode/DerivedData/TradeFly-cjeitwgqikminlegqmjwowkwbezn/Build/Products/Debug-iphonesimulator/PackageFrameworks -F/Users/rioallen/Library/Developer/Xcode/DerivedData/TradeFly-cjeitwgqikminlegqmjwowkwbezn/Build/Products/Debug-iphonesimulator/PackageFrameworks -F/Users/rioallen/Library/Developer/Xcode/DerivedData/TradeFly-cjeitwgqikminlegqmjwowkwbezn/Build/Products/Debug-iphonesimulator -iframework /Applications/Xcode.app/Contents/Developer/Platforms/iPhoneSimulator.platform/Developer/Library/Frameworks -iframework /Applications/Xcode.app/Contents/Developer/Platforms/iPhoneSimulator.platform/Developer/SDKs/iPhoneSimulator26.1.sdk/Developer/Library/Frameworks -filelist /Users/rioallen/Library/Developer/Xcode/DerivedData/TradeFly-cjeitwgqikminlegqmjwowkwbezn/Build/Intermediates.noindex/Supabase.build/Debug-iphonesimulator/Functions.build/Objects-normal/arm64/Functions.LinkFileList -nostdlib -Xlinker -object_path_lto -Xlinker /Users/rioallen/Library/Developer/Xcode/DerivedData/TradeFly-cjeitwgqikminlegqmjwowkwbezn/Build/Intermediates.noindex/Supabase.build/Debug-iphonesimulator/Functions.build/Objects-normal/arm64/Functions_lto.o -rdynamic -Xlinker -no_deduplicate -Xlinker -objc_abi_version -Xlinker 2 -Xlinker -dependency_info -Xlinker /Users/rioallen/Library/Developer/Xcode/DerivedData/TradeFly-cjeitwgqikminlegqmjwowkwbezn/Build/Intermediates.noindex/Supabase.build/Debug-iphonesimulator/Functions.build/Objects-normal/arm64/Functions_dependency_info.dat -fobjc-link-runtime -L/Applications/Xcode.app/Contents/Developer/Toolchains/XcodeDefault.xctoolchain/usr/lib/swift/iphonesimulator -L/usr/lib/swift -Xlinker -add_ast_path -Xlinker /Users/rioallen/Library/Developer/Xcode/DerivedData/TradeFly-cjeitwgqikminlegqmjwowkwbezn/Build/Intermediates.noindex/Supabase.build/Debug-iphonesimulator/Functions.build/Objects-normal/arm64/Functions.swiftmodule @/Users/rioallen/Library/Developer/Xcode/DerivedData/TradeFly-cjeitwgqikminlegqmjwowkwbezn/Build/Intermediates.noindex/Supabase.build/Debug-iphonesimulator/Functions.build/Objects-normal/arm64/Functions-linker-args.resp -o /Users/rioallen/Library/Developer/Xcode/DerivedData/TradeFly-cjeitwgqikminlegqmjwowkwbezn/Build/Products/Debug-iphonesimulator/Functions.o

SwiftDriverJobDiscovery normal arm64 Compiling TransformOptions.swift (in target 'Storage' from project 'Supabase')

SwiftCompile normal arm64 Compiling\ Types.swift /Users/rioallen/Library/Developer/Xcode/DerivedData/TradeFly-cjeitwgqikminlegqmjwowkwbezn/SourcePackages/checkouts/supabase-swift/Sources/Auth/Types.swift (in target 'Auth' from project 'Supabase')
SwiftCompile normal arm64 /Users/rioallen/Library/Developer/Xcode/DerivedData/TradeFly-cjeitwgqikminlegqmjwowkwbezn/SourcePackages/checkouts/supabase-swift/Sources/Auth/Types.swift (in target 'Auth' from project 'Supabase')
    cd /Users/rioallen/Documents/DropFly-OS-App-Builder/DropFly-PROJECTS/TradeFly-iOS/TradeFly.xcodeproj
    

SwiftCompile normal arm64 Compiling\ SessionStorage.swift,\ URLOpener.swift /Users/rioallen/Library/Developer/Xcode/DerivedData/TradeFly-cjeitwgqikminlegqmjwowkwbezn/SourcePackages/checkouts/supabase-swift/Sources/Auth/Internal/SessionStorage.swift /Users/rioallen/Library/Developer/Xcode/DerivedData/TradeFly-cjeitwgqikminlegqmjwowkwbezn/SourcePackages/checkouts/supabase-swift/Sources/Auth/Internal/URLOpener.swift (in target 'Auth' from project 'Supabase')

SwiftCompile normal arm64 /Users/rioallen/Library/Developer/Xcode/DerivedData/TradeFly-cjeitwgqikminlegqmjwowkwbezn/SourcePackages/checkouts/supabase-swift/Sources/Auth/Internal/SessionStorage.swift (in target 'Auth' from project 'Supabase')
    cd /Users/rioallen/Documents/DropFly-OS-App-Builder/DropFly-PROJECTS/TradeFly-iOS/TradeFly.xcodeproj
    

SwiftCompile normal arm64 /Users/rioallen/Library/Developer/Xcode/DerivedData/TradeFly-cjeitwgqikminlegqmjwowkwbezn/SourcePackages/checkouts/supabase-swift/Sources/Auth/Internal/URLOpener.swift (in target 'Auth' from project 'Supabase')
    cd /Users/rioallen/Documents/DropFly-OS-App-Builder/DropFly-PROJECTS/TradeFly-iOS/TradeFly.xcodeproj
    

SwiftCompile normal arm64 Compiling\ WinCredLocalStorage.swift /Users/rioallen/Library/Developer/Xcode/DerivedData/TradeFly-cjeitwgqikminlegqmjwowkwbezn/SourcePackages/checkouts/supabase-swift/Sources/Auth/Storage/WinCredLocalStorage.swift (in target 'Auth' from project 'Supabase')

SwiftCompile normal arm64 /Users/rioallen/Library/Developer/Xcode/DerivedData/TradeFly-cjeitwgqikminlegqmjwowkwbezn/SourcePackages/checkouts/supabase-swift/Sources/Auth/Storage/WinCredLocalStorage.swift (in target 'Auth' from project 'Supabase')
    cd /Users/rioallen/Documents/DropFly-OS-App-Builder/DropFly-PROJECTS/TradeFly-iOS/TradeFly.xcodeproj
    

SwiftDriverJobDiscovery normal arm64 Compiling WebSocket.swift (in target 'Realtime' from project 'Supabase')

SwiftCompile normal arm64 Compiling\ AuthClient.swift,\ AuthClientConfiguration.swift /Users/rioallen/Library/Developer/Xcode/DerivedData/TradeFly-cjeitwgqikminlegqmjwowkwbezn/SourcePackages/checkouts/supabase-swift/Sources/Auth/AuthClient.swift /Users/rioallen/Library/Developer/Xcode/DerivedData/TradeFly-cjeitwgqikminlegqmjwowkwbezn/SourcePackages/checkouts/supabase-swift/Sources/Auth/AuthClientConfiguration.swift (in target 'Auth' from project 'Supabase')

SwiftCompile normal arm64 /Users/rioallen/Library/Developer/Xcode/DerivedData/TradeFly-cjeitwgqikminlegqmjwowkwbezn/SourcePackages/checkouts/supabase-swift/Sources/Auth/AuthClient.swift (in target 'Auth' from project 'Supabase')
    cd /Users/rioallen/Documents/DropFly-OS-App-Builder/DropFly-PROJECTS/TradeFly-iOS/TradeFly.xcodeproj
    

SwiftCompile normal arm64 /Users/rioallen/Library/Developer/Xcode/DerivedData/TradeFly-cjeitwgqikminlegqmjwowkwbezn/SourcePackages/checkouts/supabase-swift/Sources/Auth/AuthClientConfiguration.swift (in target 'Auth' from project 'Supabase')
    cd /Users/rioallen/Documents/DropFly-OS-App-Builder/DropFly-PROJECTS/TradeFly-iOS/TradeFly.xcodeproj
    

SwiftDriverJobDiscovery normal arm64 Compiling StorageBucketApi.swift (in target 'Storage' from project 'Supabase')

SwiftCompile normal arm64 Compiling\ Deprecated.swift,\ Exports.swift /Users/rioallen/Library/Developer/Xcode/DerivedData/TradeFly-cjeitwgqikminlegqmjwowkwbezn/SourcePackages/checkouts/supabase-swift/Sources/Auth/Deprecated.swift /Users/rioallen/Library/Developer/Xcode/DerivedData/TradeFly-cjeitwgqikminlegqmjwowkwbezn/SourcePackages/checkouts/supabase-swift/Sources/Auth/Exports.swift (in target 'Auth' from project 'Supabase')

SwiftCompile normal arm64 /Users/rioallen/Library/Developer/Xcode/DerivedData/TradeFly-cjeitwgqikminlegqmjwowkwbezn/SourcePackages/checkouts/supabase-swift/Sources/Auth/Deprecated.swift (in target 'Auth' from project 'Supabase')
    cd /Users/rioallen/Documents/DropFly-OS-App-Builder/DropFly-PROJECTS/TradeFly-iOS/TradeFly.xcodeproj
    

SwiftCompile normal arm64 /Users/rioallen/Library/Developer/Xcode/DerivedData/TradeFly-cjeitwgqikminlegqmjwowkwbezn/SourcePackages/checkouts/supabase-swift/Sources/Auth/Exports.swift (in target 'Auth' from project 'Supabase')
    cd /Users/rioallen/Documents/DropFly-OS-App-Builder/DropFly-PROJECTS/TradeFly-iOS/TradeFly.xcodeproj
    

SwiftDriverJobDiscovery normal arm64 Compiling Delegated.swift, Deprecated.swift (in target 'Realtime' from project 'Supabase')

SwiftCompile normal arm64 Compiling\ Helpers.swift,\ JWK+RSA.swift /Users/rioallen/Library/Developer/Xcode/DerivedData/TradeFly-cjeitwgqikminlegqmjwowkwbezn/SourcePackages/checkouts/supabase-swift/Sources/Auth/Internal/Helpers.swift /Users/rioallen/Library/Developer/Xcode/DerivedData/TradeFly-cjeitwgqikminlegqmjwowkwbezn/SourcePackages/checkouts/supabase-swift/Sources/Auth/Internal/JWK+RSA.swift (in target 'Auth' from project 'Supabase')

SwiftCompile normal arm64 /Users/rioallen/Library/Developer/Xcode/DerivedData/TradeFly-cjeitwgqikminlegqmjwowkwbezn/SourcePackages/checkouts/supabase-swift/Sources/Auth/Internal/Helpers.swift (in target 'Auth' from project 'Supabase')
    cd /Users/rioallen/Documents/DropFly-OS-App-Builder/DropFly-PROJECTS/TradeFly-iOS/TradeFly.xcodeproj
    

SwiftCompile normal arm64 /Users/rioallen/Library/Developer/Xcode/DerivedData/TradeFly-cjeitwgqikminlegqmjwowkwbezn/SourcePackages/checkouts/supabase-swift/Sources/Auth/Internal/JWK+RSA.swift (in target 'Auth' from project 'Supabase')
    cd /Users/rioallen/Documents/DropFly-OS-App-Builder/DropFly-PROJECTS/TradeFly-iOS/TradeFly.xcodeproj
    

SwiftDriverJobDiscovery normal arm64 Compiling MultipartFormData.swift (in target 'Storage' from project 'Supabase')

SwiftCompile normal arm64 Compiling\ PKCE.swift,\ SessionManager.swift /Users/rioallen/Library/Developer/Xcode/DerivedData/TradeFly-cjeitwgqikminlegqmjwowkwbezn/SourcePackages/checkouts/supabase-swift/Sources/Auth/Internal/PKCE.swift /Users/rioallen/Library/Developer/Xcode/DerivedData/TradeFly-cjeitwgqikminlegqmjwowkwbezn/SourcePackages/checkouts/supabase-swift/Sources/Auth/Internal/SessionManager.swift (in target 'Auth' from project 'Supabase')

SwiftCompile normal arm64 /Users/rioallen/Library/Developer/Xcode/DerivedData/TradeFly-cjeitwgqikminlegqmjwowkwbezn/SourcePackages/checkouts/supabase-swift/Sources/Auth/Internal/PKCE.swift (in target 'Auth' from project 'Supabase')
    cd /Users/rioallen/Documents/DropFly-OS-App-Builder/DropFly-PROJECTS/TradeFly-iOS/TradeFly.xcodeproj
    

SwiftCompile normal arm64 /Users/rioallen/Library/Developer/Xcode/DerivedData/TradeFly-cjeitwgqikminlegqmjwowkwbezn/SourcePackages/checkouts/supabase-swift/Sources/Auth/Internal/SessionManager.swift (in target 'Auth' from project 'Supabase')
    cd /Users/rioallen/Documents/DropFly-OS-App-Builder/DropFly-PROJECTS/TradeFly-iOS/TradeFly.xcodeproj
    

SwiftDriverJobDiscovery normal arm64 Compiling Types.swift (in target 'Storage' from project 'Supabase')

SwiftCompile normal arm64 Compiling\ EventEmitter.swift,\ FixedWidthInteger+Random.swift /Users/rioallen/Library/Developer/Xcode/DerivedData/TradeFly-cjeitwgqikminlegqmjwowkwbezn/SourcePackages/checkouts/supabase-swift/Sources/Auth/Internal/EventEmitter.swift /Users/rioallen/Library/Developer/Xcode/DerivedData/TradeFly-cjeitwgqikminlegqmjwowkwbezn/SourcePackages/checkouts/supabase-swift/Sources/Auth/Internal/FixedWidthInteger+Random.swift (in target 'Auth' from project 'Supabase')

SwiftCompile normal arm64 /Users/rioallen/Library/Developer/Xcode/DerivedData/TradeFly-cjeitwgqikminlegqmjwowkwbezn/SourcePackages/checkouts/supabase-swift/Sources/Auth/Internal/EventEmitter.swift (in target 'Auth' from project 'Supabase')
    cd /Users/rioallen/Documents/DropFly-OS-App-Builder/DropFly-PROJECTS/TradeFly-iOS/TradeFly.xcodeproj
    

SwiftCompile normal arm64 /Users/rioallen/Library/Developer/Xcode/DerivedData/TradeFly-cjeitwgqikminlegqmjwowkwbezn/SourcePackages/checkouts/supabase-swift/Sources/Auth/Internal/FixedWidthInteger+Random.swift (in target 'Auth' from project 'Supabase')
    cd /Users/rioallen/Documents/DropFly-OS-App-Builder/DropFly-PROJECTS/TradeFly-iOS/TradeFly.xcodeproj
    

SwiftDriverJobDiscovery normal arm64 Compiling Types.swift (in target 'Realtime' from project 'Supabase')

SwiftCompile normal arm64 Compiling\ KeychainLocalStorage.swift /Users/rioallen/Library/Developer/Xcode/DerivedData/TradeFly-cjeitwgqikminlegqmjwowkwbezn/SourcePackages/checkouts/supabase-swift/Sources/Auth/Storage/KeychainLocalStorage.swift (in target 'Auth' from project 'Supabase')

SwiftCompile normal arm64 /Users/rioallen/Library/Developer/Xcode/DerivedData/TradeFly-cjeitwgqikminlegqmjwowkwbezn/SourcePackages/checkouts/supabase-swift/Sources/Auth/Storage/KeychainLocalStorage.swift (in target 'Auth' from project 'Supabase')
    cd /Users/rioallen/Documents/DropFly-OS-App-Builder/DropFly-PROJECTS/TradeFly-iOS/TradeFly.xcodeproj
    

SwiftDriverJobDiscovery normal arm64 Compiling Exports.swift, PostgresAction.swift (in target 'Realtime' from project 'Supabase')

SwiftCompile normal arm64 Compiling\ AuthLocalStorage.swift /Users/rioallen/Library/Developer/Xcode/DerivedData/TradeFly-cjeitwgqikminlegqmjwowkwbezn/SourcePackages/checkouts/supabase-swift/Sources/Auth/Storage/AuthLocalStorage.swift (in target 'Auth' from project 'Supabase')

SwiftCompile normal arm64 /Users/rioallen/Library/Developer/Xcode/DerivedData/TradeFly-cjeitwgqikminlegqmjwowkwbezn/SourcePackages/checkouts/supabase-swift/Sources/Auth/Storage/AuthLocalStorage.swift (in target 'Auth' from project 'Supabase')
    cd /Users/rioallen/Documents/DropFly-OS-App-Builder/DropFly-PROJECTS/TradeFly-iOS/TradeFly.xcodeproj
    

SwiftCompile normal arm64 Compiling\ APIClient.swift,\ CodeVerifierStorage.swift /Users/rioallen/Library/Developer/Xcode/DerivedData/TradeFly-cjeitwgqikminlegqmjwowkwbezn/SourcePackages/checkouts/supabase-swift/Sources/Auth/Internal/APIClient.swift /Users/rioallen/Library/Developer/Xcode/DerivedData/TradeFly-cjeitwgqikminlegqmjwowkwbezn/SourcePackages/checkouts/supabase-swift/Sources/Auth/Internal/CodeVerifierStorage.swift (in target 'Auth' from project 'Supabase')

SwiftCompile normal arm64 /Users/rioallen/Library/Developer/Xcode/DerivedData/TradeFly-cjeitwgqikminlegqmjwowkwbezn/SourcePackages/checkouts/supabase-swift/Sources/Auth/Internal/APIClient.swift (in target 'Auth' from project 'Supabase')
    cd /Users/rioallen/Documents/DropFly-OS-App-Builder/DropFly-PROJECTS/TradeFly-iOS/TradeFly.xcodeproj
    

SwiftCompile normal arm64 /Users/rioallen/Library/Developer/Xcode/DerivedData/TradeFly-cjeitwgqikminlegqmjwowkwbezn/SourcePackages/checkouts/supabase-swift/Sources/Auth/Internal/CodeVerifierStorage.swift (in target 'Auth' from project 'Supabase')
    cd /Users/rioallen/Documents/DropFly-OS-App-Builder/DropFly-PROJECTS/TradeFly-iOS/TradeFly.xcodeproj
    

SwiftDriverJobDiscovery normal arm64 Compiling WinCredLocalStorage.swift (in target 'Auth' from project 'Supabase')

SwiftDriverJobDiscovery normal arm64 Emitting module for Auth (in target 'Auth' from project 'Supabase')

SwiftDriver\ Compilation\ Requirements Auth normal arm64 com.apple.xcode.tools.swift.compiler (in target 'Auth' from project 'Supabase')
    cd /Users/rioallen/Documents/DropFly-OS-App-Builder/DropFly-PROJECTS/TradeFly-iOS/TradeFly.xcodeproj
    builtin-Swift-Compilation-Requirements -- /Applications/Xcode.app/Contents/Developer/Toolchains/XcodeDefault.xctoolchain/usr/bin/swiftc -module-name Auth -Onone -enforce-exclusivity\=checked @/Users/rioallen/Library/Developer/Xcode/DerivedData/TradeFly-cjeitwgqikminlegqmjwowkwbezn/Build/Intermediates.noindex/Supabase.build/Debug-iphonesimulator/Auth.build/Objects-normal/arm64/Auth.SwiftFileList -DSWIFT_PACKAGE -DDEBUG -DSWIFT_MODULE_RESOURCE_BUNDLE_UNAVAILABLE -DXcode -enable-upcoming-feature ExistentialAny -enable-experimental-feature StrictConcurrency -plugin-path /Applications/Xcode.app/Contents/Developer/Toolchains/XcodeDefault.xctoolchain/usr/lib/swift/host/plugins/testing -enable-experimental-feature DebugDescriptionMacro -sdk /Applications/Xcode.app/Contents/Developer/Platforms/iPhoneSimulator.platform/Developer/SDKs/iPhoneSimulator26.1.sdk -target arm64-apple-ios13.0-simulator -g -module-cache-path /Users/rioallen/Library/Developer/Xcode/DerivedData/ModuleCache.noindex -Xfrontend -serialize-debugging-options -enable-testing -suppress-warnings -index-store-path /Users/rioallen/Library/Developer/Xcode/DerivedData/TradeFly-cjeitwgqikminlegqmjwowkwbezn/Index.noindex/DataStore -Xcc -D_LIBCPP_HARDENING_MODE\=_LIBCPP_HARDENING_MODE_DEBUG -swift-version 5 -I /Users/rioallen/Library/Developer/Xcode/DerivedData/TradeFly-cjeitwgqikminlegqmjwowkwbezn/Build/Products/Debug-iphonesimulator -Isystem /Applications/Xcode.app/Contents/Developer/Platforms/iPhoneSimulator.platform/Developer/usr/lib -F /Users/rioallen/Library/Developer/Xcode/DerivedData/TradeFly-cjeitwgqikminlegqmjwowkwbezn/Build/Products/Debug-iphonesimulator/PackageFrameworks -F /Users/rioallen/Library/Developer/Xcode/DerivedData/TradeFly-cjeitwgqikminlegqmjwowkwbezn/Build/Products/Debug-iphonesimulator/PackageFrameworks -F /Users/rioallen/Library/Developer/Xcode/DerivedData/TradeFly-cjeitwgqikminlegqmjwowkwbezn/Build/Products/Debug-iphonesimulator/PackageFrameworks -F /Users/rioallen/Library/Developer/Xcode/DerivedData/TradeFly-cjeitwgqikminlegqmjwowkwbezn/Build/Products/Debug-iphonesimulator/PackageFrameworks -F /Users/rioallen/Library/Developer/Xcode/DerivedData/TradeFly-cjeitwgqikminlegqmjwowkwbezn/Build/Products/Debug-iphonesimulator/PackageFrameworks -F /Users/rioallen/Library/Developer/Xcode/DerivedData/TradeFly-cjeitwgqikminlegqmjwowkwbezn/Build/Products/Debug-iphonesimulator/PackageFrameworks -F /Users/rioallen/Library/Developer/Xcode/DerivedData/TradeFly-cjeitwgqikminlegqmjwowkwbezn/Build/Products/Debug-iphonesimulator/PackageFrameworks -F /Users/rioallen/Library/Developer/Xcode/DerivedData/TradeFly-cjeitwgqikminlegqmjwowkwbezn/Build/Products/Debug-iphonesimulator/PackageFrameworks -F /Users/rioallen/Library/Developer/Xcode/DerivedData/TradeFly-cjeitwgqikminlegqmjwowkwbezn/Build/Products/Debug-iphonesimulator -F /Applications/Xcode.app/Contents/Developer/Platforms/iPhoneSimulator.platform/Developer/Library/Frameworks -F /Applications/Xcode.app/Contents/Developer/Platforms/iPhoneSimulator.platform/Developer/SDKs/iPhoneSimulator26.1.sdk/Developer/Library/Frameworks -c -j16 -enable-batch-mode -incremental -Xcc -ivfsstatcache -Xcc /Users/rioallen/Library/Developer/Xcode/DerivedData/SDKStatCaches.noindex/iphonesimulator26.1-23B77-90cf18a4295e390e64c810bc6bd7acbc.sdkstatcache -output-file-map /Users/rioallen/Library/Developer/Xcode/DerivedData/TradeFly-cjeitwgqikminlegqmjwowkwbezn/Build/Intermediates.noindex/Supabase.build/Debug-iphonesimulator/Auth.build/Objects-normal/arm64/Auth-OutputFileMap.json -use-frontend-parseable-output -save-temps -no-color-diagnostics -explicit-module-build -module-cache-path /Users/rioallen/Library/Developer/Xcode/DerivedData/TradeFly-cjeitwgqikminlegqmjwowkwbezn/Build/Intermediates.noindex/SwiftExplicitPrecompiledModules -clang-scanner-module-cache-path /Users/rioallen/Library/Developer/Xcode/DerivedData/ModuleCache.noindex -sdk-module-cache-path /Users/rioallen/Library/Developer/Xcode/DerivedData/ModuleCache.noindex -serialize-diagnostics -emit-dependencies -emit-module -emit-module-path /Users/rioallen/Library/Developer/Xcode/DerivedData/TradeFly-cjeitwgqikminlegqmjwowkwbezn/Build/Intermediates.noindex/Supabase.build/Debug-iphonesimulator/Auth.build/Objects-normal/arm64/Auth.swiftmodule -validate-clang-modules-once -clang-build-session-file /Users/rioallen/Library/Developer/Xcode/DerivedData/ModuleCache.noindex/Session.modulevalidation -package-name supabase_swift -Xcc -I/Users/rioallen/Library/Developer/Xcode/DerivedData/TradeFly-cjeitwgqikminlegqmjwowkwbezn/Build/Intermediates.noindex/Supabase.build/Debug-iphonesimulator/Auth.build/swift-overrides.hmap -emit-const-values -Xfrontend -const-gather-protocols-file -Xfrontend /Users/rioallen/Library/Developer/Xcode/DerivedData/TradeFly-cjeitwgqikminlegqmjwowkwbezn/Build/Intermediates.noindex/Supabase.build/Debug-iphonesimulator/Auth.build/Objects-normal/arm64/Auth_const_extract_protocols.json -Xcc -I/Users/rioallen/Library/Developer/Xcode/DerivedData/TradeFly-cjeitwgqikminlegqmjwowkwbezn/Build/Products/Debug-iphonesimulator/include -Xcc -I/Users/rioallen/Library/Developer/Xcode/DerivedData/TradeFly-cjeitwgqikminlegqmjwowkwbezn/Build/Intermediates.noindex/Supabase.build/Debug-iphonesimulator/Auth.build/DerivedSources-normal/arm64 -Xcc -I/Users/rioallen/Library/Developer/Xcode/DerivedData/TradeFly-cjeitwgqikminlegqmjwowkwbezn/Build/Intermediates.noindex/Supabase.build/Debug-iphonesimulator/Auth.build/DerivedSources/arm64 -Xcc -I/Users/rioallen/Library/Developer/Xcode/DerivedData/TradeFly-cjeitwgqikminlegqmjwowkwbezn/Build/Intermediates.noindex/Supabase.build/Debug-iphonesimulator/Auth.build/DerivedSources -Xcc -DSWIFT_PACKAGE -Xcc -DDEBUG\=1 -emit-objc-header -emit-objc-header-path /Users/rioallen/Library/Developer/Xcode/DerivedData/TradeFly-cjeitwgqikminlegqmjwowkwbezn/Build/Intermediates.noindex/Supabase.build/Debug-iphonesimulator/Auth.build/Objects-normal/arm64/Auth-Swift.h -working-directory /Users/rioallen/Documents/DropFly-OS-App-Builder/DropFly-PROJECTS/TradeFly-iOS/TradeFly.xcodeproj -experimental-emit-module-separately -disable-cmo

SwiftDriverJobDiscovery normal arm64 Compiling HeartbeatTimer.swift, PhoenixTransport.swift (in target 'Realtime' from project 'Supabase')

SwiftCompile normal arm64 Compiling\ AuthStateChangeListener.swift,\ Defaults.swift /Users/rioallen/Library/Developer/Xcode/DerivedData/TradeFly-cjeitwgqikminlegqmjwowkwbezn/SourcePackages/checkouts/supabase-swift/Sources/Auth/AuthStateChangeListener.swift /Users/rioallen/Library/Developer/Xcode/DerivedData/TradeFly-cjeitwgqikminlegqmjwowkwbezn/SourcePackages/checkouts/supabase-swift/Sources/Auth/Defaults.swift (in target 'Auth' from project 'Supabase')

SwiftCompile normal arm64 /Users/rioallen/Library/Developer/Xcode/DerivedData/TradeFly-cjeitwgqikminlegqmjwowkwbezn/SourcePackages/checkouts/supabase-swift/Sources/Auth/AuthStateChangeListener.swift (in target 'Auth' from project 'Supabase')
    cd /Users/rioallen/Documents/DropFly-OS-App-Builder/DropFly-PROJECTS/TradeFly-iOS/TradeFly.xcodeproj
    

SwiftCompile normal arm64 /Users/rioallen/Library/Developer/Xcode/DerivedData/TradeFly-cjeitwgqikminlegqmjwowkwbezn/SourcePackages/checkouts/supabase-swift/Sources/Auth/Defaults.swift (in target 'Auth' from project 'Supabase')
    cd /Users/rioallen/Documents/DropFly-OS-App-Builder/DropFly-PROJECTS/TradeFly-iOS/TradeFly.xcodeproj
    

SwiftMergeGeneratedHeaders /Users/rioallen/Library/Developer/Xcode/DerivedData/TradeFly-cjeitwgqikminlegqmjwowkwbezn/Build/Intermediates.noindex/GeneratedModuleMaps-iphonesimulator/Auth-Swift.h /Users/rioallen/Library/Developer/Xcode/DerivedData/TradeFly-cjeitwgqikminlegqmjwowkwbezn/Build/Intermediates.noindex/Supabase.build/Debug-iphonesimulator/Auth.build/Objects-normal/arm64/Auth-Swift.h (in target 'Auth' from project 'Supabase')
    cd /Users/rioallen/Library/Developer/Xcode/DerivedData/TradeFly-cjeitwgqikminlegqmjwowkwbezn/SourcePackages/checkouts/supabase-swift
    builtin-swiftHeaderTool -arch arm64 /Users/rioallen/Library/Developer/Xcode/DerivedData/TradeFly-cjeitwgqikminlegqmjwowkwbezn/Build/Intermediates.noindex/Supabase.build/Debug-iphonesimulator/Auth.build/Objects-normal/arm64/Auth-Swift.h -o /Users/rioallen/Library/Developer/Xcode/DerivedData/TradeFly-cjeitwgqikminlegqmjwowkwbezn/Build/Intermediates.noindex/GeneratedModuleMaps-iphonesimulator/Auth-Swift.h

SwiftDriverJobDiscovery normal arm64 Compiling KeychainLocalStorage.swift (in target 'Auth' from project 'Supabase')

Copy /Users/rioallen/Library/Developer/Xcode/DerivedData/TradeFly-cjeitwgqikminlegqmjwowkwbezn/Build/Products/Debug-iphonesimulator/Auth.swiftmodule/arm64-apple-ios-simulator.swiftmodule /Users/rioallen/Library/Developer/Xcode/DerivedData/TradeFly-cjeitwgqikminlegqmjwowkwbezn/Build/Intermediates.noindex/Supabase.build/Debug-iphonesimulator/Auth.build/Objects-normal/arm64/Auth.swiftmodule (in target 'Auth' from project 'Supabase')
    cd /Users/rioallen/Library/Developer/Xcode/DerivedData/TradeFly-cjeitwgqikminlegqmjwowkwbezn/SourcePackages/checkouts/supabase-swift
    builtin-copy -exclude .DS_Store -exclude CVS -exclude .svn -exclude .git -exclude .hg -resolve-src-symlinks -rename /Users/rioallen/Library/Developer/Xcode/DerivedData/TradeFly-cjeitwgqikminlegqmjwowkwbezn/Build/Intermediates.noindex/Supabase.build/Debug-iphonesimulator/Auth.build/Objects-normal/arm64/Auth.swiftmodule /Users/rioallen/Library/Developer/Xcode/DerivedData/TradeFly-cjeitwgqikminlegqmjwowkwbezn/Build/Products/Debug-iphonesimulator/Auth.swiftmodule/arm64-apple-ios-simulator.swiftmodule

SwiftDriverJobDiscovery normal arm64 Compiling Deprecated.swift, Exports.swift (in target 'Auth' from project 'Supabase')

Copy /Users/rioallen/Library/Developer/Xcode/DerivedData/TradeFly-cjeitwgqikminlegqmjwowkwbezn/Build/Products/Debug-iphonesimulator/Auth.swiftmodule/arm64-apple-ios-simulator.swiftdoc /Users/rioallen/Library/Developer/Xcode/DerivedData/TradeFly-cjeitwgqikminlegqmjwowkwbezn/Build/Intermediates.noindex/Supabase.build/Debug-iphonesimulator/Auth.build/Objects-normal/arm64/Auth.swiftdoc (in target 'Auth' from project 'Supabase')
    cd /Users/rioallen/Library/Developer/Xcode/DerivedData/TradeFly-cjeitwgqikminlegqmjwowkwbezn/SourcePackages/checkouts/supabase-swift
    builtin-copy -exclude .DS_Store -exclude CVS -exclude .svn -exclude .git -exclude .hg -resolve-src-symlinks -rename /Users/rioallen/Library/Developer/Xcode/DerivedData/TradeFly-cjeitwgqikminlegqmjwowkwbezn/Build/Intermediates.noindex/Supabase.build/Debug-iphonesimulator/Auth.build/Objects-normal/arm64/Auth.swiftdoc /Users/rioallen/Library/Developer/Xcode/DerivedData/TradeFly-cjeitwgqikminlegqmjwowkwbezn/Build/Products/Debug-iphonesimulator/Auth.swiftmodule/arm64-apple-ios-simulator.swiftdoc

Copy /Users/rioallen/Library/Developer/Xcode/DerivedData/TradeFly-cjeitwgqikminlegqmjwowkwbezn/Build/Products/Debug-iphonesimulator/Auth.swiftmodule/arm64-apple-ios-simulator.abi.json /Users/rioallen/Library/Developer/Xcode/DerivedData/TradeFly-cjeitwgqikminlegqmjwowkwbezn/Build/Intermediates.noindex/Supabase.build/Debug-iphonesimulator/Auth.build/Objects-normal/arm64/Auth.abi.json (in target 'Auth' from project 'Supabase')
    cd /Users/rioallen/Library/Developer/Xcode/DerivedData/TradeFly-cjeitwgqikminlegqmjwowkwbezn/SourcePackages/checkouts/supabase-swift
    builtin-copy -exclude .DS_Store -exclude CVS -exclude .svn -exclude .git -exclude .hg -resolve-src-symlinks -rename /Users/rioallen/Library/Developer/Xcode/DerivedData/TradeFly-cjeitwgqikminlegqmjwowkwbezn/Build/Intermediates.noindex/Supabase.build/Debug-iphonesimulator/Auth.build/Objects-normal/arm64/Auth.abi.json /Users/rioallen/Library/Developer/Xcode/DerivedData/TradeFly-cjeitwgqikminlegqmjwowkwbezn/Build/Products/Debug-iphonesimulator/Auth.swiftmodule/arm64-apple-ios-simulator.abi.json

Copy /Users/rioallen/Library/Developer/Xcode/DerivedData/TradeFly-cjeitwgqikminlegqmjwowkwbezn/Build/Products/Debug-iphonesimulator/Auth.swiftmodule/Project/arm64-apple-ios-simulator.swiftsourceinfo /Users/rioallen/Library/Developer/Xcode/DerivedData/TradeFly-cjeitwgqikminlegqmjwowkwbezn/Build/Intermediates.noindex/Supabase.build/Debug-iphonesimulator/Auth.build/Objects-normal/arm64/Auth.swiftsourceinfo (in target 'Auth' from project 'Supabase')
    cd /Users/rioallen/Library/Developer/Xcode/DerivedData/TradeFly-cjeitwgqikminlegqmjwowkwbezn/SourcePackages/checkouts/supabase-swift
    builtin-copy -exclude .DS_Store -exclude CVS -exclude .svn -exclude .git -exclude .hg -resolve-src-symlinks -rename /Users/rioallen/Library/Developer/Xcode/DerivedData/TradeFly-cjeitwgqikminlegqmjwowkwbezn/Build/Intermediates.noindex/Supabase.build/Debug-iphonesimulator/Auth.build/Objects-normal/arm64/Auth.swiftsourceinfo /Users/rioallen/Library/Developer/Xcode/DerivedData/TradeFly-cjeitwgqikminlegqmjwowkwbezn/Build/Products/Debug-iphonesimulator/Auth.swiftmodule/Project/arm64-apple-ios-simulator.swiftsourceinfo

SwiftCompile normal arm64 Compiling\ JWTAlgorithm.swift,\ Keychain.swift /Users/rioallen/Library/Developer/Xcode/DerivedData/TradeFly-cjeitwgqikminlegqmjwowkwbezn/SourcePackages/checkouts/supabase-swift/Sources/Auth/Internal/JWTAlgorithm.swift /Users/rioallen/Library/Developer/Xcode/DerivedData/TradeFly-cjeitwgqikminlegqmjwowkwbezn/SourcePackages/checkouts/supabase-swift/Sources/Auth/Internal/Keychain.swift (in target 'Auth' from project 'Supabase')

SwiftCompile normal arm64 /Users/rioallen/Library/Developer/Xcode/DerivedData/TradeFly-cjeitwgqikminlegqmjwowkwbezn/SourcePackages/checkouts/supabase-swift/Sources/Auth/Internal/JWTAlgorithm.swift (in target 'Auth' from project 'Supabase')
    cd /Users/rioallen/Documents/DropFly-OS-App-Builder/DropFly-PROJECTS/TradeFly-iOS/TradeFly.xcodeproj
    

SwiftCompile normal arm64 /Users/rioallen/Library/Developer/Xcode/DerivedData/TradeFly-cjeitwgqikminlegqmjwowkwbezn/SourcePackages/checkouts/supabase-swift/Sources/Auth/Internal/Keychain.swift (in target 'Auth' from project 'Supabase')
    cd /Users/rioallen/Documents/DropFly-OS-App-Builder/DropFly-PROJECTS/TradeFly-iOS/TradeFly.xcodeproj
    

SwiftCompile normal arm64 Compiling\ AuthAdmin.swift,\ AuthAdminOAuth.swift /Users/rioallen/Library/Developer/Xcode/DerivedData/TradeFly-cjeitwgqikminlegqmjwowkwbezn/SourcePackages/checkouts/supabase-swift/Sources/Auth/AuthAdmin.swift /Users/rioallen/Library/Developer/Xcode/DerivedData/TradeFly-cjeitwgqikminlegqmjwowkwbezn/SourcePackages/checkouts/supabase-swift/Sources/Auth/AuthAdminOAuth.swift (in target 'Auth' from project 'Supabase')

SwiftCompile normal arm64 /Users/rioallen/Library/Developer/Xcode/DerivedData/TradeFly-cjeitwgqikminlegqmjwowkwbezn/SourcePackages/checkouts/supabase-swift/Sources/Auth/AuthAdmin.swift (in target 'Auth' from project 'Supabase')
    cd /Users/rioallen/Documents/DropFly-OS-App-Builder/DropFly-PROJECTS/TradeFly-iOS/TradeFly.xcodeproj
    

SwiftCompile normal arm64 /Users/rioallen/Library/Developer/Xcode/DerivedData/TradeFly-cjeitwgqikminlegqmjwowkwbezn/SourcePackages/checkouts/supabase-swift/Sources/Auth/AuthAdminOAuth.swift (in target 'Auth' from project 'Supabase')
    cd /Users/rioallen/Documents/DropFly-OS-App-Builder/DropFly-PROJECTS/TradeFly-iOS/TradeFly.xcodeproj
    

SwiftDriverJobDiscovery normal arm64 Compiling AuthLocalStorage.swift (in target 'Auth' from project 'Supabase')

SwiftCompile normal arm64 Compiling\ AuthError.swift,\ AuthMFA.swift /Users/rioallen/Library/Developer/Xcode/DerivedData/TradeFly-cjeitwgqikminlegqmjwowkwbezn/SourcePackages/checkouts/supabase-swift/Sources/Auth/AuthError.swift /Users/rioallen/Library/Developer/Xcode/DerivedData/TradeFly-cjeitwgqikminlegqmjwowkwbezn/SourcePackages/checkouts/supabase-swift/Sources/Auth/AuthMFA.swift (in target 'Auth' from project 'Supabase')

SwiftCompile normal arm64 /Users/rioallen/Library/Developer/Xcode/DerivedData/TradeFly-cjeitwgqikminlegqmjwowkwbezn/SourcePackages/checkouts/supabase-swift/Sources/Auth/AuthError.swift (in target 'Auth' from project 'Supabase')
    cd /Users/rioallen/Documents/DropFly-OS-App-Builder/DropFly-PROJECTS/TradeFly-iOS/TradeFly.xcodeproj
    

SwiftCompile normal arm64 /Users/rioallen/Library/Developer/Xcode/DerivedData/TradeFly-cjeitwgqikminlegqmjwowkwbezn/SourcePackages/checkouts/supabase-swift/Sources/Auth/AuthMFA.swift (in target 'Auth' from project 'Supabase')
    cd /Users/rioallen/Documents/DropFly-OS-App-Builder/DropFly-PROJECTS/TradeFly-iOS/TradeFly.xcodeproj
    

SwiftDriverJobDiscovery normal arm64 Compiling URLSessionWebSocket.swift (in target 'Realtime' from project 'Supabase')

SwiftCompile normal arm64 Compiling\ Constants.swift,\ Dependencies.swift /Users/rioallen/Library/Developer/Xcode/DerivedData/TradeFly-cjeitwgqikminlegqmjwowkwbezn/SourcePackages/checkouts/supabase-swift/Sources/Auth/Internal/Constants.swift /Users/rioallen/Library/Developer/Xcode/DerivedData/TradeFly-cjeitwgqikminlegqmjwowkwbezn/SourcePackages/checkouts/supabase-swift/Sources/Auth/Internal/Dependencies.swift (in target 'Auth' from project 'Supabase')

SwiftCompile normal arm64 /Users/rioallen/Library/Developer/Xcode/DerivedData/TradeFly-cjeitwgqikminlegqmjwowkwbezn/SourcePackages/checkouts/supabase-swift/Sources/Auth/Internal/Constants.swift (in target 'Auth' from project 'Supabase')
    cd /Users/rioallen/Documents/DropFly-OS-App-Builder/DropFly-PROJECTS/TradeFly-iOS/TradeFly.xcodeproj
    

SwiftCompile normal arm64 /Users/rioallen/Library/Developer/Xcode/DerivedData/TradeFly-cjeitwgqikminlegqmjwowkwbezn/SourcePackages/checkouts/supabase-swift/Sources/Auth/Internal/Dependencies.swift (in target 'Auth' from project 'Supabase')
    cd /Users/rioallen/Documents/DropFly-OS-App-Builder/DropFly-PROJECTS/TradeFly-iOS/TradeFly.xcodeproj
    

SwiftDriverJobDiscovery normal arm64 Compiling SessionStorage.swift, URLOpener.swift (in target 'Auth' from project 'Supabase')

ExtractAppIntentsMetadata (in target 'PostgREST' from project 'Supabase')
    cd /Users/rioallen/Library/Developer/Xcode/DerivedData/TradeFly-cjeitwgqikminlegqmjwowkwbezn/SourcePackages/checkouts/supabase-swift
    /Applications/Xcode.app/Contents/Developer/Toolchains/XcodeDefault.xctoolchain/usr/bin/appintentsmetadataprocessor --toolchain-dir /Applications/Xcode.app/Contents/Developer/Toolchains/XcodeDefault.xctoolchain --module-name PostgREST --sdk-root /Applications/Xcode.app/Contents/Developer/Platforms/iPhoneSimulator.platform/Developer/SDKs/iPhoneSimulator26.1.sdk --xcode-version 17B100 --platform-family iOS --deployment-target 13.0 --bundle-identifier supabase-swift.PostgREST --output /Users/rioallen/Library/Developer/Xcode/DerivedData/TradeFly-cjeitwgqikminlegqmjwowkwbezn/Build/Products/Debug-iphonesimulator/PostgREST.appintents --target-triple arm64-apple-ios13.0-simulator --binary-file /Users/rioallen/Library/Developer/Xcode/DerivedData/TradeFly-cjeitwgqikminlegqmjwowkwbezn/Build/Products/Debug-iphonesimulator/PostgREST.o --dependency-file /Users/rioallen/Library/Developer/Xcode/DerivedData/TradeFly-cjeitwgqikminlegqmjwowkwbezn/Build/Intermediates.noindex/Supabase.build/Debug-iphonesimulator/PostgREST.build/Objects-normal/arm64/PostgREST_dependency_info.dat --stringsdata-file /Users/rioallen/Library/Developer/Xcode/DerivedData/TradeFly-cjeitwgqikminlegqmjwowkwbezn/Build/Intermediates.noindex/Supabase.build/Debug-iphonesimulator/PostgREST.build/Objects-normal/arm64/ExtractedAppShortcutsMetadata.stringsdata --source-file-list /Users/rioallen/Library/Developer/Xcode/DerivedData/TradeFly-cjeitwgqikminlegqmjwowkwbezn/Build/Intermediates.noindex/Supabase.build/Debug-iphonesimulator/PostgREST.build/Objects-normal/arm64/PostgREST.SwiftFileList --metadata-file-list /Users/rioallen/Library/Developer/Xcode/DerivedData/TradeFly-cjeitwgqikminlegqmjwowkwbezn/Build/Intermediates.noindex/Supabase.build/Debug-iphonesimulator/PostgREST.build/PostgREST.DependencyMetadataFileList --static-metadata-file-list /Users/rioallen/Library/Developer/Xcode/DerivedData/TradeFly-cjeitwgqikminlegqmjwowkwbezn/Build/Intermediates.noindex/Supabase.build/Debug-iphonesimulator/PostgREST.build/PostgREST.DependencyStaticMetadataFileList --swift-const-vals-list /Users/rioallen/Library/Developer/Xcode/DerivedData/TradeFly-cjeitwgqikminlegqmjwowkwbezn/Build/Intermediates.noindex/Supabase.build/Debug-iphonesimulator/PostgREST.build/Objects-normal/arm64/PostgREST.SwiftConstValuesFileList --force --compile-time-extraction --deployment-aware-processing --validate-assistant-intents --no-app-shortcuts-localization
2025-12-04 00:32:55.806 appintentsmetadataprocessor[45283:7893144] Starting appintentsmetadataprocessor export
2025-12-04 00:32:55.973 appintentsmetadataprocessor[45283:7893144] Extracted no relevant App Intents symbols, skipping writing output

SwiftDriverJobDiscovery normal arm64 Compiling AuthStateChangeListener.swift, Defaults.swift (in target 'Auth' from project 'Supabase')

ExtractAppIntentsMetadata (in target 'Functions' from project 'Supabase')
    cd /Users/rioallen/Library/Developer/Xcode/DerivedData/TradeFly-cjeitwgqikminlegqmjwowkwbezn/SourcePackages/checkouts/supabase-swift
    /Applications/Xcode.app/Contents/Developer/Toolchains/XcodeDefault.xctoolchain/usr/bin/appintentsmetadataprocessor --toolchain-dir /Applications/Xcode.app/Contents/Developer/Toolchains/XcodeDefault.xctoolchain --module-name Functions --sdk-root /Applications/Xcode.app/Contents/Developer/Platforms/iPhoneSimulator.platform/Developer/SDKs/iPhoneSimulator26.1.sdk --xcode-version 17B100 --platform-family iOS --deployment-target 13.0 --bundle-identifier supabase-swift.Functions --output /Users/rioallen/Library/Developer/Xcode/DerivedData/TradeFly-cjeitwgqikminlegqmjwowkwbezn/Build/Products/Debug-iphonesimulator/Functions.appintents --target-triple arm64-apple-ios13.0-simulator --binary-file /Users/rioallen/Library/Developer/Xcode/DerivedData/TradeFly-cjeitwgqikminlegqmjwowkwbezn/Build/Products/Debug-iphonesimulator/Functions.o --dependency-file /Users/rioallen/Library/Developer/Xcode/DerivedData/TradeFly-cjeitwgqikminlegqmjwowkwbezn/Build/Intermediates.noindex/Supabase.build/Debug-iphonesimulator/Functions.build/Objects-normal/arm64/Functions_dependency_info.dat --stringsdata-file /Users/rioallen/Library/Developer/Xcode/DerivedData/TradeFly-cjeitwgqikminlegqmjwowkwbezn/Build/Intermediates.noindex/Supabase.build/Debug-iphonesimulator/Functions.build/Objects-normal/arm64/ExtractedAppShortcutsMetadata.stringsdata --source-file-list /Users/rioallen/Library/Developer/Xcode/DerivedData/TradeFly-cjeitwgqikminlegqmjwowkwbezn/Build/Intermediates.noindex/Supabase.build/Debug-iphonesimulator/Functions.build/Objects-normal/arm64/Functions.SwiftFileList --metadata-file-list /Users/rioallen/Library/Developer/Xcode/DerivedData/TradeFly-cjeitwgqikminlegqmjwowkwbezn/Build/Intermediates.noindex/Supabase.build/Debug-iphonesimulator/Functions.build/Functions.DependencyMetadataFileList --static-metadata-file-list /Users/rioallen/Library/Developer/Xcode/DerivedData/TradeFly-cjeitwgqikminlegqmjwowkwbezn/Build/Intermediates.noindex/Supabase.build/Debug-iphonesimulator/Functions.build/Functions.DependencyStaticMetadataFileList --swift-const-vals-list /Users/rioallen/Library/Developer/Xcode/DerivedData/TradeFly-cjeitwgqikminlegqmjwowkwbezn/Build/Intermediates.noindex/Supabase.build/Debug-iphonesimulator/Functions.build/Objects-normal/arm64/Functions.SwiftConstValuesFileList --force --compile-time-extraction --deployment-aware-processing --validate-assistant-intents --no-app-shortcuts-localization
2025-12-04 00:32:55.821 appintentsmetadataprocessor[45284:7893147] Starting appintentsmetadataprocessor export
2025-12-04 00:32:55.936 appintentsmetadataprocessor[45284:7893147] Extracted no relevant App Intents symbols, skipping writing output

SwiftDriverJobDiscovery normal arm64 Compiling StorageFileApi.swift (in target 'Storage' from project 'Supabase')

SwiftDriverJobDiscovery normal arm64 Compiling Helpers.swift, JWK+RSA.swift (in target 'Auth' from project 'Supabase')

SwiftDriver\ Compilation Storage normal arm64 com.apple.xcode.tools.swift.compiler (in target 'Storage' from project 'Supabase')
    cd /Users/rioallen/Documents/DropFly-OS-App-Builder/DropFly-PROJECTS/TradeFly-iOS/TradeFly.xcodeproj
    builtin-Swift-Compilation -- /Applications/Xcode.app/Contents/Developer/Toolchains/XcodeDefault.xctoolchain/usr/bin/swiftc -module-name Storage -Onone -enforce-exclusivity\=checked @/Users/rioallen/Library/Developer/Xcode/DerivedData/TradeFly-cjeitwgqikminlegqmjwowkwbezn/Build/Intermediates.noindex/Supabase.build/Debug-iphonesimulator/Storage.build/Objects-normal/arm64/Storage.SwiftFileList -DSWIFT_PACKAGE -DDEBUG -DSWIFT_MODULE_RESOURCE_BUNDLE_UNAVAILABLE -DXcode -enable-upcoming-feature ExistentialAny -enable-experimental-feature StrictConcurrency -plugin-path /Applications/Xcode.app/Contents/Developer/Toolchains/XcodeDefault.xctoolchain/usr/lib/swift/host/plugins/testing -enable-experimental-feature DebugDescriptionMacro -sdk /Applications/Xcode.app/Contents/Developer/Platforms/iPhoneSimulator.platform/Developer/SDKs/iPhoneSimulator26.1.sdk -target arm64-apple-ios13.0-simulator -g -module-cache-path /Users/rioallen/Library/Developer/Xcode/DerivedData/ModuleCache.noindex -Xfrontend -serialize-debugging-options -enable-testing -suppress-warnings -index-store-path /Users/rioallen/Library/Developer/Xcode/DerivedData/TradeFly-cjeitwgqikminlegqmjwowkwbezn/Index.noindex/DataStore -Xcc -D_LIBCPP_HARDENING_MODE\=_LIBCPP_HARDENING_MODE_DEBUG -swift-version 5 -I /Users/rioallen/Library/Developer/Xcode/DerivedData/TradeFly-cjeitwgqikminlegqmjwowkwbezn/Build/Products/Debug-iphonesimulator -Isystem /Applications/Xcode.app/Contents/Developer/Platforms/iPhoneSimulator.platform/Developer/usr/lib -F /Users/rioallen/Library/Developer/Xcode/DerivedData/TradeFly-cjeitwgqikminlegqmjwowkwbezn/Build/Products/Debug-iphonesimulator/PackageFrameworks -F /Users/rioallen/Library/Developer/Xcode/DerivedData/TradeFly-cjeitwgqikminlegqmjwowkwbezn/Build/Products/Debug-iphonesimulator/PackageFrameworks -F /Users/rioallen/Library/Developer/Xcode/DerivedData/TradeFly-cjeitwgqikminlegqmjwowkwbezn/Build/Products/Debug-iphonesimulator/PackageFrameworks -F /Users/rioallen/Library/Developer/Xcode/DerivedData/TradeFly-cjeitwgqikminlegqmjwowkwbezn/Build/Products/Debug-iphonesimulator/PackageFrameworks -F /Users/rioallen/Library/Developer/Xcode/DerivedData/TradeFly-cjeitwgqikminlegqmjwowkwbezn/Build/Products/Debug-iphonesimulator/PackageFrameworks -F /Users/rioallen/Library/Developer/Xcode/DerivedData/TradeFly-cjeitwgqikminlegqmjwowkwbezn/Build/Products/Debug-iphonesimulator/PackageFrameworks -F /Users/rioallen/Library/Developer/Xcode/DerivedData/TradeFly-cjeitwgqikminlegqmjwowkwbezn/Build/Products/Debug-iphonesimulator/PackageFrameworks -F /Users/rioallen/Library/Developer/Xcode/DerivedData/TradeFly-cjeitwgqikminlegqmjwowkwbezn/Build/Products/Debug-iphonesimulator -F /Applications/Xcode.app/Contents/Developer/Platforms/iPhoneSimulator.platform/Developer/Library/Frameworks -F /Applications/Xcode.app/Contents/Developer/Platforms/iPhoneSimulator.platform/Developer/SDKs/iPhoneSimulator26.1.sdk/Developer/Library/Frameworks -c -j16 -enable-batch-mode -incremental -Xcc -ivfsstatcache -Xcc /Users/rioallen/Library/Developer/Xcode/DerivedData/SDKStatCaches.noindex/iphonesimulator26.1-23B77-90cf18a4295e390e64c810bc6bd7acbc.sdkstatcache -output-file-map /Users/rioallen/Library/Developer/Xcode/DerivedData/TradeFly-cjeitwgqikminlegqmjwowkwbezn/Build/Intermediates.noindex/Supabase.build/Debug-iphonesimulator/Storage.build/Objects-normal/arm64/Storage-OutputFileMap.json -use-frontend-parseable-output -save-temps -no-color-diagnostics -explicit-module-build -module-cache-path /Users/rioallen/Library/Developer/Xcode/DerivedData/TradeFly-cjeitwgqikminlegqmjwowkwbezn/Build/Intermediates.noindex/SwiftExplicitPrecompiledModules -clang-scanner-module-cache-path /Users/rioallen/Library/Developer/Xcode/DerivedData/ModuleCache.noindex -sdk-module-cache-path /Users/rioallen/Library/Developer/Xcode/DerivedData/ModuleCache.noindex -serialize-diagnostics -emit-dependencies -emit-module -emit-module-path /Users/rioallen/Library/Developer/Xcode/DerivedData/TradeFly-cjeitwgqikminlegqmjwowkwbezn/Build/Intermediates.noindex/Supabase.build/Debug-iphonesimulator/Storage.build/Objects-normal/arm64/Storage.swiftmodule -validate-clang-modules-once -clang-build-session-file /Users/rioallen/Library/Developer/Xcode/DerivedData/ModuleCache.noindex/Session.modulevalidation -package-name supabase_swift -Xcc -I/Users/rioallen/Library/Developer/Xcode/DerivedData/TradeFly-cjeitwgqikminlegqmjwowkwbezn/Build/Intermediates.noindex/Supabase.build/Debug-iphonesimulator/Storage.build/swift-overrides.hmap -emit-const-values -Xfrontend -const-gather-protocols-file -Xfrontend /Users/rioallen/Library/Developer/Xcode/DerivedData/TradeFly-cjeitwgqikminlegqmjwowkwbezn/Build/Intermediates.noindex/Supabase.build/Debug-iphonesimulator/Storage.build/Objects-normal/arm64/Storage_const_extract_protocols.json -Xcc -I/Users/rioallen/Library/Developer/Xcode/DerivedData/TradeFly-cjeitwgqikminlegqmjwowkwbezn/Build/Products/Debug-iphonesimulator/include -Xcc -I/Users/rioallen/Library/Developer/Xcode/DerivedData/TradeFly-cjeitwgqikminlegqmjwowkwbezn/Build/Intermediates.noindex/Supabase.build/Debug-iphonesimulator/Storage.build/DerivedSources-normal/arm64 -Xcc -I/Users/rioallen/Library/Developer/Xcode/DerivedData/TradeFly-cjeitwgqikminlegqmjwowkwbezn/Build/Intermediates.noindex/Supabase.build/Debug-iphonesimulator/Storage.build/DerivedSources/arm64 -Xcc -I/Users/rioallen/Library/Developer/Xcode/DerivedData/TradeFly-cjeitwgqikminlegqmjwowkwbezn/Build/Intermediates.noindex/Supabase.build/Debug-iphonesimulator/Storage.build/DerivedSources -Xcc -DSWIFT_PACKAGE -Xcc -DDEBUG\=1 -emit-objc-header -emit-objc-header-path /Users/rioallen/Library/Developer/Xcode/DerivedData/TradeFly-cjeitwgqikminlegqmjwowkwbezn/Build/Intermediates.noindex/Supabase.build/Debug-iphonesimulator/Storage.build/Objects-normal/arm64/Storage-Swift.h -working-directory /Users/rioallen/Documents/DropFly-OS-App-Builder/DropFly-PROJECTS/TradeFly-iOS/TradeFly.xcodeproj -experimental-emit-module-separately -disable-cmo

SwiftDriverJobDiscovery normal arm64 Compiling EventEmitter.swift, FixedWidthInteger+Random.swift (in target 'Auth' from project 'Supabase')

Ld /Users/rioallen/Library/Developer/Xcode/DerivedData/TradeFly-cjeitwgqikminlegqmjwowkwbezn/Build/Products/Debug-iphonesimulator/Storage.o normal (in target 'Storage' from project 'Supabase')
    cd /Users/rioallen/Library/Developer/Xcode/DerivedData/TradeFly-cjeitwgqikminlegqmjwowkwbezn/SourcePackages/checkouts/supabase-swift
    /Applications/Xcode.app/Contents/Developer/Toolchains/XcodeDefault.xctoolchain/usr/bin/clang -Xlinker -reproducible -target arm64-apple-ios13.0-simulator -r -isysroot /Applications/Xcode.app/Contents/Developer/Platforms/iPhoneSimulator.platform/Developer/SDKs/iPhoneSimulator26.1.sdk -O0 -w -L/Users/rioallen/Library/Developer/Xcode/DerivedData/TradeFly-cjeitwgqikminlegqmjwowkwbezn/Build/Intermediates.noindex/EagerLinkingTBDs/Debug-iphonesimulator -L/Users/rioallen/Library/Developer/Xcode/DerivedData/TradeFly-cjeitwgqikminlegqmjwowkwbezn/Build/Products/Debug-iphonesimulator -L/Applications/Xcode.app/Contents/Developer/Platforms/iPhoneSimulator.platform/Developer/usr/lib -F/Users/rioallen/Library/Developer/Xcode/DerivedData/TradeFly-cjeitwgqikminlegqmjwowkwbezn/Build/Intermediates.noindex/EagerLinkingTBDs/Debug-iphonesimulator -F/Users/rioallen/Library/Developer/Xcode/DerivedData/TradeFly-cjeitwgqikminlegqmjwowkwbezn/Build/Products/Debug-iphonesimulator/PackageFrameworks -F/Users/rioallen/Library/Developer/Xcode/DerivedData/TradeFly-cjeitwgqikminlegqmjwowkwbezn/Build/Products/Debug-iphonesimulator/PackageFrameworks -F/Users/rioallen/Library/Developer/Xcode/DerivedData/TradeFly-cjeitwgqikminlegqmjwowkwbezn/Build/Products/Debug-iphonesimulator/PackageFrameworks -F/Users/rioallen/Library/Developer/Xcode/DerivedData/TradeFly-cjeitwgqikminlegqmjwowkwbezn/Build/Products/Debug-iphonesimulator/PackageFrameworks -F/Users/rioallen/Library/Developer/Xcode/DerivedData/TradeFly-cjeitwgqikminlegqmjwowkwbezn/Build/Products/Debug-iphonesimulator/PackageFrameworks -F/Users/rioallen/Library/Developer/Xcode/DerivedData/TradeFly-cjeitwgqikminlegqmjwowkwbezn/Build/Products/Debug-iphonesimulator/PackageFrameworks -F/Users/rioallen/Library/Developer/Xcode/DerivedData/TradeFly-cjeitwgqikminlegqmjwowkwbezn/Build/Products/Debug-iphonesimulator/PackageFrameworks -F/Users/rioallen/Library/Developer/Xcode/DerivedData/TradeFly-cjeitwgqikminlegqmjwowkwbezn/Build/Products/Debug-iphonesimulator -iframework /Applications/Xcode.app/Contents/Developer/Platforms/iPhoneSimulator.platform/Developer/Library/Frameworks -iframework /Applications/Xcode.app/Contents/Developer/Platforms/iPhoneSimulator.platform/Developer/SDKs/iPhoneSimulator26.1.sdk/Developer/Library/Frameworks -filelist /Users/rioallen/Library/Developer/Xcode/DerivedData/TradeFly-cjeitwgqikminlegqmjwowkwbezn/Build/Intermediates.noindex/Supabase.build/Debug-iphonesimulator/Storage.build/Objects-normal/arm64/Storage.LinkFileList -nostdlib -Xlinker -object_path_lto -Xlinker /Users/rioallen/Library/Developer/Xcode/DerivedData/TradeFly-cjeitwgqikminlegqmjwowkwbezn/Build/Intermediates.noindex/Supabase.build/Debug-iphonesimulator/Storage.build/Objects-normal/arm64/Storage_lto.o -rdynamic -Xlinker -no_deduplicate -Xlinker -objc_abi_version -Xlinker 2 -Xlinker -dependency_info -Xlinker /Users/rioallen/Library/Developer/Xcode/DerivedData/TradeFly-cjeitwgqikminlegqmjwowkwbezn/Build/Intermediates.noindex/Supabase.build/Debug-iphonesimulator/Storage.build/Objects-normal/arm64/Storage_dependency_info.dat -fobjc-link-runtime -L/Applications/Xcode.app/Contents/Developer/Toolchains/XcodeDefault.xctoolchain/usr/lib/swift/iphonesimulator -L/usr/lib/swift -Xlinker -add_ast_path -Xlinker /Users/rioallen/Library/Developer/Xcode/DerivedData/TradeFly-cjeitwgqikminlegqmjwowkwbezn/Build/Intermediates.noindex/Supabase.build/Debug-iphonesimulator/Storage.build/Objects-normal/arm64/Storage.swiftmodule @/Users/rioallen/Library/Developer/Xcode/DerivedData/TradeFly-cjeitwgqikminlegqmjwowkwbezn/Build/Intermediates.noindex/Supabase.build/Debug-iphonesimulator/Storage.build/Objects-normal/arm64/Storage-linker-args.resp -o /Users/rioallen/Library/Developer/Xcode/DerivedData/TradeFly-cjeitwgqikminlegqmjwowkwbezn/Build/Products/Debug-iphonesimulator/Storage.o

SwiftDriver Supabase normal arm64 com.apple.xcode.tools.swift.compiler (in target 'Supabase' from project 'Supabase')
    cd /Users/rioallen/Documents/DropFly-OS-App-Builder/DropFly-PROJECTS/TradeFly-iOS/TradeFly.xcodeproj
    builtin-SwiftDriver -- /Applications/Xcode.app/Contents/Developer/Toolchains/XcodeDefault.xctoolchain/usr/bin/swiftc -module-name Supabase -Onone -enforce-exclusivity\=checked @/Users/rioallen/Library/Developer/Xcode/DerivedData/TradeFly-cjeitwgqikminlegqmjwowkwbezn/Build/Intermediates.noindex/Supabase.build/Debug-iphonesimulator/Supabase.build/Objects-normal/arm64/Supabase.SwiftFileList -DSWIFT_PACKAGE -DDEBUG -DSWIFT_MODULE_RESOURCE_BUNDLE_UNAVAILABLE -DXcode -enable-upcoming-feature ExistentialAny -enable-experimental-feature StrictConcurrency -plugin-path /Applications/Xcode.app/Contents/Developer/Toolchains/XcodeDefault.xctoolchain/usr/lib/swift/host/plugins/testing -enable-experimental-feature DebugDescriptionMacro -sdk /Applications/Xcode.app/Contents/Developer/Platforms/iPhoneSimulator.platform/Developer/SDKs/iPhoneSimulator26.1.sdk -target arm64-apple-ios13.0-simulator -g -module-cache-path /Users/rioallen/Library/Developer/Xcode/DerivedData/ModuleCache.noindex -Xfrontend -serialize-debugging-options -enable-testing -suppress-warnings -index-store-path /Users/rioallen/Library/Developer/Xcode/DerivedData/TradeFly-cjeitwgqikminlegqmjwowkwbezn/Index.noindex/DataStore -Xcc -D_LIBCPP_HARDENING_MODE\=_LIBCPP_HARDENING_MODE_DEBUG -swift-version 5 -I /Users/rioallen/Library/Developer/Xcode/DerivedData/TradeFly-cjeitwgqikminlegqmjwowkwbezn/Build/Products/Debug-iphonesimulator -Isystem /Applications/Xcode.app/Contents/Developer/Platforms/iPhoneSimulator.platform/Developer/usr/lib -F /Users/rioallen/Library/Developer/Xcode/DerivedData/TradeFly-cjeitwgqikminlegqmjwowkwbezn/Build/Products/Debug-iphonesimulator/PackageFrameworks -F /Users/rioallen/Library/Developer/Xcode/DerivedData/TradeFly-cjeitwgqikminlegqmjwowkwbezn/Build/Products/Debug-iphonesimulator/PackageFrameworks -F /Users/rioallen/Library/Developer/Xcode/DerivedData/TradeFly-cjeitwgqikminlegqmjwowkwbezn/Build/Products/Debug-iphonesimulator/PackageFrameworks -F /Users/rioallen/Library/Developer/Xcode/DerivedData/TradeFly-cjeitwgqikminlegqmjwowkwbezn/Build/Products/Debug-iphonesimulator/PackageFrameworks -F /Users/rioallen/Library/Developer/Xcode/DerivedData/TradeFly-cjeitwgqikminlegqmjwowkwbezn/Build/Products/Debug-iphonesimulator/PackageFrameworks -F /Users/rioallen/Library/Developer/Xcode/DerivedData/TradeFly-cjeitwgqikminlegqmjwowkwbezn/Build/Products/Debug-iphonesimulator/PackageFrameworks -F /Users/rioallen/Library/Developer/Xcode/DerivedData/TradeFly-cjeitwgqikminlegqmjwowkwbezn/Build/Products/Debug-iphonesimulator/PackageFrameworks -F /Users/rioallen/Library/Developer/Xcode/DerivedData/TradeFly-cjeitwgqikminlegqmjwowkwbezn/Build/Products/Debug-iphonesimulator/PackageFrameworks -F /Users/rioallen/Library/Developer/Xcode/DerivedData/TradeFly-cjeitwgqikminlegqmjwowkwbezn/Build/Products/Debug-iphonesimulator/PackageFrameworks -F /Users/rioallen/Library/Developer/Xcode/DerivedData/TradeFly-cjeitwgqikminlegqmjwowkwbezn/Build/Products/Debug-iphonesimulator/PackageFrameworks -F /Users/rioallen/Library/Developer/Xcode/DerivedData/TradeFly-cjeitwgqikminlegqmjwowkwbezn/Build/Products/Debug-iphonesimulator/PackageFrameworks -F /Users/rioallen/Library/Developer/Xcode/DerivedData/TradeFly-cjeitwgqikminlegqmjwowkwbezn/Build/Products/Debug-iphonesimulator/PackageFrameworks -F /Users/rioallen/Library/Developer/Xcode/DerivedData/TradeFly-cjeitwgqikminlegqmjwowkwbezn/Build/Products/Debug-iphonesimulator/PackageFrameworks -F /Users/rioallen/Library/Developer/Xcode/DerivedData/TradeFly-cjeitwgqikminlegqmjwowkwbezn/Build/Products/Debug-iphonesimulator -F /Applications/Xcode.app/Contents/Developer/Platforms/iPhoneSimulator.platform/Developer/Library/Frameworks -F /Applications/Xcode.app/Contents/Developer/Platforms/iPhoneSimulator.platform/Developer/SDKs/iPhoneSimulator26.1.sdk/Developer/Library/Frameworks -c -j16 -enable-batch-mode -incremental -Xcc -ivfsstatcache -Xcc /Users/rioallen/Library/Developer/Xcode/DerivedData/SDKStatCaches.noindex/iphonesimulator26.1-23B77-90cf18a4295e390e64c810bc6bd7acbc.sdkstatcache -output-file-map /Users/rioallen/Library/Developer/Xcode/DerivedData/TradeFly-cjeitwgqikminlegqmjwowkwbezn/Build/Intermediates.noindex/Supabase.build/Debug-iphonesimulator/Supabase.build/Objects-normal/arm64/Supabase-OutputFileMap.json -use-frontend-parseable-output -save-temps -no-color-diagnostics -explicit-module-build -module-cache-path /Users/rioallen/Library/Developer/Xcode/DerivedData/TradeFly-cjeitwgqikminlegqmjwowkwbezn/Build/Intermediates.noindex/SwiftExplicitPrecompiledModules -clang-scanner-module-cache-path /Users/rioallen/Library/Developer/Xcode/DerivedData/ModuleCache.noindex -sdk-module-cache-path /Users/rioallen/Library/Developer/Xcode/DerivedData/ModuleCache.noindex -serialize-diagnostics -emit-dependencies -emit-module -emit-module-path /Users/rioallen/Library/Developer/Xcode/DerivedData/TradeFly-cjeitwgqikminlegqmjwowkwbezn/Build/Intermediates.noindex/Supabase.build/Debug-iphonesimulator/Supabase.build/Objects-normal/arm64/Supabase.swiftmodule -validate-clang-modules-once -clang-build-session-file /Users/rioallen/Library/Developer/Xcode/DerivedData/ModuleCache.noindex/Session.modulevalidation -package-name supabase_swift -Xcc -I/Users/rioallen/Library/Developer/Xcode/DerivedData/TradeFly-cjeitwgqikminlegqmjwowkwbezn/Build/Intermediates.noindex/Supabase.build/Debug-iphonesimulator/Supabase.build/swift-overrides.hmap -emit-const-values -Xfrontend -const-gather-protocols-file -Xfrontend /Users/rioallen/Library/Developer/Xcode/DerivedData/TradeFly-cjeitwgqikminlegqmjwowkwbezn/Build/Intermediates.noindex/Supabase.build/Debug-iphonesimulator/Supabase.build/Objects-normal/arm64/Supabase_const_extract_protocols.json -Xcc -I/Users/rioallen/Library/Developer/Xcode/DerivedData/TradeFly-cjeitwgqikminlegqmjwowkwbezn/Build/Products/Debug-iphonesimulator/include -Xcc -I/Users/rioallen/Library/Developer/Xcode/DerivedData/TradeFly-cjeitwgqikminlegqmjwowkwbezn/Build/Intermediates.noindex/Supabase.build/Debug-iphonesimulator/Supabase.build/DerivedSources-normal/arm64 -Xcc -I/Users/rioallen/Library/Developer/Xcode/DerivedData/TradeFly-cjeitwgqikminlegqmjwowkwbezn/Build/Intermediates.noindex/Supabase.build/Debug-iphonesimulator/Supabase.build/DerivedSources/arm64 -Xcc -I/Users/rioallen/Library/Developer/Xcode/DerivedData/TradeFly-cjeitwgqikminlegqmjwowkwbezn/Build/Intermediates.noindex/Supabase.build/Debug-iphonesimulator/Supabase.build/DerivedSources -Xcc -DSWIFT_PACKAGE -Xcc -DDEBUG\=1 -emit-objc-header -emit-objc-header-path /Users/rioallen/Library/Developer/Xcode/DerivedData/TradeFly-cjeitwgqikminlegqmjwowkwbezn/Build/Intermediates.noindex/Supabase.build/Debug-iphonesimulator/Supabase.build/Objects-normal/arm64/Supabase-Swift.h -working-directory /Users/rioallen/Documents/DropFly-OS-App-Builder/DropFly-PROJECTS/TradeFly-iOS/TradeFly.xcodeproj -experimental-emit-module-separately -disable-cmo

SwiftDriverJobDiscovery normal arm64 Compiling Presence.swift, Push.swift (in target 'Realtime' from project 'Supabase')

ExtractAppIntentsMetadata (in target 'Storage' from project 'Supabase')
    cd /Users/rioallen/Library/Developer/Xcode/DerivedData/TradeFly-cjeitwgqikminlegqmjwowkwbezn/SourcePackages/checkouts/supabase-swift
    /Applications/Xcode.app/Contents/Developer/Toolchains/XcodeDefault.xctoolchain/usr/bin/appintentsmetadataprocessor --toolchain-dir /Applications/Xcode.app/Contents/Developer/Toolchains/XcodeDefault.xctoolchain --module-name Storage --sdk-root /Applications/Xcode.app/Contents/Developer/Platforms/iPhoneSimulator.platform/Developer/SDKs/iPhoneSimulator26.1.sdk --xcode-version 17B100 --platform-family iOS --deployment-target 13.0 --bundle-identifier supabase-swift.Storage --output /Users/rioallen/Library/Developer/Xcode/DerivedData/TradeFly-cjeitwgqikminlegqmjwowkwbezn/Build/Products/Debug-iphonesimulator/Storage.appintents --target-triple arm64-apple-ios13.0-simulator --binary-file /Users/rioallen/Library/Developer/Xcode/DerivedData/TradeFly-cjeitwgqikminlegqmjwowkwbezn/Build/Products/Debug-iphonesimulator/Storage.o --dependency-file /Users/rioallen/Library/Developer/Xcode/DerivedData/TradeFly-cjeitwgqikminlegqmjwowkwbezn/Build/Intermediates.noindex/Supabase.build/Debug-iphonesimulator/Storage.build/Objects-normal/arm64/Storage_dependency_info.dat --stringsdata-file /Users/rioallen/Library/Developer/Xcode/DerivedData/TradeFly-cjeitwgqikminlegqmjwowkwbezn/Build/Intermediates.noindex/Supabase.build/Debug-iphonesimulator/Storage.build/Objects-normal/arm64/ExtractedAppShortcutsMetadata.stringsdata --source-file-list /Users/rioallen/Library/Developer/Xcode/DerivedData/TradeFly-cjeitwgqikminlegqmjwowkwbezn/Build/Intermediates.noindex/Supabase.build/Debug-iphonesimulator/Storage.build/Objects-normal/arm64/Storage.SwiftFileList --metadata-file-list /Users/rioallen/Library/Developer/Xcode/DerivedData/TradeFly-cjeitwgqikminlegqmjwowkwbezn/Build/Intermediates.noindex/Supabase.build/Debug-iphonesimulator/Storage.build/Storage.DependencyMetadataFileList --static-metadata-file-list /Users/rioallen/Library/Developer/Xcode/DerivedData/TradeFly-cjeitwgqikminlegqmjwowkwbezn/Build/Intermediates.noindex/Supabase.build/Debug-iphonesimulator/Storage.build/Storage.DependencyStaticMetadataFileList --swift-const-vals-list /Users/rioallen/Library/Developer/Xcode/DerivedData/TradeFly-cjeitwgqikminlegqmjwowkwbezn/Build/Intermediates.noindex/Supabase.build/Debug-iphonesimulator/Storage.build/Objects-normal/arm64/Storage.SwiftConstValuesFileList --force --compile-time-extraction --deployment-aware-processing --validate-assistant-intents --no-app-shortcuts-localization
2025-12-04 00:32:55.878 appintentsmetadataprocessor[45287:7893189] Starting appintentsmetadataprocessor export
2025-12-04 00:32:56.024 appintentsmetadataprocessor[45287:7893189] Extracted no relevant App Intents symbols, skipping writing output

SwiftDriverJobDiscovery normal arm64 Compiling RealtimeChannelV2.swift, RealtimeClientV2.swift (in target 'Realtime' from project 'Supabase')

RegisterExecutionPolicyException /Users/rioallen/Library/Developer/Xcode/DerivedData/TradeFly-cjeitwgqikminlegqmjwowkwbezn/Build/Products/Debug-iphonesimulator/Functions.o (in target 'Functions' from project 'Supabase')
    cd /Users/rioallen/Library/Developer/Xcode/DerivedData/TradeFly-cjeitwgqikminlegqmjwowkwbezn/SourcePackages/checkouts/supabase-swift
    builtin-RegisterExecutionPolicyException /Users/rioallen/Library/Developer/Xcode/DerivedData/TradeFly-cjeitwgqikminlegqmjwowkwbezn/Build/Products/Debug-iphonesimulator/Functions.o

SwiftDriverJobDiscovery normal arm64 Compiling PKCE.swift, SessionManager.swift (in target 'Auth' from project 'Supabase')

RegisterExecutionPolicyException /Users/rioallen/Library/Developer/Xcode/DerivedData/TradeFly-cjeitwgqikminlegqmjwowkwbezn/Build/Products/Debug-iphonesimulator/PostgREST.o (in target 'PostgREST' from project 'Supabase')
    cd /Users/rioallen/Library/Developer/Xcode/DerivedData/TradeFly-cjeitwgqikminlegqmjwowkwbezn/SourcePackages/checkouts/supabase-swift
    builtin-RegisterExecutionPolicyException /Users/rioallen/Library/Developer/Xcode/DerivedData/TradeFly-cjeitwgqikminlegqmjwowkwbezn/Build/Products/Debug-iphonesimulator/PostgREST.o

SwiftDriverJobDiscovery normal arm64 Compiling APIClient.swift, CodeVerifierStorage.swift (in target 'Auth' from project 'Supabase')

SwiftDriverJobDiscovery normal arm64 Compiling JWTAlgorithm.swift, Keychain.swift (in target 'Auth' from project 'Supabase')

SwiftDriverJobDiscovery normal arm64 Compiling Constants.swift, Dependencies.swift (in target 'Auth' from project 'Supabase')

RegisterExecutionPolicyException /Users/rioallen/Library/Developer/Xcode/DerivedData/TradeFly-cjeitwgqikminlegqmjwowkwbezn/Build/Products/Debug-iphonesimulator/Storage.o (in target 'Storage' from project 'Supabase')
    cd /Users/rioallen/Library/Developer/Xcode/DerivedData/TradeFly-cjeitwgqikminlegqmjwowkwbezn/SourcePackages/checkouts/supabase-swift
    builtin-RegisterExecutionPolicyException /Users/rioallen/Library/Developer/Xcode/DerivedData/TradeFly-cjeitwgqikminlegqmjwowkwbezn/Build/Products/Debug-iphonesimulator/Storage.o

SwiftCompile normal arm64 Compiling\ Deprecated.swift /Users/rioallen/Library/Developer/Xcode/DerivedData/TradeFly-cjeitwgqikminlegqmjwowkwbezn/SourcePackages/checkouts/supabase-swift/Sources/Supabase/Deprecated.swift (in target 'Supabase' from project 'Supabase')

SwiftCompile normal arm64 /Users/rioallen/Library/Developer/Xcode/DerivedData/TradeFly-cjeitwgqikminlegqmjwowkwbezn/SourcePackages/checkouts/supabase-swift/Sources/Supabase/Deprecated.swift (in target 'Supabase' from project 'Supabase')
    cd /Users/rioallen/Documents/DropFly-OS-App-Builder/DropFly-PROJECTS/TradeFly-iOS/TradeFly.xcodeproj
    

SwiftCompile normal arm64 Compiling\ Exports.swift /Users/rioallen/Library/Developer/Xcode/DerivedData/TradeFly-cjeitwgqikminlegqmjwowkwbezn/SourcePackages/checkouts/supabase-swift/Sources/Supabase/Exports.swift (in target 'Supabase' from project 'Supabase')

SwiftCompile normal arm64 /Users/rioallen/Library/Developer/Xcode/DerivedData/TradeFly-cjeitwgqikminlegqmjwowkwbezn/SourcePackages/checkouts/supabase-swift/Sources/Supabase/Exports.swift (in target 'Supabase' from project 'Supabase')
    cd /Users/rioallen/Documents/DropFly-OS-App-Builder/DropFly-PROJECTS/TradeFly-iOS/TradeFly.xcodeproj
    

SwiftEmitModule normal arm64 Emitting\ module\ for\ Supabase (in target 'Supabase' from project 'Supabase')

EmitSwiftModule normal arm64 (in target 'Supabase' from project 'Supabase')
    cd /Users/rioallen/Documents/DropFly-OS-App-Builder/DropFly-PROJECTS/TradeFly-iOS/TradeFly.xcodeproj
    

SwiftCompile normal arm64 Compiling\ Types.swift /Users/rioallen/Library/Developer/Xcode/DerivedData/TradeFly-cjeitwgqikminlegqmjwowkwbezn/SourcePackages/checkouts/supabase-swift/Sources/Supabase/Types.swift (in target 'Supabase' from project 'Supabase')

SwiftCompile normal arm64 /Users/rioallen/Library/Developer/Xcode/DerivedData/TradeFly-cjeitwgqikminlegqmjwowkwbezn/SourcePackages/checkouts/supabase-swift/Sources/Supabase/Types.swift (in target 'Supabase' from project 'Supabase')
    cd /Users/rioallen/Documents/DropFly-OS-App-Builder/DropFly-PROJECTS/TradeFly-iOS/TradeFly.xcodeproj
    

SwiftCompile normal arm64 Compiling\ SupabaseClient.swift /Users/rioallen/Library/Developer/Xcode/DerivedData/TradeFly-cjeitwgqikminlegqmjwowkwbezn/SourcePackages/checkouts/supabase-swift/Sources/Supabase/SupabaseClient.swift (in target 'Supabase' from project 'Supabase')

SwiftCompile normal arm64 /Users/rioallen/Library/Developer/Xcode/DerivedData/TradeFly-cjeitwgqikminlegqmjwowkwbezn/SourcePackages/checkouts/supabase-swift/Sources/Supabase/SupabaseClient.swift (in target 'Supabase' from project 'Supabase')
    cd /Users/rioallen/Documents/DropFly-OS-App-Builder/DropFly-PROJECTS/TradeFly-iOS/TradeFly.xcodeproj
    

SwiftCompile normal arm64 Compiling\ Constants.swift /Users/rioallen/Library/Developer/Xcode/DerivedData/TradeFly-cjeitwgqikminlegqmjwowkwbezn/SourcePackages/checkouts/supabase-swift/Sources/Supabase/Constants.swift (in target 'Supabase' from project 'Supabase')

SwiftCompile normal arm64 /Users/rioallen/Library/Developer/Xcode/DerivedData/TradeFly-cjeitwgqikminlegqmjwowkwbezn/SourcePackages/checkouts/supabase-swift/Sources/Supabase/Constants.swift (in target 'Supabase' from project 'Supabase')
    cd /Users/rioallen/Documents/DropFly-OS-App-Builder/DropFly-PROJECTS/TradeFly-iOS/TradeFly.xcodeproj
    

SwiftDriverJobDiscovery normal arm64 Compiling AuthAdmin.swift, AuthAdminOAuth.swift (in target 'Auth' from project 'Supabase')

SwiftDriverJobDiscovery normal arm64 Compiling Exports.swift (in target 'Supabase' from project 'Supabase')

SwiftDriverJobDiscovery normal arm64 Compiling Deprecated.swift (in target 'Supabase' from project 'Supabase')

SwiftDriverJobDiscovery normal arm64 Compiling AuthError.swift, AuthMFA.swift (in target 'Auth' from project 'Supabase')

SwiftDriverJobDiscovery normal arm64 Compiling Constants.swift (in target 'Supabase' from project 'Supabase')

SwiftDriverJobDiscovery normal arm64 Emitting module for Supabase (in target 'Supabase' from project 'Supabase')

SwiftDriver\ Compilation\ Requirements Supabase normal arm64 com.apple.xcode.tools.swift.compiler (in target 'Supabase' from project 'Supabase')
    cd /Users/rioallen/Documents/DropFly-OS-App-Builder/DropFly-PROJECTS/TradeFly-iOS/TradeFly.xcodeproj
    builtin-Swift-Compilation-Requirements -- /Applications/Xcode.app/Contents/Developer/Toolchains/XcodeDefault.xctoolchain/usr/bin/swiftc -module-name Supabase -Onone -enforce-exclusivity\=checked @/Users/rioallen/Library/Developer/Xcode/DerivedData/TradeFly-cjeitwgqikminlegqmjwowkwbezn/Build/Intermediates.noindex/Supabase.build/Debug-iphonesimulator/Supabase.build/Objects-normal/arm64/Supabase.SwiftFileList -DSWIFT_PACKAGE -DDEBUG -DSWIFT_MODULE_RESOURCE_BUNDLE_UNAVAILABLE -DXcode -enable-upcoming-feature ExistentialAny -enable-experimental-feature StrictConcurrency -plugin-path /Applications/Xcode.app/Contents/Developer/Toolchains/XcodeDefault.xctoolchain/usr/lib/swift/host/plugins/testing -enable-experimental-feature DebugDescriptionMacro -sdk /Applications/Xcode.app/Contents/Developer/Platforms/iPhoneSimulator.platform/Developer/SDKs/iPhoneSimulator26.1.sdk -target arm64-apple-ios13.0-simulator -g -module-cache-path /Users/rioallen/Library/Developer/Xcode/DerivedData/ModuleCache.noindex -Xfrontend -serialize-debugging-options -enable-testing -suppress-warnings -index-store-path /Users/rioallen/Library/Developer/Xcode/DerivedData/TradeFly-cjeitwgqikminlegqmjwowkwbezn/Index.noindex/DataStore -Xcc -D_LIBCPP_HARDENING_MODE\=_LIBCPP_HARDENING_MODE_DEBUG -swift-version 5 -I /Users/rioallen/Library/Developer/Xcode/DerivedData/TradeFly-cjeitwgqikminlegqmjwowkwbezn/Build/Products/Debug-iphonesimulator -Isystem /Applications/Xcode.app/Contents/Developer/Platforms/iPhoneSimulator.platform/Developer/usr/lib -F /Users/rioallen/Library/Developer/Xcode/DerivedData/TradeFly-cjeitwgqikminlegqmjwowkwbezn/Build/Products/Debug-iphonesimulator/PackageFrameworks -F /Users/rioallen/Library/Developer/Xcode/DerivedData/TradeFly-cjeitwgqikminlegqmjwowkwbezn/Build/Products/Debug-iphonesimulator/PackageFrameworks -F /Users/rioallen/Library/Developer/Xcode/DerivedData/TradeFly-cjeitwgqikminlegqmjwowkwbezn/Build/Products/Debug-iphonesimulator/PackageFrameworks -F /Users/rioallen/Library/Developer/Xcode/DerivedData/TradeFly-cjeitwgqikminlegqmjwowkwbezn/Build/Products/Debug-iphonesimulator/PackageFrameworks -F /Users/rioallen/Library/Developer/Xcode/DerivedData/TradeFly-cjeitwgqikminlegqmjwowkwbezn/Build/Products/Debug-iphonesimulator/PackageFrameworks -F /Users/rioallen/Library/Developer/Xcode/DerivedData/TradeFly-cjeitwgqikminlegqmjwowkwbezn/Build/Products/Debug-iphonesimulator/PackageFrameworks -F /Users/rioallen/Library/Developer/Xcode/DerivedData/TradeFly-cjeitwgqikminlegqmjwowkwbezn/Build/Products/Debug-iphonesimulator/PackageFrameworks -F /Users/rioallen/Library/Developer/Xcode/DerivedData/TradeFly-cjeitwgqikminlegqmjwowkwbezn/Build/Products/Debug-iphonesimulator/PackageFrameworks -F /Users/rioallen/Library/Developer/Xcode/DerivedData/TradeFly-cjeitwgqikminlegqmjwowkwbezn/Build/Products/Debug-iphonesimulator/PackageFrameworks -F /Users/rioallen/Library/Developer/Xcode/DerivedData/TradeFly-cjeitwgqikminlegqmjwowkwbezn/Build/Products/Debug-iphonesimulator/PackageFrameworks -F /Users/rioallen/Library/Developer/Xcode/DerivedData/TradeFly-cjeitwgqikminlegqmjwowkwbezn/Build/Products/Debug-iphonesimulator/PackageFrameworks -F /Users/rioallen/Library/Developer/Xcode/DerivedData/TradeFly-cjeitwgqikminlegqmjwowkwbezn/Build/Products/Debug-iphonesimulator/PackageFrameworks -F /Users/rioallen/Library/Developer/Xcode/DerivedData/TradeFly-cjeitwgqikminlegqmjwowkwbezn/Build/Products/Debug-iphonesimulator/PackageFrameworks -F /Users/rioallen/Library/Developer/Xcode/DerivedData/TradeFly-cjeitwgqikminlegqmjwowkwbezn/Build/Products/Debug-iphonesimulator -F /Applications/Xcode.app/Contents/Developer/Platforms/iPhoneSimulator.platform/Developer/Library/Frameworks -F /Applications/Xcode.app/Contents/Developer/Platforms/iPhoneSimulator.platform/Developer/SDKs/iPhoneSimulator26.1.sdk/Developer/Library/Frameworks -c -j16 -enable-batch-mode -incremental -Xcc -ivfsstatcache -Xcc /Users/rioallen/Library/Developer/Xcode/DerivedData/SDKStatCaches.noindex/iphonesimulator26.1-23B77-90cf18a4295e390e64c810bc6bd7acbc.sdkstatcache -output-file-map /Users/rioallen/Library/Developer/Xcode/DerivedData/TradeFly-cjeitwgqikminlegqmjwowkwbezn/Build/Intermediates.noindex/Supabase.build/Debug-iphonesimulator/Supabase.build/Objects-normal/arm64/Supabase-OutputFileMap.json -use-frontend-parseable-output -save-temps -no-color-diagnostics -explicit-module-build -module-cache-path /Users/rioallen/Library/Developer/Xcode/DerivedData/TradeFly-cjeitwgqikminlegqmjwowkwbezn/Build/Intermediates.noindex/SwiftExplicitPrecompiledModules -clang-scanner-module-cache-path /Users/rioallen/Library/Developer/Xcode/DerivedData/ModuleCache.noindex -sdk-module-cache-path /Users/rioallen/Library/Developer/Xcode/DerivedData/ModuleCache.noindex -serialize-diagnostics -emit-dependencies -emit-module -emit-module-path /Users/rioallen/Library/Developer/Xcode/DerivedData/TradeFly-cjeitwgqikminlegqmjwowkwbezn/Build/Intermediates.noindex/Supabase.build/Debug-iphonesimulator/Supabase.build/Objects-normal/arm64/Supabase.swiftmodule -validate-clang-modules-once -clang-build-session-file /Users/rioallen/Library/Developer/Xcode/DerivedData/ModuleCache.noindex/Session.modulevalidation -package-name supabase_swift -Xcc -I/Users/rioallen/Library/Developer/Xcode/DerivedData/TradeFly-cjeitwgqikminlegqmjwowkwbezn/Build/Intermediates.noindex/Supabase.build/Debug-iphonesimulator/Supabase.build/swift-overrides.hmap -emit-const-values -Xfrontend -const-gather-protocols-file -Xfrontend /Users/rioallen/Library/Developer/Xcode/DerivedData/TradeFly-cjeitwgqikminlegqmjwowkwbezn/Build/Intermediates.noindex/Supabase.build/Debug-iphonesimulator/Supabase.build/Objects-normal/arm64/Supabase_const_extract_protocols.json -Xcc -I/Users/rioallen/Library/Developer/Xcode/DerivedData/TradeFly-cjeitwgqikminlegqmjwowkwbezn/Build/Products/Debug-iphonesimulator/include -Xcc -I/Users/rioallen/Library/Developer/Xcode/DerivedData/TradeFly-cjeitwgqikminlegqmjwowkwbezn/Build/Intermediates.noindex/Supabase.build/Debug-iphonesimulator/Supabase.build/DerivedSources-normal/arm64 -Xcc -I/Users/rioallen/Library/Developer/Xcode/DerivedData/TradeFly-cjeitwgqikminlegqmjwowkwbezn/Build/Intermediates.noindex/Supabase.build/Debug-iphonesimulator/Supabase.build/DerivedSources/arm64 -Xcc -I/Users/rioallen/Library/Developer/Xcode/DerivedData/TradeFly-cjeitwgqikminlegqmjwowkwbezn/Build/Intermediates.noindex/Supabase.build/Debug-iphonesimulator/Supabase.build/DerivedSources -Xcc -DSWIFT_PACKAGE -Xcc -DDEBUG\=1 -emit-objc-header -emit-objc-header-path /Users/rioallen/Library/Developer/Xcode/DerivedData/TradeFly-cjeitwgqikminlegqmjwowkwbezn/Build/Intermediates.noindex/Supabase.build/Debug-iphonesimulator/Supabase.build/Objects-normal/arm64/Supabase-Swift.h -working-directory /Users/rioallen/Documents/DropFly-OS-App-Builder/DropFly-PROJECTS/TradeFly-iOS/TradeFly.xcodeproj -experimental-emit-module-separately -disable-cmo

SwiftMergeGeneratedHeaders /Users/rioallen/Library/Developer/Xcode/DerivedData/TradeFly-cjeitwgqikminlegqmjwowkwbezn/Build/Intermediates.noindex/GeneratedModuleMaps-iphonesimulator/Supabase-Swift.h /Users/rioallen/Library/Developer/Xcode/DerivedData/TradeFly-cjeitwgqikminlegqmjwowkwbezn/Build/Intermediates.noindex/Supabase.build/Debug-iphonesimulator/Supabase.build/Objects-normal/arm64/Supabase-Swift.h (in target 'Supabase' from project 'Supabase')
    cd /Users/rioallen/Library/Developer/Xcode/DerivedData/TradeFly-cjeitwgqikminlegqmjwowkwbezn/SourcePackages/checkouts/supabase-swift
    builtin-swiftHeaderTool -arch arm64 /Users/rioallen/Library/Developer/Xcode/DerivedData/TradeFly-cjeitwgqikminlegqmjwowkwbezn/Build/Intermediates.noindex/Supabase.build/Debug-iphonesimulator/Supabase.build/Objects-normal/arm64/Supabase-Swift.h -o /Users/rioallen/Library/Developer/Xcode/DerivedData/TradeFly-cjeitwgqikminlegqmjwowkwbezn/Build/Intermediates.noindex/GeneratedModuleMaps-iphonesimulator/Supabase-Swift.h

Copy /Users/rioallen/Library/Developer/Xcode/DerivedData/TradeFly-cjeitwgqikminlegqmjwowkwbezn/Build/Products/Debug-iphonesimulator/Supabase.swiftmodule/arm64-apple-ios-simulator.swiftmodule /Users/rioallen/Library/Developer/Xcode/DerivedData/TradeFly-cjeitwgqikminlegqmjwowkwbezn/Build/Intermediates.noindex/Supabase.build/Debug-iphonesimulator/Supabase.build/Objects-normal/arm64/Supabase.swiftmodule (in target 'Supabase' from project 'Supabase')
    cd /Users/rioallen/Library/Developer/Xcode/DerivedData/TradeFly-cjeitwgqikminlegqmjwowkwbezn/SourcePackages/checkouts/supabase-swift
    builtin-copy -exclude .DS_Store -exclude CVS -exclude .svn -exclude .git -exclude .hg -resolve-src-symlinks -rename /Users/rioallen/Library/Developer/Xcode/DerivedData/TradeFly-cjeitwgqikminlegqmjwowkwbezn/Build/Intermediates.noindex/Supabase.build/Debug-iphonesimulator/Supabase.build/Objects-normal/arm64/Supabase.swiftmodule /Users/rioallen/Library/Developer/Xcode/DerivedData/TradeFly-cjeitwgqikminlegqmjwowkwbezn/Build/Products/Debug-iphonesimulator/Supabase.swiftmodule/arm64-apple-ios-simulator.swiftmodule

Copy /Users/rioallen/Library/Developer/Xcode/DerivedData/TradeFly-cjeitwgqikminlegqmjwowkwbezn/Build/Products/Debug-iphonesimulator/Supabase.swiftmodule/arm64-apple-ios-simulator.swiftdoc /Users/rioallen/Library/Developer/Xcode/DerivedData/TradeFly-cjeitwgqikminlegqmjwowkwbezn/Build/Intermediates.noindex/Supabase.build/Debug-iphonesimulator/Supabase.build/Objects-normal/arm64/Supabase.swiftdoc (in target 'Supabase' from project 'Supabase')
    cd /Users/rioallen/Library/Developer/Xcode/DerivedData/TradeFly-cjeitwgqikminlegqmjwowkwbezn/SourcePackages/checkouts/supabase-swift
    builtin-copy -exclude .DS_Store -exclude CVS -exclude .svn -exclude .git -exclude .hg -resolve-src-symlinks -rename /Users/rioallen/Library/Developer/Xcode/DerivedData/TradeFly-cjeitwgqikminlegqmjwowkwbezn/Build/Intermediates.noindex/Supabase.build/Debug-iphonesimulator/Supabase.build/Objects-normal/arm64/Supabase.swiftdoc /Users/rioallen/Library/Developer/Xcode/DerivedData/TradeFly-cjeitwgqikminlegqmjwowkwbezn/Build/Products/Debug-iphonesimulator/Supabase.swiftmodule/arm64-apple-ios-simulator.swiftdoc

Copy /Users/rioallen/Library/Developer/Xcode/DerivedData/TradeFly-cjeitwgqikminlegqmjwowkwbezn/Build/Products/Debug-iphonesimulator/Supabase.swiftmodule/arm64-apple-ios-simulator.abi.json /Users/rioallen/Library/Developer/Xcode/DerivedData/TradeFly-cjeitwgqikminlegqmjwowkwbezn/Build/Intermediates.noindex/Supabase.build/Debug-iphonesimulator/Supabase.build/Objects-normal/arm64/Supabase.abi.json (in target 'Supabase' from project 'Supabase')
    cd /Users/rioallen/Library/Developer/Xcode/DerivedData/TradeFly-cjeitwgqikminlegqmjwowkwbezn/SourcePackages/checkouts/supabase-swift
    builtin-copy -exclude .DS_Store -exclude CVS -exclude .svn -exclude .git -exclude .hg -resolve-src-symlinks -rename /Users/rioallen/Library/Developer/Xcode/DerivedData/TradeFly-cjeitwgqikminlegqmjwowkwbezn/Build/Intermediates.noindex/Supabase.build/Debug-iphonesimulator/Supabase.build/Objects-normal/arm64/Supabase.abi.json /Users/rioallen/Library/Developer/Xcode/DerivedData/TradeFly-cjeitwgqikminlegqmjwowkwbezn/Build/Products/Debug-iphonesimulator/Supabase.swiftmodule/arm64-apple-ios-simulator.abi.json

Copy /Users/rioallen/Library/Developer/Xcode/DerivedData/TradeFly-cjeitwgqikminlegqmjwowkwbezn/Build/Products/Debug-iphonesimulator/Supabase.swiftmodule/Project/arm64-apple-ios-simulator.swiftsourceinfo /Users/rioallen/Library/Developer/Xcode/DerivedData/TradeFly-cjeitwgqikminlegqmjwowkwbezn/Build/Intermediates.noindex/Supabase.build/Debug-iphonesimulator/Supabase.build/Objects-normal/arm64/Supabase.swiftsourceinfo (in target 'Supabase' from project 'Supabase')
    cd /Users/rioallen/Library/Developer/Xcode/DerivedData/TradeFly-cjeitwgqikminlegqmjwowkwbezn/SourcePackages/checkouts/supabase-swift
    builtin-copy -exclude .DS_Store -exclude CVS -exclude .svn -exclude .git -exclude .hg -resolve-src-symlinks -rename /Users/rioallen/Library/Developer/Xcode/DerivedData/TradeFly-cjeitwgqikminlegqmjwowkwbezn/Build/Intermediates.noindex/Supabase.build/Debug-iphonesimulator/Supabase.build/Objects-normal/arm64/Supabase.swiftsourceinfo /Users/rioallen/Library/Developer/Xcode/DerivedData/TradeFly-cjeitwgqikminlegqmjwowkwbezn/Build/Products/Debug-iphonesimulator/Supabase.swiftmodule/Project/arm64-apple-ios-simulator.swiftsourceinfo

ProcessProductPackaging "" /Users/rioallen/Library/Developer/Xcode/DerivedData/TradeFly-cjeitwgqikminlegqmjwowkwbezn/Build/Intermediates.noindex/TradeFly.build/Debug-iphonesimulator/TradeFly.build/TradeFly.app-Simulated.xcent (in target 'TradeFly' from project 'TradeFly')
    cd /Users/rioallen/Documents/DropFly-OS-App-Builder/DropFly-PROJECTS/TradeFly-iOS
    
    Entitlements:
    
    {
    "application-identifier" = "G46B7YC46C.com.tradefly.TradeFly";
}
    
    builtin-productPackagingUtility -entitlements -format xml -o /Users/rioallen/Library/Developer/Xcode/DerivedData/TradeFly-cjeitwgqikminlegqmjwowkwbezn/Build/Intermediates.noindex/TradeFly.build/Debug-iphonesimulator/TradeFly.build/TradeFly.app-Simulated.xcent

ProcessProductPackagingDER /Users/rioallen/Library/Developer/Xcode/DerivedData/TradeFly-cjeitwgqikminlegqmjwowkwbezn/Build/Intermediates.noindex/TradeFly.build/Debug-iphonesimulator/TradeFly.build/TradeFly.app-Simulated.xcent /Users/rioallen/Library/Developer/Xcode/DerivedData/TradeFly-cjeitwgqikminlegqmjwowkwbezn/Build/Intermediates.noindex/TradeFly.build/Debug-iphonesimulator/TradeFly.build/TradeFly.app-Simulated.xcent.der (in target 'TradeFly' from project 'TradeFly')
    cd /Users/rioallen/Documents/DropFly-OS-App-Builder/DropFly-PROJECTS/TradeFly-iOS
    /usr/bin/derq query -f xml -i /Users/rioallen/Library/Developer/Xcode/DerivedData/TradeFly-cjeitwgqikminlegqmjwowkwbezn/Build/Intermediates.noindex/TradeFly.build/Debug-iphonesimulator/TradeFly.build/TradeFly.app-Simulated.xcent -o /Users/rioallen/Library/Developer/Xcode/DerivedData/TradeFly-cjeitwgqikminlegqmjwowkwbezn/Build/Intermediates.noindex/TradeFly.build/Debug-iphonesimulator/TradeFly.build/TradeFly.app-Simulated.xcent.der --raw

GenerateAssetSymbols /Users/rioallen/Documents/DropFly-OS-App-Builder/DropFly-PROJECTS/TradeFly-iOS/TradeFly/Resources/Assets.xcassets (in target 'TradeFly' from project 'TradeFly')
    cd /Users/rioallen/Documents/DropFly-OS-App-Builder/DropFly-PROJECTS/TradeFly-iOS
    /Applications/Xcode.app/Contents/Developer/usr/bin/actool /Users/rioallen/Documents/DropFly-OS-App-Builder/DropFly-PROJECTS/TradeFly-iOS/TradeFly/Resources/Assets.xcassets --compile /Users/rioallen/Library/Developer/Xcode/DerivedData/TradeFly-cjeitwgqikminlegqmjwowkwbezn/Build/Products/Debug-iphonesimulator/TradeFly.app --output-format human-readable-text --notices --warnings --export-dependency-info /Users/rioallen/Library/Developer/Xcode/DerivedData/TradeFly-cjeitwgqikminlegqmjwowkwbezn/Build/Intermediates.noindex/TradeFly.build/Debug-iphonesimulator/TradeFly.build/assetcatalog_dependencies --output-partial-info-plist /Users/rioallen/Library/Developer/Xcode/DerivedData/TradeFly-cjeitwgqikminlegqmjwowkwbezn/Build/Intermediates.noindex/TradeFly.build/Debug-iphonesimulator/TradeFly.build/assetcatalog_generated_info.plist --app-icon AppIcon --accent-color AccentColor --compress-pngs --enable-on-demand-resources YES --development-region en --target-device iphone --target-device ipad --minimum-deployment-target 17.0 --platform iphonesimulator --bundle-identifier com.tradefly.TradeFly --generate-swift-asset-symbols /Users/rioallen/Library/Developer/Xcode/DerivedData/TradeFly-cjeitwgqikminlegqmjwowkwbezn/Build/Intermediates.noindex/TradeFly.build/Debug-iphonesimulator/TradeFly.build/DerivedSources/GeneratedAssetSymbols.swift --generate-objc-asset-symbols /Users/rioallen/Library/Developer/Xcode/DerivedData/TradeFly-cjeitwgqikminlegqmjwowkwbezn/Build/Intermediates.noindex/TradeFly.build/Debug-iphonesimulator/TradeFly.build/DerivedSources/GeneratedAssetSymbols.h --generate-asset-symbol-index /Users/rioallen/Library/Developer/Xcode/DerivedData/TradeFly-cjeitwgqikminlegqmjwowkwbezn/Build/Intermediates.noindex/TradeFly.build/Debug-iphonesimulator/TradeFly.build/DerivedSources/GeneratedAssetSymbols-Index.plist
/* com.apple.actool.compilation-results */
/Users/rioallen/Library/Developer/Xcode/DerivedData/TradeFly-cjeitwgqikminlegqmjwowkwbezn/Build/Intermediates.noindex/TradeFly.build/Debug-iphonesimulator/TradeFly.build/DerivedSources/GeneratedAssetSymbols-Index.plist
/Users/rioallen/Library/Developer/Xcode/DerivedData/TradeFly-cjeitwgqikminlegqmjwowkwbezn/Build/Intermediates.noindex/TradeFly.build/Debug-iphonesimulator/TradeFly.build/DerivedSources/GeneratedAssetSymbols.h
/Users/rioallen/Library/Developer/Xcode/DerivedData/TradeFly-cjeitwgqikminlegqmjwowkwbezn/Build/Intermediates.noindex/TradeFly.build/Debug-iphonesimulator/TradeFly.build/DerivedSources/GeneratedAssetSymbols.swift


MkDir /Users/rioallen/Library/Developer/Xcode/DerivedData/TradeFly-cjeitwgqikminlegqmjwowkwbezn/Build/Intermediates.noindex/TradeFly.build/Debug-iphonesimulator/TradeFly.build/assetcatalog_output/thinned (in target 'TradeFly' from project 'TradeFly')
    cd /Users/rioallen/Documents/DropFly-OS-App-Builder/DropFly-PROJECTS/TradeFly-iOS
    /bin/mkdir -p /Users/rioallen/Library/Developer/Xcode/DerivedData/TradeFly-cjeitwgqikminlegqmjwowkwbezn/Build/Intermediates.noindex/TradeFly.build/Debug-iphonesimulator/TradeFly.build/assetcatalog_output/thinned

MkDir /Users/rioallen/Library/Developer/Xcode/DerivedData/TradeFly-cjeitwgqikminlegqmjwowkwbezn/Build/Intermediates.noindex/TradeFly.build/Debug-iphonesimulator/TradeFly.build/assetcatalog_output/unthinned (in target 'TradeFly' from project 'TradeFly')
    cd /Users/rioallen/Documents/DropFly-OS-App-Builder/DropFly-PROJECTS/TradeFly-iOS
    /bin/mkdir -p /Users/rioallen/Library/Developer/Xcode/DerivedData/TradeFly-cjeitwgqikminlegqmjwowkwbezn/Build/Intermediates.noindex/TradeFly.build/Debug-iphonesimulator/TradeFly.build/assetcatalog_output/unthinned

CompileAssetCatalogVariant thinned /Users/rioallen/Library/Developer/Xcode/DerivedData/TradeFly-cjeitwgqikminlegqmjwowkwbezn/Build/Products/Debug-iphonesimulator/TradeFly.app /Users/rioallen/Documents/DropFly-OS-App-Builder/DropFly-PROJECTS/TradeFly-iOS/TradeFly/Resources/Assets.xcassets (in target 'TradeFly' from project 'TradeFly')
    cd /Users/rioallen/Documents/DropFly-OS-App-Builder/DropFly-PROJECTS/TradeFly-iOS
    /Applications/Xcode.app/Contents/Developer/usr/bin/actool /Users/rioallen/Documents/DropFly-OS-App-Builder/DropFly-PROJECTS/TradeFly-iOS/TradeFly/Resources/Assets.xcassets --compile /Users/rioallen/Library/Developer/Xcode/DerivedData/TradeFly-cjeitwgqikminlegqmjwowkwbezn/Build/Intermediates.noindex/TradeFly.build/Debug-iphonesimulator/TradeFly.build/assetcatalog_output/thinned --output-format human-readable-text --notices --warnings --export-dependency-info /Users/rioallen/Library/Developer/Xcode/DerivedData/TradeFly-cjeitwgqikminlegqmjwowkwbezn/Build/Intermediates.noindex/TradeFly.build/Debug-iphonesimulator/TradeFly.build/assetcatalog_dependencies_thinned --output-partial-info-plist /Users/rioallen/Library/Developer/Xcode/DerivedData/TradeFly-cjeitwgqikminlegqmjwowkwbezn/Build/Intermediates.noindex/TradeFly.build/Debug-iphonesimulator/TradeFly.build/assetcatalog_generated_info.plist_thinned --app-icon AppIcon --accent-color AccentColor --compress-pngs --enable-on-demand-resources YES --filter-for-thinning-device-configuration iPhone18,1 --filter-for-device-os-version 26.1 --development-region en --target-device iphone --target-device ipad --minimum-deployment-target 17.0 --platform iphonesimulator
/* com.apple.actool.notices */
/Users/rioallen/Documents/DropFly-OS-App-Builder/DropFly-PROJECTS/TradeFly-iOS/TradeFly/Resources/Assets.xcassets: warning: Accent color ‘AccentColor’ is not present in any asset catalogs.
/* com.apple.actool.compilation-results */
/Users/rioallen/Library/Developer/Xcode/DerivedData/TradeFly-cjeitwgqikminlegqmjwowkwbezn/Build/Intermediates.noindex/TradeFly.build/Debug-iphonesimulator/TradeFly.build/assetcatalog_generated_info.plist_thinned
/Users/rioallen/Library/Developer/Xcode/DerivedData/TradeFly-cjeitwgqikminlegqmjwowkwbezn/Build/Intermediates.noindex/TradeFly.build/Debug-iphonesimulator/TradeFly.build/assetcatalog_output/thinned/AppIcon60x60@2x.png
/Users/rioallen/Library/Developer/Xcode/DerivedData/TradeFly-cjeitwgqikminlegqmjwowkwbezn/Build/Intermediates.noindex/TradeFly.build/Debug-iphonesimulator/TradeFly.build/assetcatalog_output/thinned/AppIcon76x76@2x~ipad.png
/Users/rioallen/Library/Developer/Xcode/DerivedData/TradeFly-cjeitwgqikminlegqmjwowkwbezn/Build/Intermediates.noindex/TradeFly.build/Debug-iphonesimulator/TradeFly.build/assetcatalog_output/thinned/Assets.car


SwiftDriver TradeFly normal arm64 com.apple.xcode.tools.swift.compiler (in target 'TradeFly' from project 'TradeFly')
    cd /Users/rioallen/Documents/DropFly-OS-App-Builder/DropFly-PROJECTS/TradeFly-iOS
    builtin-SwiftDriver -- /Applications/Xcode.app/Contents/Developer/Toolchains/XcodeDefault.xctoolchain/usr/bin/swiftc -module-name TradeFly -Onone -enforce-exclusivity\=checked @/Users/rioallen/Library/Developer/Xcode/DerivedData/TradeFly-cjeitwgqikminlegqmjwowkwbezn/Build/Intermediates.noindex/TradeFly.build/Debug-iphonesimulator/TradeFly.build/Objects-normal/arm64/TradeFly.SwiftFileList -DDEBUG -default-isolation\=MainActor -enable-bare-slash-regex -enable-upcoming-feature DisableOutwardActorInference -enable-upcoming-feature InferSendableFromCaptures -enable-upcoming-feature GlobalActorIsolatedTypesUsability -enable-upcoming-feature MemberImportVisibility -enable-upcoming-feature InferIsolatedConformances -enable-upcoming-feature NonisolatedNonsendingByDefault -enable-experimental-feature DebugDescriptionMacro -sdk /Applications/Xcode.app/Contents/Developer/Platforms/iPhoneSimulator.platform/Developer/SDKs/iPhoneSimulator26.1.sdk -target arm64-apple-ios17.0-simulator -g -module-cache-path /Users/rioallen/Library/Developer/Xcode/DerivedData/ModuleCache.noindex -Xfrontend -serialize-debugging-options -enable-testing -index-store-path /Users/rioallen/Library/Developer/Xcode/DerivedData/TradeFly-cjeitwgqikminlegqmjwowkwbezn/Index.noindex/DataStore -Xcc -D_LIBCPP_HARDENING_MODE\=_LIBCPP_HARDENING_MODE_DEBUG -swift-version 5 -I /Users/rioallen/Library/Developer/Xcode/DerivedData/TradeFly-cjeitwgqikminlegqmjwowkwbezn/Build/Products/Debug-iphonesimulator -F /Users/rioallen/Library/Developer/Xcode/DerivedData/TradeFly-cjeitwgqikminlegqmjwowkwbezn/Build/Products/Debug-iphonesimulator/PackageFrameworks -F /Users/rioallen/Library/Developer/Xcode/DerivedData/TradeFly-cjeitwgqikminlegqmjwowkwbezn/Build/Products/Debug-iphonesimulator/PackageFrameworks -F /Users/rioallen/Library/Developer/Xcode/DerivedData/TradeFly-cjeitwgqikminlegqmjwowkwbezn/Build/Products/Debug-iphonesimulator/PackageFrameworks -F /Users/rioallen/Library/Developer/Xcode/DerivedData/TradeFly-cjeitwgqikminlegqmjwowkwbezn/Build/Products/Debug-iphonesimulator/PackageFrameworks -F /Users/rioallen/Library/Developer/Xcode/DerivedData/TradeFly-cjeitwgqikminlegqmjwowkwbezn/Build/Products/Debug-iphonesimulator/PackageFrameworks -F /Users/rioallen/Library/Developer/Xcode/DerivedData/TradeFly-cjeitwgqikminlegqmjwowkwbezn/Build/Products/Debug-iphonesimulator/PackageFrameworks -F /Users/rioallen/Library/Developer/Xcode/DerivedData/TradeFly-cjeitwgqikminlegqmjwowkwbezn/Build/Products/Debug-iphonesimulator/PackageFrameworks -F /Users/rioallen/Library/Developer/Xcode/DerivedData/TradeFly-cjeitwgqikminlegqmjwowkwbezn/Build/Products/Debug-iphonesimulator/PackageFrameworks -F /Users/rioallen/Library/Developer/Xcode/DerivedData/TradeFly-cjeitwgqikminlegqmjwowkwbezn/Build/Products/Debug-iphonesimulator/PackageFrameworks -F /Users/rioallen/Library/Developer/Xcode/DerivedData/TradeFly-cjeitwgqikminlegqmjwowkwbezn/Build/Products/Debug-iphonesimulator/PackageFrameworks -F /Users/rioallen/Library/Developer/Xcode/DerivedData/TradeFly-cjeitwgqikminlegqmjwowkwbezn/Build/Products/Debug-iphonesimulator/PackageFrameworks -F /Users/rioallen/Library/Developer/Xcode/DerivedData/TradeFly-cjeitwgqikminlegqmjwowkwbezn/Build/Products/Debug-iphonesimulator/PackageFrameworks -F /Users/rioallen/Library/Developer/Xcode/DerivedData/TradeFly-cjeitwgqikminlegqmjwowkwbezn/Build/Products/Debug-iphonesimulator/PackageFrameworks -F /Users/rioallen/Library/Developer/Xcode/DerivedData/TradeFly-cjeitwgqikminlegqmjwowkwbezn/Build/Products/Debug-iphonesimulator/PackageFrameworks -F /Users/rioallen/Library/Developer/Xcode/DerivedData/TradeFly-cjeitwgqikminlegqmjwowkwbezn/Build/Products/Debug-iphonesimulator -emit-localized-strings -emit-localized-strings-path /Users/rioallen/Library/Developer/Xcode/DerivedData/TradeFly-cjeitwgqikminlegqmjwowkwbezn/Build/Intermediates.noindex/TradeFly.build/Debug-iphonesimulator/TradeFly.build/Objects-normal/arm64 -c -j16 -enable-batch-mode -incremental -Xcc -ivfsstatcache -Xcc /Users/rioallen/Library/Developer/Xcode/DerivedData/SDKStatCaches.noindex/iphonesimulator26.1-23B77-90cf18a4295e390e64c810bc6bd7acbc.sdkstatcache -output-file-map /Users/rioallen/Library/Developer/Xcode/DerivedData/TradeFly-cjeitwgqikminlegqmjwowkwbezn/Build/Intermediates.noindex/TradeFly.build/Debug-iphonesimulator/TradeFly.build/Objects-normal/arm64/TradeFly-OutputFileMap.json -use-frontend-parseable-output -save-temps -no-color-diagnostics -explicit-module-build -module-cache-path /Users/rioallen/Library/Developer/Xcode/DerivedData/TradeFly-cjeitwgqikminlegqmjwowkwbezn/Build/Intermediates.noindex/SwiftExplicitPrecompiledModules -clang-scanner-module-cache-path /Users/rioallen/Library/Developer/Xcode/DerivedData/ModuleCache.noindex -sdk-module-cache-path /Users/rioallen/Library/Developer/Xcode/DerivedData/ModuleCache.noindex -serialize-diagnostics -emit-dependencies -emit-module -emit-module-path /Users/rioallen/Library/Developer/Xcode/DerivedData/TradeFly-cjeitwgqikminlegqmjwowkwbezn/Build/Intermediates.noindex/TradeFly.build/Debug-iphonesimulator/TradeFly.build/Objects-normal/arm64/TradeFly.swiftmodule -validate-clang-modules-once -clang-build-session-file /Users/rioallen/Library/Developer/Xcode/DerivedData/ModuleCache.noindex/Session.modulevalidation -Xcc -I/Users/rioallen/Library/Developer/Xcode/DerivedData/TradeFly-cjeitwgqikminlegqmjwowkwbezn/Build/Intermediates.noindex/TradeFly.build/Debug-iphonesimulator/TradeFly.build/swift-overrides.hmap -emit-const-values -Xfrontend -const-gather-protocols-file -Xfrontend /Users/rioallen/Library/Developer/Xcode/DerivedData/TradeFly-cjeitwgqikminlegqmjwowkwbezn/Build/Intermediates.noindex/TradeFly.build/Debug-iphonesimulator/TradeFly.build/Objects-normal/arm64/TradeFly_const_extract_protocols.json -Xcc -iquote -Xcc /Users/rioallen/Library/Developer/Xcode/DerivedData/TradeFly-cjeitwgqikminlegqmjwowkwbezn/Build/Intermediates.noindex/TradeFly.build/Debug-iphonesimulator/TradeFly.build/TradeFly-generated-files.hmap -Xcc -I/Users/rioallen/Library/Developer/Xcode/DerivedData/TradeFly-cjeitwgqikminlegqmjwowkwbezn/Build/Intermediates.noindex/TradeFly.build/Debug-iphonesimulator/TradeFly.build/TradeFly-own-target-headers.hmap -Xcc -I/Users/rioallen/Library/Developer/Xcode/DerivedData/TradeFly-cjeitwgqikminlegqmjwowkwbezn/Build/Intermediates.noindex/TradeFly.build/Debug-iphonesimulator/TradeFly.build/TradeFly-all-non-framework-target-headers.hmap -Xcc -ivfsoverlay -Xcc /Users/rioallen/Library/Developer/Xcode/DerivedData/TradeFly-cjeitwgqikminlegqmjwowkwbezn/Build/Intermediates.noindex/TradeFly.build/Debug-iphonesimulator/TradeFly-3dcd57b2f90878239de327cebf0dd120-VFS-iphonesimulator/all-product-headers.yaml -Xcc -iquote -Xcc /Users/rioallen/Library/Developer/Xcode/DerivedData/TradeFly-cjeitwgqikminlegqmjwowkwbezn/Build/Intermediates.noindex/TradeFly.build/Debug-iphonesimulator/TradeFly.build/TradeFly-project-headers.hmap -Xcc -I/Users/rioallen/Library/Developer/Xcode/DerivedData/TradeFly-cjeitwgqikminlegqmjwowkwbezn/Build/Products/Debug-iphonesimulator/include -Xcc -I/Users/rioallen/Library/Developer/Xcode/DerivedData/TradeFly-cjeitwgqikminlegqmjwowkwbezn/Build/Intermediates.noindex/TradeFly.build/Debug-iphonesimulator/TradeFly.build/DerivedSources-normal/arm64 -Xcc -I/Users/rioallen/Library/Developer/Xcode/DerivedData/TradeFly-cjeitwgqikminlegqmjwowkwbezn/Build/Intermediates.noindex/TradeFly.build/Debug-iphonesimulator/TradeFly.build/DerivedSources/arm64 -Xcc -I/Users/rioallen/Library/Developer/Xcode/DerivedData/TradeFly-cjeitwgqikminlegqmjwowkwbezn/Build/Intermediates.noindex/TradeFly.build/Debug-iphonesimulator/TradeFly.build/DerivedSources -Xcc -DDEBUG\=1 -emit-objc-header -emit-objc-header-path /Users/rioallen/Library/Developer/Xcode/DerivedData/TradeFly-cjeitwgqikminlegqmjwowkwbezn/Build/Intermediates.noindex/TradeFly.build/Debug-iphonesimulator/TradeFly.build/Objects-normal/arm64/TradeFly-Swift.h -working-directory /Users/rioallen/Documents/DropFly-OS-App-Builder/DropFly-PROJECTS/TradeFly-iOS -experimental-emit-module-separately -disable-cmo

SwiftDriverJobDiscovery normal arm64 Compiling Types.swift (in target 'Supabase' from project 'Supabase')

SwiftDriverJobDiscovery normal arm64 Compiling RealtimeChannel.swift, RealtimeClient.swift (in target 'Realtime' from project 'Supabase')

SwiftDriver\ Compilation Realtime normal arm64 com.apple.xcode.tools.swift.compiler (in target 'Realtime' from project 'Supabase')
    cd /Users/rioallen/Documents/DropFly-OS-App-Builder/DropFly-PROJECTS/TradeFly-iOS/TradeFly.xcodeproj
    builtin-Swift-Compilation -- /Applications/Xcode.app/Contents/Developer/Toolchains/XcodeDefault.xctoolchain/usr/bin/swiftc -module-name Realtime -Onone -enforce-exclusivity\=checked @/Users/rioallen/Library/Developer/Xcode/DerivedData/TradeFly-cjeitwgqikminlegqmjwowkwbezn/Build/Intermediates.noindex/Supabase.build/Debug-iphonesimulator/Realtime.build/Objects-normal/arm64/Realtime.SwiftFileList -DSWIFT_PACKAGE -DDEBUG -DSWIFT_MODULE_RESOURCE_BUNDLE_UNAVAILABLE -DXcode -enable-upcoming-feature ExistentialAny -enable-experimental-feature StrictConcurrency -plugin-path /Applications/Xcode.app/Contents/Developer/Toolchains/XcodeDefault.xctoolchain/usr/lib/swift/host/plugins/testing -enable-experimental-feature DebugDescriptionMacro -sdk /Applications/Xcode.app/Contents/Developer/Platforms/iPhoneSimulator.platform/Developer/SDKs/iPhoneSimulator26.1.sdk -target arm64-apple-ios13.0-simulator -g -module-cache-path /Users/rioallen/Library/Developer/Xcode/DerivedData/ModuleCache.noindex -Xfrontend -serialize-debugging-options -enable-testing -suppress-warnings -index-store-path /Users/rioallen/Library/Developer/Xcode/DerivedData/TradeFly-cjeitwgqikminlegqmjwowkwbezn/Index.noindex/DataStore -Xcc -D_LIBCPP_HARDENING_MODE\=_LIBCPP_HARDENING_MODE_DEBUG -swift-version 5 -I /Users/rioallen/Library/Developer/Xcode/DerivedData/TradeFly-cjeitwgqikminlegqmjwowkwbezn/Build/Products/Debug-iphonesimulator -Isystem /Applications/Xcode.app/Contents/Developer/Platforms/iPhoneSimulator.platform/Developer/usr/lib -F /Users/rioallen/Library/Developer/Xcode/DerivedData/TradeFly-cjeitwgqikminlegqmjwowkwbezn/Build/Products/Debug-iphonesimulator/PackageFrameworks -F /Users/rioallen/Library/Developer/Xcode/DerivedData/TradeFly-cjeitwgqikminlegqmjwowkwbezn/Build/Products/Debug-iphonesimulator/PackageFrameworks -F /Users/rioallen/Library/Developer/Xcode/DerivedData/TradeFly-cjeitwgqikminlegqmjwowkwbezn/Build/Products/Debug-iphonesimulator/PackageFrameworks -F /Users/rioallen/Library/Developer/Xcode/DerivedData/TradeFly-cjeitwgqikminlegqmjwowkwbezn/Build/Products/Debug-iphonesimulator/PackageFrameworks -F /Users/rioallen/Library/Developer/Xcode/DerivedData/TradeFly-cjeitwgqikminlegqmjwowkwbezn/Build/Products/Debug-iphonesimulator/PackageFrameworks -F /Users/rioallen/Library/Developer/Xcode/DerivedData/TradeFly-cjeitwgqikminlegqmjwowkwbezn/Build/Products/Debug-iphonesimulator/PackageFrameworks -F /Users/rioallen/Library/Developer/Xcode/DerivedData/TradeFly-cjeitwgqikminlegqmjwowkwbezn/Build/Products/Debug-iphonesimulator/PackageFrameworks -F /Users/rioallen/Library/Developer/Xcode/DerivedData/TradeFly-cjeitwgqikminlegqmjwowkwbezn/Build/Products/Debug-iphonesimulator -F /Applications/Xcode.app/Contents/Developer/Platforms/iPhoneSimulator.platform/Developer/Library/Frameworks -F /Applications/Xcode.app/Contents/Developer/Platforms/iPhoneSimulator.platform/Developer/SDKs/iPhoneSimulator26.1.sdk/Developer/Library/Frameworks -c -j16 -enable-batch-mode -incremental -Xcc -ivfsstatcache -Xcc /Users/rioallen/Library/Developer/Xcode/DerivedData/SDKStatCaches.noindex/iphonesimulator26.1-23B77-90cf18a4295e390e64c810bc6bd7acbc.sdkstatcache -output-file-map /Users/rioallen/Library/Developer/Xcode/DerivedData/TradeFly-cjeitwgqikminlegqmjwowkwbezn/Build/Intermediates.noindex/Supabase.build/Debug-iphonesimulator/Realtime.build/Objects-normal/arm64/Realtime-OutputFileMap.json -use-frontend-parseable-output -save-temps -no-color-diagnostics -explicit-module-build -module-cache-path /Users/rioallen/Library/Developer/Xcode/DerivedData/TradeFly-cjeitwgqikminlegqmjwowkwbezn/Build/Intermediates.noindex/SwiftExplicitPrecompiledModules -clang-scanner-module-cache-path /Users/rioallen/Library/Developer/Xcode/DerivedData/ModuleCache.noindex -sdk-module-cache-path /Users/rioallen/Library/Developer/Xcode/DerivedData/ModuleCache.noindex -serialize-diagnostics -emit-dependencies -emit-module -emit-module-path /Users/rioallen/Library/Developer/Xcode/DerivedData/TradeFly-cjeitwgqikminlegqmjwowkwbezn/Build/Intermediates.noindex/Supabase.build/Debug-iphonesimulator/Realtime.build/Objects-normal/arm64/Realtime.swiftmodule -validate-clang-modules-once -clang-build-session-file /Users/rioallen/Library/Developer/Xcode/DerivedData/ModuleCache.noindex/Session.modulevalidation -package-name supabase_swift -Xcc -I/Users/rioallen/Library/Developer/Xcode/DerivedData/TradeFly-cjeitwgqikminlegqmjwowkwbezn/Build/Intermediates.noindex/Supabase.build/Debug-iphonesimulator/Realtime.build/swift-overrides.hmap -emit-const-values -Xfrontend -const-gather-protocols-file -Xfrontend /Users/rioallen/Library/Developer/Xcode/DerivedData/TradeFly-cjeitwgqikminlegqmjwowkwbezn/Build/Intermediates.noindex/Supabase.build/Debug-iphonesimulator/Realtime.build/Objects-normal/arm64/Realtime_const_extract_protocols.json -Xcc -I/Users/rioallen/Library/Developer/Xcode/DerivedData/TradeFly-cjeitwgqikminlegqmjwowkwbezn/Build/Products/Debug-iphonesimulator/include -Xcc -I/Users/rioallen/Library/Developer/Xcode/DerivedData/TradeFly-cjeitwgqikminlegqmjwowkwbezn/Build/Intermediates.noindex/Supabase.build/Debug-iphonesimulator/Realtime.build/DerivedSources-normal/arm64 -Xcc -I/Users/rioallen/Library/Developer/Xcode/DerivedData/TradeFly-cjeitwgqikminlegqmjwowkwbezn/Build/Intermediates.noindex/Supabase.build/Debug-iphonesimulator/Realtime.build/DerivedSources/arm64 -Xcc -I/Users/rioallen/Library/Developer/Xcode/DerivedData/TradeFly-cjeitwgqikminlegqmjwowkwbezn/Build/Intermediates.noindex/Supabase.build/Debug-iphonesimulator/Realtime.build/DerivedSources -Xcc -DSWIFT_PACKAGE -Xcc -DDEBUG\=1 -emit-objc-header -emit-objc-header-path /Users/rioallen/Library/Developer/Xcode/DerivedData/TradeFly-cjeitwgqikminlegqmjwowkwbezn/Build/Intermediates.noindex/Supabase.build/Debug-iphonesimulator/Realtime.build/Objects-normal/arm64/Realtime-Swift.h -working-directory /Users/rioallen/Documents/DropFly-OS-App-Builder/DropFly-PROJECTS/TradeFly-iOS/TradeFly.xcodeproj -experimental-emit-module-separately -disable-cmo

Ld /Users/rioallen/Library/Developer/Xcode/DerivedData/TradeFly-cjeitwgqikminlegqmjwowkwbezn/Build/Products/Debug-iphonesimulator/Realtime.o normal (in target 'Realtime' from project 'Supabase')
    cd /Users/rioallen/Library/Developer/Xcode/DerivedData/TradeFly-cjeitwgqikminlegqmjwowkwbezn/SourcePackages/checkouts/supabase-swift
    /Applications/Xcode.app/Contents/Developer/Toolchains/XcodeDefault.xctoolchain/usr/bin/clang -Xlinker -reproducible -target arm64-apple-ios13.0-simulator -r -isysroot /Applications/Xcode.app/Contents/Developer/Platforms/iPhoneSimulator.platform/Developer/SDKs/iPhoneSimulator26.1.sdk -O0 -w -L/Users/rioallen/Library/Developer/Xcode/DerivedData/TradeFly-cjeitwgqikminlegqmjwowkwbezn/Build/Intermediates.noindex/EagerLinkingTBDs/Debug-iphonesimulator -L/Users/rioallen/Library/Developer/Xcode/DerivedData/TradeFly-cjeitwgqikminlegqmjwowkwbezn/Build/Products/Debug-iphonesimulator -L/Applications/Xcode.app/Contents/Developer/Platforms/iPhoneSimulator.platform/Developer/usr/lib -F/Users/rioallen/Library/Developer/Xcode/DerivedData/TradeFly-cjeitwgqikminlegqmjwowkwbezn/Build/Intermediates.noindex/EagerLinkingTBDs/Debug-iphonesimulator -F/Users/rioallen/Library/Developer/Xcode/DerivedData/TradeFly-cjeitwgqikminlegqmjwowkwbezn/Build/Products/Debug-iphonesimulator/PackageFrameworks -F/Users/rioallen/Library/Developer/Xcode/DerivedData/TradeFly-cjeitwgqikminlegqmjwowkwbezn/Build/Products/Debug-iphonesimulator/PackageFrameworks -F/Users/rioallen/Library/Developer/Xcode/DerivedData/TradeFly-cjeitwgqikminlegqmjwowkwbezn/Build/Products/Debug-iphonesimulator/PackageFrameworks -F/Users/rioallen/Library/Developer/Xcode/DerivedData/TradeFly-cjeitwgqikminlegqmjwowkwbezn/Build/Products/Debug-iphonesimulator/PackageFrameworks -F/Users/rioallen/Library/Developer/Xcode/DerivedData/TradeFly-cjeitwgqikminlegqmjwowkwbezn/Build/Products/Debug-iphonesimulator/PackageFrameworks -F/Users/rioallen/Library/Developer/Xcode/DerivedData/TradeFly-cjeitwgqikminlegqmjwowkwbezn/Build/Products/Debug-iphonesimulator/PackageFrameworks -F/Users/rioallen/Library/Developer/Xcode/DerivedData/TradeFly-cjeitwgqikminlegqmjwowkwbezn/Build/Products/Debug-iphonesimulator/PackageFrameworks -F/Users/rioallen/Library/Developer/Xcode/DerivedData/TradeFly-cjeitwgqikminlegqmjwowkwbezn/Build/Products/Debug-iphonesimulator -iframework /Applications/Xcode.app/Contents/Developer/Platforms/iPhoneSimulator.platform/Developer/Library/Frameworks -iframework /Applications/Xcode.app/Contents/Developer/Platforms/iPhoneSimulator.platform/Developer/SDKs/iPhoneSimulator26.1.sdk/Developer/Library/Frameworks -filelist /Users/rioallen/Library/Developer/Xcode/DerivedData/TradeFly-cjeitwgqikminlegqmjwowkwbezn/Build/Intermediates.noindex/Supabase.build/Debug-iphonesimulator/Realtime.build/Objects-normal/arm64/Realtime.LinkFileList -nostdlib -Xlinker -object_path_lto -Xlinker /Users/rioallen/Library/Developer/Xcode/DerivedData/TradeFly-cjeitwgqikminlegqmjwowkwbezn/Build/Intermediates.noindex/Supabase.build/Debug-iphonesimulator/Realtime.build/Objects-normal/arm64/Realtime_lto.o -rdynamic -Xlinker -no_deduplicate -Xlinker -objc_abi_version -Xlinker 2 -Xlinker -dependency_info -Xlinker /Users/rioallen/Library/Developer/Xcode/DerivedData/TradeFly-cjeitwgqikminlegqmjwowkwbezn/Build/Intermediates.noindex/Supabase.build/Debug-iphonesimulator/Realtime.build/Objects-normal/arm64/Realtime_dependency_info.dat -fobjc-link-runtime -L/Applications/Xcode.app/Contents/Developer/Toolchains/XcodeDefault.xctoolchain/usr/lib/swift/iphonesimulator -L/usr/lib/swift -Xlinker -add_ast_path -Xlinker /Users/rioallen/Library/Developer/Xcode/DerivedData/TradeFly-cjeitwgqikminlegqmjwowkwbezn/Build/Intermediates.noindex/Supabase.build/Debug-iphonesimulator/Realtime.build/Objects-normal/arm64/Realtime.swiftmodule @/Users/rioallen/Library/Developer/Xcode/DerivedData/TradeFly-cjeitwgqikminlegqmjwowkwbezn/Build/Intermediates.noindex/Supabase.build/Debug-iphonesimulator/Realtime.build/Objects-normal/arm64/Realtime-linker-args.resp -o /Users/rioallen/Library/Developer/Xcode/DerivedData/TradeFly-cjeitwgqikminlegqmjwowkwbezn/Build/Products/Debug-iphonesimulator/Realtime.o

ExtractAppIntentsMetadata (in target 'Realtime' from project 'Supabase')
    cd /Users/rioallen/Library/Developer/Xcode/DerivedData/TradeFly-cjeitwgqikminlegqmjwowkwbezn/SourcePackages/checkouts/supabase-swift
    /Applications/Xcode.app/Contents/Developer/Toolchains/XcodeDefault.xctoolchain/usr/bin/appintentsmetadataprocessor --toolchain-dir /Applications/Xcode.app/Contents/Developer/Toolchains/XcodeDefault.xctoolchain --module-name Realtime --sdk-root /Applications/Xcode.app/Contents/Developer/Platforms/iPhoneSimulator.platform/Developer/SDKs/iPhoneSimulator26.1.sdk --xcode-version 17B100 --platform-family iOS --deployment-target 13.0 --bundle-identifier supabase-swift.Realtime --output /Users/rioallen/Library/Developer/Xcode/DerivedData/TradeFly-cjeitwgqikminlegqmjwowkwbezn/Build/Products/Debug-iphonesimulator/Realtime.appintents --target-triple arm64-apple-ios13.0-simulator --binary-file /Users/rioallen/Library/Developer/Xcode/DerivedData/TradeFly-cjeitwgqikminlegqmjwowkwbezn/Build/Products/Debug-iphonesimulator/Realtime.o --dependency-file /Users/rioallen/Library/Developer/Xcode/DerivedData/TradeFly-cjeitwgqikminlegqmjwowkwbezn/Build/Intermediates.noindex/Supabase.build/Debug-iphonesimulator/Realtime.build/Objects-normal/arm64/Realtime_dependency_info.dat --stringsdata-file /Users/rioallen/Library/Developer/Xcode/DerivedData/TradeFly-cjeitwgqikminlegqmjwowkwbezn/Build/Intermediates.noindex/Supabase.build/Debug-iphonesimulator/Realtime.build/Objects-normal/arm64/ExtractedAppShortcutsMetadata.stringsdata --source-file-list /Users/rioallen/Library/Developer/Xcode/DerivedData/TradeFly-cjeitwgqikminlegqmjwowkwbezn/Build/Intermediates.noindex/Supabase.build/Debug-iphonesimulator/Realtime.build/Objects-normal/arm64/Realtime.SwiftFileList --metadata-file-list /Users/rioallen/Library/Developer/Xcode/DerivedData/TradeFly-cjeitwgqikminlegqmjwowkwbezn/Build/Intermediates.noindex/Supabase.build/Debug-iphonesimulator/Realtime.build/Realtime.DependencyMetadataFileList --static-metadata-file-list /Users/rioallen/Library/Developer/Xcode/DerivedData/TradeFly-cjeitwgqikminlegqmjwowkwbezn/Build/Intermediates.noindex/Supabase.build/Debug-iphonesimulator/Realtime.build/Realtime.DependencyStaticMetadataFileList --swift-const-vals-list /Users/rioallen/Library/Developer/Xcode/DerivedData/TradeFly-cjeitwgqikminlegqmjwowkwbezn/Build/Intermediates.noindex/Supabase.build/Debug-iphonesimulator/Realtime.build/Objects-normal/arm64/Realtime.SwiftConstValuesFileList --force --compile-time-extraction --deployment-aware-processing --validate-assistant-intents --no-app-shortcuts-localization
2025-12-04 00:32:56.318 appintentsmetadataprocessor[45309:7893356] Starting appintentsmetadataprocessor export
2025-12-04 00:32:56.408 appintentsmetadataprocessor[45309:7893356] Extracted no relevant App Intents symbols, skipping writing output

SwiftDriverJobDiscovery normal arm64 Compiling SupabaseClient.swift (in target 'Supabase' from project 'Supabase')

SwiftDriver\ Compilation Supabase normal arm64 com.apple.xcode.tools.swift.compiler (in target 'Supabase' from project 'Supabase')
    cd /Users/rioallen/Documents/DropFly-OS-App-Builder/DropFly-PROJECTS/TradeFly-iOS/TradeFly.xcodeproj
    builtin-Swift-Compilation -- /Applications/Xcode.app/Contents/Developer/Toolchains/XcodeDefault.xctoolchain/usr/bin/swiftc -module-name Supabase -Onone -enforce-exclusivity\=checked @/Users/rioallen/Library/Developer/Xcode/DerivedData/TradeFly-cjeitwgqikminlegqmjwowkwbezn/Build/Intermediates.noindex/Supabase.build/Debug-iphonesimulator/Supabase.build/Objects-normal/arm64/Supabase.SwiftFileList -DSWIFT_PACKAGE -DDEBUG -DSWIFT_MODULE_RESOURCE_BUNDLE_UNAVAILABLE -DXcode -enable-upcoming-feature ExistentialAny -enable-experimental-feature StrictConcurrency -plugin-path /Applications/Xcode.app/Contents/Developer/Toolchains/XcodeDefault.xctoolchain/usr/lib/swift/host/plugins/testing -enable-experimental-feature DebugDescriptionMacro -sdk /Applications/Xcode.app/Contents/Developer/Platforms/iPhoneSimulator.platform/Developer/SDKs/iPhoneSimulator26.1.sdk -target arm64-apple-ios13.0-simulator -g -module-cache-path /Users/rioallen/Library/Developer/Xcode/DerivedData/ModuleCache.noindex -Xfrontend -serialize-debugging-options -enable-testing -suppress-warnings -index-store-path /Users/rioallen/Library/Developer/Xcode/DerivedData/TradeFly-cjeitwgqikminlegqmjwowkwbezn/Index.noindex/DataStore -Xcc -D_LIBCPP_HARDENING_MODE\=_LIBCPP_HARDENING_MODE_DEBUG -swift-version 5 -I /Users/rioallen/Library/Developer/Xcode/DerivedData/TradeFly-cjeitwgqikminlegqmjwowkwbezn/Build/Products/Debug-iphonesimulator -Isystem /Applications/Xcode.app/Contents/Developer/Platforms/iPhoneSimulator.platform/Developer/usr/lib -F /Users/rioallen/Library/Developer/Xcode/DerivedData/TradeFly-cjeitwgqikminlegqmjwowkwbezn/Build/Products/Debug-iphonesimulator/PackageFrameworks -F /Users/rioallen/Library/Developer/Xcode/DerivedData/TradeFly-cjeitwgqikminlegqmjwowkwbezn/Build/Products/Debug-iphonesimulator/PackageFrameworks -F /Users/rioallen/Library/Developer/Xcode/DerivedData/TradeFly-cjeitwgqikminlegqmjwowkwbezn/Build/Products/Debug-iphonesimulator/PackageFrameworks -F /Users/rioallen/Library/Developer/Xcode/DerivedData/TradeFly-cjeitwgqikminlegqmjwowkwbezn/Build/Products/Debug-iphonesimulator/PackageFrameworks -F /Users/rioallen/Library/Developer/Xcode/DerivedData/TradeFly-cjeitwgqikminlegqmjwowkwbezn/Build/Products/Debug-iphonesimulator/PackageFrameworks -F /Users/rioallen/Library/Developer/Xcode/DerivedData/TradeFly-cjeitwgqikminlegqmjwowkwbezn/Build/Products/Debug-iphonesimulator/PackageFrameworks -F /Users/rioallen/Library/Developer/Xcode/DerivedData/TradeFly-cjeitwgqikminlegqmjwowkwbezn/Build/Products/Debug-iphonesimulator/PackageFrameworks -F /Users/rioallen/Library/Developer/Xcode/DerivedData/TradeFly-cjeitwgqikminlegqmjwowkwbezn/Build/Products/Debug-iphonesimulator/PackageFrameworks -F /Users/rioallen/Library/Developer/Xcode/DerivedData/TradeFly-cjeitwgqikminlegqmjwowkwbezn/Build/Products/Debug-iphonesimulator/PackageFrameworks -F /Users/rioallen/Library/Developer/Xcode/DerivedData/TradeFly-cjeitwgqikminlegqmjwowkwbezn/Build/Products/Debug-iphonesimulator/PackageFrameworks -F /Users/rioallen/Library/Developer/Xcode/DerivedData/TradeFly-cjeitwgqikminlegqmjwowkwbezn/Build/Products/Debug-iphonesimulator/PackageFrameworks -F /Users/rioallen/Library/Developer/Xcode/DerivedData/TradeFly-cjeitwgqikminlegqmjwowkwbezn/Build/Products/Debug-iphonesimulator/PackageFrameworks -F /Users/rioallen/Library/Developer/Xcode/DerivedData/TradeFly-cjeitwgqikminlegqmjwowkwbezn/Build/Products/Debug-iphonesimulator/PackageFrameworks -F /Users/rioallen/Library/Developer/Xcode/DerivedData/TradeFly-cjeitwgqikminlegqmjwowkwbezn/Build/Products/Debug-iphonesimulator -F /Applications/Xcode.app/Contents/Developer/Platforms/iPhoneSimulator.platform/Developer/Library/Frameworks -F /Applications/Xcode.app/Contents/Developer/Platforms/iPhoneSimulator.platform/Developer/SDKs/iPhoneSimulator26.1.sdk/Developer/Library/Frameworks -c -j16 -enable-batch-mode -incremental -Xcc -ivfsstatcache -Xcc /Users/rioallen/Library/Developer/Xcode/DerivedData/SDKStatCaches.noindex/iphonesimulator26.1-23B77-90cf18a4295e390e64c810bc6bd7acbc.sdkstatcache -output-file-map /Users/rioallen/Library/Developer/Xcode/DerivedData/TradeFly-cjeitwgqikminlegqmjwowkwbezn/Build/Intermediates.noindex/Supabase.build/Debug-iphonesimulator/Supabase.build/Objects-normal/arm64/Supabase-OutputFileMap.json -use-frontend-parseable-output -save-temps -no-color-diagnostics -explicit-module-build -module-cache-path /Users/rioallen/Library/Developer/Xcode/DerivedData/TradeFly-cjeitwgqikminlegqmjwowkwbezn/Build/Intermediates.noindex/SwiftExplicitPrecompiledModules -clang-scanner-module-cache-path /Users/rioallen/Library/Developer/Xcode/DerivedData/ModuleCache.noindex -sdk-module-cache-path /Users/rioallen/Library/Developer/Xcode/DerivedData/ModuleCache.noindex -serialize-diagnostics -emit-dependencies -emit-module -emit-module-path /Users/rioallen/Library/Developer/Xcode/DerivedData/TradeFly-cjeitwgqikminlegqmjwowkwbezn/Build/Intermediates.noindex/Supabase.build/Debug-iphonesimulator/Supabase.build/Objects-normal/arm64/Supabase.swiftmodule -validate-clang-modules-once -clang-build-session-file /Users/rioallen/Library/Developer/Xcode/DerivedData/ModuleCache.noindex/Session.modulevalidation -package-name supabase_swift -Xcc -I/Users/rioallen/Library/Developer/Xcode/DerivedData/TradeFly-cjeitwgqikminlegqmjwowkwbezn/Build/Intermediates.noindex/Supabase.build/Debug-iphonesimulator/Supabase.build/swift-overrides.hmap -emit-const-values -Xfrontend -const-gather-protocols-file -Xfrontend /Users/rioallen/Library/Developer/Xcode/DerivedData/TradeFly-cjeitwgqikminlegqmjwowkwbezn/Build/Intermediates.noindex/Supabase.build/Debug-iphonesimulator/Supabase.build/Objects-normal/arm64/Supabase_const_extract_protocols.json -Xcc -I/Users/rioallen/Library/Developer/Xcode/DerivedData/TradeFly-cjeitwgqikminlegqmjwowkwbezn/Build/Products/Debug-iphonesimulator/include -Xcc -I/Users/rioallen/Library/Developer/Xcode/DerivedData/TradeFly-cjeitwgqikminlegqmjwowkwbezn/Build/Intermediates.noindex/Supabase.build/Debug-iphonesimulator/Supabase.build/DerivedSources-normal/arm64 -Xcc -I/Users/rioallen/Library/Developer/Xcode/DerivedData/TradeFly-cjeitwgqikminlegqmjwowkwbezn/Build/Intermediates.noindex/Supabase.build/Debug-iphonesimulator/Supabase.build/DerivedSources/arm64 -Xcc -I/Users/rioallen/Library/Developer/Xcode/DerivedData/TradeFly-cjeitwgqikminlegqmjwowkwbezn/Build/Intermediates.noindex/Supabase.build/Debug-iphonesimulator/Supabase.build/DerivedSources -Xcc -DSWIFT_PACKAGE -Xcc -DDEBUG\=1 -emit-objc-header -emit-objc-header-path /Users/rioallen/Library/Developer/Xcode/DerivedData/TradeFly-cjeitwgqikminlegqmjwowkwbezn/Build/Intermediates.noindex/Supabase.build/Debug-iphonesimulator/Supabase.build/Objects-normal/arm64/Supabase-Swift.h -working-directory /Users/rioallen/Documents/DropFly-OS-App-Builder/DropFly-PROJECTS/TradeFly-iOS/TradeFly.xcodeproj -experimental-emit-module-separately -disable-cmo

RegisterExecutionPolicyException /Users/rioallen/Library/Developer/Xcode/DerivedData/TradeFly-cjeitwgqikminlegqmjwowkwbezn/Build/Products/Debug-iphonesimulator/Realtime.o (in target 'Realtime' from project 'Supabase')
    cd /Users/rioallen/Library/Developer/Xcode/DerivedData/TradeFly-cjeitwgqikminlegqmjwowkwbezn/SourcePackages/checkouts/supabase-swift
    builtin-RegisterExecutionPolicyException /Users/rioallen/Library/Developer/Xcode/DerivedData/TradeFly-cjeitwgqikminlegqmjwowkwbezn/Build/Products/Debug-iphonesimulator/Realtime.o

SwiftCompile normal arm64 Compiling\ SupabaseConfig.swift,\ ChartIndicator.swift /Users/rioallen/Documents/DropFly-OS-App-Builder/DropFly-PROJECTS/TradeFly-iOS/TradeFly/Config/SupabaseConfig.swift /Users/rioallen/Documents/DropFly-OS-App-Builder/DropFly-PROJECTS/TradeFly-iOS/TradeFly/Models/ChartIndicator.swift (in target 'TradeFly' from project 'TradeFly')

SwiftCompile normal arm64 /Users/rioallen/Documents/DropFly-OS-App-Builder/DropFly-PROJECTS/TradeFly-iOS/TradeFly/Config/SupabaseConfig.swift (in target 'TradeFly' from project 'TradeFly')
    cd /Users/rioallen/Documents/DropFly-OS-App-Builder/DropFly-PROJECTS/TradeFly-iOS
    

SwiftCompile normal arm64 /Users/rioallen/Documents/DropFly-OS-App-Builder/DropFly-PROJECTS/TradeFly-iOS/TradeFly/Models/ChartIndicator.swift (in target 'TradeFly' from project 'TradeFly')
    cd /Users/rioallen/Documents/DropFly-OS-App-Builder/DropFly-PROJECTS/TradeFly-iOS
    

SwiftCompile normal arm64 Compiling\ TradingSignal.swift,\ UserSettings.swift /Users/rioallen/Documents/DropFly-OS-App-Builder/DropFly-PROJECTS/TradeFly-iOS/TradeFly/Models/TradingSignal.swift /Users/rioallen/Documents/DropFly-OS-App-Builder/DropFly-PROJECTS/TradeFly-iOS/TradeFly/Models/UserSettings.swift (in target 'TradeFly' from project 'TradeFly')

SwiftCompile normal arm64 /Users/rioallen/Documents/DropFly-OS-App-Builder/DropFly-PROJECTS/TradeFly-iOS/TradeFly/Models/TradingSignal.swift (in target 'TradeFly' from project 'TradeFly')
    cd /Users/rioallen/Documents/DropFly-OS-App-Builder/DropFly-PROJECTS/TradeFly-iOS
    

SwiftCompile normal arm64 /Users/rioallen/Documents/DropFly-OS-App-Builder/DropFly-PROJECTS/TradeFly-iOS/TradeFly/Models/UserSettings.swift (in target 'TradeFly' from project 'TradeFly')
    cd /Users/rioallen/Documents/DropFly-OS-App-Builder/DropFly-PROJECTS/TradeFly-iOS
    

SwiftCompile normal arm64 Compiling\ LearningModule.swift,\ Trade.swift /Users/rioallen/Documents/DropFly-OS-App-Builder/DropFly-PROJECTS/TradeFly-iOS/TradeFly/Models/LearningModule.swift /Users/rioallen/Documents/DropFly-OS-App-Builder/DropFly-PROJECTS/TradeFly-iOS/TradeFly/Models/Trade.swift (in target 'TradeFly' from project 'TradeFly')

SwiftCompile normal arm64 /Users/rioallen/Documents/DropFly-OS-App-Builder/DropFly-PROJECTS/TradeFly-iOS/TradeFly/Models/LearningModule.swift (in target 'TradeFly' from project 'TradeFly')
    cd /Users/rioallen/Documents/DropFly-OS-App-Builder/DropFly-PROJECTS/TradeFly-iOS
    

SwiftCompile normal arm64 /Users/rioallen/Documents/DropFly-OS-App-Builder/DropFly-PROJECTS/TradeFly-iOS/TradeFly/Models/Trade.swift (in target 'TradeFly' from project 'TradeFly')
    cd /Users/rioallen/Documents/DropFly-OS-App-Builder/DropFly-PROJECTS/TradeFly-iOS
    

SwiftCompile normal arm64 Compiling\ SignalService.swift,\ SupabaseService.swift /Users/rioallen/Documents/DropFly-OS-App-Builder/DropFly-PROJECTS/TradeFly-iOS/TradeFly/Services/SignalService.swift /Users/rioallen/Documents/DropFly-OS-App-Builder/DropFly-PROJECTS/TradeFly-iOS/TradeFly/Services/SupabaseService.swift (in target 'TradeFly' from project 'TradeFly')

SwiftCompile normal arm64 /Users/rioallen/Documents/DropFly-OS-App-Builder/DropFly-PROJECTS/TradeFly-iOS/TradeFly/Services/SignalService.swift (in target 'TradeFly' from project 'TradeFly')
    cd /Users/rioallen/Documents/DropFly-OS-App-Builder/DropFly-PROJECTS/TradeFly-iOS
    

SwiftCompile normal arm64 /Users/rioallen/Documents/DropFly-OS-App-Builder/DropFly-PROJECTS/TradeFly-iOS/TradeFly/Services/SupabaseService.swift (in target 'TradeFly' from project 'TradeFly')
    cd /Users/rioallen/Documents/DropFly-OS-App-Builder/DropFly-PROJECTS/TradeFly-iOS
    
/Users/rioallen/Documents/DropFly-OS-App-Builder/DropFly-PROJECTS/TradeFly-iOS/TradeFly/Services/SupabaseService.swift:239:35: warning: 'postgresChange(_:schema:table:filter:)' is deprecated: Use the new filter syntax instead.
            let changes = channel.postgresChange(
                                  ^

SwiftCompile normal arm64 Compiling\ AuthView.swift,\ OnboardingFlow.swift /Users/rioallen/Documents/DropFly-OS-App-Builder/DropFly-PROJECTS/TradeFly-iOS/TradeFly/Views/Auth/AuthView.swift /Users/rioallen/Documents/DropFly-OS-App-Builder/DropFly-PROJECTS/TradeFly-iOS/TradeFly/Views/Onboarding/OnboardingFlow.swift (in target 'TradeFly' from project 'TradeFly')

SwiftCompile normal arm64 /Users/rioallen/Documents/DropFly-OS-App-Builder/DropFly-PROJECTS/TradeFly-iOS/TradeFly/Views/Auth/AuthView.swift (in target 'TradeFly' from project 'TradeFly')
    cd /Users/rioallen/Documents/DropFly-OS-App-Builder/DropFly-PROJECTS/TradeFly-iOS
    

SwiftCompile normal arm64 /Users/rioallen/Documents/DropFly-OS-App-Builder/DropFly-PROJECTS/TradeFly-iOS/TradeFly/Views/Onboarding/OnboardingFlow.swift (in target 'TradeFly' from project 'TradeFly')
    cd /Users/rioallen/Documents/DropFly-OS-App-Builder/DropFly-PROJECTS/TradeFly-iOS
    

SwiftCompile normal arm64 Compiling\ AdvancedChartView.swift,\ ChartsTabView.swift /Users/rioallen/Documents/DropFly-OS-App-Builder/DropFly-PROJECTS/TradeFly-iOS/TradeFly/Views/AdvancedChartView.swift /Users/rioallen/Documents/DropFly-OS-App-Builder/DropFly-PROJECTS/TradeFly-iOS/TradeFly/Views/ChartsTabView.swift (in target 'TradeFly' from project 'TradeFly')

SwiftCompile normal arm64 /Users/rioallen/Documents/DropFly-OS-App-Builder/DropFly-PROJECTS/TradeFly-iOS/TradeFly/Views/AdvancedChartView.swift (in target 'TradeFly' from project 'TradeFly')
    cd /Users/rioallen/Documents/DropFly-OS-App-Builder/DropFly-PROJECTS/TradeFly-iOS
    
/Users/rioallen/Documents/DropFly-OS-App-Builder/DropFly-PROJECTS/TradeFly-iOS/TradeFly/Views/AdvancedChartView.swift:90:18: warning: 'onChange(of:perform:)' was deprecated in iOS 17.0: Use `onChange` with a two or zero parameter action closure instead.
                .onChange(of: selectedTimeframe) { _ in
                 ^

SwiftCompile normal arm64 /Users/rioallen/Documents/DropFly-OS-App-Builder/DropFly-PROJECTS/TradeFly-iOS/TradeFly/Views/ChartsTabView.swift (in target 'TradeFly' from project 'TradeFly')
    cd /Users/rioallen/Documents/DropFly-OS-App-Builder/DropFly-PROJECTS/TradeFly-iOS
    

SwiftCompile normal arm64 Compiling\ APIClient.swift,\ NotificationManager.swift /Users/rioallen/Documents/DropFly-OS-App-Builder/DropFly-PROJECTS/TradeFly-iOS/TradeFly/Services/APIClient.swift /Users/rioallen/Documents/DropFly-OS-App-Builder/DropFly-PROJECTS/TradeFly-iOS/TradeFly/Services/NotificationManager.swift (in target 'TradeFly' from project 'TradeFly')

SwiftCompile normal arm64 /Users/rioallen/Documents/DropFly-OS-App-Builder/DropFly-PROJECTS/TradeFly-iOS/TradeFly/Services/APIClient.swift (in target 'TradeFly' from project 'TradeFly')
    cd /Users/rioallen/Documents/DropFly-OS-App-Builder/DropFly-PROJECTS/TradeFly-iOS
    

SwiftCompile normal arm64 /Users/rioallen/Documents/DropFly-OS-App-Builder/DropFly-PROJECTS/TradeFly-iOS/TradeFly/Services/NotificationManager.swift (in target 'TradeFly' from project 'TradeFly')
    cd /Users/rioallen/Documents/DropFly-OS-App-Builder/DropFly-PROJECTS/TradeFly-iOS
    

SwiftCompile normal arm64 Compiling\ HomeView.swift,\ LearnView.swift /Users/rioallen/Documents/DropFly-OS-App-Builder/DropFly-PROJECTS/TradeFly-iOS/TradeFly/Views/HomeView.swift /Users/rioallen/Documents/DropFly-OS-App-Builder/DropFly-PROJECTS/TradeFly-iOS/TradeFly/Views/LearnView.swift (in target 'TradeFly' from project 'TradeFly')

SwiftCompile normal arm64 /Users/rioallen/Documents/DropFly-OS-App-Builder/DropFly-PROJECTS/TradeFly-iOS/TradeFly/Views/HomeView.swift (in target 'TradeFly' from project 'TradeFly')
    cd /Users/rioallen/Documents/DropFly-OS-App-Builder/DropFly-PROJECTS/TradeFly-iOS
    

SwiftCompile normal arm64 /Users/rioallen/Documents/DropFly-OS-App-Builder/DropFly-PROJECTS/TradeFly-iOS/TradeFly/Views/LearnView.swift (in target 'TradeFly' from project 'TradeFly')
    cd /Users/rioallen/Documents/DropFly-OS-App-Builder/DropFly-PROJECTS/TradeFly-iOS
    

SwiftCompile normal arm64 Compiling\ ChartView.swift,\ ContentView.swift /Users/rioallen/Documents/DropFly-OS-App-Builder/DropFly-PROJECTS/TradeFly-iOS/TradeFly/Views/ChartView.swift /Users/rioallen/Documents/DropFly-OS-App-Builder/DropFly-PROJECTS/TradeFly-iOS/TradeFly/Views/ContentView.swift (in target 'TradeFly' from project 'TradeFly')

SwiftCompile normal arm64 /Users/rioallen/Documents/DropFly-OS-App-Builder/DropFly-PROJECTS/TradeFly-iOS/TradeFly/Views/ChartView.swift (in target 'TradeFly' from project 'TradeFly')
    cd /Users/rioallen/Documents/DropFly-OS-App-Builder/DropFly-PROJECTS/TradeFly-iOS
    

SwiftCompile normal arm64 /Users/rioallen/Documents/DropFly-OS-App-Builder/DropFly-PROJECTS/TradeFly-iOS/TradeFly/Views/ContentView.swift (in target 'TradeFly' from project 'TradeFly')
    cd /Users/rioallen/Documents/DropFly-OS-App-Builder/DropFly-PROJECTS/TradeFly-iOS
    

SwiftCompile normal arm64 Compiling\ MarketsView.swift,\ SettingsView.swift /Users/rioallen/Documents/DropFly-OS-App-Builder/DropFly-PROJECTS/TradeFly-iOS/TradeFly/Views/MarketsView.swift /Users/rioallen/Documents/DropFly-OS-App-Builder/DropFly-PROJECTS/TradeFly-iOS/TradeFly/Views/SettingsView.swift (in target 'TradeFly' from project 'TradeFly')

SwiftCompile normal arm64 /Users/rioallen/Documents/DropFly-OS-App-Builder/DropFly-PROJECTS/TradeFly-iOS/TradeFly/Views/MarketsView.swift (in target 'TradeFly' from project 'TradeFly')
    cd /Users/rioallen/Documents/DropFly-OS-App-Builder/DropFly-PROJECTS/TradeFly-iOS
    

SwiftCompile normal arm64 /Users/rioallen/Documents/DropFly-OS-App-Builder/DropFly-PROJECTS/TradeFly-iOS/TradeFly/Views/SettingsView.swift (in target 'TradeFly' from project 'TradeFly')
    cd /Users/rioallen/Documents/DropFly-OS-App-Builder/DropFly-PROJECTS/TradeFly-iOS
    

SwiftCompile normal arm64 Compiling\ SignalDetailView.swift /Users/rioallen/Documents/DropFly-OS-App-Builder/DropFly-PROJECTS/TradeFly-iOS/TradeFly/Views/SignalDetailView.swift (in target 'TradeFly' from project 'TradeFly')

SwiftCompile normal arm64 /Users/rioallen/Documents/DropFly-OS-App-Builder/DropFly-PROJECTS/TradeFly-iOS/TradeFly/Views/SignalDetailView.swift (in target 'TradeFly' from project 'TradeFly')
    cd /Users/rioallen/Documents/DropFly-OS-App-Builder/DropFly-PROJECTS/TradeFly-iOS
    

SwiftCompile normal arm64 Compiling\ LessonDetailView.swift,\ MarketStatusBanner.swift /Users/rioallen/Documents/DropFly-OS-App-Builder/DropFly-PROJECTS/TradeFly-iOS/TradeFly/Views/LessonDetailView.swift /Users/rioallen/Documents/DropFly-OS-App-Builder/DropFly-PROJECTS/TradeFly-iOS/TradeFly/Views/MarketStatusBanner.swift (in target 'TradeFly' from project 'TradeFly')

SwiftCompile normal arm64 /Users/rioallen/Documents/DropFly-OS-App-Builder/DropFly-PROJECTS/TradeFly-iOS/TradeFly/Views/LessonDetailView.swift (in target 'TradeFly' from project 'TradeFly')
    cd /Users/rioallen/Documents/DropFly-OS-App-Builder/DropFly-PROJECTS/TradeFly-iOS
    

SwiftCompile normal arm64 /Users/rioallen/Documents/DropFly-OS-App-Builder/DropFly-PROJECTS/TradeFly-iOS/TradeFly/Views/MarketStatusBanner.swift (in target 'TradeFly' from project 'TradeFly')
    cd /Users/rioallen/Documents/DropFly-OS-App-Builder/DropFly-PROJECTS/TradeFly-iOS
    

SwiftEmitModule normal arm64 Emitting\ module\ for\ TradeFly (in target 'TradeFly' from project 'TradeFly')

EmitSwiftModule normal arm64 (in target 'TradeFly' from project 'TradeFly')
    cd /Users/rioallen/Documents/DropFly-OS-App-Builder/DropFly-PROJECTS/TradeFly-iOS
    

SwiftCompile normal arm64 Compiling\ TradesView.swift /Users/rioallen/Documents/DropFly-OS-App-Builder/DropFly-PROJECTS/TradeFly-iOS/TradeFly/Views/TradesView.swift (in target 'TradeFly' from project 'TradeFly')

SwiftCompile normal arm64 /Users/rioallen/Documents/DropFly-OS-App-Builder/DropFly-PROJECTS/TradeFly-iOS/TradeFly/Views/TradesView.swift (in target 'TradeFly' from project 'TradeFly')
    cd /Users/rioallen/Documents/DropFly-OS-App-Builder/DropFly-PROJECTS/TradeFly-iOS
    

SwiftDriverJobDiscovery normal arm64 Compiling AuthClient.swift, AuthClientConfiguration.swift (in target 'Auth' from project 'Supabase')

SwiftCompile normal arm64 Compiling\ TradeFlyApp.swift /Users/rioallen/Documents/DropFly-OS-App-Builder/DropFly-PROJECTS/TradeFly-iOS/TradeFly/TradeFlyApp.swift (in target 'TradeFly' from project 'TradeFly')

SwiftCompile normal arm64 /Users/rioallen/Documents/DropFly-OS-App-Builder/DropFly-PROJECTS/TradeFly-iOS/TradeFly/TradeFlyApp.swift (in target 'TradeFly' from project 'TradeFly')
    cd /Users/rioallen/Documents/DropFly-OS-App-Builder/DropFly-PROJECTS/TradeFly-iOS
    

SwiftDriverJobDiscovery normal arm64 Compiling SupabaseConfig.swift, ChartIndicator.swift (in target 'TradeFly' from project 'TradeFly')

SwiftCompile normal arm64 Compiling\ SignalsView.swift /Users/rioallen/Documents/DropFly-OS-App-Builder/DropFly-PROJECTS/TradeFly-iOS/TradeFly/Views/SignalsView.swift (in target 'TradeFly' from project 'TradeFly')

SwiftCompile normal arm64 /Users/rioallen/Documents/DropFly-OS-App-Builder/DropFly-PROJECTS/TradeFly-iOS/TradeFly/Views/SignalsView.swift (in target 'TradeFly' from project 'TradeFly')
    cd /Users/rioallen/Documents/DropFly-OS-App-Builder/DropFly-PROJECTS/TradeFly-iOS
    

SwiftDriverJobDiscovery normal arm64 Compiling APIClient.swift, NotificationManager.swift (in target 'TradeFly' from project 'TradeFly')

SwiftCompile normal arm64 Compiling\ GeneratedAssetSymbols.swift /Users/rioallen/Library/Developer/Xcode/DerivedData/TradeFly-cjeitwgqikminlegqmjwowkwbezn/Build/Intermediates.noindex/TradeFly.build/Debug-iphonesimulator/TradeFly.build/DerivedSources/GeneratedAssetSymbols.swift (in target 'TradeFly' from project 'TradeFly')

SwiftCompile normal arm64 /Users/rioallen/Library/Developer/Xcode/DerivedData/TradeFly-cjeitwgqikminlegqmjwowkwbezn/Build/Intermediates.noindex/TradeFly.build/Debug-iphonesimulator/TradeFly.build/DerivedSources/GeneratedAssetSymbols.swift (in target 'TradeFly' from project 'TradeFly')
    cd /Users/rioallen/Documents/DropFly-OS-App-Builder/DropFly-PROJECTS/TradeFly-iOS
    

SwiftDriverJobDiscovery normal arm64 Compiling LearningModule.swift, Trade.swift (in target 'TradeFly' from project 'TradeFly')

SwiftDriverJobDiscovery normal arm64 Compiling TradingSignal.swift, UserSettings.swift (in target 'TradeFly' from project 'TradeFly')

SwiftDriverJobDiscovery normal arm64 Compiling GeneratedAssetSymbols.swift (in target 'TradeFly' from project 'TradeFly')

SwiftDriverJobDiscovery normal arm64 Compiling TradeFlyApp.swift (in target 'TradeFly' from project 'TradeFly')

SwiftDriverJobDiscovery normal arm64 Emitting module for TradeFly (in target 'TradeFly' from project 'TradeFly')

SwiftDriver\ Compilation\ Requirements TradeFly normal arm64 com.apple.xcode.tools.swift.compiler (in target 'TradeFly' from project 'TradeFly')
    cd /Users/rioallen/Documents/DropFly-OS-App-Builder/DropFly-PROJECTS/TradeFly-iOS
    builtin-Swift-Compilation-Requirements -- /Applications/Xcode.app/Contents/Developer/Toolchains/XcodeDefault.xctoolchain/usr/bin/swiftc -module-name TradeFly -Onone -enforce-exclusivity\=checked @/Users/rioallen/Library/Developer/Xcode/DerivedData/TradeFly-cjeitwgqikminlegqmjwowkwbezn/Build/Intermediates.noindex/TradeFly.build/Debug-iphonesimulator/TradeFly.build/Objects-normal/arm64/TradeFly.SwiftFileList -DDEBUG -default-isolation\=MainActor -enable-bare-slash-regex -enable-upcoming-feature DisableOutwardActorInference -enable-upcoming-feature InferSendableFromCaptures -enable-upcoming-feature GlobalActorIsolatedTypesUsability -enable-upcoming-feature MemberImportVisibility -enable-upcoming-feature InferIsolatedConformances -enable-upcoming-feature NonisolatedNonsendingByDefault -enable-experimental-feature DebugDescriptionMacro -sdk /Applications/Xcode.app/Contents/Developer/Platforms/iPhoneSimulator.platform/Developer/SDKs/iPhoneSimulator26.1.sdk -target arm64-apple-ios17.0-simulator -g -module-cache-path /Users/rioallen/Library/Developer/Xcode/DerivedData/ModuleCache.noindex -Xfrontend -serialize-debugging-options -enable-testing -index-store-path /Users/rioallen/Library/Developer/Xcode/DerivedData/TradeFly-cjeitwgqikminlegqmjwowkwbezn/Index.noindex/DataStore -Xcc -D_LIBCPP_HARDENING_MODE\=_LIBCPP_HARDENING_MODE_DEBUG -swift-version 5 -I /Users/rioallen/Library/Developer/Xcode/DerivedData/TradeFly-cjeitwgqikminlegqmjwowkwbezn/Build/Products/Debug-iphonesimulator -F /Users/rioallen/Library/Developer/Xcode/DerivedData/TradeFly-cjeitwgqikminlegqmjwowkwbezn/Build/Products/Debug-iphonesimulator/PackageFrameworks -F /Users/rioallen/Library/Developer/Xcode/DerivedData/TradeFly-cjeitwgqikminlegqmjwowkwbezn/Build/Products/Debug-iphonesimulator/PackageFrameworks -F /Users/rioallen/Library/Developer/Xcode/DerivedData/TradeFly-cjeitwgqikminlegqmjwowkwbezn/Build/Products/Debug-iphonesimulator/PackageFrameworks -F /Users/rioallen/Library/Developer/Xcode/DerivedData/TradeFly-cjeitwgqikminlegqmjwowkwbezn/Build/Products/Debug-iphonesimulator/PackageFrameworks -F /Users/rioallen/Library/Developer/Xcode/DerivedData/TradeFly-cjeitwgqikminlegqmjwowkwbezn/Build/Products/Debug-iphonesimulator/PackageFrameworks -F /Users/rioallen/Library/Developer/Xcode/DerivedData/TradeFly-cjeitwgqikminlegqmjwowkwbezn/Build/Products/Debug-iphonesimulator/PackageFrameworks -F /Users/rioallen/Library/Developer/Xcode/DerivedData/TradeFly-cjeitwgqikminlegqmjwowkwbezn/Build/Products/Debug-iphonesimulator/PackageFrameworks -F /Users/rioallen/Library/Developer/Xcode/DerivedData/TradeFly-cjeitwgqikminlegqmjwowkwbezn/Build/Products/Debug-iphonesimulator/PackageFrameworks -F /Users/rioallen/Library/Developer/Xcode/DerivedData/TradeFly-cjeitwgqikminlegqmjwowkwbezn/Build/Products/Debug-iphonesimulator/PackageFrameworks -F /Users/rioallen/Library/Developer/Xcode/DerivedData/TradeFly-cjeitwgqikminlegqmjwowkwbezn/Build/Products/Debug-iphonesimulator/PackageFrameworks -F /Users/rioallen/Library/Developer/Xcode/DerivedData/TradeFly-cjeitwgqikminlegqmjwowkwbezn/Build/Products/Debug-iphonesimulator/PackageFrameworks -F /Users/rioallen/Library/Developer/Xcode/DerivedData/TradeFly-cjeitwgqikminlegqmjwowkwbezn/Build/Products/Debug-iphonesimulator/PackageFrameworks -F /Users/rioallen/Library/Developer/Xcode/DerivedData/TradeFly-cjeitwgqikminlegqmjwowkwbezn/Build/Products/Debug-iphonesimulator/PackageFrameworks -F /Users/rioallen/Library/Developer/Xcode/DerivedData/TradeFly-cjeitwgqikminlegqmjwowkwbezn/Build/Products/Debug-iphonesimulator/PackageFrameworks -F /Users/rioallen/Library/Developer/Xcode/DerivedData/TradeFly-cjeitwgqikminlegqmjwowkwbezn/Build/Products/Debug-iphonesimulator -emit-localized-strings -emit-localized-strings-path /Users/rioallen/Library/Developer/Xcode/DerivedData/TradeFly-cjeitwgqikminlegqmjwowkwbezn/Build/Intermediates.noindex/TradeFly.build/Debug-iphonesimulator/TradeFly.build/Objects-normal/arm64 -c -j16 -enable-batch-mode -incremental -Xcc -ivfsstatcache -Xcc /Users/rioallen/Library/Developer/Xcode/DerivedData/SDKStatCaches.noindex/iphonesimulator26.1-23B77-90cf18a4295e390e64c810bc6bd7acbc.sdkstatcache -output-file-map /Users/rioallen/Library/Developer/Xcode/DerivedData/TradeFly-cjeitwgqikminlegqmjwowkwbezn/Build/Intermediates.noindex/TradeFly.build/Debug-iphonesimulator/TradeFly.build/Objects-normal/arm64/TradeFly-OutputFileMap.json -use-frontend-parseable-output -save-temps -no-color-diagnostics -explicit-module-build -module-cache-path /Users/rioallen/Library/Developer/Xcode/DerivedData/TradeFly-cjeitwgqikminlegqmjwowkwbezn/Build/Intermediates.noindex/SwiftExplicitPrecompiledModules -clang-scanner-module-cache-path /Users/rioallen/Library/Developer/Xcode/DerivedData/ModuleCache.noindex -sdk-module-cache-path /Users/rioallen/Library/Developer/Xcode/DerivedData/ModuleCache.noindex -serialize-diagnostics -emit-dependencies -emit-module -emit-module-path /Users/rioallen/Library/Developer/Xcode/DerivedData/TradeFly-cjeitwgqikminlegqmjwowkwbezn/Build/Intermediates.noindex/TradeFly.build/Debug-iphonesimulator/TradeFly.build/Objects-normal/arm64/TradeFly.swiftmodule -validate-clang-modules-once -clang-build-session-file /Users/rioallen/Library/Developer/Xcode/DerivedData/ModuleCache.noindex/Session.modulevalidation -Xcc -I/Users/rioallen/Library/Developer/Xcode/DerivedData/TradeFly-cjeitwgqikminlegqmjwowkwbezn/Build/Intermediates.noindex/TradeFly.build/Debug-iphonesimulator/TradeFly.build/swift-overrides.hmap -emit-const-values -Xfrontend -const-gather-protocols-file -Xfrontend /Users/rioallen/Library/Developer/Xcode/DerivedData/TradeFly-cjeitwgqikminlegqmjwowkwbezn/Build/Intermediates.noindex/TradeFly.build/Debug-iphonesimulator/TradeFly.build/Objects-normal/arm64/TradeFly_const_extract_protocols.json -Xcc -iquote -Xcc /Users/rioallen/Library/Developer/Xcode/DerivedData/TradeFly-cjeitwgqikminlegqmjwowkwbezn/Build/Intermediates.noindex/TradeFly.build/Debug-iphonesimulator/TradeFly.build/TradeFly-generated-files.hmap -Xcc -I/Users/rioallen/Library/Developer/Xcode/DerivedData/TradeFly-cjeitwgqikminlegqmjwowkwbezn/Build/Intermediates.noindex/TradeFly.build/Debug-iphonesimulator/TradeFly.build/TradeFly-own-target-headers.hmap -Xcc -I/Users/rioallen/Library/Developer/Xcode/DerivedData/TradeFly-cjeitwgqikminlegqmjwowkwbezn/Build/Intermediates.noindex/TradeFly.build/Debug-iphonesimulator/TradeFly.build/TradeFly-all-non-framework-target-headers.hmap -Xcc -ivfsoverlay -Xcc /Users/rioallen/Library/Developer/Xcode/DerivedData/TradeFly-cjeitwgqikminlegqmjwowkwbezn/Build/Intermediates.noindex/TradeFly.build/Debug-iphonesimulator/TradeFly-3dcd57b2f90878239de327cebf0dd120-VFS-iphonesimulator/all-product-headers.yaml -Xcc -iquote -Xcc /Users/rioallen/Library/Developer/Xcode/DerivedData/TradeFly-cjeitwgqikminlegqmjwowkwbezn/Build/Intermediates.noindex/TradeFly.build/Debug-iphonesimulator/TradeFly.build/TradeFly-project-headers.hmap -Xcc -I/Users/rioallen/Library/Developer/Xcode/DerivedData/TradeFly-cjeitwgqikminlegqmjwowkwbezn/Build/Products/Debug-iphonesimulator/include -Xcc -I/Users/rioallen/Library/Developer/Xcode/DerivedData/TradeFly-cjeitwgqikminlegqmjwowkwbezn/Build/Intermediates.noindex/TradeFly.build/Debug-iphonesimulator/TradeFly.build/DerivedSources-normal/arm64 -Xcc -I/Users/rioallen/Library/Developer/Xcode/DerivedData/TradeFly-cjeitwgqikminlegqmjwowkwbezn/Build/Intermediates.noindex/TradeFly.build/Debug-iphonesimulator/TradeFly.build/DerivedSources/arm64 -Xcc -I/Users/rioallen/Library/Developer/Xcode/DerivedData/TradeFly-cjeitwgqikminlegqmjwowkwbezn/Build/Intermediates.noindex/TradeFly.build/Debug-iphonesimulator/TradeFly.build/DerivedSources -Xcc -DDEBUG\=1 -emit-objc-header -emit-objc-header-path /Users/rioallen/Library/Developer/Xcode/DerivedData/TradeFly-cjeitwgqikminlegqmjwowkwbezn/Build/Intermediates.noindex/TradeFly.build/Debug-iphonesimulator/TradeFly.build/Objects-normal/arm64/TradeFly-Swift.h -working-directory /Users/rioallen/Documents/DropFly-OS-App-Builder/DropFly-PROJECTS/TradeFly-iOS -experimental-emit-module-separately -disable-cmo

SwiftMergeGeneratedHeaders /Users/rioallen/Library/Developer/Xcode/DerivedData/TradeFly-cjeitwgqikminlegqmjwowkwbezn/Build/Intermediates.noindex/TradeFly.build/Debug-iphonesimulator/TradeFly.build/DerivedSources/TradeFly-Swift.h /Users/rioallen/Library/Developer/Xcode/DerivedData/TradeFly-cjeitwgqikminlegqmjwowkwbezn/Build/Intermediates.noindex/TradeFly.build/Debug-iphonesimulator/TradeFly.build/Objects-normal/arm64/TradeFly-Swift.h (in target 'TradeFly' from project 'TradeFly')
    cd /Users/rioallen/Documents/DropFly-OS-App-Builder/DropFly-PROJECTS/TradeFly-iOS
    builtin-swiftHeaderTool -arch arm64 /Users/rioallen/Library/Developer/Xcode/DerivedData/TradeFly-cjeitwgqikminlegqmjwowkwbezn/Build/Intermediates.noindex/TradeFly.build/Debug-iphonesimulator/TradeFly.build/Objects-normal/arm64/TradeFly-Swift.h -o /Users/rioallen/Library/Developer/Xcode/DerivedData/TradeFly-cjeitwgqikminlegqmjwowkwbezn/Build/Intermediates.noindex/TradeFly.build/Debug-iphonesimulator/TradeFly.build/DerivedSources/TradeFly-Swift.h

Copy /Users/rioallen/Library/Developer/Xcode/DerivedData/TradeFly-cjeitwgqikminlegqmjwowkwbezn/Build/Products/Debug-iphonesimulator/TradeFly.swiftmodule/arm64-apple-ios-simulator.swiftmodule /Users/rioallen/Library/Developer/Xcode/DerivedData/TradeFly-cjeitwgqikminlegqmjwowkwbezn/Build/Intermediates.noindex/TradeFly.build/Debug-iphonesimulator/TradeFly.build/Objects-normal/arm64/TradeFly.swiftmodule (in target 'TradeFly' from project 'TradeFly')
    cd /Users/rioallen/Documents/DropFly-OS-App-Builder/DropFly-PROJECTS/TradeFly-iOS
    builtin-copy -exclude .DS_Store -exclude CVS -exclude .svn -exclude .git -exclude .hg -resolve-src-symlinks -rename /Users/rioallen/Library/Developer/Xcode/DerivedData/TradeFly-cjeitwgqikminlegqmjwowkwbezn/Build/Intermediates.noindex/TradeFly.build/Debug-iphonesimulator/TradeFly.build/Objects-normal/arm64/TradeFly.swiftmodule /Users/rioallen/Library/Developer/Xcode/DerivedData/TradeFly-cjeitwgqikminlegqmjwowkwbezn/Build/Products/Debug-iphonesimulator/TradeFly.swiftmodule/arm64-apple-ios-simulator.swiftmodule

Copy /Users/rioallen/Library/Developer/Xcode/DerivedData/TradeFly-cjeitwgqikminlegqmjwowkwbezn/Build/Products/Debug-iphonesimulator/TradeFly.swiftmodule/arm64-apple-ios-simulator.swiftdoc /Users/rioallen/Library/Developer/Xcode/DerivedData/TradeFly-cjeitwgqikminlegqmjwowkwbezn/Build/Intermediates.noindex/TradeFly.build/Debug-iphonesimulator/TradeFly.build/Objects-normal/arm64/TradeFly.swiftdoc (in target 'TradeFly' from project 'TradeFly')
    cd /Users/rioallen/Documents/DropFly-OS-App-Builder/DropFly-PROJECTS/TradeFly-iOS
    builtin-copy -exclude .DS_Store -exclude CVS -exclude .svn -exclude .git -exclude .hg -resolve-src-symlinks -rename /Users/rioallen/Library/Developer/Xcode/DerivedData/TradeFly-cjeitwgqikminlegqmjwowkwbezn/Build/Intermediates.noindex/TradeFly.build/Debug-iphonesimulator/TradeFly.build/Objects-normal/arm64/TradeFly.swiftdoc /Users/rioallen/Library/Developer/Xcode/DerivedData/TradeFly-cjeitwgqikminlegqmjwowkwbezn/Build/Products/Debug-iphonesimulator/TradeFly.swiftmodule/arm64-apple-ios-simulator.swiftdoc

Copy /Users/rioallen/Library/Developer/Xcode/DerivedData/TradeFly-cjeitwgqikminlegqmjwowkwbezn/Build/Products/Debug-iphonesimulator/TradeFly.swiftmodule/arm64-apple-ios-simulator.abi.json /Users/rioallen/Library/Developer/Xcode/DerivedData/TradeFly-cjeitwgqikminlegqmjwowkwbezn/Build/Intermediates.noindex/TradeFly.build/Debug-iphonesimulator/TradeFly.build/Objects-normal/arm64/TradeFly.abi.json (in target 'TradeFly' from project 'TradeFly')
    cd /Users/rioallen/Documents/DropFly-OS-App-Builder/DropFly-PROJECTS/TradeFly-iOS
    builtin-copy -exclude .DS_Store -exclude CVS -exclude .svn -exclude .git -exclude .hg -resolve-src-symlinks -rename /Users/rioallen/Library/Developer/Xcode/DerivedData/TradeFly-cjeitwgqikminlegqmjwowkwbezn/Build/Intermediates.noindex/TradeFly.build/Debug-iphonesimulator/TradeFly.build/Objects-normal/arm64/TradeFly.abi.json /Users/rioallen/Library/Developer/Xcode/DerivedData/TradeFly-cjeitwgqikminlegqmjwowkwbezn/Build/Products/Debug-iphonesimulator/TradeFly.swiftmodule/arm64-apple-ios-simulator.abi.json

Copy /Users/rioallen/Library/Developer/Xcode/DerivedData/TradeFly-cjeitwgqikminlegqmjwowkwbezn/Build/Products/Debug-iphonesimulator/TradeFly.swiftmodule/Project/arm64-apple-ios-simulator.swiftsourceinfo /Users/rioallen/Library/Developer/Xcode/DerivedData/TradeFly-cjeitwgqikminlegqmjwowkwbezn/Build/Intermediates.noindex/TradeFly.build/Debug-iphonesimulator/TradeFly.build/Objects-normal/arm64/TradeFly.swiftsourceinfo (in target 'TradeFly' from project 'TradeFly')
    cd /Users/rioallen/Documents/DropFly-OS-App-Builder/DropFly-PROJECTS/TradeFly-iOS
    builtin-copy -exclude .DS_Store -exclude CVS -exclude .svn -exclude .git -exclude .hg -resolve-src-symlinks -rename /Users/rioallen/Library/Developer/Xcode/DerivedData/TradeFly-cjeitwgqikminlegqmjwowkwbezn/Build/Intermediates.noindex/TradeFly.build/Debug-iphonesimulator/TradeFly.build/Objects-normal/arm64/TradeFly.swiftsourceinfo /Users/rioallen/Library/Developer/Xcode/DerivedData/TradeFly-cjeitwgqikminlegqmjwowkwbezn/Build/Products/Debug-iphonesimulator/TradeFly.swiftmodule/Project/arm64-apple-ios-simulator.swiftsourceinfo

SwiftDriverJobDiscovery normal arm64 Compiling TradesView.swift (in target 'TradeFly' from project 'TradeFly')

SwiftDriverJobDiscovery normal arm64 Compiling SignalService.swift, SupabaseService.swift (in target 'TradeFly' from project 'TradeFly')

SwiftDriverJobDiscovery normal arm64 Compiling LessonDetailView.swift, MarketStatusBanner.swift (in target 'TradeFly' from project 'TradeFly')

SwiftDriverJobDiscovery normal arm64 Compiling SignalDetailView.swift (in target 'TradeFly' from project 'TradeFly')

SwiftDriverJobDiscovery normal arm64 Compiling SignalsView.swift (in target 'TradeFly' from project 'TradeFly')

SwiftDriverJobDiscovery normal arm64 Compiling HomeView.swift, LearnView.swift (in target 'TradeFly' from project 'TradeFly')

SwiftDriverJobDiscovery normal arm64 Compiling Types.swift (in target 'Auth' from project 'Supabase')

SwiftDriver\ Compilation Auth normal arm64 com.apple.xcode.tools.swift.compiler (in target 'Auth' from project 'Supabase')
    cd /Users/rioallen/Documents/DropFly-OS-App-Builder/DropFly-PROJECTS/TradeFly-iOS/TradeFly.xcodeproj
    builtin-Swift-Compilation -- /Applications/Xcode.app/Contents/Developer/Toolchains/XcodeDefault.xctoolchain/usr/bin/swiftc -module-name Auth -Onone -enforce-exclusivity\=checked @/Users/rioallen/Library/Developer/Xcode/DerivedData/TradeFly-cjeitwgqikminlegqmjwowkwbezn/Build/Intermediates.noindex/Supabase.build/Debug-iphonesimulator/Auth.build/Objects-normal/arm64/Auth.SwiftFileList -DSWIFT_PACKAGE -DDEBUG -DSWIFT_MODULE_RESOURCE_BUNDLE_UNAVAILABLE -DXcode -enable-upcoming-feature ExistentialAny -enable-experimental-feature StrictConcurrency -plugin-path /Applications/Xcode.app/Contents/Developer/Toolchains/XcodeDefault.xctoolchain/usr/lib/swift/host/plugins/testing -enable-experimental-feature DebugDescriptionMacro -sdk /Applications/Xcode.app/Contents/Developer/Platforms/iPhoneSimulator.platform/Developer/SDKs/iPhoneSimulator26.1.sdk -target arm64-apple-ios13.0-simulator -g -module-cache-path /Users/rioallen/Library/Developer/Xcode/DerivedData/ModuleCache.noindex -Xfrontend -serialize-debugging-options -enable-testing -suppress-warnings -index-store-path /Users/rioallen/Library/Developer/Xcode/DerivedData/TradeFly-cjeitwgqikminlegqmjwowkwbezn/Index.noindex/DataStore -Xcc -D_LIBCPP_HARDENING_MODE\=_LIBCPP_HARDENING_MODE_DEBUG -swift-version 5 -I /Users/rioallen/Library/Developer/Xcode/DerivedData/TradeFly-cjeitwgqikminlegqmjwowkwbezn/Build/Products/Debug-iphonesimulator -Isystem /Applications/Xcode.app/Contents/Developer/Platforms/iPhoneSimulator.platform/Developer/usr/lib -F /Users/rioallen/Library/Developer/Xcode/DerivedData/TradeFly-cjeitwgqikminlegqmjwowkwbezn/Build/Products/Debug-iphonesimulator/PackageFrameworks -F /Users/rioallen/Library/Developer/Xcode/DerivedData/TradeFly-cjeitwgqikminlegqmjwowkwbezn/Build/Products/Debug-iphonesimulator/PackageFrameworks -F /Users/rioallen/Library/Developer/Xcode/DerivedData/TradeFly-cjeitwgqikminlegqmjwowkwbezn/Build/Products/Debug-iphonesimulator/PackageFrameworks -F /Users/rioallen/Library/Developer/Xcode/DerivedData/TradeFly-cjeitwgqikminlegqmjwowkwbezn/Build/Products/Debug-iphonesimulator/PackageFrameworks -F /Users/rioallen/Library/Developer/Xcode/DerivedData/TradeFly-cjeitwgqikminlegqmjwowkwbezn/Build/Products/Debug-iphonesimulator/PackageFrameworks -F /Users/rioallen/Library/Developer/Xcode/DerivedData/TradeFly-cjeitwgqikminlegqmjwowkwbezn/Build/Products/Debug-iphonesimulator/PackageFrameworks -F /Users/rioallen/Library/Developer/Xcode/DerivedData/TradeFly-cjeitwgqikminlegqmjwowkwbezn/Build/Products/Debug-iphonesimulator/PackageFrameworks -F /Users/rioallen/Library/Developer/Xcode/DerivedData/TradeFly-cjeitwgqikminlegqmjwowkwbezn/Build/Products/Debug-iphonesimulator/PackageFrameworks -F /Users/rioallen/Library/Developer/Xcode/DerivedData/TradeFly-cjeitwgqikminlegqmjwowkwbezn/Build/Products/Debug-iphonesimulator -F /Applications/Xcode.app/Contents/Developer/Platforms/iPhoneSimulator.platform/Developer/Library/Frameworks -F /Applications/Xcode.app/Contents/Developer/Platforms/iPhoneSimulator.platform/Developer/SDKs/iPhoneSimulator26.1.sdk/Developer/Library/Frameworks -c -j16 -enable-batch-mode -incremental -Xcc -ivfsstatcache -Xcc /Users/rioallen/Library/Developer/Xcode/DerivedData/SDKStatCaches.noindex/iphonesimulator26.1-23B77-90cf18a4295e390e64c810bc6bd7acbc.sdkstatcache -output-file-map /Users/rioallen/Library/Developer/Xcode/DerivedData/TradeFly-cjeitwgqikminlegqmjwowkwbezn/Build/Intermediates.noindex/Supabase.build/Debug-iphonesimulator/Auth.build/Objects-normal/arm64/Auth-OutputFileMap.json -use-frontend-parseable-output -save-temps -no-color-diagnostics -explicit-module-build -module-cache-path /Users/rioallen/Library/Developer/Xcode/DerivedData/TradeFly-cjeitwgqikminlegqmjwowkwbezn/Build/Intermediates.noindex/SwiftExplicitPrecompiledModules -clang-scanner-module-cache-path /Users/rioallen/Library/Developer/Xcode/DerivedData/ModuleCache.noindex -sdk-module-cache-path /Users/rioallen/Library/Developer/Xcode/DerivedData/ModuleCache.noindex -serialize-diagnostics -emit-dependencies -emit-module -emit-module-path /Users/rioallen/Library/Developer/Xcode/DerivedData/TradeFly-cjeitwgqikminlegqmjwowkwbezn/Build/Intermediates.noindex/Supabase.build/Debug-iphonesimulator/Auth.build/Objects-normal/arm64/Auth.swiftmodule -validate-clang-modules-once -clang-build-session-file /Users/rioallen/Library/Developer/Xcode/DerivedData/ModuleCache.noindex/Session.modulevalidation -package-name supabase_swift -Xcc -I/Users/rioallen/Library/Developer/Xcode/DerivedData/TradeFly-cjeitwgqikminlegqmjwowkwbezn/Build/Intermediates.noindex/Supabase.build/Debug-iphonesimulator/Auth.build/swift-overrides.hmap -emit-const-values -Xfrontend -const-gather-protocols-file -Xfrontend /Users/rioallen/Library/Developer/Xcode/DerivedData/TradeFly-cjeitwgqikminlegqmjwowkwbezn/Build/Intermediates.noindex/Supabase.build/Debug-iphonesimulator/Auth.build/Objects-normal/arm64/Auth_const_extract_protocols.json -Xcc -I/Users/rioallen/Library/Developer/Xcode/DerivedData/TradeFly-cjeitwgqikminlegqmjwowkwbezn/Build/Products/Debug-iphonesimulator/include -Xcc -I/Users/rioallen/Library/Developer/Xcode/DerivedData/TradeFly-cjeitwgqikminlegqmjwowkwbezn/Build/Intermediates.noindex/Supabase.build/Debug-iphonesimulator/Auth.build/DerivedSources-normal/arm64 -Xcc -I/Users/rioallen/Library/Developer/Xcode/DerivedData/TradeFly-cjeitwgqikminlegqmjwowkwbezn/Build/Intermediates.noindex/Supabase.build/Debug-iphonesimulator/Auth.build/DerivedSources/arm64 -Xcc -I/Users/rioallen/Library/Developer/Xcode/DerivedData/TradeFly-cjeitwgqikminlegqmjwowkwbezn/Build/Intermediates.noindex/Supabase.build/Debug-iphonesimulator/Auth.build/DerivedSources -Xcc -DSWIFT_PACKAGE -Xcc -DDEBUG\=1 -emit-objc-header -emit-objc-header-path /Users/rioallen/Library/Developer/Xcode/DerivedData/TradeFly-cjeitwgqikminlegqmjwowkwbezn/Build/Intermediates.noindex/Supabase.build/Debug-iphonesimulator/Auth.build/Objects-normal/arm64/Auth-Swift.h -working-directory /Users/rioallen/Documents/DropFly-OS-App-Builder/DropFly-PROJECTS/TradeFly-iOS/TradeFly.xcodeproj -experimental-emit-module-separately -disable-cmo

Ld /Users/rioallen/Library/Developer/Xcode/DerivedData/TradeFly-cjeitwgqikminlegqmjwowkwbezn/Build/Products/Debug-iphonesimulator/Auth.o normal (in target 'Auth' from project 'Supabase')
    cd /Users/rioallen/Library/Developer/Xcode/DerivedData/TradeFly-cjeitwgqikminlegqmjwowkwbezn/SourcePackages/checkouts/supabase-swift
    /Applications/Xcode.app/Contents/Developer/Toolchains/XcodeDefault.xctoolchain/usr/bin/clang -Xlinker -reproducible -target arm64-apple-ios13.0-simulator -r -isysroot /Applications/Xcode.app/Contents/Developer/Platforms/iPhoneSimulator.platform/Developer/SDKs/iPhoneSimulator26.1.sdk -O0 -w -L/Users/rioallen/Library/Developer/Xcode/DerivedData/TradeFly-cjeitwgqikminlegqmjwowkwbezn/Build/Intermediates.noindex/EagerLinkingTBDs/Debug-iphonesimulator -L/Users/rioallen/Library/Developer/Xcode/DerivedData/TradeFly-cjeitwgqikminlegqmjwowkwbezn/Build/Products/Debug-iphonesimulator -L/Applications/Xcode.app/Contents/Developer/Platforms/iPhoneSimulator.platform/Developer/usr/lib -F/Users/rioallen/Library/Developer/Xcode/DerivedData/TradeFly-cjeitwgqikminlegqmjwowkwbezn/Build/Intermediates.noindex/EagerLinkingTBDs/Debug-iphonesimulator -F/Users/rioallen/Library/Developer/Xcode/DerivedData/TradeFly-cjeitwgqikminlegqmjwowkwbezn/Build/Products/Debug-iphonesimulator/PackageFrameworks -F/Users/rioallen/Library/Developer/Xcode/DerivedData/TradeFly-cjeitwgqikminlegqmjwowkwbezn/Build/Products/Debug-iphonesimulator/PackageFrameworks -F/Users/rioallen/Library/Developer/Xcode/DerivedData/TradeFly-cjeitwgqikminlegqmjwowkwbezn/Build/Products/Debug-iphonesimulator/PackageFrameworks -F/Users/rioallen/Library/Developer/Xcode/DerivedData/TradeFly-cjeitwgqikminlegqmjwowkwbezn/Build/Products/Debug-iphonesimulator/PackageFrameworks -F/Users/rioallen/Library/Developer/Xcode/DerivedData/TradeFly-cjeitwgqikminlegqmjwowkwbezn/Build/Products/Debug-iphonesimulator/PackageFrameworks -F/Users/rioallen/Library/Developer/Xcode/DerivedData/TradeFly-cjeitwgqikminlegqmjwowkwbezn/Build/Products/Debug-iphonesimulator/PackageFrameworks -F/Users/rioallen/Library/Developer/Xcode/DerivedData/TradeFly-cjeitwgqikminlegqmjwowkwbezn/Build/Products/Debug-iphonesimulator/PackageFrameworks -F/Users/rioallen/Library/Developer/Xcode/DerivedData/TradeFly-cjeitwgqikminlegqmjwowkwbezn/Build/Products/Debug-iphonesimulator/PackageFrameworks -F/Users/rioallen/Library/Developer/Xcode/DerivedData/TradeFly-cjeitwgqikminlegqmjwowkwbezn/Build/Products/Debug-iphonesimulator -iframework /Applications/Xcode.app/Contents/Developer/Platforms/iPhoneSimulator.platform/Developer/Library/Frameworks -iframework /Applications/Xcode.app/Contents/Developer/Platforms/iPhoneSimulator.platform/Developer/SDKs/iPhoneSimulator26.1.sdk/Developer/Library/Frameworks -filelist /Users/rioallen/Library/Developer/Xcode/DerivedData/TradeFly-cjeitwgqikminlegqmjwowkwbezn/Build/Intermediates.noindex/Supabase.build/Debug-iphonesimulator/Auth.build/Objects-normal/arm64/Auth.LinkFileList -nostdlib -Xlinker -object_path_lto -Xlinker /Users/rioallen/Library/Developer/Xcode/DerivedData/TradeFly-cjeitwgqikminlegqmjwowkwbezn/Build/Intermediates.noindex/Supabase.build/Debug-iphonesimulator/Auth.build/Objects-normal/arm64/Auth_lto.o -rdynamic -Xlinker -no_deduplicate -Xlinker -objc_abi_version -Xlinker 2 -Xlinker -dependency_info -Xlinker /Users/rioallen/Library/Developer/Xcode/DerivedData/TradeFly-cjeitwgqikminlegqmjwowkwbezn/Build/Intermediates.noindex/Supabase.build/Debug-iphonesimulator/Auth.build/Objects-normal/arm64/Auth_dependency_info.dat -fobjc-link-runtime -L/Applications/Xcode.app/Contents/Developer/Toolchains/XcodeDefault.xctoolchain/usr/lib/swift/iphonesimulator -L/usr/lib/swift -Xlinker -add_ast_path -Xlinker /Users/rioallen/Library/Developer/Xcode/DerivedData/TradeFly-cjeitwgqikminlegqmjwowkwbezn/Build/Intermediates.noindex/Supabase.build/Debug-iphonesimulator/Auth.build/Objects-normal/arm64/Auth.swiftmodule @/Users/rioallen/Library/Developer/Xcode/DerivedData/TradeFly-cjeitwgqikminlegqmjwowkwbezn/Build/Intermediates.noindex/Supabase.build/Debug-iphonesimulator/Auth.build/Objects-normal/arm64/Auth-linker-args.resp -o /Users/rioallen/Library/Developer/Xcode/DerivedData/TradeFly-cjeitwgqikminlegqmjwowkwbezn/Build/Products/Debug-iphonesimulator/Auth.o

SwiftDriverJobDiscovery normal arm64 Compiling ChartView.swift, ContentView.swift (in target 'TradeFly' from project 'TradeFly')

ExtractAppIntentsMetadata (in target 'Auth' from project 'Supabase')
    cd /Users/rioallen/Library/Developer/Xcode/DerivedData/TradeFly-cjeitwgqikminlegqmjwowkwbezn/SourcePackages/checkouts/supabase-swift
    /Applications/Xcode.app/Contents/Developer/Toolchains/XcodeDefault.xctoolchain/usr/bin/appintentsmetadataprocessor --toolchain-dir /Applications/Xcode.app/Contents/Developer/Toolchains/XcodeDefault.xctoolchain --module-name Auth --sdk-root /Applications/Xcode.app/Contents/Developer/Platforms/iPhoneSimulator.platform/Developer/SDKs/iPhoneSimulator26.1.sdk --xcode-version 17B100 --platform-family iOS --deployment-target 13.0 --bundle-identifier supabase-swift.Auth --output /Users/rioallen/Library/Developer/Xcode/DerivedData/TradeFly-cjeitwgqikminlegqmjwowkwbezn/Build/Products/Debug-iphonesimulator/Auth.appintents --target-triple arm64-apple-ios13.0-simulator --binary-file /Users/rioallen/Library/Developer/Xcode/DerivedData/TradeFly-cjeitwgqikminlegqmjwowkwbezn/Build/Products/Debug-iphonesimulator/Auth.o --dependency-file /Users/rioallen/Library/Developer/Xcode/DerivedData/TradeFly-cjeitwgqikminlegqmjwowkwbezn/Build/Intermediates.noindex/Supabase.build/Debug-iphonesimulator/Auth.build/Objects-normal/arm64/Auth_dependency_info.dat --stringsdata-file /Users/rioallen/Library/Developer/Xcode/DerivedData/TradeFly-cjeitwgqikminlegqmjwowkwbezn/Build/Intermediates.noindex/Supabase.build/Debug-iphonesimulator/Auth.build/Objects-normal/arm64/ExtractedAppShortcutsMetadata.stringsdata --source-file-list /Users/rioallen/Library/Developer/Xcode/DerivedData/TradeFly-cjeitwgqikminlegqmjwowkwbezn/Build/Intermediates.noindex/Supabase.build/Debug-iphonesimulator/Auth.build/Objects-normal/arm64/Auth.SwiftFileList --metadata-file-list /Users/rioallen/Library/Developer/Xcode/DerivedData/TradeFly-cjeitwgqikminlegqmjwowkwbezn/Build/Intermediates.noindex/Supabase.build/Debug-iphonesimulator/Auth.build/Auth.DependencyMetadataFileList --static-metadata-file-list /Users/rioallen/Library/Developer/Xcode/DerivedData/TradeFly-cjeitwgqikminlegqmjwowkwbezn/Build/Intermediates.noindex/Supabase.build/Debug-iphonesimulator/Auth.build/Auth.DependencyStaticMetadataFileList --swift-const-vals-list /Users/rioallen/Library/Developer/Xcode/DerivedData/TradeFly-cjeitwgqikminlegqmjwowkwbezn/Build/Intermediates.noindex/Supabase.build/Debug-iphonesimulator/Auth.build/Objects-normal/arm64/Auth.SwiftConstValuesFileList --force --compile-time-extraction --deployment-aware-processing --validate-assistant-intents --no-app-shortcuts-localization
2025-12-04 00:32:57.477 appintentsmetadataprocessor[45367:7893556] Starting appintentsmetadataprocessor export
2025-12-04 00:32:57.563 appintentsmetadataprocessor[45367:7893556] Extracted no relevant App Intents symbols, skipping writing output

SwiftDriverJobDiscovery normal arm64 Compiling AuthView.swift, OnboardingFlow.swift (in target 'TradeFly' from project 'TradeFly')

RegisterExecutionPolicyException /Users/rioallen/Library/Developer/Xcode/DerivedData/TradeFly-cjeitwgqikminlegqmjwowkwbezn/Build/Products/Debug-iphonesimulator/Auth.o (in target 'Auth' from project 'Supabase')
    cd /Users/rioallen/Library/Developer/Xcode/DerivedData/TradeFly-cjeitwgqikminlegqmjwowkwbezn/SourcePackages/checkouts/supabase-swift
    builtin-RegisterExecutionPolicyException /Users/rioallen/Library/Developer/Xcode/DerivedData/TradeFly-cjeitwgqikminlegqmjwowkwbezn/Build/Products/Debug-iphonesimulator/Auth.o

Ld /Users/rioallen/Library/Developer/Xcode/DerivedData/TradeFly-cjeitwgqikminlegqmjwowkwbezn/Build/Products/Debug-iphonesimulator/Supabase.o normal (in target 'Supabase' from project 'Supabase')
    cd /Users/rioallen/Library/Developer/Xcode/DerivedData/TradeFly-cjeitwgqikminlegqmjwowkwbezn/SourcePackages/checkouts/supabase-swift
    /Applications/Xcode.app/Contents/Developer/Toolchains/XcodeDefault.xctoolchain/usr/bin/clang -Xlinker -reproducible -target arm64-apple-ios13.0-simulator -r -isysroot /Applications/Xcode.app/Contents/Developer/Platforms/iPhoneSimulator.platform/Developer/SDKs/iPhoneSimulator26.1.sdk -O0 -w -L/Users/rioallen/Library/Developer/Xcode/DerivedData/TradeFly-cjeitwgqikminlegqmjwowkwbezn/Build/Intermediates.noindex/EagerLinkingTBDs/Debug-iphonesimulator -L/Users/rioallen/Library/Developer/Xcode/DerivedData/TradeFly-cjeitwgqikminlegqmjwowkwbezn/Build/Products/Debug-iphonesimulator -L/Applications/Xcode.app/Contents/Developer/Platforms/iPhoneSimulator.platform/Developer/usr/lib -F/Users/rioallen/Library/Developer/Xcode/DerivedData/TradeFly-cjeitwgqikminlegqmjwowkwbezn/Build/Intermediates.noindex/EagerLinkingTBDs/Debug-iphonesimulator -F/Users/rioallen/Library/Developer/Xcode/DerivedData/TradeFly-cjeitwgqikminlegqmjwowkwbezn/Build/Products/Debug-iphonesimulator/PackageFrameworks -F/Users/rioallen/Library/Developer/Xcode/DerivedData/TradeFly-cjeitwgqikminlegqmjwowkwbezn/Build/Products/Debug-iphonesimulator/PackageFrameworks -F/Users/rioallen/Library/Developer/Xcode/DerivedData/TradeFly-cjeitwgqikminlegqmjwowkwbezn/Build/Products/Debug-iphonesimulator/PackageFrameworks -F/Users/rioallen/Library/Developer/Xcode/DerivedData/TradeFly-cjeitwgqikminlegqmjwowkwbezn/Build/Products/Debug-iphonesimulator/PackageFrameworks -F/Users/rioallen/Library/Developer/Xcode/DerivedData/TradeFly-cjeitwgqikminlegqmjwowkwbezn/Build/Products/Debug-iphonesimulator/PackageFrameworks -F/Users/rioallen/Library/Developer/Xcode/DerivedData/TradeFly-cjeitwgqikminlegqmjwowkwbezn/Build/Products/Debug-iphonesimulator/PackageFrameworks -F/Users/rioallen/Library/Developer/Xcode/DerivedData/TradeFly-cjeitwgqikminlegqmjwowkwbezn/Build/Products/Debug-iphonesimulator/PackageFrameworks -F/Users/rioallen/Library/Developer/Xcode/DerivedData/TradeFly-cjeitwgqikminlegqmjwowkwbezn/Build/Products/Debug-iphonesimulator/PackageFrameworks -F/Users/rioallen/Library/Developer/Xcode/DerivedData/TradeFly-cjeitwgqikminlegqmjwowkwbezn/Build/Products/Debug-iphonesimulator/PackageFrameworks -F/Users/rioallen/Library/Developer/Xcode/DerivedData/TradeFly-cjeitwgqikminlegqmjwowkwbezn/Build/Products/Debug-iphonesimulator/PackageFrameworks -F/Users/rioallen/Library/Developer/Xcode/DerivedData/TradeFly-cjeitwgqikminlegqmjwowkwbezn/Build/Products/Debug-iphonesimulator/PackageFrameworks -F/Users/rioallen/Library/Developer/Xcode/DerivedData/TradeFly-cjeitwgqikminlegqmjwowkwbezn/Build/Products/Debug-iphonesimulator/PackageFrameworks -F/Users/rioallen/Library/Developer/Xcode/DerivedData/TradeFly-cjeitwgqikminlegqmjwowkwbezn/Build/Products/Debug-iphonesimulator/PackageFrameworks -F/Users/rioallen/Library/Developer/Xcode/DerivedData/TradeFly-cjeitwgqikminlegqmjwowkwbezn/Build/Products/Debug-iphonesimulator -iframework /Applications/Xcode.app/Contents/Developer/Platforms/iPhoneSimulator.platform/Developer/Library/Frameworks -iframework /Applications/Xcode.app/Contents/Developer/Platforms/iPhoneSimulator.platform/Developer/SDKs/iPhoneSimulator26.1.sdk/Developer/Library/Frameworks -filelist /Users/rioallen/Library/Developer/Xcode/DerivedData/TradeFly-cjeitwgqikminlegqmjwowkwbezn/Build/Intermediates.noindex/Supabase.build/Debug-iphonesimulator/Supabase.build/Objects-normal/arm64/Supabase.LinkFileList -nostdlib -Xlinker -object_path_lto -Xlinker /Users/rioallen/Library/Developer/Xcode/DerivedData/TradeFly-cjeitwgqikminlegqmjwowkwbezn/Build/Intermediates.noindex/Supabase.build/Debug-iphonesimulator/Supabase.build/Objects-normal/arm64/Supabase_lto.o -rdynamic -Xlinker -no_deduplicate -Xlinker -objc_abi_version -Xlinker 2 -Xlinker -dependency_info -Xlinker /Users/rioallen/Library/Developer/Xcode/DerivedData/TradeFly-cjeitwgqikminlegqmjwowkwbezn/Build/Intermediates.noindex/Supabase.build/Debug-iphonesimulator/Supabase.build/Objects-normal/arm64/Supabase_dependency_info.dat -fobjc-link-runtime -L/Applications/Xcode.app/Contents/Developer/Toolchains/XcodeDefault.xctoolchain/usr/lib/swift/iphonesimulator -L/usr/lib/swift -Xlinker -add_ast_path -Xlinker /Users/rioallen/Library/Developer/Xcode/DerivedData/TradeFly-cjeitwgqikminlegqmjwowkwbezn/Build/Intermediates.noindex/Supabase.build/Debug-iphonesimulator/Supabase.build/Objects-normal/arm64/Supabase.swiftmodule @/Users/rioallen/Library/Developer/Xcode/DerivedData/TradeFly-cjeitwgqikminlegqmjwowkwbezn/Build/Intermediates.noindex/Supabase.build/Debug-iphonesimulator/Supabase.build/Objects-normal/arm64/Supabase-linker-args.resp -o /Users/rioallen/Library/Developer/Xcode/DerivedData/TradeFly-cjeitwgqikminlegqmjwowkwbezn/Build/Products/Debug-iphonesimulator/Supabase.o

ExtractAppIntentsMetadata (in target 'Supabase' from project 'Supabase')
    cd /Users/rioallen/Library/Developer/Xcode/DerivedData/TradeFly-cjeitwgqikminlegqmjwowkwbezn/SourcePackages/checkouts/supabase-swift
    /Applications/Xcode.app/Contents/Developer/Toolchains/XcodeDefault.xctoolchain/usr/bin/appintentsmetadataprocessor --toolchain-dir /Applications/Xcode.app/Contents/Developer/Toolchains/XcodeDefault.xctoolchain --module-name Supabase --sdk-root /Applications/Xcode.app/Contents/Developer/Platforms/iPhoneSimulator.platform/Developer/SDKs/iPhoneSimulator26.1.sdk --xcode-version 17B100 --platform-family iOS --deployment-target 13.0 --bundle-identifier supabase-swift.Supabase --output /Users/rioallen/Library/Developer/Xcode/DerivedData/TradeFly-cjeitwgqikminlegqmjwowkwbezn/Build/Products/Debug-iphonesimulator/Supabase.appintents --target-triple arm64-apple-ios13.0-simulator --binary-file /Users/rioallen/Library/Developer/Xcode/DerivedData/TradeFly-cjeitwgqikminlegqmjwowkwbezn/Build/Products/Debug-iphonesimulator/Supabase.o --dependency-file /Users/rioallen/Library/Developer/Xcode/DerivedData/TradeFly-cjeitwgqikminlegqmjwowkwbezn/Build/Intermediates.noindex/Supabase.build/Debug-iphonesimulator/Supabase.build/Objects-normal/arm64/Supabase_dependency_info.dat --stringsdata-file /Users/rioallen/Library/Developer/Xcode/DerivedData/TradeFly-cjeitwgqikminlegqmjwowkwbezn/Build/Intermediates.noindex/Supabase.build/Debug-iphonesimulator/Supabase.build/Objects-normal/arm64/ExtractedAppShortcutsMetadata.stringsdata --source-file-list /Users/rioallen/Library/Developer/Xcode/DerivedData/TradeFly-cjeitwgqikminlegqmjwowkwbezn/Build/Intermediates.noindex/Supabase.build/Debug-iphonesimulator/Supabase.build/Objects-normal/arm64/Supabase.SwiftFileList --metadata-file-list /Users/rioallen/Library/Developer/Xcode/DerivedData/TradeFly-cjeitwgqikminlegqmjwowkwbezn/Build/Intermediates.noindex/Supabase.build/Debug-iphonesimulator/Supabase.build/Supabase.DependencyMetadataFileList --static-metadata-file-list /Users/rioallen/Library/Developer/Xcode/DerivedData/TradeFly-cjeitwgqikminlegqmjwowkwbezn/Build/Intermediates.noindex/Supabase.build/Debug-iphonesimulator/Supabase.build/Supabase.DependencyStaticMetadataFileList --swift-const-vals-list /Users/rioallen/Library/Developer/Xcode/DerivedData/TradeFly-cjeitwgqikminlegqmjwowkwbezn/Build/Intermediates.noindex/Supabase.build/Debug-iphonesimulator/Supabase.build/Objects-normal/arm64/Supabase.SwiftConstValuesFileList --force --compile-time-extraction --deployment-aware-processing --validate-assistant-intents --no-app-shortcuts-localization
2025-12-04 00:32:57.619 appintentsmetadataprocessor[45393:7893629] Starting appintentsmetadataprocessor export
2025-12-04 00:32:57.720 appintentsmetadataprocessor[45393:7893629] Extracted no relevant App Intents symbols, skipping writing output

SwiftDriverJobDiscovery normal arm64 Compiling MarketsView.swift, SettingsView.swift (in target 'TradeFly' from project 'TradeFly')

RegisterExecutionPolicyException /Users/rioallen/Library/Developer/Xcode/DerivedData/TradeFly-cjeitwgqikminlegqmjwowkwbezn/Build/Products/Debug-iphonesimulator/Supabase.o (in target 'Supabase' from project 'Supabase')
    cd /Users/rioallen/Library/Developer/Xcode/DerivedData/TradeFly-cjeitwgqikminlegqmjwowkwbezn/SourcePackages/checkouts/supabase-swift
    builtin-RegisterExecutionPolicyException /Users/rioallen/Library/Developer/Xcode/DerivedData/TradeFly-cjeitwgqikminlegqmjwowkwbezn/Build/Products/Debug-iphonesimulator/Supabase.o

Ld /Users/rioallen/Library/Developer/Xcode/DerivedData/TradeFly-cjeitwgqikminlegqmjwowkwbezn/Build/Products/Debug-iphonesimulator/TradeFly.app/__preview.dylib normal (in target 'TradeFly' from project 'TradeFly')
    cd /Users/rioallen/Documents/DropFly-OS-App-Builder/DropFly-PROJECTS/TradeFly-iOS
    /Applications/Xcode.app/Contents/Developer/Toolchains/XcodeDefault.xctoolchain/usr/bin/clang -Xlinker -reproducible -target arm64-apple-ios17.0-simulator -dynamiclib -isysroot /Applications/Xcode.app/Contents/Developer/Platforms/iPhoneSimulator.platform/Developer/SDKs/iPhoneSimulator26.1.sdk -O0 -L/Users/rioallen/Library/Developer/Xcode/DerivedData/TradeFly-cjeitwgqikminlegqmjwowkwbezn/Build/Products/Debug-iphonesimulator -F/Users/rioallen/Library/Developer/Xcode/DerivedData/TradeFly-cjeitwgqikminlegqmjwowkwbezn/Build/Products/Debug-iphonesimulator/PackageFrameworks -F/Users/rioallen/Library/Developer/Xcode/DerivedData/TradeFly-cjeitwgqikminlegqmjwowkwbezn/Build/Products/Debug-iphonesimulator/PackageFrameworks -F/Users/rioallen/Library/Developer/Xcode/DerivedData/TradeFly-cjeitwgqikminlegqmjwowkwbezn/Build/Products/Debug-iphonesimulator/PackageFrameworks -F/Users/rioallen/Library/Developer/Xcode/DerivedData/TradeFly-cjeitwgqikminlegqmjwowkwbezn/Build/Products/Debug-iphonesimulator/PackageFrameworks -F/Users/rioallen/Library/Developer/Xcode/DerivedData/TradeFly-cjeitwgqikminlegqmjwowkwbezn/Build/Products/Debug-iphonesimulator/PackageFrameworks -F/Users/rioallen/Library/Developer/Xcode/DerivedData/TradeFly-cjeitwgqikminlegqmjwowkwbezn/Build/Products/Debug-iphonesimulator/PackageFrameworks -F/Users/rioallen/Library/Developer/Xcode/DerivedData/TradeFly-cjeitwgqikminlegqmjwowkwbezn/Build/Products/Debug-iphonesimulator/PackageFrameworks -F/Users/rioallen/Library/Developer/Xcode/DerivedData/TradeFly-cjeitwgqikminlegqmjwowkwbezn/Build/Products/Debug-iphonesimulator/PackageFrameworks -F/Users/rioallen/Library/Developer/Xcode/DerivedData/TradeFly-cjeitwgqikminlegqmjwowkwbezn/Build/Products/Debug-iphonesimulator/PackageFrameworks -F/Users/rioallen/Library/Developer/Xcode/DerivedData/TradeFly-cjeitwgqikminlegqmjwowkwbezn/Build/Products/Debug-iphonesimulator/PackageFrameworks -F/Users/rioallen/Library/Developer/Xcode/DerivedData/TradeFly-cjeitwgqikminlegqmjwowkwbezn/Build/Products/Debug-iphonesimulator/PackageFrameworks -F/Users/rioallen/Library/Developer/Xcode/DerivedData/TradeFly-cjeitwgqikminlegqmjwowkwbezn/Build/Products/Debug-iphonesimulator/PackageFrameworks -F/Users/rioallen/Library/Developer/Xcode/DerivedData/TradeFly-cjeitwgqikminlegqmjwowkwbezn/Build/Products/Debug-iphonesimulator/PackageFrameworks -F/Users/rioallen/Library/Developer/Xcode/DerivedData/TradeFly-cjeitwgqikminlegqmjwowkwbezn/Build/Products/Debug-iphonesimulator/PackageFrameworks -F/Users/rioallen/Library/Developer/Xcode/DerivedData/TradeFly-cjeitwgqikminlegqmjwowkwbezn/Build/Products/Debug-iphonesimulator -install_name @rpath/TradeFly.debug.dylib -dead_strip -rdynamic -Xlinker -no_deduplicate -Xlinker -objc_abi_version -Xlinker 2 -Xlinker -dependency_info -Xlinker /Users/rioallen/Library/Developer/Xcode/DerivedData/TradeFly-cjeitwgqikminlegqmjwowkwbezn/Build/Intermediates.noindex/TradeFly.build/Debug-iphonesimulator/TradeFly.build/Objects-normal/arm64/TradeFly_dependency_info.dat -Xlinker -sectcreate -Xlinker __TEXT -Xlinker __entitlements -Xlinker /Users/rioallen/Library/Developer/Xcode/DerivedData/TradeFly-cjeitwgqikminlegqmjwowkwbezn/Build/Intermediates.noindex/TradeFly.build/Debug-iphonesimulator/TradeFly.build/TradeFly.app-Simulated.xcent -Xlinker -sectcreate -Xlinker __TEXT -Xlinker __ents_der -Xlinker /Users/rioallen/Library/Developer/Xcode/DerivedData/TradeFly-cjeitwgqikminlegqmjwowkwbezn/Build/Intermediates.noindex/TradeFly.build/Debug-iphonesimulator/TradeFly.build/TradeFly.app-Simulated.xcent.der -Xlinker -no_adhoc_codesign -o /Users/rioallen/Library/Developer/Xcode/DerivedData/TradeFly-cjeitwgqikminlegqmjwowkwbezn/Build/Products/Debug-iphonesimulator/TradeFly.app/__preview.dylib

Copy /Users/rioallen/Library/Developer/Xcode/DerivedData/TradeFly-cjeitwgqikminlegqmjwowkwbezn/Build/Products/Debug-iphonesimulator/TradeFly.app/swift-crypto_Crypto.bundle /Users/rioallen/Library/Developer/Xcode/DerivedData/TradeFly-cjeitwgqikminlegqmjwowkwbezn/Build/Products/Debug-iphonesimulator/swift-crypto_Crypto.bundle (in target 'TradeFly' from project 'TradeFly')
    cd /Users/rioallen/Documents/DropFly-OS-App-Builder/DropFly-PROJECTS/TradeFly-iOS
    builtin-copy -exclude .DS_Store -exclude CVS -exclude .svn -exclude .git -exclude .hg -resolve-src-symlinks /Users/rioallen/Library/Developer/Xcode/DerivedData/TradeFly-cjeitwgqikminlegqmjwowkwbezn/Build/Products/Debug-iphonesimulator/swift-crypto_Crypto.bundle /Users/rioallen/Library/Developer/Xcode/DerivedData/TradeFly-cjeitwgqikminlegqmjwowkwbezn/Build/Products/Debug-iphonesimulator/TradeFly.app

SwiftDriverJobDiscovery normal arm64 Compiling AdvancedChartView.swift, ChartsTabView.swift (in target 'TradeFly' from project 'TradeFly')

SwiftDriver\ Compilation TradeFly normal arm64 com.apple.xcode.tools.swift.compiler (in target 'TradeFly' from project 'TradeFly')
    cd /Users/rioallen/Documents/DropFly-OS-App-Builder/DropFly-PROJECTS/TradeFly-iOS
    builtin-Swift-Compilation -- /Applications/Xcode.app/Contents/Developer/Toolchains/XcodeDefault.xctoolchain/usr/bin/swiftc -module-name TradeFly -Onone -enforce-exclusivity\=checked @/Users/rioallen/Library/Developer/Xcode/DerivedData/TradeFly-cjeitwgqikminlegqmjwowkwbezn/Build/Intermediates.noindex/TradeFly.build/Debug-iphonesimulator/TradeFly.build/Objects-normal/arm64/TradeFly.SwiftFileList -DDEBUG -default-isolation\=MainActor -enable-bare-slash-regex -enable-upcoming-feature DisableOutwardActorInference -enable-upcoming-feature InferSendableFromCaptures -enable-upcoming-feature GlobalActorIsolatedTypesUsability -enable-upcoming-feature MemberImportVisibility -enable-upcoming-feature InferIsolatedConformances -enable-upcoming-feature NonisolatedNonsendingByDefault -enable-experimental-feature DebugDescriptionMacro -sdk /Applications/Xcode.app/Contents/Developer/Platforms/iPhoneSimulator.platform/Developer/SDKs/iPhoneSimulator26.1.sdk -target arm64-apple-ios17.0-simulator -g -module-cache-path /Users/rioallen/Library/Developer/Xcode/DerivedData/ModuleCache.noindex -Xfrontend -serialize-debugging-options -enable-testing -index-store-path /Users/rioallen/Library/Developer/Xcode/DerivedData/TradeFly-cjeitwgqikminlegqmjwowkwbezn/Index.noindex/DataStore -Xcc -D_LIBCPP_HARDENING_MODE\=_LIBCPP_HARDENING_MODE_DEBUG -swift-version 5 -I /Users/rioallen/Library/Developer/Xcode/DerivedData/TradeFly-cjeitwgqikminlegqmjwowkwbezn/Build/Products/Debug-iphonesimulator -F /Users/rioallen/Library/Developer/Xcode/DerivedData/TradeFly-cjeitwgqikminlegqmjwowkwbezn/Build/Products/Debug-iphonesimulator/PackageFrameworks -F /Users/rioallen/Library/Developer/Xcode/DerivedData/TradeFly-cjeitwgqikminlegqmjwowkwbezn/Build/Products/Debug-iphonesimulator/PackageFrameworks -F /Users/rioallen/Library/Developer/Xcode/DerivedData/TradeFly-cjeitwgqikminlegqmjwowkwbezn/Build/Products/Debug-iphonesimulator/PackageFrameworks -F /Users/rioallen/Library/Developer/Xcode/DerivedData/TradeFly-cjeitwgqikminlegqmjwowkwbezn/Build/Products/Debug-iphonesimulator/PackageFrameworks -F /Users/rioallen/Library/Developer/Xcode/DerivedData/TradeFly-cjeitwgqikminlegqmjwowkwbezn/Build/Products/Debug-iphonesimulator/PackageFrameworks -F /Users/rioallen/Library/Developer/Xcode/DerivedData/TradeFly-cjeitwgqikminlegqmjwowkwbezn/Build/Products/Debug-iphonesimulator/PackageFrameworks -F /Users/rioallen/Library/Developer/Xcode/DerivedData/TradeFly-cjeitwgqikminlegqmjwowkwbezn/Build/Products/Debug-iphonesimulator/PackageFrameworks -F /Users/rioallen/Library/Developer/Xcode/DerivedData/TradeFly-cjeitwgqikminlegqmjwowkwbezn/Build/Products/Debug-iphonesimulator/PackageFrameworks -F /Users/rioallen/Library/Developer/Xcode/DerivedData/TradeFly-cjeitwgqikminlegqmjwowkwbezn/Build/Products/Debug-iphonesimulator/PackageFrameworks -F /Users/rioallen/Library/Developer/Xcode/DerivedData/TradeFly-cjeitwgqikminlegqmjwowkwbezn/Build/Products/Debug-iphonesimulator/PackageFrameworks -F /Users/rioallen/Library/Developer/Xcode/DerivedData/TradeFly-cjeitwgqikminlegqmjwowkwbezn/Build/Products/Debug-iphonesimulator/PackageFrameworks -F /Users/rioallen/Library/Developer/Xcode/DerivedData/TradeFly-cjeitwgqikminlegqmjwowkwbezn/Build/Products/Debug-iphonesimulator/PackageFrameworks -F /Users/rioallen/Library/Developer/Xcode/DerivedData/TradeFly-cjeitwgqikminlegqmjwowkwbezn/Build/Products/Debug-iphonesimulator/PackageFrameworks -F /Users/rioallen/Library/Developer/Xcode/DerivedData/TradeFly-cjeitwgqikminlegqmjwowkwbezn/Build/Products/Debug-iphonesimulator/PackageFrameworks -F /Users/rioallen/Library/Developer/Xcode/DerivedData/TradeFly-cjeitwgqikminlegqmjwowkwbezn/Build/Products/Debug-iphonesimulator -emit-localized-strings -emit-localized-strings-path /Users/rioallen/Library/Developer/Xcode/DerivedData/TradeFly-cjeitwgqikminlegqmjwowkwbezn/Build/Intermediates.noindex/TradeFly.build/Debug-iphonesimulator/TradeFly.build/Objects-normal/arm64 -c -j16 -enable-batch-mode -incremental -Xcc -ivfsstatcache -Xcc /Users/rioallen/Library/Developer/Xcode/DerivedData/SDKStatCaches.noindex/iphonesimulator26.1-23B77-90cf18a4295e390e64c810bc6bd7acbc.sdkstatcache -output-file-map /Users/rioallen/Library/Developer/Xcode/DerivedData/TradeFly-cjeitwgqikminlegqmjwowkwbezn/Build/Intermediates.noindex/TradeFly.build/Debug-iphonesimulator/TradeFly.build/Objects-normal/arm64/TradeFly-OutputFileMap.json -use-frontend-parseable-output -save-temps -no-color-diagnostics -explicit-module-build -module-cache-path /Users/rioallen/Library/Developer/Xcode/DerivedData/TradeFly-cjeitwgqikminlegqmjwowkwbezn/Build/Intermediates.noindex/SwiftExplicitPrecompiledModules -clang-scanner-module-cache-path /Users/rioallen/Library/Developer/Xcode/DerivedData/ModuleCache.noindex -sdk-module-cache-path /Users/rioallen/Library/Developer/Xcode/DerivedData/ModuleCache.noindex -serialize-diagnostics -emit-dependencies -emit-module -emit-module-path /Users/rioallen/Library/Developer/Xcode/DerivedData/TradeFly-cjeitwgqikminlegqmjwowkwbezn/Build/Intermediates.noindex/TradeFly.build/Debug-iphonesimulator/TradeFly.build/Objects-normal/arm64/TradeFly.swiftmodule -validate-clang-modules-once -clang-build-session-file /Users/rioallen/Library/Developer/Xcode/DerivedData/ModuleCache.noindex/Session.modulevalidation -Xcc -I/Users/rioallen/Library/Developer/Xcode/DerivedData/TradeFly-cjeitwgqikminlegqmjwowkwbezn/Build/Intermediates.noindex/TradeFly.build/Debug-iphonesimulator/TradeFly.build/swift-overrides.hmap -emit-const-values -Xfrontend -const-gather-protocols-file -Xfrontend /Users/rioallen/Library/Developer/Xcode/DerivedData/TradeFly-cjeitwgqikminlegqmjwowkwbezn/Build/Intermediates.noindex/TradeFly.build/Debug-iphonesimulator/TradeFly.build/Objects-normal/arm64/TradeFly_const_extract_protocols.json -Xcc -iquote -Xcc /Users/rioallen/Library/Developer/Xcode/DerivedData/TradeFly-cjeitwgqikminlegqmjwowkwbezn/Build/Intermediates.noindex/TradeFly.build/Debug-iphonesimulator/TradeFly.build/TradeFly-generated-files.hmap -Xcc -I/Users/rioallen/Library/Developer/Xcode/DerivedData/TradeFly-cjeitwgqikminlegqmjwowkwbezn/Build/Intermediates.noindex/TradeFly.build/Debug-iphonesimulator/TradeFly.build/TradeFly-own-target-headers.hmap -Xcc -I/Users/rioallen/Library/Developer/Xcode/DerivedData/TradeFly-cjeitwgqikminlegqmjwowkwbezn/Build/Intermediates.noindex/TradeFly.build/Debug-iphonesimulator/TradeFly.build/TradeFly-all-non-framework-target-headers.hmap -Xcc -ivfsoverlay -Xcc /Users/rioallen/Library/Developer/Xcode/DerivedData/TradeFly-cjeitwgqikminlegqmjwowkwbezn/Build/Intermediates.noindex/TradeFly.build/Debug-iphonesimulator/TradeFly-3dcd57b2f90878239de327cebf0dd120-VFS-iphonesimulator/all-product-headers.yaml -Xcc -iquote -Xcc /Users/rioallen/Library/Developer/Xcode/DerivedData/TradeFly-cjeitwgqikminlegqmjwowkwbezn/Build/Intermediates.noindex/TradeFly.build/Debug-iphonesimulator/TradeFly.build/TradeFly-project-headers.hmap -Xcc -I/Users/rioallen/Library/Developer/Xcode/DerivedData/TradeFly-cjeitwgqikminlegqmjwowkwbezn/Build/Products/Debug-iphonesimulator/include -Xcc -I/Users/rioallen/Library/Developer/Xcode/DerivedData/TradeFly-cjeitwgqikminlegqmjwowkwbezn/Build/Intermediates.noindex/TradeFly.build/Debug-iphonesimulator/TradeFly.build/DerivedSources-normal/arm64 -Xcc -I/Users/rioallen/Library/Developer/Xcode/DerivedData/TradeFly-cjeitwgqikminlegqmjwowkwbezn/Build/Intermediates.noindex/TradeFly.build/Debug-iphonesimulator/TradeFly.build/DerivedSources/arm64 -Xcc -I/Users/rioallen/Library/Developer/Xcode/DerivedData/TradeFly-cjeitwgqikminlegqmjwowkwbezn/Build/Intermediates.noindex/TradeFly.build/Debug-iphonesimulator/TradeFly.build/DerivedSources -Xcc -DDEBUG\=1 -emit-objc-header -emit-objc-header-path /Users/rioallen/Library/Developer/Xcode/DerivedData/TradeFly-cjeitwgqikminlegqmjwowkwbezn/Build/Intermediates.noindex/TradeFly.build/Debug-iphonesimulator/TradeFly.build/Objects-normal/arm64/TradeFly-Swift.h -working-directory /Users/rioallen/Documents/DropFly-OS-App-Builder/DropFly-PROJECTS/TradeFly-iOS -experimental-emit-module-separately -disable-cmo

Ld /Users/rioallen/Library/Developer/Xcode/DerivedData/TradeFly-cjeitwgqikminlegqmjwowkwbezn/Build/Products/Debug-iphonesimulator/TradeFly.app/TradeFly.debug.dylib normal (in target 'TradeFly' from project 'TradeFly')
    cd /Users/rioallen/Documents/DropFly-OS-App-Builder/DropFly-PROJECTS/TradeFly-iOS
    /Applications/Xcode.app/Contents/Developer/Toolchains/XcodeDefault.xctoolchain/usr/bin/clang -Xlinker -reproducible -target arm64-apple-ios17.0-simulator -dynamiclib -isysroot /Applications/Xcode.app/Contents/Developer/Platforms/iPhoneSimulator.platform/Developer/SDKs/iPhoneSimulator26.1.sdk -O0 -L/Users/rioallen/Library/Developer/Xcode/DerivedData/TradeFly-cjeitwgqikminlegqmjwowkwbezn/Build/Intermediates.noindex/EagerLinkingTBDs/Debug-iphonesimulator -L/Users/rioallen/Library/Developer/Xcode/DerivedData/TradeFly-cjeitwgqikminlegqmjwowkwbezn/Build/Products/Debug-iphonesimulator -F/Users/rioallen/Library/Developer/Xcode/DerivedData/TradeFly-cjeitwgqikminlegqmjwowkwbezn/Build/Intermediates.noindex/EagerLinkingTBDs/Debug-iphonesimulator -F/Users/rioallen/Library/Developer/Xcode/DerivedData/TradeFly-cjeitwgqikminlegqmjwowkwbezn/Build/Products/Debug-iphonesimulator/PackageFrameworks -F/Users/rioallen/Library/Developer/Xcode/DerivedData/TradeFly-cjeitwgqikminlegqmjwowkwbezn/Build/Products/Debug-iphonesimulator/PackageFrameworks -F/Users/rioallen/Library/Developer/Xcode/DerivedData/TradeFly-cjeitwgqikminlegqmjwowkwbezn/Build/Products/Debug-iphonesimulator/PackageFrameworks -F/Users/rioallen/Library/Developer/Xcode/DerivedData/TradeFly-cjeitwgqikminlegqmjwowkwbezn/Build/Products/Debug-iphonesimulator/PackageFrameworks -F/Users/rioallen/Library/Developer/Xcode/DerivedData/TradeFly-cjeitwgqikminlegqmjwowkwbezn/Build/Products/Debug-iphonesimulator/PackageFrameworks -F/Users/rioallen/Library/Developer/Xcode/DerivedData/TradeFly-cjeitwgqikminlegqmjwowkwbezn/Build/Products/Debug-iphonesimulator/PackageFrameworks -F/Users/rioallen/Library/Developer/Xcode/DerivedData/TradeFly-cjeitwgqikminlegqmjwowkwbezn/Build/Products/Debug-iphonesimulator/PackageFrameworks -F/Users/rioallen/Library/Developer/Xcode/DerivedData/TradeFly-cjeitwgqikminlegqmjwowkwbezn/Build/Products/Debug-iphonesimulator/PackageFrameworks -F/Users/rioallen/Library/Developer/Xcode/DerivedData/TradeFly-cjeitwgqikminlegqmjwowkwbezn/Build/Products/Debug-iphonesimulator/PackageFrameworks -F/Users/rioallen/Library/Developer/Xcode/DerivedData/TradeFly-cjeitwgqikminlegqmjwowkwbezn/Build/Products/Debug-iphonesimulator/PackageFrameworks -F/Users/rioallen/Library/Developer/Xcode/DerivedData/TradeFly-cjeitwgqikminlegqmjwowkwbezn/Build/Products/Debug-iphonesimulator/PackageFrameworks -F/Users/rioallen/Library/Developer/Xcode/DerivedData/TradeFly-cjeitwgqikminlegqmjwowkwbezn/Build/Products/Debug-iphonesimulator/PackageFrameworks -F/Users/rioallen/Library/Developer/Xcode/DerivedData/TradeFly-cjeitwgqikminlegqmjwowkwbezn/Build/Products/Debug-iphonesimulator/PackageFrameworks -F/Users/rioallen/Library/Developer/Xcode/DerivedData/TradeFly-cjeitwgqikminlegqmjwowkwbezn/Build/Products/Debug-iphonesimulator/PackageFrameworks -F/Users/rioallen/Library/Developer/Xcode/DerivedData/TradeFly-cjeitwgqikminlegqmjwowkwbezn/Build/Products/Debug-iphonesimulator -filelist /Users/rioallen/Library/Developer/Xcode/DerivedData/TradeFly-cjeitwgqikminlegqmjwowkwbezn/Build/Intermediates.noindex/TradeFly.build/Debug-iphonesimulator/TradeFly.build/Objects-normal/arm64/TradeFly.LinkFileList -install_name @rpath/TradeFly.debug.dylib -Xlinker -rpath -Xlinker /usr/lib/swift -Xlinker -rpath -Xlinker /Users/rioallen/Library/Developer/Xcode/DerivedData/TradeFly-cjeitwgqikminlegqmjwowkwbezn/Build/Products/Debug-iphonesimulator/PackageFrameworks -Xlinker -rpath -Xlinker @executable_path/Frameworks -dead_strip -Xlinker -object_path_lto -Xlinker /Users/rioallen/Library/Developer/Xcode/DerivedData/TradeFly-cjeitwgqikminlegqmjwowkwbezn/Build/Intermediates.noindex/TradeFly.build/Debug-iphonesimulator/TradeFly.build/Objects-normal/arm64/TradeFly_lto.o -rdynamic -Xlinker -no_deduplicate -Xlinker -objc_abi_version -Xlinker 2 -Xlinker -dependency_info -Xlinker /Users/rioallen/Library/Developer/Xcode/DerivedData/TradeFly-cjeitwgqikminlegqmjwowkwbezn/Build/Intermediates.noindex/TradeFly.build/Debug-iphonesimulator/TradeFly.build/Objects-normal/arm64/TradeFly_dependency_info.dat -fobjc-link-runtime -L/Applications/Xcode.app/Contents/Developer/Toolchains/XcodeDefault.xctoolchain/usr/lib/swift/iphonesimulator -L/usr/lib/swift -Xlinker -add_ast_path -Xlinker /Users/rioallen/Library/Developer/Xcode/DerivedData/TradeFly-cjeitwgqikminlegqmjwowkwbezn/Build/Intermediates.noindex/TradeFly.build/Debug-iphonesimulator/TradeFly.build/Objects-normal/arm64/TradeFly.swiftmodule @/Users/rioallen/Library/Developer/Xcode/DerivedData/TradeFly-cjeitwgqikminlegqmjwowkwbezn/Build/Intermediates.noindex/TradeFly.build/Debug-iphonesimulator/TradeFly.build/Objects-normal/arm64/TradeFly-linker-args.resp -Wl,-no_warn_duplicate_libraries -Wl,-no_warn_duplicate_libraries -Wl,-no_warn_duplicate_libraries -Wl,-no_warn_duplicate_libraries -Wl,-no_warn_duplicate_libraries -Wl,-no_warn_duplicate_libraries -Wl,-no_warn_duplicate_libraries -Wl,-no_warn_duplicate_libraries -Wl,-no_warn_duplicate_libraries -Wl,-no_warn_duplicate_libraries -Wl,-no_warn_duplicate_libraries -Wl,-no_warn_duplicate_libraries -Wl,-no_warn_duplicate_libraries -Wl,-no_warn_duplicate_libraries -Xlinker -alias -Xlinker _main -Xlinker ___debug_main_executable_dylib_entry_point -Xlinker -no_adhoc_codesign -o /Users/rioallen/Library/Developer/Xcode/DerivedData/TradeFly-cjeitwgqikminlegqmjwowkwbezn/Build/Products/Debug-iphonesimulator/TradeFly.app/TradeFly.debug.dylib -Xlinker -add_ast_path -Xlinker /Users/rioallen/Library/Developer/Xcode/DerivedData/TradeFly-cjeitwgqikminlegqmjwowkwbezn/Build/Intermediates.noindex/Supabase.build/Debug-iphonesimulator/Supabase.build/Objects-normal/arm64/Supabase.swiftmodule @/Users/rioallen/Library/Developer/Xcode/DerivedData/TradeFly-cjeitwgqikminlegqmjwowkwbezn/Build/Intermediates.noindex/Supabase.build/Debug-iphonesimulator/Supabase.build/Objects-normal/arm64/Supabase-linker-args.resp -Xlinker -add_ast_path -Xlinker /Users/rioallen/Library/Developer/Xcode/DerivedData/TradeFly-cjeitwgqikminlegqmjwowkwbezn/Build/Intermediates.noindex/Supabase.build/Debug-iphonesimulator/Functions.build/Objects-normal/arm64/Functions.swiftmodule @/Users/rioallen/Library/Developer/Xcode/DerivedData/TradeFly-cjeitwgqikminlegqmjwowkwbezn/Build/Intermediates.noindex/Supabase.build/Debug-iphonesimulator/Functions.build/Objects-normal/arm64/Functions-linker-args.resp -Xlinker -add_ast_path -Xlinker /Users/rioallen/Library/Developer/Xcode/DerivedData/TradeFly-cjeitwgqikminlegqmjwowkwbezn/Build/Intermediates.noindex/Supabase.build/Debug-iphonesimulator/PostgREST.build/Objects-normal/arm64/PostgREST.swiftmodule @/Users/rioallen/Library/Developer/Xcode/DerivedData/TradeFly-cjeitwgqikminlegqmjwowkwbezn/Build/Intermediates.noindex/Supabase.build/Debug-iphonesimulator/PostgREST.build/Objects-normal/arm64/PostgREST-linker-args.resp -Xlinker -add_ast_path -Xlinker /Users/rioallen/Library/Developer/Xcode/DerivedData/TradeFly-cjeitwgqikminlegqmjwowkwbezn/Build/Intermediates.noindex/Supabase.build/Debug-iphonesimulator/Auth.build/Objects-normal/arm64/Auth.swiftmodule @/Users/rioallen/Library/Developer/Xcode/DerivedData/TradeFly-cjeitwgqikminlegqmjwowkwbezn/Build/Intermediates.noindex/Supabase.build/Debug-iphonesimulator/Auth.build/Objects-normal/arm64/Auth-linker-args.resp -Xlinker -add_ast_path -Xlinker /Users/rioallen/Library/Developer/Xcode/DerivedData/TradeFly-cjeitwgqikminlegqmjwowkwbezn/Build/Intermediates.noindex/Supabase.build/Debug-iphonesimulator/Realtime.build/Objects-normal/arm64/Realtime.swiftmodule @/Users/rioallen/Library/Developer/Xcode/DerivedData/TradeFly-cjeitwgqikminlegqmjwowkwbezn/Build/Intermediates.noindex/Supabase.build/Debug-iphonesimulator/Realtime.build/Objects-normal/arm64/Realtime-linker-args.resp -Xlinker -add_ast_path -Xlinker /Users/rioallen/Library/Developer/Xcode/DerivedData/TradeFly-cjeitwgqikminlegqmjwowkwbezn/Build/Intermediates.noindex/Supabase.build/Debug-iphonesimulator/Storage.build/Objects-normal/arm64/Storage.swiftmodule @/Users/rioallen/Library/Developer/Xcode/DerivedData/TradeFly-cjeitwgqikminlegqmjwowkwbezn/Build/Intermediates.noindex/Supabase.build/Debug-iphonesimulator/Storage.build/Objects-normal/arm64/Storage-linker-args.resp -Xlinker -add_ast_path -Xlinker /Users/rioallen/Library/Developer/Xcode/DerivedData/TradeFly-cjeitwgqikminlegqmjwowkwbezn/Build/Intermediates.noindex/swift-concurrency-extras.build/Debug-iphonesimulator/ConcurrencyExtras.build/Objects-normal/arm64/ConcurrencyExtras.swiftmodule @/Users/rioallen/Library/Developer/Xcode/DerivedData/TradeFly-cjeitwgqikminlegqmjwowkwbezn/Build/Intermediates.noindex/swift-concurrency-extras.build/Debug-iphonesimulator/ConcurrencyExtras.build/Objects-normal/arm64/ConcurrencyExtras-linker-args.resp -Xlinker -add_ast_path -Xlinker /Users/rioallen/Library/Developer/Xcode/DerivedData/TradeFly-cjeitwgqikminlegqmjwowkwbezn/Build/Intermediates.noindex/swift-http-types.build/Debug-iphonesimulator/HTTPTypes.build/Objects-normal/arm64/HTTPTypes.swiftmodule @/Users/rioallen/Library/Developer/Xcode/DerivedData/TradeFly-cjeitwgqikminlegqmjwowkwbezn/Build/Intermediates.noindex/swift-http-types.build/Debug-iphonesimulator/HTTPTypes.build/Objects-normal/arm64/HTTPTypes-linker-args.resp -Xlinker -add_ast_path -Xlinker /Users/rioallen/Library/Developer/Xcode/DerivedData/TradeFly-cjeitwgqikminlegqmjwowkwbezn/Build/Intermediates.noindex/swift-clocks.build/Debug-iphonesimulator/Clocks.build/Objects-normal/arm64/Clocks.swiftmodule @/Users/rioallen/Library/Developer/Xcode/DerivedData/TradeFly-cjeitwgqikminlegqmjwowkwbezn/Build/Intermediates.noindex/swift-clocks.build/Debug-iphonesimulator/Clocks.build/Objects-normal/arm64/Clocks-linker-args.resp -Xlinker -add_ast_path -Xlinker /Users/rioallen/Library/Developer/Xcode/DerivedData/TradeFly-cjeitwgqikminlegqmjwowkwbezn/Build/Intermediates.noindex/xctest-dynamic-overlay.build/Debug-iphonesimulator/IssueReporting.build/Objects-normal/arm64/IssueReporting.swiftmodule @/Users/rioallen/Library/Developer/Xcode/DerivedData/TradeFly-cjeitwgqikminlegqmjwowkwbezn/Build/Intermediates.noindex/xctest-dynamic-overlay.build/Debug-iphonesimulator/IssueReporting.build/Objects-normal/arm64/IssueReporting-linker-args.resp -Xlinker -add_ast_path -Xlinker /Users/rioallen/Library/Developer/Xcode/DerivedData/TradeFly-cjeitwgqikminlegqmjwowkwbezn/Build/Intermediates.noindex/xctest-dynamic-overlay.build/Debug-iphonesimulator/IssueReportingPackageSupport.build/Objects-normal/arm64/IssueReportingPackageSupport.swiftmodule @/Users/rioallen/Library/Developer/Xcode/DerivedData/TradeFly-cjeitwgqikminlegqmjwowkwbezn/Build/Intermediates.noindex/xctest-dynamic-overlay.build/Debug-iphonesimulator/IssueReportingPackageSupport.build/Objects-normal/arm64/IssueReportingPackageSupport-linker-args.resp -Xlinker -add_ast_path -Xlinker /Users/rioallen/Library/Developer/Xcode/DerivedData/TradeFly-cjeitwgqikminlegqmjwowkwbezn/Build/Intermediates.noindex/xctest-dynamic-overlay.build/Debug-iphonesimulator/XCTestDynamicOverlay.build/Objects-normal/arm64/XCTestDynamicOverlay.swiftmodule @/Users/rioallen/Library/Developer/Xcode/DerivedData/TradeFly-cjeitwgqikminlegqmjwowkwbezn/Build/Intermediates.noindex/xctest-dynamic-overlay.build/Debug-iphonesimulator/XCTestDynamicOverlay.build/Objects-normal/arm64/XCTestDynamicOverlay-linker-args.resp -Xlinker -add_ast_path -Xlinker /Users/rioallen/Library/Developer/Xcode/DerivedData/TradeFly-cjeitwgqikminlegqmjwowkwbezn/Build/Intermediates.noindex/Supabase.build/Debug-iphonesimulator/Helpers.build/Objects-normal/arm64/Helpers.swiftmodule @/Users/rioallen/Library/Developer/Xcode/DerivedData/TradeFly-cjeitwgqikminlegqmjwowkwbezn/Build/Intermediates.noindex/Supabase.build/Debug-iphonesimulator/Helpers.build/Objects-normal/arm64/Helpers-linker-args.resp -Xlinker -add_ast_path -Xlinker /Users/rioallen/Library/Developer/Xcode/DerivedData/TradeFly-cjeitwgqikminlegqmjwowkwbezn/Build/Intermediates.noindex/swift-crypto.build/Debug-iphonesimulator/Crypto.build/Objects-normal/arm64/Crypto.swiftmodule @/Users/rioallen/Library/Developer/Xcode/DerivedData/TradeFly-cjeitwgqikminlegqmjwowkwbezn/Build/Intermediates.noindex/swift-crypto.build/Debug-iphonesimulator/Crypto.build/Objects-normal/arm64/Crypto-linker-args.resp

ConstructStubExecutorLinkFileList /Users/rioallen/Library/Developer/Xcode/DerivedData/TradeFly-cjeitwgqikminlegqmjwowkwbezn/Build/Intermediates.noindex/TradeFly.build/Debug-iphonesimulator/TradeFly.build/TradeFly-ExecutorLinkFileList-normal-arm64.txt (in target 'TradeFly' from project 'TradeFly')
    cd /Users/rioallen/Documents/DropFly-OS-App-Builder/DropFly-PROJECTS/TradeFly-iOS
    construct-stub-executor-link-file-list /Users/rioallen/Library/Developer/Xcode/DerivedData/TradeFly-cjeitwgqikminlegqmjwowkwbezn/Build/Products/Debug-iphonesimulator/TradeFly.app/TradeFly.debug.dylib /Applications/Xcode.app/Contents/Developer/Platforms/iPhoneSimulator.platform/Developer/usr/lib/libPreviewsJITStubExecutor_no_swift_entry_point.a /Applications/Xcode.app/Contents/Developer/Platforms/iPhoneSimulator.platform/Developer/usr/lib/libPreviewsJITStubExecutor.a --output /Users/rioallen/Library/Developer/Xcode/DerivedData/TradeFly-cjeitwgqikminlegqmjwowkwbezn/Build/Intermediates.noindex/TradeFly.build/Debug-iphonesimulator/TradeFly.build/TradeFly-ExecutorLinkFileList-normal-arm64.txt
note: Using stub executor library with Swift entry point. (in target 'TradeFly' from project 'TradeFly')

Ld /Users/rioallen/Library/Developer/Xcode/DerivedData/TradeFly-cjeitwgqikminlegqmjwowkwbezn/Build/Products/Debug-iphonesimulator/TradeFly.app/TradeFly normal (in target 'TradeFly' from project 'TradeFly')
    cd /Users/rioallen/Documents/DropFly-OS-App-Builder/DropFly-PROJECTS/TradeFly-iOS
    /Applications/Xcode.app/Contents/Developer/Toolchains/XcodeDefault.xctoolchain/usr/bin/clang -Xlinker -reproducible -target arm64-apple-ios17.0-simulator -isysroot /Applications/Xcode.app/Contents/Developer/Platforms/iPhoneSimulator.platform/Developer/SDKs/iPhoneSimulator26.1.sdk -O0 -L/Users/rioallen/Library/Developer/Xcode/DerivedData/TradeFly-cjeitwgqikminlegqmjwowkwbezn/Build/Products/Debug-iphonesimulator -F/Users/rioallen/Library/Developer/Xcode/DerivedData/TradeFly-cjeitwgqikminlegqmjwowkwbezn/Build/Products/Debug-iphonesimulator/PackageFrameworks -F/Users/rioallen/Library/Developer/Xcode/DerivedData/TradeFly-cjeitwgqikminlegqmjwowkwbezn/Build/Products/Debug-iphonesimulator/PackageFrameworks -F/Users/rioallen/Library/Developer/Xcode/DerivedData/TradeFly-cjeitwgqikminlegqmjwowkwbezn/Build/Products/Debug-iphonesimulator/PackageFrameworks -F/Users/rioallen/Library/Developer/Xcode/DerivedData/TradeFly-cjeitwgqikminlegqmjwowkwbezn/Build/Products/Debug-iphonesimulator/PackageFrameworks -F/Users/rioallen/Library/Developer/Xcode/DerivedData/TradeFly-cjeitwgqikminlegqmjwowkwbezn/Build/Products/Debug-iphonesimulator/PackageFrameworks -F/Users/rioallen/Library/Developer/Xcode/DerivedData/TradeFly-cjeitwgqikminlegqmjwowkwbezn/Build/Products/Debug-iphonesimulator/PackageFrameworks -F/Users/rioallen/Library/Developer/Xcode/DerivedData/TradeFly-cjeitwgqikminlegqmjwowkwbezn/Build/Products/Debug-iphonesimulator/PackageFrameworks -F/Users/rioallen/Library/Developer/Xcode/DerivedData/TradeFly-cjeitwgqikminlegqmjwowkwbezn/Build/Products/Debug-iphonesimulator/PackageFrameworks -F/Users/rioallen/Library/Developer/Xcode/DerivedData/TradeFly-cjeitwgqikminlegqmjwowkwbezn/Build/Products/Debug-iphonesimulator/PackageFrameworks -F/Users/rioallen/Library/Developer/Xcode/DerivedData/TradeFly-cjeitwgqikminlegqmjwowkwbezn/Build/Products/Debug-iphonesimulator/PackageFrameworks -F/Users/rioallen/Library/Developer/Xcode/DerivedData/TradeFly-cjeitwgqikminlegqmjwowkwbezn/Build/Products/Debug-iphonesimulator/PackageFrameworks -F/Users/rioallen/Library/Developer/Xcode/DerivedData/TradeFly-cjeitwgqikminlegqmjwowkwbezn/Build/Products/Debug-iphonesimulator/PackageFrameworks -F/Users/rioallen/Library/Developer/Xcode/DerivedData/TradeFly-cjeitwgqikminlegqmjwowkwbezn/Build/Products/Debug-iphonesimulator/PackageFrameworks -F/Users/rioallen/Library/Developer/Xcode/DerivedData/TradeFly-cjeitwgqikminlegqmjwowkwbezn/Build/Products/Debug-iphonesimulator/PackageFrameworks -F/Users/rioallen/Library/Developer/Xcode/DerivedData/TradeFly-cjeitwgqikminlegqmjwowkwbezn/Build/Products/Debug-iphonesimulator -Xlinker -rpath -Xlinker @executable_path -Xlinker -rpath -Xlinker /Users/rioallen/Library/Developer/Xcode/DerivedData/TradeFly-cjeitwgqikminlegqmjwowkwbezn/Build/Products/Debug-iphonesimulator/PackageFrameworks -Xlinker -rpath -Xlinker @executable_path/Frameworks -rdynamic -Xlinker -no_deduplicate -Xlinker -objc_abi_version -Xlinker 2 -e ___debug_blank_executor_main -Xlinker -sectcreate -Xlinker __TEXT -Xlinker __debug_dylib -Xlinker /Users/rioallen/Library/Developer/Xcode/DerivedData/TradeFly-cjeitwgqikminlegqmjwowkwbezn/Build/Intermediates.noindex/TradeFly.build/Debug-iphonesimulator/TradeFly.build/TradeFly-DebugDylibPath-normal-arm64.txt -Xlinker -sectcreate -Xlinker __TEXT -Xlinker __debug_instlnm -Xlinker /Users/rioallen/Library/Developer/Xcode/DerivedData/TradeFly-cjeitwgqikminlegqmjwowkwbezn/Build/Intermediates.noindex/TradeFly.build/Debug-iphonesimulator/TradeFly.build/TradeFly-DebugDylibInstallName-normal-arm64.txt -Xlinker -filelist -Xlinker /Users/rioallen/Library/Developer/Xcode/DerivedData/TradeFly-cjeitwgqikminlegqmjwowkwbezn/Build/Intermediates.noindex/TradeFly.build/Debug-iphonesimulator/TradeFly.build/TradeFly-ExecutorLinkFileList-normal-arm64.txt -Xlinker -sectcreate -Xlinker __TEXT -Xlinker __entitlements -Xlinker /Users/rioallen/Library/Developer/Xcode/DerivedData/TradeFly-cjeitwgqikminlegqmjwowkwbezn/Build/Intermediates.noindex/TradeFly.build/Debug-iphonesimulator/TradeFly.build/TradeFly.app-Simulated.xcent -Xlinker -sectcreate -Xlinker __TEXT -Xlinker __ents_der -Xlinker /Users/rioallen/Library/Developer/Xcode/DerivedData/TradeFly-cjeitwgqikminlegqmjwowkwbezn/Build/Intermediates.noindex/TradeFly.build/Debug-iphonesimulator/TradeFly.build/TradeFly.app-Simulated.xcent.der /Users/rioallen/Library/Developer/Xcode/DerivedData/TradeFly-cjeitwgqikminlegqmjwowkwbezn/Build/Products/Debug-iphonesimulator/TradeFly.app/TradeFly.debug.dylib -Xlinker -no_adhoc_codesign -o /Users/rioallen/Library/Developer/Xcode/DerivedData/TradeFly-cjeitwgqikminlegqmjwowkwbezn/Build/Products/Debug-iphonesimulator/TradeFly.app/TradeFly

LinkAssetCatalog /Users/rioallen/Documents/DropFly-OS-App-Builder/DropFly-PROJECTS/TradeFly-iOS/TradeFly/Resources/Assets.xcassets (in target 'TradeFly' from project 'TradeFly')
    cd /Users/rioallen/Documents/DropFly-OS-App-Builder/DropFly-PROJECTS/TradeFly-iOS
    builtin-linkAssetCatalog --thinned /Users/rioallen/Library/Developer/Xcode/DerivedData/TradeFly-cjeitwgqikminlegqmjwowkwbezn/Build/Intermediates.noindex/TradeFly.build/Debug-iphonesimulator/TradeFly.build/assetcatalog_output/thinned --thinned-dependencies /Users/rioallen/Library/Developer/Xcode/DerivedData/TradeFly-cjeitwgqikminlegqmjwowkwbezn/Build/Intermediates.noindex/TradeFly.build/Debug-iphonesimulator/TradeFly.build/assetcatalog_dependencies_thinned --thinned-info-plist-content /Users/rioallen/Library/Developer/Xcode/DerivedData/TradeFly-cjeitwgqikminlegqmjwowkwbezn/Build/Intermediates.noindex/TradeFly.build/Debug-iphonesimulator/TradeFly.build/assetcatalog_generated_info.plist_thinned --unthinned /Users/rioallen/Library/Developer/Xcode/DerivedData/TradeFly-cjeitwgqikminlegqmjwowkwbezn/Build/Intermediates.noindex/TradeFly.build/Debug-iphonesimulator/TradeFly.build/assetcatalog_output/unthinned --unthinned-dependencies /Users/rioallen/Library/Developer/Xcode/DerivedData/TradeFly-cjeitwgqikminlegqmjwowkwbezn/Build/Intermediates.noindex/TradeFly.build/Debug-iphonesimulator/TradeFly.build/assetcatalog_dependencies_unthinned --unthinned-info-plist-content /Users/rioallen/Library/Developer/Xcode/DerivedData/TradeFly-cjeitwgqikminlegqmjwowkwbezn/Build/Intermediates.noindex/TradeFly.build/Debug-iphonesimulator/TradeFly.build/assetcatalog_generated_info.plist_unthinned --output /Users/rioallen/Library/Developer/Xcode/DerivedData/TradeFly-cjeitwgqikminlegqmjwowkwbezn/Build/Products/Debug-iphonesimulator/TradeFly.app --plist-output /Users/rioallen/Library/Developer/Xcode/DerivedData/TradeFly-cjeitwgqikminlegqmjwowkwbezn/Build/Intermediates.noindex/TradeFly.build/Debug-iphonesimulator/TradeFly.build/assetcatalog_generated_info.plist
note: Emplaced /Users/rioallen/Library/Developer/Xcode/DerivedData/TradeFly-cjeitwgqikminlegqmjwowkwbezn/Build/Products/Debug-iphonesimulator/TradeFly.app/AppIcon60x60@2x.png (in target 'TradeFly' from project 'TradeFly')
note: Emplaced /Users/rioallen/Library/Developer/Xcode/DerivedData/TradeFly-cjeitwgqikminlegqmjwowkwbezn/Build/Products/Debug-iphonesimulator/TradeFly.app/Assets.car (in target 'TradeFly' from project 'TradeFly')
note: Emplaced /Users/rioallen/Library/Developer/Xcode/DerivedData/TradeFly-cjeitwgqikminlegqmjwowkwbezn/Build/Products/Debug-iphonesimulator/TradeFly.app/AppIcon76x76@2x~ipad.png (in target 'TradeFly' from project 'TradeFly')

CopySwiftLibs /Users/rioallen/Library/Developer/Xcode/DerivedData/TradeFly-cjeitwgqikminlegqmjwowkwbezn/Build/Products/Debug-iphonesimulator/TradeFly.app (in target 'TradeFly' from project 'TradeFly')
    cd /Users/rioallen/Documents/DropFly-OS-App-Builder/DropFly-PROJECTS/TradeFly-iOS
    builtin-swiftStdLibTool --copy --verbose --sign - --scan-executable /Users/rioallen/Library/Developer/Xcode/DerivedData/TradeFly-cjeitwgqikminlegqmjwowkwbezn/Build/Products/Debug-iphonesimulator/TradeFly.app/TradeFly.debug.dylib --scan-folder /Users/rioallen/Library/Developer/Xcode/DerivedData/TradeFly-cjeitwgqikminlegqmjwowkwbezn/Build/Products/Debug-iphonesimulator/TradeFly.app/Frameworks --scan-folder /Users/rioallen/Library/Developer/Xcode/DerivedData/TradeFly-cjeitwgqikminlegqmjwowkwbezn/Build/Products/Debug-iphonesimulator/TradeFly.app/PlugIns --scan-folder /Users/rioallen/Library/Developer/Xcode/DerivedData/TradeFly-cjeitwgqikminlegqmjwowkwbezn/Build/Products/Debug-iphonesimulator/TradeFly.app/SystemExtensions --scan-folder /Users/rioallen/Library/Developer/Xcode/DerivedData/TradeFly-cjeitwgqikminlegqmjwowkwbezn/Build/Products/Debug-iphonesimulator/TradeFly.app/Extensions --platform iphonesimulator --toolchain /Applications/Xcode.app/Contents/Developer/Toolchains/XcodeDefault.xctoolchain --destination /Users/rioallen/Library/Developer/Xcode/DerivedData/TradeFly-cjeitwgqikminlegqmjwowkwbezn/Build/Products/Debug-iphonesimulator/TradeFly.app/Frameworks --strip-bitcode --strip-bitcode-tool /Applications/Xcode.app/Contents/Developer/Toolchains/XcodeDefault.xctoolchain/usr/bin/bitcode_strip --emit-dependency-info /Users/rioallen/Library/Developer/Xcode/DerivedData/TradeFly-cjeitwgqikminlegqmjwowkwbezn/Build/Intermediates.noindex/TradeFly.build/Debug-iphonesimulator/TradeFly.build/SwiftStdLibToolInputDependencies.dep --filter-for-swift-os

ProcessInfoPlistFile /Users/rioallen/Library/Developer/Xcode/DerivedData/TradeFly-cjeitwgqikminlegqmjwowkwbezn/Build/Products/Debug-iphonesimulator/TradeFly.app/Info.plist /Users/rioallen/Library/Developer/Xcode/DerivedData/TradeFly-cjeitwgqikminlegqmjwowkwbezn/Build/Intermediates.noindex/TradeFly.build/Debug-iphonesimulator/TradeFly.build/empty-TradeFly.plist (in target 'TradeFly' from project 'TradeFly')
    cd /Users/rioallen/Documents/DropFly-OS-App-Builder/DropFly-PROJECTS/TradeFly-iOS
    builtin-infoPlistUtility /Users/rioallen/Library/Developer/Xcode/DerivedData/TradeFly-cjeitwgqikminlegqmjwowkwbezn/Build/Intermediates.noindex/TradeFly.build/Debug-iphonesimulator/TradeFly.build/empty-TradeFly.plist -producttype com.apple.product-type.application -genpkginfo /Users/rioallen/Library/Developer/Xcode/DerivedData/TradeFly-cjeitwgqikminlegqmjwowkwbezn/Build/Products/Debug-iphonesimulator/TradeFly.app/PkgInfo -expandbuildsettings -format binary -platform iphonesimulator -additionalcontentfile /Users/rioallen/Library/Developer/Xcode/DerivedData/TradeFly-cjeitwgqikminlegqmjwowkwbezn/Build/Intermediates.noindex/TradeFly.build/Debug-iphonesimulator/TradeFly.build/assetcatalog_generated_info.plist -scanforprivacyfile /Users/rioallen/Library/Developer/Xcode/DerivedData/TradeFly-cjeitwgqikminlegqmjwowkwbezn/Build/Products/Debug-iphonesimulator/TradeFly.app/swift-crypto_Crypto.bundle -o /Users/rioallen/Library/Developer/Xcode/DerivedData/TradeFly-cjeitwgqikminlegqmjwowkwbezn/Build/Products/Debug-iphonesimulator/TradeFly.app/Info.plist

ExtractAppIntentsMetadata (in target 'TradeFly' from project 'TradeFly')
    cd /Users/rioallen/Documents/DropFly-OS-App-Builder/DropFly-PROJECTS/TradeFly-iOS
    /Applications/Xcode.app/Contents/Developer/Toolchains/XcodeDefault.xctoolchain/usr/bin/appintentsmetadataprocessor --toolchain-dir /Applications/Xcode.app/Contents/Developer/Toolchains/XcodeDefault.xctoolchain --module-name TradeFly --sdk-root /Applications/Xcode.app/Contents/Developer/Platforms/iPhoneSimulator.platform/Developer/SDKs/iPhoneSimulator26.1.sdk --xcode-version 17B100 --platform-family iOS --deployment-target 17.0 --bundle-identifier com.tradefly.TradeFly --output /Users/rioallen/Library/Developer/Xcode/DerivedData/TradeFly-cjeitwgqikminlegqmjwowkwbezn/Build/Products/Debug-iphonesimulator/TradeFly.app --target-triple arm64-apple-ios17.0-simulator --binary-file /Users/rioallen/Library/Developer/Xcode/DerivedData/TradeFly-cjeitwgqikminlegqmjwowkwbezn/Build/Products/Debug-iphonesimulator/TradeFly.app/TradeFly --dependency-file /Users/rioallen/Library/Developer/Xcode/DerivedData/TradeFly-cjeitwgqikminlegqmjwowkwbezn/Build/Intermediates.noindex/TradeFly.build/Debug-iphonesimulator/TradeFly.build/Objects-normal/arm64/TradeFly_dependency_info.dat --stringsdata-file /Users/rioallen/Library/Developer/Xcode/DerivedData/TradeFly-cjeitwgqikminlegqmjwowkwbezn/Build/Intermediates.noindex/TradeFly.build/Debug-iphonesimulator/TradeFly.build/Objects-normal/arm64/ExtractedAppShortcutsMetadata.stringsdata --source-file-list /Users/rioallen/Library/Developer/Xcode/DerivedData/TradeFly-cjeitwgqikminlegqmjwowkwbezn/Build/Intermediates.noindex/TradeFly.build/Debug-iphonesimulator/TradeFly.build/Objects-normal/arm64/TradeFly.SwiftFileList --metadata-file-list /Users/rioallen/Library/Developer/Xcode/DerivedData/TradeFly-cjeitwgqikminlegqmjwowkwbezn/Build/Intermediates.noindex/TradeFly.build/Debug-iphonesimulator/TradeFly.build/TradeFly.DependencyMetadataFileList --static-metadata-file-list /Users/rioallen/Library/Developer/Xcode/DerivedData/TradeFly-cjeitwgqikminlegqmjwowkwbezn/Build/Intermediates.noindex/TradeFly.build/Debug-iphonesimulator/TradeFly.build/TradeFly.DependencyStaticMetadataFileList --swift-const-vals-list /Users/rioallen/Library/Developer/Xcode/DerivedData/TradeFly-cjeitwgqikminlegqmjwowkwbezn/Build/Intermediates.noindex/TradeFly.build/Debug-iphonesimulator/TradeFly.build/Objects-normal/arm64/TradeFly.SwiftConstValuesFileList --compile-time-extraction --deployment-aware-processing --validate-assistant-intents --no-app-shortcuts-localization
2025-12-04 00:32:58.201 appintentsmetadataprocessor[45453:7893776] Starting appintentsmetadataprocessor export
2025-12-04 00:32:58.203 appintentsmetadataprocessor[45453:7893776] warning: Metadata extraction skipped. No AppIntents.framework dependency found.

AppIntentsSSUTraining (in target 'TradeFly' from project 'TradeFly')
    cd /Users/rioallen/Documents/DropFly-OS-App-Builder/DropFly-PROJECTS/TradeFly-iOS
    /Applications/Xcode.app/Contents/Developer/Toolchains/XcodeDefault.xctoolchain/usr/bin/appintentsnltrainingprocessor --infoplist-path /Users/rioallen/Library/Developer/Xcode/DerivedData/TradeFly-cjeitwgqikminlegqmjwowkwbezn/Build/Products/Debug-iphonesimulator/TradeFly.app/Info.plist --temp-dir-path /Users/rioallen/Library/Developer/Xcode/DerivedData/TradeFly-cjeitwgqikminlegqmjwowkwbezn/Build/Intermediates.noindex/TradeFly.build/Debug-iphonesimulator/TradeFly.build/ssu --bundle-id com.tradefly.TradeFly --product-path /Users/rioallen/Library/Developer/Xcode/DerivedData/TradeFly-cjeitwgqikminlegqmjwowkwbezn/Build/Products/Debug-iphonesimulator/TradeFly.app --extracted-metadata-path /Users/rioallen/Library/Developer/Xcode/DerivedData/TradeFly-cjeitwgqikminlegqmjwowkwbezn/Build/Products/Debug-iphonesimulator/TradeFly.app/Metadata.appintents --metadata-file-list /Users/rioallen/Library/Developer/Xcode/DerivedData/TradeFly-cjeitwgqikminlegqmjwowkwbezn/Build/Intermediates.noindex/TradeFly.build/Debug-iphonesimulator/TradeFly.build/TradeFly.DependencyMetadataFileList --archive-ssu-assets
2025-12-04 00:32:58.218 appintentsnltrainingprocessor[45454:7893777] Parsing options for appintentsnltrainingprocessor
2025-12-04 00:32:58.219 appintentsnltrainingprocessor[45454:7893777] No AppShortcuts found - Skipping.

CodeSign /Users/rioallen/Library/Developer/Xcode/DerivedData/TradeFly-cjeitwgqikminlegqmjwowkwbezn/Build/Products/Debug-iphonesimulator/TradeFly.app/TradeFly.debug.dylib (in target 'TradeFly' from project 'TradeFly')
    cd /Users/rioallen/Documents/DropFly-OS-App-Builder/DropFly-PROJECTS/TradeFly-iOS
    
    Signing Identity:     "Sign to Run Locally"
    
    /usr/bin/codesign --force --sign - --timestamp\=none --generate-entitlement-der /Users/rioallen/Library/Developer/Xcode/DerivedData/TradeFly-cjeitwgqikminlegqmjwowkwbezn/Build/Products/Debug-iphonesimulator/TradeFly.app/TradeFly.debug.dylib

CodeSign /Users/rioallen/Library/Developer/Xcode/DerivedData/TradeFly-cjeitwgqikminlegqmjwowkwbezn/Build/Products/Debug-iphonesimulator/TradeFly.app/__preview.dylib (in target 'TradeFly' from project 'TradeFly')
    cd /Users/rioallen/Documents/DropFly-OS-App-Builder/DropFly-PROJECTS/TradeFly-iOS
    
    Signing Identity:     "Sign to Run Locally"
    
    /usr/bin/codesign --force --sign - --timestamp\=none --generate-entitlement-der /Users/rioallen/Library/Developer/Xcode/DerivedData/TradeFly-cjeitwgqikminlegqmjwowkwbezn/Build/Products/Debug-iphonesimulator/TradeFly.app/__preview.dylib

CodeSign /Users/rioallen/Library/Developer/Xcode/DerivedData/TradeFly-cjeitwgqikminlegqmjwowkwbezn/Build/Products/Debug-iphonesimulator/TradeFly.app (in target 'TradeFly' from project 'TradeFly')
    cd /Users/rioallen/Documents/DropFly-OS-App-Builder/DropFly-PROJECTS/TradeFly-iOS
    
    Signing Identity:     "Sign to Run Locally"
    
    /usr/bin/codesign --force --sign - --timestamp\=none --generate-entitlement-der /Users/rioallen/Library/Developer/Xcode/DerivedData/TradeFly-cjeitwgqikminlegqmjwowkwbezn/Build/Products/Debug-iphonesimulator/TradeFly.app

RegisterExecutionPolicyException /Users/rioallen/Library/Developer/Xcode/DerivedData/TradeFly-cjeitwgqikminlegqmjwowkwbezn/Build/Products/Debug-iphonesimulator/TradeFly.app (in target 'TradeFly' from project 'TradeFly')
    cd /Users/rioallen/Documents/DropFly-OS-App-Builder/DropFly-PROJECTS/TradeFly-iOS
    builtin-RegisterExecutionPolicyException /Users/rioallen/Library/Developer/Xcode/DerivedData/TradeFly-cjeitwgqikminlegqmjwowkwbezn/Build/Products/Debug-iphonesimulator/TradeFly.app

Validate /Users/rioallen/Library/Developer/Xcode/DerivedData/TradeFly-cjeitwgqikminlegqmjwowkwbezn/Build/Products/Debug-iphonesimulator/TradeFly.app (in target 'TradeFly' from project 'TradeFly')
    cd /Users/rioallen/Documents/DropFly-OS-App-Builder/DropFly-PROJECTS/TradeFly-iOS
    builtin-validationUtility /Users/rioallen/Library/Developer/Xcode/DerivedData/TradeFly-cjeitwgqikminlegqmjwowkwbezn/Build/Products/Debug-iphonesimulator/TradeFly.app -shallow-bundle -infoplist-subpath Info.plist

Touch /Users/rioallen/Library/Developer/Xcode/DerivedData/TradeFly-cjeitwgqikminlegqmjwowkwbezn/Build/Products/Debug-iphonesimulator/TradeFly.app (in target 'TradeFly' from project 'TradeFly')
    cd /Users/rioallen/Documents/DropFly-OS-App-Builder/DropFly-PROJECTS/TradeFly-iOS
    /usr/bin/touch -c /Users/rioallen/Library/Developer/Xcode/DerivedData/TradeFly-cjeitwgqikminlegqmjwowkwbezn/Build/Products/Debug-iphonesimulator/TradeFly.app

** BUILD SUCCEEDED **

